2017-05-23 10:36:49,315 : INFO : 加载停用词词典 停用词_精简.txt
2017-05-23 10:36:49,315 : INFO : D:\Python27_NLP\语料库
2017-05-23 10:36:49,315 : INFO : D:\Python27_NLP\语料库\人物
2017-05-23 10:36:49,316 : INFO : D:\Python27_NLP\语料库\人物\BaiduSpiderPeople
2017-05-23 10:36:49,316 : INFO : D:\Python27_NLP\语料库\人物\HudongSpiderPeople
2017-05-23 10:36:49,316 : INFO : D:\Python27_NLP\语料库\人物\WikipediaSpiderPeople
2017-05-23 10:36:49,344 : INFO : D:\Python27_NLP\语料库\人物\BaiduSpiderPeople\0001.txt 文件处理完毕!
2017-05-23 10:36:49,381 : INFO : D:\Python27_NLP\语料库\人物\BaiduSpiderPeople\0002.txt 文件处理完毕!
2017-05-23 10:36:49,440 : INFO : D:\Python27_NLP\语料库\人物\BaiduSpiderPeople\0003.txt 文件处理完毕!
2017-05-23 10:36:49,470 : INFO : D:\Python27_NLP\语料库\人物\BaiduSpiderPeople\0004.txt 文件处理完毕!
2017-05-23 10:36:49,483 : INFO : D:\Python27_NLP\语料库\人物\BaiduSpiderPeople\0005.txt 文件处理完毕!
2017-05-23 10:36:49,483 : INFO : D:\Python27_NLP\语料库\人物\BaiduSpiderPeople\0006.txt 文件处理完毕!
2017-05-23 10:36:49,546 : INFO : D:\Python27_NLP\语料库\人物\BaiduSpiderPeople\0007.txt 文件处理完毕!
2017-05-23 10:36:49,573 : INFO : D:\Python27_NLP\语料库\人物\BaiduSpiderPeople\0008.txt 文件处理完毕!
2017-05-23 10:36:49,634 : INFO : D:\Python27_NLP\语料库\人物\BaiduSpiderPeople\0009.txt 文件处理完毕!
2017-05-23 10:36:49,694 : INFO : D:\Python27_NLP\语料库\人物\BaiduSpiderPeople\0010.txt 文件处理完毕!
2017-05-23 10:36:49,752 : INFO : D:\Python27_NLP\语料库\人物\BaiduSpiderPeople\0011.txt 文件处理完毕!
2017-05-23 10:36:49,769 : INFO : D:\Python27_NLP\语料库\人物\BaiduSpiderPeople\0012.txt 文件处理完毕!
2017-05-23 10:36:49,799 : INFO : D:\Python27_NLP\语料库\人物\BaiduSpiderPeople\0013.txt 文件处理完毕!
2017-05-23 10:36:49,819 : INFO : D:\Python27_NLP\语料库\人物\BaiduSpiderPeople\0014.txt 文件处理完毕!
2017-05-23 10:36:49,884 : INFO : D:\Python27_NLP\语料库\人物\BaiduSpiderPeople\0015.txt 文件处理完毕!
2017-05-23 10:36:49,907 : INFO : D:\Python27_NLP\语料库\人物\BaiduSpiderPeople\0016.txt 文件处理完毕!
2017-05-23 10:36:49,934 : INFO : D:\Python27_NLP\语料库\人物\BaiduSpiderPeople\0017.txt 文件处理完毕!
2017-05-23 10:36:49,970 : INFO : D:\Python27_NLP\语料库\人物\BaiduSpiderPeople\0018.txt 文件处理完毕!
2017-05-23 10:36:50,005 : INFO : D:\Python27_NLP\语料库\人物\BaiduSpiderPeople\0019.txt 文件处理完毕!
2017-05-23 10:36:50,062 : INFO : D:\Python27_NLP\语料库\人物\BaiduSpiderPeople\0020.txt 文件处理完毕!
2017-05-23 10:36:50,107 : INFO : D:\Python27_NLP\语料库\人物\BaiduSpiderPeople\0021.txt 文件处理完毕!
2017-05-23 10:36:50,167 : INFO : D:\Python27_NLP\语料库\人物\BaiduSpiderPeople\0022.txt 文件处理完毕!
2017-05-23 10:36:50,188 : INFO : D:\Python27_NLP\语料库\人物\BaiduSpiderPeople\0023.txt 文件处理完毕!
2017-05-23 10:36:50,197 : INFO : D:\Python27_NLP\语料库\人物\BaiduSpiderPeople\0024.txt 文件处理完毕!
2017-05-23 10:36:50,242 : INFO : D:\Python27_NLP\语料库\人物\BaiduSpiderPeople\0025.txt 文件处理完毕!
2017-05-23 10:36:50,272 : INFO : D:\Python27_NLP\语料库\人物\BaiduSpiderPeople\0026.txt 文件处理完毕!
2017-05-23 10:36:50,301 : INFO : D:\Python27_NLP\语料库\人物\BaiduSpiderPeople\0027.txt 文件处理完毕!
2017-05-23 10:36:50,345 : INFO : D:\Python27_NLP\语料库\人物\BaiduSpiderPeople\0028.txt 文件处理完毕!
2017-05-23 10:36:50,387 : INFO : D:\Python27_NLP\语料库\人物\BaiduSpiderPeople\0029.txt 文件处理完毕!
2017-05-23 10:36:50,401 : INFO : D:\Python27_NLP\语料库\人物\BaiduSpiderPeople\0030.txt 文件处理完毕!
2017-05-23 10:36:50,417 : INFO : D:\Python27_NLP\语料库\人物\BaiduSpiderPeople\0031.txt 文件处理完毕!
2017-05-23 10:36:50,447 : INFO : D:\Python27_NLP\语料库\人物\BaiduSpiderPeople\0032.txt 文件处理完毕!
2017-05-23 10:36:50,477 : INFO : D:\Python27_NLP\语料库\人物\BaiduSpiderPeople\0033.txt 文件处理完毕!
2017-05-23 10:36:50,492 : INFO : D:\Python27_NLP\语料库\人物\BaiduSpiderPeople\0034.txt 文件处理完毕!
2017-05-23 10:36:50,543 : INFO : D:\Python27_NLP\语料库\人物\BaiduSpiderPeople\0035.txt 文件处理完毕!
2017-05-23 10:36:50,566 : INFO : D:\Python27_NLP\语料库\人物\BaiduSpiderPeople\0036.txt 文件处理完毕!
2017-05-23 10:36:50,592 : INFO : D:\Python27_NLP\语料库\人物\BaiduSpiderPeople\0037.txt 文件处理完毕!
2017-05-23 10:36:50,617 : INFO : D:\Python27_NLP\语料库\人物\BaiduSpiderPeople\0038.txt 文件处理完毕!
2017-05-23 10:36:50,644 : INFO : D:\Python27_NLP\语料库\人物\BaiduSpiderPeople\0039.txt 文件处理完毕!
2017-05-23 10:36:50,696 : INFO : D:\Python27_NLP\语料库\人物\BaiduSpiderPeople\0040.txt 文件处理完毕!
2017-05-23 10:36:50,717 : INFO : D:\Python27_NLP\语料库\人物\BaiduSpiderPeople\0041.txt 文件处理完毕!
2017-05-23 10:36:50,753 : INFO : D:\Python27_NLP\语料库\人物\BaiduSpiderPeople\0042.txt 文件处理完毕!
2017-05-23 10:36:50,798 : INFO : D:\Python27_NLP\语料库\人物\BaiduSpiderPeople\0043.txt 文件处理完毕!
2017-05-23 10:36:50,845 : INFO : D:\Python27_NLP\语料库\人物\BaiduSpiderPeople\0044.txt 文件处理完毕!
2017-05-23 10:36:50,864 : INFO : D:\Python27_NLP\语料库\人物\BaiduSpiderPeople\0045.txt 文件处理完毕!
2017-05-23 10:36:50,921 : INFO : D:\Python27_NLP\语料库\人物\BaiduSpiderPeople\0046.txt 文件处理完毕!
2017-05-23 10:36:50,940 : INFO : D:\Python27_NLP\语料库\人物\BaiduSpiderPeople\0047.txt 文件处理完毕!
2017-05-23 10:36:50,974 : INFO : D:\Python27_NLP\语料库\人物\BaiduSpiderPeople\0048.txt 文件处理完毕!
2017-05-23 10:36:51,006 : INFO : D:\Python27_NLP\语料库\人物\BaiduSpiderPeople\0049.txt 文件处理完毕!
2017-05-23 10:36:51,052 : INFO : D:\Python27_NLP\语料库\人物\BaiduSpiderPeople\0050.txt 文件处理完毕!
2017-05-23 10:36:51,216 : INFO : D:\Python27_NLP\语料库\人物\BaiduSpiderPeople\0051.txt 文件处理完毕!
2017-05-23 10:36:51,233 : INFO : D:\Python27_NLP\语料库\人物\BaiduSpiderPeople\0052.txt 文件处理完毕!
2017-05-23 10:36:51,269 : INFO : D:\Python27_NLP\语料库\人物\BaiduSpiderPeople\0053.txt 文件处理完毕!
2017-05-23 10:36:51,290 : INFO : D:\Python27_NLP\语料库\人物\BaiduSpiderPeople\0054.txt 文件处理完毕!
2017-05-23 10:36:51,336 : INFO : D:\Python27_NLP\语料库\人物\BaiduSpiderPeople\0055.txt 文件处理完毕!
2017-05-23 10:36:51,355 : INFO : D:\Python27_NLP\语料库\人物\BaiduSpiderPeople\0056.txt 文件处理完毕!
2017-05-23 10:36:51,397 : INFO : D:\Python27_NLP\语料库\人物\BaiduSpiderPeople\0057.txt 文件处理完毕!
2017-05-23 10:36:51,434 : INFO : D:\Python27_NLP\语料库\人物\BaiduSpiderPeople\0058.txt 文件处理完毕!
2017-05-23 10:36:51,470 : INFO : D:\Python27_NLP\语料库\人物\BaiduSpiderPeople\0059.txt 文件处理完毕!
2017-05-23 10:36:51,486 : INFO : D:\Python27_NLP\语料库\人物\BaiduSpiderPeople\0060.txt 文件处理完毕!
2017-05-23 10:36:51,515 : INFO : D:\Python27_NLP\语料库\人物\BaiduSpiderPeople\0061.txt 文件处理完毕!
2017-05-23 10:36:51,555 : INFO : D:\Python27_NLP\语料库\人物\BaiduSpiderPeople\0062.txt 文件处理完毕!
2017-05-23 10:36:51,569 : INFO : D:\Python27_NLP\语料库\人物\BaiduSpiderPeople\0063.txt 文件处理完毕!
2017-05-23 10:36:51,709 : INFO : D:\Python27_NLP\语料库\人物\BaiduSpiderPeople\0064.txt 文件处理完毕!
2017-05-23 10:36:51,736 : INFO : D:\Python27_NLP\语料库\人物\BaiduSpiderPeople\0065.txt 文件处理完毕!
2017-05-23 10:36:51,756 : INFO : D:\Python27_NLP\语料库\人物\BaiduSpiderPeople\0066.txt 文件处理完毕!
2017-05-23 10:36:51,785 : INFO : D:\Python27_NLP\语料库\人物\BaiduSpiderPeople\0067.txt 文件处理完毕!
2017-05-23 10:36:51,806 : INFO : D:\Python27_NLP\语料库\人物\BaiduSpiderPeople\0068.txt 文件处理完毕!
2017-05-23 10:36:51,828 : INFO : D:\Python27_NLP\语料库\人物\BaiduSpiderPeople\0069.txt 文件处理完毕!
2017-05-23 10:36:51,848 : INFO : D:\Python27_NLP\语料库\人物\BaiduSpiderPeople\0070.txt 文件处理完毕!
2017-05-23 10:36:51,864 : INFO : D:\Python27_NLP\语料库\人物\BaiduSpiderPeople\0071.txt 文件处理完毕!
2017-05-23 10:36:51,885 : INFO : D:\Python27_NLP\语料库\人物\BaiduSpiderPeople\0072.txt 文件处理完毕!
2017-05-23 10:36:51,930 : INFO : D:\Python27_NLP\语料库\人物\BaiduSpiderPeople\0073.txt 文件处理完毕!
2017-05-23 10:36:51,964 : INFO : D:\Python27_NLP\语料库\人物\BaiduSpiderPeople\0074.txt 文件处理完毕!
2017-05-23 10:36:52,005 : INFO : D:\Python27_NLP\语料库\人物\BaiduSpiderPeople\0075.txt 文件处理完毕!
2017-05-23 10:36:52,071 : INFO : D:\Python27_NLP\语料库\人物\BaiduSpiderPeople\0076.txt 文件处理完毕!
2017-05-23 10:36:52,098 : INFO : D:\Python27_NLP\语料库\人物\BaiduSpiderPeople\0077.txt 文件处理完毕!
2017-05-23 10:36:52,131 : INFO : D:\Python27_NLP\语料库\人物\BaiduSpiderPeople\0078.txt 文件处理完毕!
2017-05-23 10:36:52,157 : INFO : D:\Python27_NLP\语料库\人物\BaiduSpiderPeople\0079.txt 文件处理完毕!
2017-05-23 10:36:52,207 : INFO : D:\Python27_NLP\语料库\人物\BaiduSpiderPeople\0080.txt 文件处理完毕!
2017-05-23 10:36:52,237 : INFO : D:\Python27_NLP\语料库\人物\BaiduSpiderPeople\0081.txt 文件处理完毕!
2017-05-23 10:36:52,272 : INFO : D:\Python27_NLP\语料库\人物\BaiduSpiderPeople\0082.txt 文件处理完毕!
2017-05-23 10:36:52,325 : INFO : D:\Python27_NLP\语料库\人物\BaiduSpiderPeople\0083.txt 文件处理完毕!
2017-05-23 10:36:52,344 : INFO : D:\Python27_NLP\语料库\人物\BaiduSpiderPeople\0084.txt 文件处理完毕!
2017-05-23 10:36:52,362 : INFO : D:\Python27_NLP\语料库\人物\BaiduSpiderPeople\0085.txt 文件处理完毕!
2017-05-23 10:36:52,385 : INFO : D:\Python27_NLP\语料库\人物\BaiduSpiderPeople\0086.txt 文件处理完毕!
2017-05-23 10:36:52,414 : INFO : D:\Python27_NLP\语料库\人物\BaiduSpiderPeople\0087.txt 文件处理完毕!
2017-05-23 10:36:52,427 : INFO : D:\Python27_NLP\语料库\人物\BaiduSpiderPeople\0088.txt 文件处理完毕!
2017-05-23 10:36:52,469 : INFO : D:\Python27_NLP\语料库\人物\BaiduSpiderPeople\0089.txt 文件处理完毕!
2017-05-23 10:36:52,489 : INFO : D:\Python27_NLP\语料库\人物\BaiduSpiderPeople\0090.txt 文件处理完毕!
2017-05-23 10:36:52,539 : INFO : D:\Python27_NLP\语料库\人物\BaiduSpiderPeople\0091.txt 文件处理完毕!
2017-05-23 10:36:52,601 : INFO : D:\Python27_NLP\语料库\人物\BaiduSpiderPeople\0092.txt 文件处理完毕!
2017-05-23 10:36:52,638 : INFO : D:\Python27_NLP\语料库\人物\BaiduSpiderPeople\0093.txt 文件处理完毕!
2017-05-23 10:36:52,720 : INFO : D:\Python27_NLP\语料库\人物\BaiduSpiderPeople\0094.txt 文件处理完毕!
2017-05-23 10:36:52,753 : INFO : D:\Python27_NLP\语料库\人物\BaiduSpiderPeople\0095.txt 文件处理完毕!
2017-05-23 10:36:52,829 : INFO : D:\Python27_NLP\语料库\人物\BaiduSpiderPeople\0096.txt 文件处理完毕!
2017-05-23 10:36:52,966 : INFO : D:\Python27_NLP\语料库\人物\BaiduSpiderPeople\0097.txt 文件处理完毕!
2017-05-23 10:36:53,023 : INFO : D:\Python27_NLP\语料库\人物\BaiduSpiderPeople\0098.txt 文件处理完毕!
2017-05-23 10:36:53,023 : INFO : D:\Python27_NLP\语料库\人物\BaiduSpiderPeople\0099.txt 文件处理完毕!
2017-05-23 10:36:53,141 : INFO : D:\Python27_NLP\语料库\人物\BaiduSpiderPeople\0100.txt 文件处理完毕!
2017-05-23 10:36:53,233 : INFO : D:\Python27_NLP\语料库\人物\HudongSpiderPeople\0001.txt 文件处理完毕!
2017-05-23 10:36:53,282 : INFO : D:\Python27_NLP\语料库\人物\HudongSpiderPeople\0002.txt 文件处理完毕!
2017-05-23 10:36:53,427 : INFO : D:\Python27_NLP\语料库\人物\HudongSpiderPeople\0003.txt 文件处理完毕!
2017-05-23 10:36:53,473 : INFO : D:\Python27_NLP\语料库\人物\HudongSpiderPeople\0004.txt 文件处理完毕!
2017-05-23 10:36:53,496 : INFO : D:\Python27_NLP\语料库\人物\HudongSpiderPeople\0005.txt 文件处理完毕!
2017-05-23 10:36:53,773 : INFO : D:\Python27_NLP\语料库\人物\HudongSpiderPeople\0006.txt 文件处理完毕!
2017-05-23 10:36:53,857 : INFO : D:\Python27_NLP\语料库\人物\HudongSpiderPeople\0007.txt 文件处理完毕!
2017-05-23 10:36:53,946 : INFO : D:\Python27_NLP\语料库\人物\HudongSpiderPeople\0008.txt 文件处理完毕!
2017-05-23 10:36:54,068 : INFO : D:\Python27_NLP\语料库\人物\HudongSpiderPeople\0009.txt 文件处理完毕!
2017-05-23 10:36:54,153 : INFO : D:\Python27_NLP\语料库\人物\HudongSpiderPeople\0010.txt 文件处理完毕!
2017-05-23 10:36:54,242 : INFO : D:\Python27_NLP\语料库\人物\HudongSpiderPeople\0011.txt 文件处理完毕!
2017-05-23 10:36:54,296 : INFO : D:\Python27_NLP\语料库\人物\HudongSpiderPeople\0012.txt 文件处理完毕!
2017-05-23 10:36:54,437 : INFO : D:\Python27_NLP\语料库\人物\HudongSpiderPeople\0013.txt 文件处理完毕!
2017-05-23 10:36:54,502 : INFO : D:\Python27_NLP\语料库\人物\HudongSpiderPeople\0014.txt 文件处理完毕!
2017-05-23 10:36:54,631 : INFO : D:\Python27_NLP\语料库\人物\HudongSpiderPeople\0015.txt 文件处理完毕!
2017-05-23 10:36:54,736 : INFO : D:\Python27_NLP\语料库\人物\HudongSpiderPeople\0016.txt 文件处理完毕!
2017-05-23 10:36:54,792 : INFO : D:\Python27_NLP\语料库\人物\HudongSpiderPeople\0017.txt 文件处理完毕!
2017-05-23 10:36:54,861 : INFO : D:\Python27_NLP\语料库\人物\HudongSpiderPeople\0018.txt 文件处理完毕!
2017-05-23 10:36:54,959 : INFO : D:\Python27_NLP\语料库\人物\HudongSpiderPeople\0019.txt 文件处理完毕!
2017-05-23 10:36:55,073 : INFO : D:\Python27_NLP\语料库\人物\HudongSpiderPeople\0020.txt 文件处理完毕!
2017-05-23 10:36:55,190 : INFO : D:\Python27_NLP\语料库\人物\HudongSpiderPeople\0021.txt 文件处理完毕!
2017-05-23 10:36:55,280 : INFO : D:\Python27_NLP\语料库\人物\HudongSpiderPeople\0022.txt 文件处理完毕!
2017-05-23 10:36:55,352 : INFO : D:\Python27_NLP\语料库\人物\HudongSpiderPeople\0023.txt 文件处理完毕!
2017-05-23 10:36:55,480 : INFO : D:\Python27_NLP\语料库\人物\HudongSpiderPeople\0024.txt 文件处理完毕!
2017-05-23 10:36:55,572 : INFO : D:\Python27_NLP\语料库\人物\HudongSpiderPeople\0025.txt 文件处理完毕!
2017-05-23 10:36:55,665 : INFO : D:\Python27_NLP\语料库\人物\HudongSpiderPeople\0026.txt 文件处理完毕!
2017-05-23 10:36:55,765 : INFO : D:\Python27_NLP\语料库\人物\HudongSpiderPeople\0027.txt 文件处理完毕!
2017-05-23 10:36:55,826 : INFO : D:\Python27_NLP\语料库\人物\HudongSpiderPeople\0028.txt 文件处理完毕!
2017-05-23 10:36:55,943 : INFO : D:\Python27_NLP\语料库\人物\HudongSpiderPeople\0029.txt 文件处理完毕!
2017-05-23 10:36:55,987 : INFO : D:\Python27_NLP\语料库\人物\HudongSpiderPeople\0030.txt 文件处理完毕!
2017-05-23 10:36:56,029 : INFO : D:\Python27_NLP\语料库\人物\HudongSpiderPeople\0031.txt 文件处理完毕!
2017-05-23 10:36:56,105 : INFO : D:\Python27_NLP\语料库\人物\HudongSpiderPeople\0032.txt 文件处理完毕!
2017-05-23 10:36:56,137 : INFO : D:\Python27_NLP\语料库\人物\HudongSpiderPeople\0033.txt 文件处理完毕!
2017-05-23 10:36:56,153 : INFO : D:\Python27_NLP\语料库\人物\HudongSpiderPeople\0034.txt 文件处理完毕!
2017-05-23 10:36:56,213 : INFO : D:\Python27_NLP\语料库\人物\HudongSpiderPeople\0035.txt 文件处理完毕!
2017-05-23 10:36:56,279 : INFO : D:\Python27_NLP\语料库\人物\HudongSpiderPeople\0036.txt 文件处理完毕!
2017-05-23 10:36:56,326 : INFO : D:\Python27_NLP\语料库\人物\HudongSpiderPeople\0037.txt 文件处理完毕!
2017-05-23 10:36:56,418 : INFO : D:\Python27_NLP\语料库\人物\HudongSpiderPeople\0038.txt 文件处理完毕!
2017-05-23 10:36:56,522 : INFO : D:\Python27_NLP\语料库\人物\HudongSpiderPeople\0039.txt 文件处理完毕!
2017-05-23 10:36:56,624 : INFO : D:\Python27_NLP\语料库\人物\HudongSpiderPeople\0040.txt 文件处理完毕!
2017-05-23 10:36:56,691 : INFO : D:\Python27_NLP\语料库\人物\HudongSpiderPeople\0041.txt 文件处理完毕!
2017-05-23 10:36:56,772 : INFO : D:\Python27_NLP\语料库\人物\HudongSpiderPeople\0042.txt 文件处理完毕!
2017-05-23 10:36:56,914 : INFO : D:\Python27_NLP\语料库\人物\HudongSpiderPeople\0043.txt 文件处理完毕!
2017-05-23 10:36:57,032 : INFO : D:\Python27_NLP\语料库\人物\HudongSpiderPeople\0044.txt 文件处理完毕!
2017-05-23 10:36:57,095 : INFO : D:\Python27_NLP\语料库\人物\HudongSpiderPeople\0045.txt 文件处理完毕!
2017-05-23 10:36:57,151 : INFO : D:\Python27_NLP\语料库\人物\HudongSpiderPeople\0046.txt 文件处理完毕!
2017-05-23 10:36:57,188 : INFO : D:\Python27_NLP\语料库\人物\HudongSpiderPeople\0047.txt 文件处理完毕!
2017-05-23 10:36:57,250 : INFO : D:\Python27_NLP\语料库\人物\HudongSpiderPeople\0048.txt 文件处理完毕!
2017-05-23 10:36:57,318 : INFO : D:\Python27_NLP\语料库\人物\HudongSpiderPeople\0049.txt 文件处理完毕!
2017-05-23 10:36:57,391 : INFO : D:\Python27_NLP\语料库\人物\HudongSpiderPeople\0050.txt 文件处理完毕!
2017-05-23 10:36:57,470 : INFO : D:\Python27_NLP\语料库\人物\HudongSpiderPeople\0051.txt 文件处理完毕!
2017-05-23 10:36:57,545 : INFO : D:\Python27_NLP\语料库\人物\HudongSpiderPeople\0052.txt 文件处理完毕!
2017-05-23 10:36:57,631 : INFO : D:\Python27_NLP\语料库\人物\HudongSpiderPeople\0053.txt 文件处理完毕!
2017-05-23 10:36:57,693 : INFO : D:\Python27_NLP\语料库\人物\HudongSpiderPeople\0054.txt 文件处理完毕!
2017-05-23 10:36:57,836 : INFO : D:\Python27_NLP\语料库\人物\HudongSpiderPeople\0055.txt 文件处理完毕!
2017-05-23 10:36:57,877 : INFO : D:\Python27_NLP\语料库\人物\HudongSpiderPeople\0056.txt 文件处理完毕!
2017-05-23 10:36:57,984 : INFO : D:\Python27_NLP\语料库\人物\HudongSpiderPeople\0057.txt 文件处理完毕!
2017-05-23 10:36:58,091 : INFO : D:\Python27_NLP\语料库\人物\HudongSpiderPeople\0058.txt 文件处理完毕!
2017-05-23 10:36:58,151 : INFO : D:\Python27_NLP\语料库\人物\HudongSpiderPeople\0059.txt 文件处理完毕!
2017-05-23 10:36:58,210 : INFO : D:\Python27_NLP\语料库\人物\HudongSpiderPeople\0060.txt 文件处理完毕!
2017-05-23 10:36:58,315 : INFO : D:\Python27_NLP\语料库\人物\HudongSpiderPeople\0061.txt 文件处理完毕!
2017-05-23 10:36:58,405 : INFO : D:\Python27_NLP\语料库\人物\HudongSpiderPeople\0062.txt 文件处理完毕!
2017-05-23 10:36:58,437 : INFO : D:\Python27_NLP\语料库\人物\HudongSpiderPeople\0063.txt 文件处理完毕!
2017-05-23 10:36:58,648 : INFO : D:\Python27_NLP\语料库\人物\HudongSpiderPeople\0064.txt 文件处理完毕!
2017-05-23 10:36:58,697 : INFO : D:\Python27_NLP\语料库\人物\HudongSpiderPeople\0065.txt 文件处理完毕!
2017-05-23 10:36:58,808 : INFO : D:\Python27_NLP\语料库\人物\HudongSpiderPeople\0066.txt 文件处理完毕!
2017-05-23 10:36:58,980 : INFO : D:\Python27_NLP\语料库\人物\HudongSpiderPeople\0067.txt 文件处理完毕!
2017-05-23 10:36:59,023 : INFO : D:\Python27_NLP\语料库\人物\HudongSpiderPeople\0068.txt 文件处理完毕!
2017-05-23 10:36:59,102 : INFO : D:\Python27_NLP\语料库\人物\HudongSpiderPeople\0069.txt 文件处理完毕!
2017-05-23 10:36:59,151 : INFO : D:\Python27_NLP\语料库\人物\HudongSpiderPeople\0070.txt 文件处理完毕!
2017-05-23 10:36:59,237 : INFO : D:\Python27_NLP\语料库\人物\HudongSpiderPeople\0071.txt 文件处理完毕!
2017-05-23 10:36:59,283 : INFO : D:\Python27_NLP\语料库\人物\HudongSpiderPeople\0072.txt 文件处理完毕!
2017-05-23 10:36:59,424 : INFO : D:\Python27_NLP\语料库\人物\HudongSpiderPeople\0073.txt 文件处理完毕!
2017-05-23 10:36:59,493 : INFO : D:\Python27_NLP\语料库\人物\HudongSpiderPeople\0074.txt 文件处理完毕!
2017-05-23 10:36:59,538 : INFO : D:\Python27_NLP\语料库\人物\HudongSpiderPeople\0075.txt 文件处理完毕!
2017-05-23 10:36:59,676 : INFO : D:\Python27_NLP\语料库\人物\HudongSpiderPeople\0076.txt 文件处理完毕!
2017-05-23 10:36:59,779 : INFO : D:\Python27_NLP\语料库\人物\HudongSpiderPeople\0077.txt 文件处理完毕!
2017-05-23 10:36:59,849 : INFO : D:\Python27_NLP\语料库\人物\HudongSpiderPeople\0078.txt 文件处理完毕!
2017-05-23 10:36:59,943 : INFO : D:\Python27_NLP\语料库\人物\HudongSpiderPeople\0079.txt 文件处理完毕!
2017-05-23 10:37:00,049 : INFO : D:\Python27_NLP\语料库\人物\HudongSpiderPeople\0080.txt 文件处理完毕!
2017-05-23 10:37:00,187 : INFO : D:\Python27_NLP\语料库\人物\HudongSpiderPeople\0081.txt 文件处理完毕!
2017-05-23 10:37:00,253 : INFO : D:\Python27_NLP\语料库\人物\HudongSpiderPeople\0082.txt 文件处理完毕!
2017-05-23 10:37:00,355 : INFO : D:\Python27_NLP\语料库\人物\HudongSpiderPeople\0083.txt 文件处理完毕!
2017-05-23 10:37:00,391 : INFO : D:\Python27_NLP\语料库\人物\HudongSpiderPeople\0084.txt 文件处理完毕!
2017-05-23 10:37:00,424 : INFO : D:\Python27_NLP\语料库\人物\HudongSpiderPeople\0085.txt 文件处理完毕!
2017-05-23 10:37:00,447 : INFO : D:\Python27_NLP\语料库\人物\HudongSpiderPeople\0086.txt 文件处理完毕!
2017-05-23 10:37:00,499 : INFO : D:\Python27_NLP\语料库\人物\HudongSpiderPeople\0087.txt 文件处理完毕!
2017-05-23 10:37:00,536 : INFO : D:\Python27_NLP\语料库\人物\HudongSpiderPeople\0088.txt 文件处理完毕!
2017-05-23 10:37:00,608 : INFO : D:\Python27_NLP\语料库\人物\HudongSpiderPeople\0089.txt 文件处理完毕!
2017-05-23 10:37:00,693 : INFO : D:\Python27_NLP\语料库\人物\HudongSpiderPeople\0090.txt 文件处理完毕!
2017-05-23 10:37:00,829 : INFO : D:\Python27_NLP\语料库\人物\HudongSpiderPeople\0091.txt 文件处理完毕!
2017-05-23 10:37:01,061 : INFO : D:\Python27_NLP\语料库\人物\HudongSpiderPeople\0092.txt 文件处理完毕!
2017-05-23 10:37:01,145 : INFO : D:\Python27_NLP\语料库\人物\HudongSpiderPeople\0093.txt 文件处理完毕!
2017-05-23 10:37:01,368 : INFO : D:\Python27_NLP\语料库\人物\HudongSpiderPeople\0094.txt 文件处理完毕!
2017-05-23 10:37:01,448 : INFO : D:\Python27_NLP\语料库\人物\HudongSpiderPeople\0095.txt 文件处理完毕!
2017-05-23 10:37:01,545 : INFO : D:\Python27_NLP\语料库\人物\HudongSpiderPeople\0096.txt 文件处理完毕!
2017-05-23 10:37:01,733 : INFO : D:\Python27_NLP\语料库\人物\HudongSpiderPeople\0097.txt 文件处理完毕!
2017-05-23 10:37:01,928 : INFO : D:\Python27_NLP\语料库\人物\HudongSpiderPeople\0098.txt 文件处理完毕!
2017-05-23 10:37:01,990 : INFO : D:\Python27_NLP\语料库\人物\HudongSpiderPeople\0099.txt 文件处理完毕!
2017-05-23 10:37:02,200 : INFO : D:\Python27_NLP\语料库\人物\HudongSpiderPeople\0100.txt 文件处理完毕!
2017-05-23 10:37:02,203 : INFO : D:\Python27_NLP\语料库\人物\WikipediaSpiderPeople\0001.txt 文件处理完毕!
2017-05-23 10:37:02,214 : INFO : D:\Python27_NLP\语料库\人物\WikipediaSpiderPeople\0002.txt 文件处理完毕!
2017-05-23 10:37:02,220 : INFO : D:\Python27_NLP\语料库\人物\WikipediaSpiderPeople\0003.txt 文件处理完毕!
2017-05-23 10:37:02,223 : INFO : D:\Python27_NLP\语料库\人物\WikipediaSpiderPeople\0004.txt 文件处理完毕!
2017-05-23 10:37:02,223 : INFO : D:\Python27_NLP\语料库\人物\WikipediaSpiderPeople\0005.txt 文件处理完毕!
2017-05-23 10:37:02,230 : INFO : D:\Python27_NLP\语料库\人物\WikipediaSpiderPeople\0006.txt 文件处理完毕!
2017-05-23 10:37:02,234 : INFO : D:\Python27_NLP\语料库\人物\WikipediaSpiderPeople\0007.txt 文件处理完毕!
2017-05-23 10:37:02,243 : INFO : D:\Python27_NLP\语料库\人物\WikipediaSpiderPeople\0008.txt 文件处理完毕!
2017-05-23 10:37:02,249 : INFO : D:\Python27_NLP\语料库\人物\WikipediaSpiderPeople\0009.txt 文件处理完毕!
2017-05-23 10:37:02,256 : INFO : D:\Python27_NLP\语料库\人物\WikipediaSpiderPeople\0010.txt 文件处理完毕!
2017-05-23 10:37:02,260 : INFO : D:\Python27_NLP\语料库\人物\WikipediaSpiderPeople\0011.txt 文件处理完毕!
2017-05-23 10:37:02,262 : INFO : D:\Python27_NLP\语料库\人物\WikipediaSpiderPeople\0012.txt 文件处理完毕!
2017-05-23 10:37:02,267 : INFO : D:\Python27_NLP\语料库\人物\WikipediaSpiderPeople\0013.txt 文件处理完毕!
2017-05-23 10:37:02,273 : INFO : D:\Python27_NLP\语料库\人物\WikipediaSpiderPeople\0014.txt 文件处理完毕!
2017-05-23 10:37:02,279 : INFO : D:\Python27_NLP\语料库\人物\WikipediaSpiderPeople\0015.txt 文件处理完毕!
2017-05-23 10:37:02,283 : INFO : D:\Python27_NLP\语料库\人物\WikipediaSpiderPeople\0016.txt 文件处理完毕!
2017-05-23 10:37:02,289 : INFO : D:\Python27_NLP\语料库\人物\WikipediaSpiderPeople\0017.txt 文件处理完毕!
2017-05-23 10:37:02,298 : INFO : D:\Python27_NLP\语料库\人物\WikipediaSpiderPeople\0018.txt 文件处理完毕!
2017-05-23 10:37:02,301 : INFO : D:\Python27_NLP\语料库\人物\WikipediaSpiderPeople\0019.txt 文件处理完毕!
2017-05-23 10:37:02,306 : INFO : D:\Python27_NLP\语料库\人物\WikipediaSpiderPeople\0020.txt 文件处理完毕!
2017-05-23 10:37:02,315 : INFO : D:\Python27_NLP\语料库\人物\WikipediaSpiderPeople\0021.txt 文件处理完毕!
2017-05-23 10:37:02,319 : INFO : D:\Python27_NLP\语料库\人物\WikipediaSpiderPeople\0022.txt 文件处理完毕!
2017-05-23 10:37:02,322 : INFO : D:\Python27_NLP\语料库\人物\WikipediaSpiderPeople\0023.txt 文件处理完毕!
2017-05-23 10:37:02,323 : INFO : D:\Python27_NLP\语料库\人物\WikipediaSpiderPeople\0024.txt 文件处理完毕!
2017-05-23 10:37:02,331 : INFO : D:\Python27_NLP\语料库\人物\WikipediaSpiderPeople\0025.txt 文件处理完毕!
2017-05-23 10:37:02,342 : INFO : D:\Python27_NLP\语料库\人物\WikipediaSpiderPeople\0026.txt 文件处理完毕!
2017-05-23 10:37:02,346 : INFO : D:\Python27_NLP\语料库\人物\WikipediaSpiderPeople\0027.txt 文件处理完毕!
2017-05-23 10:37:02,355 : INFO : D:\Python27_NLP\语料库\人物\WikipediaSpiderPeople\0028.txt 文件处理完毕!
2017-05-23 10:37:02,359 : INFO : D:\Python27_NLP\语料库\人物\WikipediaSpiderPeople\0029.txt 文件处理完毕!
2017-05-23 10:37:02,361 : INFO : D:\Python27_NLP\语料库\人物\WikipediaSpiderPeople\0030.txt 文件处理完毕!
2017-05-23 10:37:02,361 : INFO : D:\Python27_NLP\语料库\人物\WikipediaSpiderPeople\0031.txt 文件处理完毕!
2017-05-23 10:37:02,368 : INFO : D:\Python27_NLP\语料库\人物\WikipediaSpiderPeople\0032.txt 文件处理完毕!
2017-05-23 10:37:02,372 : INFO : D:\Python27_NLP\语料库\人物\WikipediaSpiderPeople\0033.txt 文件处理完毕!
2017-05-23 10:37:02,372 : INFO : D:\Python27_NLP\语料库\人物\WikipediaSpiderPeople\0034.txt 文件处理完毕!
2017-05-23 10:37:02,378 : INFO : D:\Python27_NLP\语料库\人物\WikipediaSpiderPeople\0035.txt 文件处理完毕!
2017-05-23 10:37:02,381 : INFO : D:\Python27_NLP\语料库\人物\WikipediaSpiderPeople\0036.txt 文件处理完毕!
2017-05-23 10:37:02,382 : INFO : D:\Python27_NLP\语料库\人物\WikipediaSpiderPeople\0037.txt 文件处理完毕!
2017-05-23 10:37:02,387 : INFO : D:\Python27_NLP\语料库\人物\WikipediaSpiderPeople\0038.txt 文件处理完毕!
2017-05-23 10:37:02,392 : INFO : D:\Python27_NLP\语料库\人物\WikipediaSpiderPeople\0039.txt 文件处理完毕!
2017-05-23 10:37:02,401 : INFO : D:\Python27_NLP\语料库\人物\WikipediaSpiderPeople\0040.txt 文件处理完毕!
2017-05-23 10:37:02,404 : INFO : D:\Python27_NLP\语料库\人物\WikipediaSpiderPeople\0041.txt 文件处理完毕!
2017-05-23 10:37:02,410 : INFO : D:\Python27_NLP\语料库\人物\WikipediaSpiderPeople\0042.txt 文件处理完毕!
2017-05-23 10:37:02,421 : INFO : D:\Python27_NLP\语料库\人物\WikipediaSpiderPeople\0043.txt 文件处理完毕!
2017-05-23 10:37:02,431 : INFO : D:\Python27_NLP\语料库\人物\WikipediaSpiderPeople\0044.txt 文件处理完毕!
2017-05-23 10:37:02,431 : INFO : D:\Python27_NLP\语料库\人物\WikipediaSpiderPeople\0045.txt 文件处理完毕!
2017-05-23 10:37:02,436 : INFO : D:\Python27_NLP\语料库\人物\WikipediaSpiderPeople\0046.txt 文件处理完毕!
2017-05-23 10:37:02,440 : INFO : D:\Python27_NLP\语料库\人物\WikipediaSpiderPeople\0047.txt 文件处理完毕!
2017-05-23 10:37:02,444 : INFO : D:\Python27_NLP\语料库\人物\WikipediaSpiderPeople\0048.txt 文件处理完毕!
2017-05-23 10:37:02,451 : INFO : D:\Python27_NLP\语料库\人物\WikipediaSpiderPeople\0049.txt 文件处理完毕!
2017-05-23 10:37:02,457 : INFO : D:\Python27_NLP\语料库\人物\WikipediaSpiderPeople\0050.txt 文件处理完毕!
2017-05-23 10:37:02,463 : INFO : D:\Python27_NLP\语料库\人物\WikipediaSpiderPeople\0051.txt 文件处理完毕!
2017-05-23 10:37:02,469 : INFO : D:\Python27_NLP\语料库\人物\WikipediaSpiderPeople\0052.txt 文件处理完毕!
2017-05-23 10:37:02,474 : INFO : D:\Python27_NLP\语料库\人物\WikipediaSpiderPeople\0053.txt 文件处理完毕!
2017-05-23 10:37:02,480 : INFO : D:\Python27_NLP\语料库\人物\WikipediaSpiderPeople\0054.txt 文件处理完毕!
2017-05-23 10:37:02,486 : INFO : D:\Python27_NLP\语料库\人物\WikipediaSpiderPeople\0055.txt 文件处理完毕!
2017-05-23 10:37:02,489 : INFO : D:\Python27_NLP\语料库\人物\WikipediaSpiderPeople\0056.txt 文件处理完毕!
2017-05-23 10:37:02,490 : INFO : D:\Python27_NLP\语料库\人物\WikipediaSpiderPeople\0057.txt 文件处理完毕!
2017-05-23 10:37:02,496 : INFO : D:\Python27_NLP\语料库\人物\WikipediaSpiderPeople\0058.txt 文件处理完毕!
2017-05-23 10:37:02,500 : INFO : D:\Python27_NLP\语料库\人物\WikipediaSpiderPeople\0059.txt 文件处理完毕!
2017-05-23 10:37:02,503 : INFO : D:\Python27_NLP\语料库\人物\WikipediaSpiderPeople\0060.txt 文件处理完毕!
2017-05-23 10:37:02,505 : INFO : D:\Python27_NLP\语料库\人物\WikipediaSpiderPeople\0061.txt 文件处理完毕!
2017-05-23 10:37:02,509 : INFO : D:\Python27_NLP\语料库\人物\WikipediaSpiderPeople\0062.txt 文件处理完毕!
2017-05-23 10:37:02,509 : INFO : D:\Python27_NLP\语料库\人物\WikipediaSpiderPeople\0063.txt 文件处理完毕!
2017-05-23 10:37:02,523 : INFO : D:\Python27_NLP\语料库\人物\WikipediaSpiderPeople\0064.txt 文件处理完毕!
2017-05-23 10:37:02,588 : INFO : D:\Python27_NLP\语料库\人物\WikipediaSpiderPeople\0065.txt 文件处理完毕!
2017-05-23 10:37:02,592 : INFO : D:\Python27_NLP\语料库\人物\WikipediaSpiderPeople\0066.txt 文件处理完毕!
2017-05-23 10:37:02,598 : INFO : D:\Python27_NLP\语料库\人物\WikipediaSpiderPeople\0067.txt 文件处理完毕!
2017-05-23 10:37:02,605 : INFO : D:\Python27_NLP\语料库\人物\WikipediaSpiderPeople\0068.txt 文件处理完毕!
2017-05-23 10:37:02,609 : INFO : D:\Python27_NLP\语料库\人物\WikipediaSpiderPeople\0069.txt 文件处理完毕!
2017-05-23 10:37:02,619 : INFO : D:\Python27_NLP\语料库\人物\WikipediaSpiderPeople\0070.txt 文件处理完毕!
2017-05-23 10:37:02,625 : INFO : D:\Python27_NLP\语料库\人物\WikipediaSpiderPeople\0071.txt 文件处理完毕!
2017-05-23 10:37:02,631 : INFO : D:\Python27_NLP\语料库\人物\WikipediaSpiderPeople\0072.txt 文件处理完毕!
2017-05-23 10:37:02,635 : INFO : D:\Python27_NLP\语料库\人物\WikipediaSpiderPeople\0073.txt 文件处理完毕!
2017-05-23 10:37:02,641 : INFO : D:\Python27_NLP\语料库\人物\WikipediaSpiderPeople\0074.txt 文件处理完毕!
2017-05-23 10:37:02,644 : INFO : D:\Python27_NLP\语料库\人物\WikipediaSpiderPeople\0075.txt 文件处理完毕!
2017-05-23 10:37:02,650 : INFO : D:\Python27_NLP\语料库\人物\WikipediaSpiderPeople\0076.txt 文件处理完毕!
2017-05-23 10:37:02,651 : INFO : D:\Python27_NLP\语料库\人物\WikipediaSpiderPeople\0077.txt 文件处理完毕!
2017-05-23 10:37:02,661 : INFO : D:\Python27_NLP\语料库\人物\WikipediaSpiderPeople\0078.txt 文件处理完毕!
2017-05-23 10:37:02,665 : INFO : D:\Python27_NLP\语料库\人物\WikipediaSpiderPeople\0079.txt 文件处理完毕!
2017-05-23 10:37:02,673 : INFO : D:\Python27_NLP\语料库\人物\WikipediaSpiderPeople\0080.txt 文件处理完毕!
2017-05-23 10:37:02,678 : INFO : D:\Python27_NLP\语料库\人物\WikipediaSpiderPeople\0081.txt 文件处理完毕!
2017-05-23 10:37:02,684 : INFO : D:\Python27_NLP\语料库\人物\WikipediaSpiderPeople\0082.txt 文件处理完毕!
2017-05-23 10:37:02,690 : INFO : D:\Python27_NLP\语料库\人物\WikipediaSpiderPeople\0083.txt 文件处理完毕!
2017-05-23 10:37:02,696 : INFO : D:\Python27_NLP\语料库\人物\WikipediaSpiderPeople\0084.txt 文件处理完毕!
2017-05-23 10:37:02,700 : INFO : D:\Python27_NLP\语料库\人物\WikipediaSpiderPeople\0085.txt 文件处理完毕!
2017-05-23 10:37:02,703 : INFO : D:\Python27_NLP\语料库\人物\WikipediaSpiderPeople\0086.txt 文件处理完毕!
2017-05-23 10:37:02,707 : INFO : D:\Python27_NLP\语料库\人物\WikipediaSpiderPeople\0087.txt 文件处理完毕!
2017-05-23 10:37:02,711 : INFO : D:\Python27_NLP\语料库\人物\WikipediaSpiderPeople\0088.txt 文件处理完毕!
2017-05-23 10:37:02,714 : INFO : D:\Python27_NLP\语料库\人物\WikipediaSpiderPeople\0089.txt 文件处理完毕!
2017-05-23 10:37:02,717 : INFO : D:\Python27_NLP\语料库\人物\WikipediaSpiderPeople\0090.txt 文件处理完毕!
2017-05-23 10:37:02,721 : INFO : D:\Python27_NLP\语料库\人物\WikipediaSpiderPeople\0091.txt 文件处理完毕!
2017-05-23 10:37:02,727 : INFO : D:\Python27_NLP\语料库\人物\WikipediaSpiderPeople\0092.txt 文件处理完毕!
2017-05-23 10:37:02,736 : INFO : D:\Python27_NLP\语料库\人物\WikipediaSpiderPeople\0093.txt 文件处理完毕!
2017-05-23 10:37:02,743 : INFO : D:\Python27_NLP\语料库\人物\WikipediaSpiderPeople\0094.txt 文件处理完毕!
2017-05-23 10:37:02,749 : INFO : D:\Python27_NLP\语料库\人物\WikipediaSpiderPeople\0095.txt 文件处理完毕!
2017-05-23 10:37:02,750 : INFO : D:\Python27_NLP\语料库\人物\WikipediaSpiderPeople\0096.txt 文件处理完毕!
2017-05-23 10:37:02,759 : INFO : D:\Python27_NLP\语料库\人物\WikipediaSpiderPeople\0097.txt 文件处理完毕!
2017-05-23 10:37:02,766 : INFO : D:\Python27_NLP\语料库\人物\WikipediaSpiderPeople\0098.txt 文件处理完毕!
2017-05-23 10:37:02,773 : INFO : D:\Python27_NLP\语料库\人物\WikipediaSpiderPeople\0099.txt 文件处理完毕!
2017-05-23 10:37:02,782 : INFO : D:\Python27_NLP\语料库\人物\WikipediaSpiderPeople\0100.txt 文件处理完毕!
2017-05-23 10:37:02,783 : INFO : D:\Python27_NLP\语料库\人物
2017-05-23 10:37:02,783 : INFO : D:\Python27_NLP\src\人物\000000.txt
2017-05-23 10:37:02,788 : INFO : 分词已保存至文件 D:\Python27_NLP\src\人物\000000.txt
2017-05-23 10:37:02,788 : INFO : D:\Python27_NLP\src\人物\000001.txt
2017-05-23 10:37:02,792 : INFO : 分词已保存至文件 D:\Python27_NLP\src\人物\000001.txt
2017-05-23 10:37:02,792 : INFO : D:\Python27_NLP\src\人物\000002.txt
2017-05-23 10:37:02,798 : INFO : 分词已保存至文件 D:\Python27_NLP\src\人物\000002.txt
2017-05-23 10:37:02,798 : INFO : D:\Python27_NLP\src\人物\000003.txt
2017-05-23 10:37:02,802 : INFO : 分词已保存至文件 D:\Python27_NLP\src\人物\000003.txt
2017-05-23 10:37:02,802 : INFO : D:\Python27_NLP\src\人物\000004.txt
2017-05-23 10:37:02,805 : INFO : 分词已保存至文件 D:\Python27_NLP\src\人物\000004.txt
2017-05-23 10:37:02,805 : INFO : D:\Python27_NLP\src\人物\000005.txt
2017-05-23 10:37:02,809 : INFO : 分词已保存至文件 D:\Python27_NLP\src\人物\000005.txt
2017-05-23 10:37:02,809 : INFO : D:\Python27_NLP\src\人物\000006.txt
2017-05-23 10:37:03,063 : INFO : 分词已保存至文件 D:\Python27_NLP\src\人物\000006.txt
2017-05-23 10:37:03,065 : INFO : D:\Python27_NLP\src\人物\000007.txt
2017-05-23 10:37:03,075 : INFO : 分词已保存至文件 D:\Python27_NLP\src\人物\000007.txt
2017-05-23 10:37:03,075 : INFO : D:\Python27_NLP\src\人物\000008.txt
2017-05-23 10:37:03,081 : INFO : 分词已保存至文件 D:\Python27_NLP\src\人物\000008.txt
2017-05-23 10:37:03,081 : INFO : D:\Python27_NLP\src\人物\000009.txt
2017-05-23 10:37:03,085 : INFO : 分词已保存至文件 D:\Python27_NLP\src\人物\000009.txt
2017-05-23 10:37:03,085 : INFO : D:\Python27_NLP\src\人物\000010.txt
2017-05-23 10:37:03,213 : INFO : 分词已保存至文件 D:\Python27_NLP\src\人物\000010.txt
2017-05-23 10:37:03,213 : INFO : D:\Python27_NLP\src\人物\000011.txt
2017-05-23 10:37:03,217 : INFO : 分词已保存至文件 D:\Python27_NLP\src\人物\000011.txt
2017-05-23 10:37:03,217 : INFO : D:\Python27_NLP\src\人物\000012.txt
2017-05-23 10:37:03,223 : INFO : 分词已保存至文件 D:\Python27_NLP\src\人物\000012.txt
2017-05-23 10:37:03,223 : INFO : D:\Python27_NLP\src\人物\000013.txt
2017-05-23 10:37:03,227 : INFO : 分词已保存至文件 D:\Python27_NLP\src\人物\000013.txt
2017-05-23 10:37:03,227 : INFO : D:\Python27_NLP\src\人物\000014.txt
2017-05-23 10:37:03,246 : INFO : 分词已保存至文件 D:\Python27_NLP\src\人物\000014.txt
2017-05-23 10:37:03,246 : INFO : D:\Python27_NLP\src\人物\000015.txt
2017-05-23 10:37:03,252 : INFO : 分词已保存至文件 D:\Python27_NLP\src\人物\000015.txt
2017-05-23 10:37:03,252 : INFO : D:\Python27_NLP\src\人物\000016.txt
2017-05-23 10:37:03,256 : INFO : 分词已保存至文件 D:\Python27_NLP\src\人物\000016.txt
2017-05-23 10:37:03,256 : INFO : D:\Python27_NLP\src\人物\000017.txt
2017-05-23 10:37:03,262 : INFO : 分词已保存至文件 D:\Python27_NLP\src\人物\000017.txt
2017-05-23 10:37:03,262 : INFO : D:\Python27_NLP\src\人物\000018.txt
2017-05-23 10:37:03,266 : INFO : 分词已保存至文件 D:\Python27_NLP\src\人物\000018.txt
2017-05-23 10:37:03,266 : INFO : D:\Python27_NLP\src\人物\000019.txt
2017-05-23 10:37:03,272 : INFO : 分词已保存至文件 D:\Python27_NLP\src\人物\000019.txt
2017-05-23 10:37:03,272 : INFO : D:\Python27_NLP\src\人物\000020.txt
2017-05-23 10:37:03,276 : INFO : 分词已保存至文件 D:\Python27_NLP\src\人物\000020.txt
2017-05-23 10:37:03,276 : INFO : D:\Python27_NLP\src\人物\000021.txt
2017-05-23 10:37:03,282 : INFO : 分词已保存至文件 D:\Python27_NLP\src\人物\000021.txt
2017-05-23 10:37:03,282 : INFO : D:\Python27_NLP\src\人物\000022.txt
2017-05-23 10:37:03,289 : INFO : 分词已保存至文件 D:\Python27_NLP\src\人物\000022.txt
2017-05-23 10:37:03,289 : INFO : D:\Python27_NLP\src\人物\000023.txt
2017-05-23 10:37:03,292 : INFO : 分词已保存至文件 D:\Python27_NLP\src\人物\000023.txt
2017-05-23 10:37:03,292 : INFO : D:\Python27_NLP\src\人物\000024.txt
2017-05-23 10:37:03,298 : INFO : 分词已保存至文件 D:\Python27_NLP\src\人物\000024.txt
2017-05-23 10:37:03,298 : INFO : D:\Python27_NLP\src\人物\000025.txt
2017-05-23 10:37:03,302 : INFO : 分词已保存至文件 D:\Python27_NLP\src\人物\000025.txt
2017-05-23 10:37:03,302 : INFO : D:\Python27_NLP\src\人物\000026.txt
2017-05-23 10:37:03,315 : INFO : 分词已保存至文件 D:\Python27_NLP\src\人物\000026.txt
2017-05-23 10:37:03,315 : INFO : D:\Python27_NLP\src\人物\000027.txt
2017-05-23 10:37:03,319 : INFO : 分词已保存至文件 D:\Python27_NLP\src\人物\000027.txt
2017-05-23 10:37:03,319 : INFO : D:\Python27_NLP\src\人物\000028.txt
2017-05-23 10:37:03,325 : INFO : 分词已保存至文件 D:\Python27_NLP\src\人物\000028.txt
2017-05-23 10:37:03,325 : INFO : D:\Python27_NLP\src\人物\000029.txt
2017-05-23 10:37:03,329 : INFO : 分词已保存至文件 D:\Python27_NLP\src\人物\000029.txt
2017-05-23 10:37:03,329 : INFO : D:\Python27_NLP\src\人物\000030.txt
2017-05-23 10:37:03,339 : INFO : 分词已保存至文件 D:\Python27_NLP\src\人物\000030.txt
2017-05-23 10:37:03,339 : INFO : D:\Python27_NLP\src\人物\000031.txt
2017-05-23 10:37:03,345 : INFO : 分词已保存至文件 D:\Python27_NLP\src\人物\000031.txt
2017-05-23 10:37:03,345 : INFO : D:\Python27_NLP\src\人物\000032.txt
2017-05-23 10:37:03,348 : INFO : 分词已保存至文件 D:\Python27_NLP\src\人物\000032.txt
2017-05-23 10:37:03,349 : INFO : D:\Python27_NLP\src\人物\000033.txt
2017-05-23 10:37:03,354 : INFO : 分词已保存至文件 D:\Python27_NLP\src\人物\000033.txt
2017-05-23 10:37:03,354 : INFO : D:\Python27_NLP\src\人物\000034.txt
2017-05-23 10:37:03,361 : INFO : 分词已保存至文件 D:\Python27_NLP\src\人物\000034.txt
2017-05-23 10:37:03,361 : INFO : D:\Python27_NLP\src\人物\000035.txt
2017-05-23 10:37:03,367 : INFO : 分词已保存至文件 D:\Python27_NLP\src\人物\000035.txt
2017-05-23 10:37:03,367 : INFO : D:\Python27_NLP\src\人物\000036.txt
2017-05-23 10:37:03,371 : INFO : 分词已保存至文件 D:\Python27_NLP\src\人物\000036.txt
2017-05-23 10:37:03,371 : INFO : D:\Python27_NLP\src\人物\000037.txt
2017-05-23 10:37:03,375 : INFO : 分词已保存至文件 D:\Python27_NLP\src\人物\000037.txt
2017-05-23 10:37:03,375 : INFO : D:\Python27_NLP\src\人物\000038.txt
2017-05-23 10:37:03,392 : INFO : 分词已保存至文件 D:\Python27_NLP\src\人物\000038.txt
2017-05-23 10:37:03,392 : INFO : D:\Python27_NLP\src\人物\000039.txt
2017-05-23 10:37:03,398 : INFO : 分词已保存至文件 D:\Python27_NLP\src\人物\000039.txt
2017-05-23 10:37:03,398 : INFO : D:\Python27_NLP\src\人物\000040.txt
2017-05-23 10:37:03,403 : INFO : 分词已保存至文件 D:\Python27_NLP\src\人物\000040.txt
2017-05-23 10:37:03,403 : INFO : D:\Python27_NLP\src\人物\000041.txt
2017-05-23 10:37:03,407 : INFO : 分词已保存至文件 D:\Python27_NLP\src\人物\000041.txt
2017-05-23 10:37:03,407 : INFO : D:\Python27_NLP\src\人物\000042.txt
2017-05-23 10:37:03,417 : INFO : 分词已保存至文件 D:\Python27_NLP\src\人物\000042.txt
2017-05-23 10:37:03,417 : INFO : D:\Python27_NLP\src\人物\000043.txt
2017-05-23 10:37:03,434 : INFO : 分词已保存至文件 D:\Python27_NLP\src\人物\000043.txt
2017-05-23 10:37:03,434 : INFO : D:\Python27_NLP\src\人物\000044.txt
2017-05-23 10:37:03,440 : INFO : 分词已保存至文件 D:\Python27_NLP\src\人物\000044.txt
2017-05-23 10:37:03,440 : INFO : D:\Python27_NLP\src\人物\000045.txt
2017-05-23 10:37:03,446 : INFO : 分词已保存至文件 D:\Python27_NLP\src\人物\000045.txt
2017-05-23 10:37:03,446 : INFO : D:\Python27_NLP\src\人物\000046.txt
2017-05-23 10:37:03,450 : INFO : 分词已保存至文件 D:\Python27_NLP\src\人物\000046.txt
2017-05-23 10:37:03,450 : INFO : D:\Python27_NLP\src\人物\000047.txt
2017-05-23 10:37:03,456 : INFO : 分词已保存至文件 D:\Python27_NLP\src\人物\000047.txt
2017-05-23 10:37:03,456 : INFO : D:\Python27_NLP\src\人物\000048.txt
2017-05-23 10:37:03,460 : INFO : 分词已保存至文件 D:\Python27_NLP\src\人物\000048.txt
2017-05-23 10:37:03,460 : INFO : D:\Python27_NLP\src\人物\000049.txt
2017-05-23 10:37:03,480 : INFO : 分词已保存至文件 D:\Python27_NLP\src\人物\000049.txt
2017-05-23 10:37:03,480 : INFO : D:\Python27_NLP\src\人物\000050.txt
2017-05-23 10:37:03,490 : INFO : 分词已保存至文件 D:\Python27_NLP\src\人物\000050.txt
2017-05-23 10:37:03,490 : INFO : D:\Python27_NLP\src\人物\000051.txt
2017-05-23 10:37:03,493 : INFO : 分词已保存至文件 D:\Python27_NLP\src\人物\000051.txt
2017-05-23 10:37:03,493 : INFO : D:\Python27_NLP\src\人物\000052.txt
2017-05-23 10:37:03,499 : INFO : 分词已保存至文件 D:\Python27_NLP\src\人物\000052.txt
2017-05-23 10:37:03,500 : INFO : D:\Python27_NLP\src\人物\000053.txt
2017-05-23 10:37:03,503 : INFO : 分词已保存至文件 D:\Python27_NLP\src\人物\000053.txt
2017-05-23 10:37:03,503 : INFO : D:\Python27_NLP\src\人物\000054.txt
2017-05-23 10:37:03,548 : INFO : 分词已保存至文件 D:\Python27_NLP\src\人物\000054.txt
2017-05-23 10:37:03,548 : INFO : D:\Python27_NLP\src\人物\000055.txt
2017-05-23 10:37:03,552 : INFO : 分词已保存至文件 D:\Python27_NLP\src\人物\000055.txt
2017-05-23 10:37:03,552 : INFO : D:\Python27_NLP\src\人物\000056.txt
2017-05-23 10:37:03,558 : INFO : 分词已保存至文件 D:\Python27_NLP\src\人物\000056.txt
2017-05-23 10:37:03,559 : INFO : D:\Python27_NLP\src\人物\000057.txt
2017-05-23 10:37:03,588 : INFO : 分词已保存至文件 D:\Python27_NLP\src\人物\000057.txt
2017-05-23 10:37:03,588 : INFO : D:\Python27_NLP\src\人物\000058.txt
2017-05-23 10:37:03,604 : INFO : 分词已保存至文件 D:\Python27_NLP\src\人物\000058.txt
2017-05-23 10:37:03,604 : INFO : D:\Python27_NLP\src\人物\000059.txt
2017-05-23 10:37:03,608 : INFO : 分词已保存至文件 D:\Python27_NLP\src\人物\000059.txt
2017-05-23 10:37:03,608 : INFO : D:\Python27_NLP\src\人物\000060.txt
2017-05-23 10:37:03,612 : INFO : 分词已保存至文件 D:\Python27_NLP\src\人物\000060.txt
2017-05-23 10:37:03,612 : INFO : D:\Python27_NLP\src\人物\000061.txt
2017-05-23 10:37:03,618 : INFO : 分词已保存至文件 D:\Python27_NLP\src\人物\000061.txt
2017-05-23 10:37:03,618 : INFO : D:\Python27_NLP\src\人物\000062.txt
2017-05-23 10:37:03,625 : INFO : 分词已保存至文件 D:\Python27_NLP\src\人物\000062.txt
2017-05-23 10:37:03,625 : INFO : D:\Python27_NLP\src\人物\000063.txt
2017-05-23 10:37:03,631 : INFO : 分词已保存至文件 D:\Python27_NLP\src\人物\000063.txt
2017-05-23 10:37:03,631 : INFO : D:\Python27_NLP\src\人物\000064.txt
2017-05-23 10:37:03,634 : INFO : 分词已保存至文件 D:\Python27_NLP\src\人物\000064.txt
2017-05-23 10:37:03,634 : INFO : D:\Python27_NLP\src\人物\000065.txt
2017-05-23 10:37:03,640 : INFO : 分词已保存至文件 D:\Python27_NLP\src\人物\000065.txt
2017-05-23 10:37:03,640 : INFO : D:\Python27_NLP\src\人物\000066.txt
2017-05-23 10:37:03,644 : INFO : 分词已保存至文件 D:\Python27_NLP\src\人物\000066.txt
2017-05-23 10:37:03,644 : INFO : D:\Python27_NLP\src\人物\000067.txt
2017-05-23 10:37:03,650 : INFO : 分词已保存至文件 D:\Python27_NLP\src\人物\000067.txt
2017-05-23 10:37:03,650 : INFO : D:\Python27_NLP\src\人物\000068.txt
2017-05-23 10:37:03,654 : INFO : 分词已保存至文件 D:\Python27_NLP\src\人物\000068.txt
2017-05-23 10:37:03,654 : INFO : D:\Python27_NLP\src\人物\000069.txt
2017-05-23 10:37:03,657 : INFO : 分词已保存至文件 D:\Python27_NLP\src\人物\000069.txt
2017-05-23 10:37:03,658 : INFO : D:\Python27_NLP\src\人物\000070.txt
2017-05-23 10:37:03,667 : INFO : 分词已保存至文件 D:\Python27_NLP\src\人物\000070.txt
2017-05-23 10:37:03,667 : INFO : D:\Python27_NLP\src\人物\000071.txt
2017-05-23 10:37:03,671 : INFO : 分词已保存至文件 D:\Python27_NLP\src\人物\000071.txt
2017-05-23 10:37:03,671 : INFO : D:\Python27_NLP\src\人物\000072.txt
2017-05-23 10:37:03,676 : INFO : 分词已保存至文件 D:\Python27_NLP\src\人物\000072.txt
2017-05-23 10:37:03,676 : INFO : D:\Python27_NLP\src\人物\000073.txt
2017-05-23 10:37:03,680 : INFO : 分词已保存至文件 D:\Python27_NLP\src\人物\000073.txt
2017-05-23 10:37:03,680 : INFO : D:\Python27_NLP\src\人物\000074.txt
2017-05-23 10:37:03,700 : INFO : 分词已保存至文件 D:\Python27_NLP\src\人物\000074.txt
2017-05-23 10:37:03,700 : INFO : D:\Python27_NLP\src\人物\000075.txt
2017-05-23 10:37:03,706 : INFO : 分词已保存至文件 D:\Python27_NLP\src\人物\000075.txt
2017-05-23 10:37:03,706 : INFO : D:\Python27_NLP\src\人物\000076.txt
2017-05-23 10:37:03,710 : INFO : 分词已保存至文件 D:\Python27_NLP\src\人物\000076.txt
2017-05-23 10:37:03,710 : INFO : D:\Python27_NLP\src\人物\000077.txt
2017-05-23 10:37:03,714 : INFO : 分词已保存至文件 D:\Python27_NLP\src\人物\000077.txt
2017-05-23 10:37:03,714 : INFO : D:\Python27_NLP\src\人物\000078.txt
2017-05-23 10:37:03,720 : INFO : 分词已保存至文件 D:\Python27_NLP\src\人物\000078.txt
2017-05-23 10:37:03,720 : INFO : D:\Python27_NLP\src\人物\000079.txt
2017-05-23 10:37:03,726 : INFO : 分词已保存至文件 D:\Python27_NLP\src\人物\000079.txt
2017-05-23 10:37:03,726 : INFO : D:\Python27_NLP\src\人物\000080.txt
2017-05-23 10:37:03,730 : INFO : 分词已保存至文件 D:\Python27_NLP\src\人物\000080.txt
2017-05-23 10:37:03,732 : INFO : D:\Python27_NLP\src\人物\000081.txt
2017-05-23 10:37:03,736 : INFO : 分词已保存至文件 D:\Python27_NLP\src\人物\000081.txt
2017-05-23 10:37:03,736 : INFO : D:\Python27_NLP\src\人物\000082.txt
2017-05-23 10:37:03,756 : INFO : 分词已保存至文件 D:\Python27_NLP\src\人物\000082.txt
2017-05-23 10:37:03,756 : INFO : D:\Python27_NLP\src\人物\000083.txt
2017-05-23 10:37:03,760 : INFO : 分词已保存至文件 D:\Python27_NLP\src\人物\000083.txt
2017-05-23 10:37:03,760 : INFO : D:\Python27_NLP\src\人物\000084.txt
2017-05-23 10:37:03,765 : INFO : 分词已保存至文件 D:\Python27_NLP\src\人物\000084.txt
2017-05-23 10:37:03,765 : INFO : D:\Python27_NLP\src\人物\000085.txt
2017-05-23 10:37:03,769 : INFO : 分词已保存至文件 D:\Python27_NLP\src\人物\000085.txt
2017-05-23 10:37:03,769 : INFO : D:\Python27_NLP\src\人物\000086.txt
2017-05-23 10:37:03,778 : INFO : 分词已保存至文件 D:\Python27_NLP\src\人物\000086.txt
2017-05-23 10:37:03,779 : INFO : D:\Python27_NLP\src\人物\000087.txt
2017-05-23 10:37:03,782 : INFO : 分词已保存至文件 D:\Python27_NLP\src\人物\000087.txt
2017-05-23 10:37:03,782 : INFO : D:\Python27_NLP\src\人物\000088.txt
2017-05-23 10:37:03,788 : INFO : 分词已保存至文件 D:\Python27_NLP\src\人物\000088.txt
2017-05-23 10:37:03,788 : INFO : D:\Python27_NLP\src\人物\000089.txt
2017-05-23 10:37:03,792 : INFO : 分词已保存至文件 D:\Python27_NLP\src\人物\000089.txt
2017-05-23 10:37:03,792 : INFO : D:\Python27_NLP\src\人物\000090.txt
2017-05-23 10:37:03,802 : INFO : 分词已保存至文件 D:\Python27_NLP\src\人物\000090.txt
2017-05-23 10:37:03,802 : INFO : D:\Python27_NLP\src\人物\000091.txt
2017-05-23 10:37:03,808 : INFO : 分词已保存至文件 D:\Python27_NLP\src\人物\000091.txt
2017-05-23 10:37:03,808 : INFO : D:\Python27_NLP\src\人物\000092.txt
2017-05-23 10:37:03,813 : INFO : 分词已保存至文件 D:\Python27_NLP\src\人物\000092.txt
2017-05-23 10:37:03,813 : INFO : D:\Python27_NLP\src\人物\000093.txt
2017-05-23 10:37:03,819 : INFO : 分词已保存至文件 D:\Python27_NLP\src\人物\000093.txt
2017-05-23 10:37:03,819 : INFO : D:\Python27_NLP\src\人物\000094.txt
2017-05-23 10:37:03,828 : INFO : 分词已保存至文件 D:\Python27_NLP\src\人物\000094.txt
2017-05-23 10:37:03,828 : INFO : D:\Python27_NLP\src\人物\000095.txt
2017-05-23 10:37:03,835 : INFO : 分词已保存至文件 D:\Python27_NLP\src\人物\000095.txt
2017-05-23 10:37:03,835 : INFO : D:\Python27_NLP\src\人物\000096.txt
2017-05-23 10:37:03,839 : INFO : 分词已保存至文件 D:\Python27_NLP\src\人物\000096.txt
2017-05-23 10:37:03,839 : INFO : D:\Python27_NLP\src\人物\000097.txt
2017-05-23 10:37:03,845 : INFO : 分词已保存至文件 D:\Python27_NLP\src\人物\000097.txt
2017-05-23 10:37:03,845 : INFO : D:\Python27_NLP\src\人物\000099.txt
2017-05-23 10:37:03,875 : INFO : 分词已保存至文件 D:\Python27_NLP\src\人物\000099.txt
2017-05-23 10:37:03,875 : INFO : D:\Python27_NLP\src\人物\000100.txt
2017-05-23 10:37:03,880 : INFO : 分词已保存至文件 D:\Python27_NLP\src\人物\000100.txt
2017-05-23 10:37:03,880 : INFO : D:\Python27_NLP\src\人物\000101.txt
2017-05-23 10:37:03,884 : INFO : 分词已保存至文件 D:\Python27_NLP\src\人物\000101.txt
2017-05-23 10:37:03,884 : INFO : D:\Python27_NLP\src\人物\000102.txt
2017-05-23 10:37:03,890 : INFO : 分词已保存至文件 D:\Python27_NLP\src\人物\000102.txt
2017-05-23 10:37:03,891 : INFO : D:\Python27_NLP\src\人物\000103.txt
2017-05-23 10:37:03,903 : INFO : 分词已保存至文件 D:\Python27_NLP\src\人物\000103.txt
2017-05-23 10:37:03,903 : INFO : D:\Python27_NLP\src\人物\000104.txt
2017-05-23 10:37:03,907 : INFO : 分词已保存至文件 D:\Python27_NLP\src\人物\000104.txt
2017-05-23 10:37:03,907 : INFO : D:\Python27_NLP\src\人物\000105.txt
2017-05-23 10:37:03,913 : INFO : 分词已保存至文件 D:\Python27_NLP\src\人物\000105.txt
2017-05-23 10:37:03,914 : INFO : D:\Python27_NLP\src\人物\000106.txt
2017-05-23 10:37:03,918 : INFO : 分词已保存至文件 D:\Python27_NLP\src\人物\000106.txt
2017-05-23 10:37:03,918 : INFO : D:\Python27_NLP\src\人物\000107.txt
2017-05-23 10:37:03,924 : INFO : 分词已保存至文件 D:\Python27_NLP\src\人物\000107.txt
2017-05-23 10:37:03,924 : INFO : D:\Python27_NLP\src\人物\000108.txt
2017-05-23 10:37:03,928 : INFO : 分词已保存至文件 D:\Python27_NLP\src\人物\000108.txt
2017-05-23 10:37:03,928 : INFO : D:\Python27_NLP\src\人物\000109.txt
2017-05-23 10:37:03,934 : INFO : 分词已保存至文件 D:\Python27_NLP\src\人物\000109.txt
2017-05-23 10:37:03,934 : INFO : D:\Python27_NLP\src\人物\000110.txt
2017-05-23 10:37:03,938 : INFO : 分词已保存至文件 D:\Python27_NLP\src\人物\000110.txt
2017-05-23 10:37:03,940 : INFO : D:\Python27_NLP\src\人物\000111.txt
2017-05-23 10:37:03,944 : INFO : 分词已保存至文件 D:\Python27_NLP\src\人物\000111.txt
2017-05-23 10:37:03,944 : INFO : D:\Python27_NLP\src\人物\000112.txt
2017-05-23 10:37:03,950 : INFO : 分词已保存至文件 D:\Python27_NLP\src\人物\000112.txt
2017-05-23 10:37:03,950 : INFO : D:\Python27_NLP\src\人物\000113.txt
2017-05-23 10:37:03,956 : INFO : 分词已保存至文件 D:\Python27_NLP\src\人物\000113.txt
2017-05-23 10:37:03,956 : INFO : D:\Python27_NLP\src\人物\000114.txt
2017-05-23 10:37:03,960 : INFO : 分词已保存至文件 D:\Python27_NLP\src\人物\000114.txt
2017-05-23 10:37:03,960 : INFO : D:\Python27_NLP\src\人物\000115.txt
2017-05-23 10:37:03,967 : INFO : 分词已保存至文件 D:\Python27_NLP\src\人物\000115.txt
2017-05-23 10:37:03,967 : INFO : D:\Python27_NLP\src\人物\000116.txt
2017-05-23 10:37:03,971 : INFO : 分词已保存至文件 D:\Python27_NLP\src\人物\000116.txt
2017-05-23 10:37:03,973 : INFO : D:\Python27_NLP\src\人物\000117.txt
2017-05-23 10:37:03,976 : INFO : 分词已保存至文件 D:\Python27_NLP\src\人物\000117.txt
2017-05-23 10:37:03,976 : INFO : D:\Python27_NLP\src\人物\000118.txt
2017-05-23 10:37:03,982 : INFO : 分词已保存至文件 D:\Python27_NLP\src\人物\000118.txt
2017-05-23 10:37:03,982 : INFO : D:\Python27_NLP\src\人物\000119.txt
2017-05-23 10:37:03,993 : INFO : 分词已保存至文件 D:\Python27_NLP\src\人物\000119.txt
2017-05-23 10:37:03,993 : INFO : D:\Python27_NLP\src\人物\000120.txt
2017-05-23 10:37:03,997 : INFO : 分词已保存至文件 D:\Python27_NLP\src\人物\000120.txt
2017-05-23 10:37:03,997 : INFO : D:\Python27_NLP\src\人物\000121.txt
2017-05-23 10:37:04,003 : INFO : 分词已保存至文件 D:\Python27_NLP\src\人物\000121.txt
2017-05-23 10:37:04,003 : INFO : D:\Python27_NLP\src\人物\000122.txt
2017-05-23 10:37:04,006 : INFO : 分词已保存至文件 D:\Python27_NLP\src\人物\000122.txt
2017-05-23 10:37:04,006 : INFO : D:\Python27_NLP\src\人物\000123.txt
2017-05-23 10:37:04,013 : INFO : 分词已保存至文件 D:\Python27_NLP\src\人物\000123.txt
2017-05-23 10:37:04,013 : INFO : D:\Python27_NLP\src\人物\000124.txt
2017-05-23 10:37:04,017 : INFO : 分词已保存至文件 D:\Python27_NLP\src\人物\000124.txt
2017-05-23 10:37:04,019 : INFO : D:\Python27_NLP\src\人物\000125.txt
2017-05-23 10:37:04,023 : INFO : 分词已保存至文件 D:\Python27_NLP\src\人物\000125.txt
2017-05-23 10:37:04,023 : INFO : D:\Python27_NLP\src\人物\000126.txt
2017-05-23 10:37:04,028 : INFO : 分词已保存至文件 D:\Python27_NLP\src\人物\000126.txt
2017-05-23 10:37:04,029 : INFO : D:\Python27_NLP\src\人物\000127.txt
2017-05-23 10:37:04,035 : INFO : 分词已保存至文件 D:\Python27_NLP\src\人物\000127.txt
2017-05-23 10:37:04,035 : INFO : D:\Python27_NLP\src\人物\000128.txt
2017-05-23 10:37:04,039 : INFO : 分词已保存至文件 D:\Python27_NLP\src\人物\000128.txt
2017-05-23 10:37:04,039 : INFO : D:\Python27_NLP\src\人物\000129.txt
2017-05-23 10:37:04,045 : INFO : 分词已保存至文件 D:\Python27_NLP\src\人物\000129.txt
2017-05-23 10:37:04,045 : INFO : D:\Python27_NLP\src\人物\000130.txt
2017-05-23 10:37:04,049 : INFO : 分词已保存至文件 D:\Python27_NLP\src\人物\000130.txt
2017-05-23 10:37:04,049 : INFO : D:\Python27_NLP\src\人物\000131.txt
2017-05-23 10:37:04,055 : INFO : 分词已保存至文件 D:\Python27_NLP\src\人物\000131.txt
2017-05-23 10:37:04,056 : INFO : D:\Python27_NLP\src\人物\000132.txt
2017-05-23 10:37:04,061 : INFO : 分词已保存至文件 D:\Python27_NLP\src\人物\000132.txt
2017-05-23 10:37:04,061 : INFO : D:\Python27_NLP\src\人物\000133.txt
2017-05-23 10:37:04,084 : INFO : 分词已保存至文件 D:\Python27_NLP\src\人物\000133.txt
2017-05-23 10:37:04,084 : INFO : D:\Python27_NLP\src\人物\000134.txt
2017-05-23 10:37:04,088 : INFO : 分词已保存至文件 D:\Python27_NLP\src\人物\000134.txt
2017-05-23 10:37:04,088 : INFO : D:\Python27_NLP\src\人物\000135.txt
2017-05-23 10:37:04,098 : INFO : 分词已保存至文件 D:\Python27_NLP\src\人物\000135.txt
2017-05-23 10:37:04,098 : INFO : D:\Python27_NLP\src\人物\000136.txt
2017-05-23 10:37:04,102 : INFO : 分词已保存至文件 D:\Python27_NLP\src\人物\000136.txt
2017-05-23 10:37:04,102 : INFO : D:\Python27_NLP\src\人物\000137.txt
2017-05-23 10:37:04,107 : INFO : 分词已保存至文件 D:\Python27_NLP\src\人物\000137.txt
2017-05-23 10:37:04,108 : INFO : D:\Python27_NLP\src\人物\000138.txt
2017-05-23 10:37:04,111 : INFO : 分词已保存至文件 D:\Python27_NLP\src\人物\000138.txt
2017-05-23 10:37:04,112 : INFO : D:\Python27_NLP\src\人物\000139.txt
2017-05-23 10:37:04,121 : INFO : 分词已保存至文件 D:\Python27_NLP\src\人物\000139.txt
2017-05-23 10:37:04,121 : INFO : D:\Python27_NLP\src\人物\000140.txt
2017-05-23 10:37:04,125 : INFO : 分词已保存至文件 D:\Python27_NLP\src\人物\000140.txt
2017-05-23 10:37:04,125 : INFO : D:\Python27_NLP\src\人物\000141.txt
2017-05-23 10:37:04,131 : INFO : 分词已保存至文件 D:\Python27_NLP\src\人物\000141.txt
2017-05-23 10:37:04,131 : INFO : D:\Python27_NLP\src\人物\000142.txt
2017-05-23 10:37:04,135 : INFO : 分词已保存至文件 D:\Python27_NLP\src\人物\000142.txt
2017-05-23 10:37:04,135 : INFO : D:\Python27_NLP\src\人物\000143.txt
2017-05-23 10:37:04,145 : INFO : 分词已保存至文件 D:\Python27_NLP\src\人物\000143.txt
2017-05-23 10:37:04,145 : INFO : D:\Python27_NLP\src\人物\000144.txt
2017-05-23 10:37:04,151 : INFO : 分词已保存至文件 D:\Python27_NLP\src\人物\000144.txt
2017-05-23 10:37:04,151 : INFO : D:\Python27_NLP\src\人物\000145.txt
2017-05-23 10:37:04,157 : INFO : 分词已保存至文件 D:\Python27_NLP\src\人物\000145.txt
2017-05-23 10:37:04,157 : INFO : D:\Python27_NLP\src\人物\000146.txt
2017-05-23 10:37:04,161 : INFO : 分词已保存至文件 D:\Python27_NLP\src\人物\000146.txt
2017-05-23 10:37:04,161 : INFO : D:\Python27_NLP\src\人物\000147.txt
2017-05-23 10:37:04,210 : INFO : 分词已保存至文件 D:\Python27_NLP\src\人物\000147.txt
2017-05-23 10:37:04,210 : INFO : D:\Python27_NLP\src\人物\000148.txt
2017-05-23 10:37:04,214 : INFO : 分词已保存至文件 D:\Python27_NLP\src\人物\000148.txt
2017-05-23 10:37:04,214 : INFO : D:\Python27_NLP\src\人物\000149.txt
2017-05-23 10:37:04,219 : INFO : 分词已保存至文件 D:\Python27_NLP\src\人物\000149.txt
2017-05-23 10:37:04,220 : INFO : D:\Python27_NLP\src\人物\000150.txt
2017-05-23 10:37:04,223 : INFO : 分词已保存至文件 D:\Python27_NLP\src\人物\000150.txt
2017-05-23 10:37:04,223 : INFO : D:\Python27_NLP\src\人物\000151.txt
2017-05-23 10:37:04,239 : INFO : 分词已保存至文件 D:\Python27_NLP\src\人物\000151.txt
2017-05-23 10:37:04,239 : INFO : D:\Python27_NLP\src\人物\000152.txt
2017-05-23 10:37:04,243 : INFO : 分词已保存至文件 D:\Python27_NLP\src\人物\000152.txt
2017-05-23 10:37:04,243 : INFO : D:\Python27_NLP\src\人物\000153.txt
2017-05-23 10:37:04,249 : INFO : 分词已保存至文件 D:\Python27_NLP\src\人物\000153.txt
2017-05-23 10:37:04,249 : INFO : D:\Python27_NLP\src\人物\000154.txt
2017-05-23 10:37:04,253 : INFO : 分词已保存至文件 D:\Python27_NLP\src\人物\000154.txt
2017-05-23 10:37:04,253 : INFO : D:\Python27_NLP\src\人物\000155.txt
2017-05-23 10:37:04,263 : INFO : 分词已保存至文件 D:\Python27_NLP\src\人物\000155.txt
2017-05-23 10:37:04,263 : INFO : D:\Python27_NLP\src\人物\000156.txt
2017-05-23 10:37:04,267 : INFO : 分词已保存至文件 D:\Python27_NLP\src\人物\000156.txt
2017-05-23 10:37:04,267 : INFO : D:\Python27_NLP\src\人物\000157.txt
2017-05-23 10:37:04,273 : INFO : 分词已保存至文件 D:\Python27_NLP\src\人物\000157.txt
2017-05-23 10:37:04,273 : INFO : D:\Python27_NLP\src\人物\000158.txt
2017-05-23 10:37:04,278 : INFO : 分词已保存至文件 D:\Python27_NLP\src\人物\000158.txt
2017-05-23 10:37:04,278 : INFO : D:\Python27_NLP\src\人物\000159.txt
2017-05-23 10:37:04,377 : INFO : 分词已保存至文件 D:\Python27_NLP\src\人物\000159.txt
2017-05-23 10:37:04,378 : INFO : D:\Python27_NLP\src\人物\000160.txt
2017-05-23 10:37:04,381 : INFO : 分词已保存至文件 D:\Python27_NLP\src\人物\000160.txt
2017-05-23 10:37:04,382 : INFO : D:\Python27_NLP\src\人物\000161.txt
2017-05-23 10:37:04,387 : INFO : 分词已保存至文件 D:\Python27_NLP\src\人物\000161.txt
2017-05-23 10:37:04,387 : INFO : D:\Python27_NLP\src\人物\000162.txt
2017-05-23 10:37:04,391 : INFO : 分词已保存至文件 D:\Python27_NLP\src\人物\000162.txt
2017-05-23 10:37:04,391 : INFO : D:\Python27_NLP\src\人物\000163.txt
2017-05-23 10:37:04,398 : INFO : 分词已保存至文件 D:\Python27_NLP\src\人物\000163.txt
2017-05-23 10:37:04,398 : INFO : D:\Python27_NLP\src\人物\000164.txt
2017-05-23 10:37:04,404 : INFO : 分词已保存至文件 D:\Python27_NLP\src\人物\000164.txt
2017-05-23 10:37:04,404 : INFO : D:\Python27_NLP\src\人物\000165.txt
2017-05-23 10:37:04,408 : INFO : 分词已保存至文件 D:\Python27_NLP\src\人物\000165.txt
2017-05-23 10:37:04,408 : INFO : D:\Python27_NLP\src\人物\000166.txt
2017-05-23 10:37:04,414 : INFO : 分词已保存至文件 D:\Python27_NLP\src\人物\000166.txt
2017-05-23 10:37:04,414 : INFO : D:\Python27_NLP\src\人物\000167.txt
2017-05-23 10:37:04,424 : INFO : 分词已保存至文件 D:\Python27_NLP\src\人物\000167.txt
2017-05-23 10:37:04,424 : INFO : D:\Python27_NLP\src\人物\000168.txt
2017-05-23 10:37:04,430 : INFO : 分词已保存至文件 D:\Python27_NLP\src\人物\000168.txt
2017-05-23 10:37:04,430 : INFO : D:\Python27_NLP\src\人物\000169.txt
2017-05-23 10:37:04,434 : INFO : 分词已保存至文件 D:\Python27_NLP\src\人物\000169.txt
2017-05-23 10:37:04,434 : INFO : D:\Python27_NLP\src\人物\000170.txt
2017-05-23 10:37:04,438 : INFO : 分词已保存至文件 D:\Python27_NLP\src\人物\000170.txt
2017-05-23 10:37:04,438 : INFO : D:\Python27_NLP\src\人物\000171.txt
2017-05-23 10:37:04,453 : INFO : 分词已保存至文件 D:\Python27_NLP\src\人物\000171.txt
2017-05-23 10:37:04,453 : INFO : D:\Python27_NLP\src\人物\000172.txt
2017-05-23 10:37:04,459 : INFO : 分词已保存至文件 D:\Python27_NLP\src\人物\000172.txt
2017-05-23 10:37:04,459 : INFO : D:\Python27_NLP\src\人物\000173.txt
2017-05-23 10:37:04,463 : INFO : 分词已保存至文件 D:\Python27_NLP\src\人物\000173.txt
2017-05-23 10:37:04,463 : INFO : D:\Python27_NLP\src\人物\000174.txt
2017-05-23 10:37:04,470 : INFO : 分词已保存至文件 D:\Python27_NLP\src\人物\000174.txt
2017-05-23 10:37:04,470 : INFO : D:\Python27_NLP\src\人物\000175.txt
2017-05-23 10:37:04,476 : INFO : 分词已保存至文件 D:\Python27_NLP\src\人物\000175.txt
2017-05-23 10:37:04,476 : INFO : D:\Python27_NLP\src\人物\000176.txt
2017-05-23 10:37:04,482 : INFO : 分词已保存至文件 D:\Python27_NLP\src\人物\000176.txt
2017-05-23 10:37:04,482 : INFO : D:\Python27_NLP\src\人物\000177.txt
2017-05-23 10:37:04,486 : INFO : 分词已保存至文件 D:\Python27_NLP\src\人物\000177.txt
2017-05-23 10:37:04,486 : INFO : D:\Python27_NLP\src\人物\000178.txt
2017-05-23 10:37:04,492 : INFO : 分词已保存至文件 D:\Python27_NLP\src\人物\000178.txt
2017-05-23 10:37:04,492 : INFO : D:\Python27_NLP\src\人物\000179.txt
2017-05-23 10:37:04,513 : INFO : 分词已保存至文件 D:\Python27_NLP\src\人物\000179.txt
2017-05-23 10:37:04,513 : INFO : D:\Python27_NLP\src\人物\000180.txt
2017-05-23 10:37:04,519 : INFO : 分词已保存至文件 D:\Python27_NLP\src\人物\000180.txt
2017-05-23 10:37:04,523 : INFO : D:\Python27_NLP\src\人物\000181.txt
2017-05-23 10:37:04,529 : INFO : 分词已保存至文件 D:\Python27_NLP\src\人物\000181.txt
2017-05-23 10:37:04,529 : INFO : D:\Python27_NLP\src\人物\000182.txt
2017-05-23 10:37:04,533 : INFO : 分词已保存至文件 D:\Python27_NLP\src\人物\000182.txt
2017-05-23 10:37:04,533 : INFO : D:\Python27_NLP\src\人物\000183.txt
2017-05-23 10:37:04,543 : INFO : 分词已保存至文件 D:\Python27_NLP\src\人物\000183.txt
2017-05-23 10:37:04,543 : INFO : D:\Python27_NLP\src\人物\000184.txt
2017-05-23 10:37:04,549 : INFO : 分词已保存至文件 D:\Python27_NLP\src\人物\000184.txt
2017-05-23 10:37:04,549 : INFO : D:\Python27_NLP\src\人物\000185.txt
2017-05-23 10:37:04,553 : INFO : 分词已保存至文件 D:\Python27_NLP\src\人物\000185.txt
2017-05-23 10:37:04,553 : INFO : D:\Python27_NLP\src\人物\000186.txt
2017-05-23 10:37:04,559 : INFO : 分词已保存至文件 D:\Python27_NLP\src\人物\000186.txt
2017-05-23 10:37:04,559 : INFO : D:\Python27_NLP\src\人物\000187.txt
2017-05-23 10:37:04,569 : INFO : 分词已保存至文件 D:\Python27_NLP\src\人物\000187.txt
2017-05-23 10:37:04,569 : INFO : D:\Python27_NLP\src\人物\000188.txt
2017-05-23 10:37:04,572 : INFO : 分词已保存至文件 D:\Python27_NLP\src\人物\000188.txt
2017-05-23 10:37:04,572 : INFO : D:\Python27_NLP\src\人物\000189.txt
2017-05-23 10:37:04,578 : INFO : 分词已保存至文件 D:\Python27_NLP\src\人物\000189.txt
2017-05-23 10:37:04,578 : INFO : D:\Python27_NLP\src\人物\000190.txt
2017-05-23 10:37:04,582 : INFO : 分词已保存至文件 D:\Python27_NLP\src\人物\000190.txt
2017-05-23 10:37:04,584 : INFO : D:\Python27_NLP\src\人物\000191.txt
2017-05-23 10:37:04,592 : INFO : 分词已保存至文件 D:\Python27_NLP\src\人物\000191.txt
2017-05-23 10:37:04,592 : INFO : D:\Python27_NLP\src\人物\000192.txt
2017-05-23 10:37:04,596 : INFO : 分词已保存至文件 D:\Python27_NLP\src\人物\000192.txt
2017-05-23 10:37:04,596 : INFO : D:\Python27_NLP\src\人物\000193.txt
2017-05-23 10:37:04,601 : INFO : 分词已保存至文件 D:\Python27_NLP\src\人物\000193.txt
2017-05-23 10:37:04,602 : INFO : D:\Python27_NLP\src\人物\000194.txt
2017-05-23 10:37:04,607 : INFO : 分词已保存至文件 D:\Python27_NLP\src\人物\000194.txt
2017-05-23 10:37:04,607 : INFO : D:\Python27_NLP\src\人物\000195.txt
2017-05-23 10:37:04,622 : INFO : 分词已保存至文件 D:\Python27_NLP\src\人物\000195.txt
2017-05-23 10:37:04,622 : INFO : D:\Python27_NLP\src\人物\000196.txt
2017-05-23 10:37:04,628 : INFO : 分词已保存至文件 D:\Python27_NLP\src\人物\000196.txt
2017-05-23 10:37:04,628 : INFO : D:\Python27_NLP\src\人物\000197.txt
2017-05-23 10:37:04,632 : INFO : 分词已保存至文件 D:\Python27_NLP\src\人物\000197.txt
2017-05-23 10:37:04,634 : INFO : D:\Python27_NLP\src\人物\000198.txt
2017-05-23 10:37:04,638 : INFO : 分词已保存至文件 D:\Python27_NLP\src\人物\000198.txt
2017-05-23 10:37:04,638 : INFO : D:\Python27_NLP\src\人物\000199.txt
2017-05-23 10:37:04,647 : INFO : 分词已保存至文件 D:\Python27_NLP\src\人物\000199.txt
2017-05-23 10:37:04,647 : INFO : D:\Python27_NLP\src\人物\000200.txt
2017-05-23 10:37:04,651 : INFO : 分词已保存至文件 D:\Python27_NLP\src\人物\000200.txt
2017-05-23 10:37:04,651 : INFO : D:\Python27_NLP\src\人物\000201.txt
2017-05-23 10:37:04,654 : INFO : 分词已保存至文件 D:\Python27_NLP\src\人物\000201.txt
2017-05-23 10:37:04,654 : INFO : D:\Python27_NLP\src\人物\000202.txt
2017-05-23 10:37:04,657 : INFO : 分词已保存至文件 D:\Python27_NLP\src\人物\000202.txt
2017-05-23 10:37:04,658 : INFO : D:\Python27_NLP\src\人物\000203.txt
2017-05-23 10:37:04,661 : INFO : 分词已保存至文件 D:\Python27_NLP\src\人物\000203.txt
2017-05-23 10:37:04,663 : INFO : D:\Python27_NLP\src\人物\000204.txt
2017-05-23 10:37:04,665 : INFO : 分词已保存至文件 D:\Python27_NLP\src\人物\000204.txt
2017-05-23 10:37:04,665 : INFO : D:\Python27_NLP\src\人物\000205.txt
2017-05-23 10:37:04,670 : INFO : 分词已保存至文件 D:\Python27_NLP\src\人物\000205.txt
2017-05-23 10:37:04,670 : INFO : D:\Python27_NLP\src\人物\000206.txt
2017-05-23 10:37:04,673 : INFO : 分词已保存至文件 D:\Python27_NLP\src\人物\000206.txt
2017-05-23 10:37:04,674 : INFO : D:\Python27_NLP\src\人物\000207.txt
2017-05-23 10:37:04,681 : INFO : 分词已保存至文件 D:\Python27_NLP\src\人物\000207.txt
2017-05-23 10:37:04,681 : INFO : D:\Python27_NLP\src\人物\000208.txt
2017-05-23 10:37:04,686 : INFO : 分词已保存至文件 D:\Python27_NLP\src\人物\000208.txt
2017-05-23 10:37:04,686 : INFO : D:\Python27_NLP\src\人物\000209.txt
2017-05-23 10:37:04,688 : INFO : 分词已保存至文件 D:\Python27_NLP\src\人物\000209.txt
2017-05-23 10:37:04,690 : INFO : D:\Python27_NLP\src\人物\000210.txt
2017-05-23 10:37:04,710 : INFO : 分词已保存至文件 D:\Python27_NLP\src\人物\000210.txt
2017-05-23 10:37:04,710 : INFO : D:\Python27_NLP\src\人物\000211.txt
2017-05-23 10:37:04,727 : INFO : 分词已保存至文件 D:\Python27_NLP\src\人物\000211.txt
2017-05-23 10:37:04,727 : INFO : D:\Python27_NLP\src\人物\000212.txt
2017-05-23 10:37:04,730 : INFO : 分词已保存至文件 D:\Python27_NLP\src\人物\000212.txt
2017-05-23 10:37:04,732 : INFO : D:\Python27_NLP\src\人物\000213.txt
2017-05-23 10:37:04,734 : INFO : 分词已保存至文件 D:\Python27_NLP\src\人物\000213.txt
2017-05-23 10:37:04,734 : INFO : D:\Python27_NLP\src\人物\000214.txt
2017-05-23 10:37:04,739 : INFO : 分词已保存至文件 D:\Python27_NLP\src\人物\000214.txt
2017-05-23 10:37:04,739 : INFO : D:\Python27_NLP\src\人物\000215.txt
2017-05-23 10:37:04,749 : INFO : 分词已保存至文件 D:\Python27_NLP\src\人物\000215.txt
2017-05-23 10:37:04,749 : INFO : D:\Python27_NLP\src\人物\000216.txt
2017-05-23 10:37:04,752 : INFO : 分词已保存至文件 D:\Python27_NLP\src\人物\000216.txt
2017-05-23 10:37:04,753 : INFO : D:\Python27_NLP\src\人物\000217.txt
2017-05-23 10:37:04,756 : INFO : 分词已保存至文件 D:\Python27_NLP\src\人物\000217.txt
2017-05-23 10:37:04,756 : INFO : D:\Python27_NLP\src\人物\000218.txt
2017-05-23 10:37:04,759 : INFO : 分词已保存至文件 D:\Python27_NLP\src\人物\000218.txt
2017-05-23 10:37:04,759 : INFO : D:\Python27_NLP\src\人物\000219.txt
2017-05-23 10:37:04,765 : INFO : 分词已保存至文件 D:\Python27_NLP\src\人物\000219.txt
2017-05-23 10:37:04,765 : INFO : D:\Python27_NLP\src\人物\000220.txt
2017-05-23 10:37:04,769 : INFO : 分词已保存至文件 D:\Python27_NLP\src\人物\000220.txt
2017-05-23 10:37:04,769 : INFO : D:\Python27_NLP\src\人物\000221.txt
2017-05-23 10:37:04,772 : INFO : 分词已保存至文件 D:\Python27_NLP\src\人物\000221.txt
2017-05-23 10:37:04,772 : INFO : D:\Python27_NLP\src\人物\000222.txt
2017-05-23 10:37:04,776 : INFO : 分词已保存至文件 D:\Python27_NLP\src\人物\000222.txt
2017-05-23 10:37:04,776 : INFO : D:\Python27_NLP\src\人物\000223.txt
2017-05-23 10:37:04,786 : INFO : 分词已保存至文件 D:\Python27_NLP\src\人物\000223.txt
2017-05-23 10:37:04,786 : INFO : D:\Python27_NLP\src\人物\000224.txt
2017-05-23 10:37:04,789 : INFO : 分词已保存至文件 D:\Python27_NLP\src\人物\000224.txt
2017-05-23 10:37:04,790 : INFO : D:\Python27_NLP\src\人物\000225.txt
2017-05-23 10:37:04,793 : INFO : 分词已保存至文件 D:\Python27_NLP\src\人物\000225.txt
2017-05-23 10:37:04,795 : INFO : D:\Python27_NLP\src\人物\000226.txt
2017-05-23 10:37:04,798 : INFO : 分词已保存至文件 D:\Python27_NLP\src\人物\000226.txt
2017-05-23 10:37:04,798 : INFO : D:\Python27_NLP\src\人物\000227.txt
2017-05-23 10:37:04,805 : INFO : 分词已保存至文件 D:\Python27_NLP\src\人物\000227.txt
2017-05-23 10:37:04,805 : INFO : D:\Python27_NLP\src\人物\000228.txt
2017-05-23 10:37:04,809 : INFO : 分词已保存至文件 D:\Python27_NLP\src\人物\000228.txt
2017-05-23 10:37:04,809 : INFO : D:\Python27_NLP\src\人物\000229.txt
2017-05-23 10:37:04,812 : INFO : 分词已保存至文件 D:\Python27_NLP\src\人物\000229.txt
2017-05-23 10:37:04,812 : INFO : D:\Python27_NLP\src\人物\000230.txt
2017-05-23 10:37:04,815 : INFO : 分词已保存至文件 D:\Python27_NLP\src\人物\000230.txt
2017-05-23 10:37:04,815 : INFO : D:\Python27_NLP\src\人物\000231.txt
2017-05-23 10:37:04,831 : INFO : 分词已保存至文件 D:\Python27_NLP\src\人物\000231.txt
2017-05-23 10:37:04,832 : INFO : D:\Python27_NLP\src\人物\000232.txt
2017-05-23 10:37:04,835 : INFO : 分词已保存至文件 D:\Python27_NLP\src\人物\000232.txt
2017-05-23 10:37:04,835 : INFO : D:\Python27_NLP\src\人物\000233.txt
2017-05-23 10:37:04,838 : INFO : 分词已保存至文件 D:\Python27_NLP\src\人物\000233.txt
2017-05-23 10:37:04,838 : INFO : D:\Python27_NLP\src\人物\000234.txt
2017-05-23 10:37:04,842 : INFO : 分词已保存至文件 D:\Python27_NLP\src\人物\000234.txt
2017-05-23 10:37:04,842 : INFO : D:\Python27_NLP\src\人物\000235.txt
2017-05-23 10:37:04,848 : INFO : 分词已保存至文件 D:\Python27_NLP\src\人物\000235.txt
2017-05-23 10:37:04,848 : INFO : D:\Python27_NLP\src\人物\000236.txt
2017-05-23 10:37:04,851 : INFO : 分词已保存至文件 D:\Python27_NLP\src\人物\000236.txt
2017-05-23 10:37:04,851 : INFO : D:\Python27_NLP\src\人物\000237.txt
2017-05-23 10:37:04,855 : INFO : 分词已保存至文件 D:\Python27_NLP\src\人物\000237.txt
2017-05-23 10:37:04,855 : INFO : D:\Python27_NLP\src\人物\000238.txt
2017-05-23 10:37:04,858 : INFO : 分词已保存至文件 D:\Python27_NLP\src\人物\000238.txt
2017-05-23 10:37:04,858 : INFO : D:\Python27_NLP\src\人物\000239.txt
2017-05-23 10:37:04,868 : INFO : 分词已保存至文件 D:\Python27_NLP\src\人物\000239.txt
2017-05-23 10:37:04,868 : INFO : D:\Python27_NLP\src\人物\000240.txt
2017-05-23 10:37:04,872 : INFO : 分词已保存至文件 D:\Python27_NLP\src\人物\000240.txt
2017-05-23 10:37:04,872 : INFO : D:\Python27_NLP\src\人物\000241.txt
2017-05-23 10:37:04,875 : INFO : 分词已保存至文件 D:\Python27_NLP\src\人物\000241.txt
2017-05-23 10:37:04,877 : INFO : D:\Python27_NLP\src\人物\000242.txt
2017-05-23 10:37:04,880 : INFO : 分词已保存至文件 D:\Python27_NLP\src\人物\000242.txt
2017-05-23 10:37:04,880 : INFO : D:\Python27_NLP\src\人物\000243.txt
2017-05-23 10:37:04,898 : INFO : 分词已保存至文件 D:\Python27_NLP\src\人物\000243.txt
2017-05-23 10:37:04,898 : INFO : D:\Python27_NLP\src\人物\000245.txt
2017-05-23 10:37:04,903 : INFO : 分词已保存至文件 D:\Python27_NLP\src\人物\000245.txt
2017-05-23 10:37:04,903 : INFO : D:\Python27_NLP\src\人物\000246.txt
2017-05-23 10:37:04,905 : INFO : 分词已保存至文件 D:\Python27_NLP\src\人物\000246.txt
2017-05-23 10:37:04,907 : INFO : D:\Python27_NLP\src\人物\000247.txt
2017-05-23 10:37:04,910 : INFO : 分词已保存至文件 D:\Python27_NLP\src\人物\000247.txt
2017-05-23 10:37:04,910 : INFO : D:\Python27_NLP\src\人物\000248.txt
2017-05-23 10:37:04,915 : INFO : 分词已保存至文件 D:\Python27_NLP\src\人物\000248.txt
2017-05-23 10:37:04,915 : INFO : D:\Python27_NLP\src\人物\000249.txt
2017-05-23 10:37:04,920 : INFO : 分词已保存至文件 D:\Python27_NLP\src\人物\000249.txt
2017-05-23 10:37:04,920 : INFO : D:\Python27_NLP\src\人物\000250.txt
2017-05-23 10:37:04,923 : INFO : 分词已保存至文件 D:\Python27_NLP\src\人物\000250.txt
2017-05-23 10:37:04,924 : INFO : D:\Python27_NLP\src\人物\000251.txt
2017-05-23 10:37:04,927 : INFO : 分词已保存至文件 D:\Python27_NLP\src\人物\000251.txt
2017-05-23 10:37:04,927 : INFO : D:\Python27_NLP\src\人物\000252.txt
2017-05-23 10:37:04,948 : INFO : 分词已保存至文件 D:\Python27_NLP\src\人物\000252.txt
2017-05-23 10:37:04,950 : INFO : D:\Python27_NLP\src\人物\000253.txt
2017-05-23 10:37:04,953 : INFO : 分词已保存至文件 D:\Python27_NLP\src\人物\000253.txt
2017-05-23 10:37:04,953 : INFO : D:\Python27_NLP\src\人物\000254.txt
2017-05-23 10:37:04,956 : INFO : 分词已保存至文件 D:\Python27_NLP\src\人物\000254.txt
2017-05-23 10:37:04,956 : INFO : D:\Python27_NLP\src\人物\000255.txt
2017-05-23 10:37:04,960 : INFO : 分词已保存至文件 D:\Python27_NLP\src\人物\000255.txt
2017-05-23 10:37:04,960 : INFO : D:\Python27_NLP\src\人物\000256.txt
2017-05-23 10:37:04,976 : INFO : 分词已保存至文件 D:\Python27_NLP\src\人物\000256.txt
2017-05-23 10:37:04,976 : INFO : D:\Python27_NLP\src\人物\000257.txt
2017-05-23 10:37:04,980 : INFO : 分词已保存至文件 D:\Python27_NLP\src\人物\000257.txt
2017-05-23 10:37:04,980 : INFO : D:\Python27_NLP\src\人物\000258.txt
2017-05-23 10:37:04,983 : INFO : 分词已保存至文件 D:\Python27_NLP\src\人物\000258.txt
2017-05-23 10:37:04,983 : INFO : D:\Python27_NLP\src\人物\000259.txt
2017-05-23 10:37:04,986 : INFO : 分词已保存至文件 D:\Python27_NLP\src\人物\000259.txt
2017-05-23 10:37:04,986 : INFO : D:\Python27_NLP\src\人物\000260.txt
2017-05-23 10:37:05,003 : INFO : 分词已保存至文件 D:\Python27_NLP\src\人物\000260.txt
2017-05-23 10:37:05,003 : INFO : D:\Python27_NLP\src\人物\000261.txt
2017-05-23 10:37:05,006 : INFO : 分词已保存至文件 D:\Python27_NLP\src\人物\000261.txt
2017-05-23 10:37:05,006 : INFO : D:\Python27_NLP\src\人物\000262.txt
2017-05-23 10:37:05,009 : INFO : 分词已保存至文件 D:\Python27_NLP\src\人物\000262.txt
2017-05-23 10:37:05,009 : INFO : D:\Python27_NLP\src\人物\000263.txt
2017-05-23 10:37:05,015 : INFO : 分词已保存至文件 D:\Python27_NLP\src\人物\000263.txt
2017-05-23 10:37:05,015 : INFO : D:\Python27_NLP\src\人物\000264.txt
2017-05-23 10:37:05,022 : INFO : 分词已保存至文件 D:\Python27_NLP\src\人物\000264.txt
2017-05-23 10:37:05,022 : INFO : D:\Python27_NLP\src\人物\000265.txt
2017-05-23 10:37:05,025 : INFO : 分词已保存至文件 D:\Python27_NLP\src\人物\000265.txt
2017-05-23 10:37:05,026 : INFO : D:\Python27_NLP\src\人物\000266.txt
2017-05-23 10:37:05,029 : INFO : 分词已保存至文件 D:\Python27_NLP\src\人物\000266.txt
2017-05-23 10:37:05,029 : INFO : D:\Python27_NLP\src\人物\000267.txt
2017-05-23 10:37:05,032 : INFO : 分词已保存至文件 D:\Python27_NLP\src\人物\000267.txt
2017-05-23 10:37:05,032 : INFO : D:\Python27_NLP\src\人物\000268.txt
2017-05-23 10:37:05,052 : INFO : 分词已保存至文件 D:\Python27_NLP\src\人物\000268.txt
2017-05-23 10:37:05,052 : INFO : D:\Python27_NLP\src\人物\000269.txt
2017-05-23 10:37:05,055 : INFO : 分词已保存至文件 D:\Python27_NLP\src\人物\000269.txt
2017-05-23 10:37:05,055 : INFO : D:\Python27_NLP\src\人物\000270.txt
2017-05-23 10:37:05,059 : INFO : 分词已保存至文件 D:\Python27_NLP\src\人物\000270.txt
2017-05-23 10:37:05,059 : INFO : D:\Python27_NLP\src\人物\000271.txt
2017-05-23 10:37:05,062 : INFO : 分词已保存至文件 D:\Python27_NLP\src\人物\000271.txt
2017-05-23 10:37:05,062 : INFO : D:\Python27_NLP\src\人物\000272.txt
2017-05-23 10:37:05,069 : INFO : 分词已保存至文件 D:\Python27_NLP\src\人物\000272.txt
2017-05-23 10:37:05,069 : INFO : D:\Python27_NLP\src\人物\000273.txt
2017-05-23 10:37:05,073 : INFO : 分词已保存至文件 D:\Python27_NLP\src\人物\000273.txt
2017-05-23 10:37:05,073 : INFO : D:\Python27_NLP\src\人物\000274.txt
2017-05-23 10:37:05,076 : INFO : 分词已保存至文件 D:\Python27_NLP\src\人物\000274.txt
2017-05-23 10:37:05,076 : INFO : D:\Python27_NLP\src\人物\000275.txt
2017-05-23 10:37:05,137 : INFO : 分词已保存至文件 D:\Python27_NLP\src\人物\000275.txt
2017-05-23 10:37:05,137 : INFO : D:\Python27_NLP\src\人物\000276.txt
2017-05-23 10:37:05,164 : INFO : 分词已保存至文件 D:\Python27_NLP\src\人物\000276.txt
2017-05-23 10:37:05,164 : INFO : D:\Python27_NLP\src\人物\000277.txt
2017-05-23 10:37:05,173 : INFO : 分词已保存至文件 D:\Python27_NLP\src\人物\000277.txt
2017-05-23 10:37:05,173 : INFO : D:\Python27_NLP\src\人物\000278.txt
2017-05-23 10:37:05,180 : INFO : 分词已保存至文件 D:\Python27_NLP\src\人物\000278.txt
2017-05-23 10:37:05,181 : INFO : D:\Python27_NLP\src\人物\000279.txt
2017-05-23 10:37:05,190 : INFO : 分词已保存至文件 D:\Python27_NLP\src\人物\000279.txt
2017-05-23 10:37:05,190 : INFO : D:\Python27_NLP\src\人物\000280.txt
2017-05-23 10:37:05,198 : INFO : 分词已保存至文件 D:\Python27_NLP\src\人物\000280.txt
2017-05-23 10:37:05,198 : INFO : D:\Python27_NLP\src\人物\000281.txt
2017-05-23 10:37:05,207 : INFO : 分词已保存至文件 D:\Python27_NLP\src\人物\000281.txt
2017-05-23 10:37:05,207 : INFO : D:\Python27_NLP\src\人物\000282.txt
2017-05-23 10:37:05,210 : INFO : 分词已保存至文件 D:\Python27_NLP\src\人物\000282.txt
2017-05-23 10:37:05,210 : INFO : D:\Python27_NLP\src\人物\000283.txt
2017-05-23 10:37:05,213 : INFO : 分词已保存至文件 D:\Python27_NLP\src\人物\000283.txt
2017-05-23 10:37:05,213 : INFO : D:\Python27_NLP\src\人物\000284.txt
2017-05-23 10:37:05,220 : INFO : 分词已保存至文件 D:\Python27_NLP\src\人物\000284.txt
2017-05-23 10:37:05,220 : INFO : D:\Python27_NLP\src\人物\000285.txt
2017-05-23 10:37:05,223 : INFO : 分词已保存至文件 D:\Python27_NLP\src\人物\000285.txt
2017-05-23 10:37:05,223 : INFO : D:\Python27_NLP\src\人物\000286.txt
2017-05-23 10:37:05,227 : INFO : 分词已保存至文件 D:\Python27_NLP\src\人物\000286.txt
2017-05-23 10:37:05,227 : INFO : D:\Python27_NLP\src\人物\000287.txt
2017-05-23 10:37:05,230 : INFO : 分词已保存至文件 D:\Python27_NLP\src\人物\000287.txt
2017-05-23 10:37:05,230 : INFO : D:\Python27_NLP\src\人物\000288.txt
2017-05-23 10:37:05,234 : INFO : 分词已保存至文件 D:\Python27_NLP\src\人物\000288.txt
2017-05-23 10:37:05,234 : INFO : D:\Python27_NLP\src\人物\000289.txt
2017-05-23 10:37:05,239 : INFO : 分词已保存至文件 D:\Python27_NLP\src\人物\000289.txt
2017-05-23 10:37:05,239 : INFO : D:\Python27_NLP\src\人物\000290.txt
2017-05-23 10:37:05,242 : INFO : 分词已保存至文件 D:\Python27_NLP\src\人物\000290.txt
2017-05-23 10:37:05,242 : INFO : D:\Python27_NLP\src\人物\000291.txt
2017-05-23 10:37:05,246 : INFO : 分词已保存至文件 D:\Python27_NLP\src\人物\000291.txt
2017-05-23 10:37:05,246 : INFO : D:\Python27_NLP\src\人物\000292.txt
2017-05-23 10:37:05,259 : INFO : 分词已保存至文件 D:\Python27_NLP\src\人物\000292.txt
2017-05-23 10:37:05,259 : INFO : D:\Python27_NLP\src\人物\000293.txt
2017-05-23 10:37:05,263 : INFO : 分词已保存至文件 D:\Python27_NLP\src\人物\000293.txt
2017-05-23 10:37:05,263 : INFO : D:\Python27_NLP\src\人物\000294.txt
2017-05-23 10:37:05,266 : INFO : 分词已保存至文件 D:\Python27_NLP\src\人物\000294.txt
2017-05-23 10:37:05,266 : INFO : D:\Python27_NLP\src\人物\000295.txt
2017-05-23 10:37:05,269 : INFO : 分词已保存至文件 D:\Python27_NLP\src\人物\000295.txt
2017-05-23 10:37:05,269 : INFO : D:\Python27_NLP\src\人物\000296.txt
2017-05-23 10:37:05,273 : INFO : 分词已保存至文件 D:\Python27_NLP\src\人物\000296.txt
2017-05-23 10:37:05,273 : INFO : D:\Python27_NLP\src\人物\000297.txt
2017-05-23 10:37:05,276 : INFO : 分词已保存至文件 D:\Python27_NLP\src\人物\000297.txt
2017-05-23 10:37:05,276 : INFO : D:\Python27_NLP\src\人物\000298.txt
2017-05-23 10:37:05,279 : INFO : 分词已保存至文件 D:\Python27_NLP\src\人物\000298.txt
2017-05-23 10:37:05,279 : INFO : D:\Python27_NLP\src\人物\000299.txt
2017-05-23 10:37:05,283 : INFO : 分词已保存至文件 D:\Python27_NLP\src\人物\000299.txt
2017-05-23 10:37:05,283 : INFO : D:\Python27_NLP\语料库\动物
2017-05-23 10:37:05,305 : INFO : D:\Python27_NLP\语料库\动物\BaiduSpiderAnimal
2017-05-23 10:37:05,348 : INFO : D:\Python27_NLP\语料库\动物\HudongSpiderAnimal
2017-05-23 10:37:05,382 : INFO : D:\Python27_NLP\语料库\动物\WikipediaSpiderAnimal
2017-05-23 10:37:05,936 : INFO : D:\Python27_NLP\语料库\动物\BaiduSpiderAnimal\0002.txt 文件处理完毕!
2017-05-23 10:37:06,023 : INFO : D:\Python27_NLP\语料库\动物\BaiduSpiderAnimal\0003.txt 文件处理完毕!
2017-05-23 10:37:06,098 : INFO : D:\Python27_NLP\语料库\动物\BaiduSpiderAnimal\0004.txt 文件处理完毕!
2017-05-23 10:37:06,128 : INFO : D:\Python27_NLP\语料库\动物\BaiduSpiderAnimal\0005.txt 文件处理完毕!
2017-05-23 10:37:06,174 : INFO : D:\Python27_NLP\语料库\动物\BaiduSpiderAnimal\0006.txt 文件处理完毕!
2017-05-23 10:37:06,247 : INFO : D:\Python27_NLP\语料库\动物\BaiduSpiderAnimal\0007.txt 文件处理完毕!
2017-05-23 10:37:06,249 : INFO : D:\Python27_NLP\语料库\动物\BaiduSpiderAnimal\0008.txt 文件处理完毕!
2017-05-23 10:37:06,289 : INFO : D:\Python27_NLP\语料库\动物\BaiduSpiderAnimal\0009.txt 文件处理完毕!
2017-05-23 10:37:06,355 : INFO : D:\Python27_NLP\语料库\动物\BaiduSpiderAnimal\0010.txt 文件处理完毕!
2017-05-23 10:37:06,394 : INFO : D:\Python27_NLP\语料库\动物\BaiduSpiderAnimal\0011.txt 文件处理完毕!
2017-05-23 10:37:06,394 : INFO : D:\Python27_NLP\语料库\动物\BaiduSpiderAnimal\0012.txt 文件处理完毕!
2017-05-23 10:37:06,482 : INFO : D:\Python27_NLP\语料库\动物\BaiduSpiderAnimal\0013.txt 文件处理完毕!
2017-05-23 10:37:06,505 : INFO : D:\Python27_NLP\语料库\动物\BaiduSpiderAnimal\0014.txt 文件处理完毕!
2017-05-23 10:37:06,506 : INFO : D:\Python27_NLP\语料库\动物\BaiduSpiderAnimal\0015.txt 文件处理完毕!
2017-05-23 10:37:06,506 : INFO : D:\Python27_NLP\语料库\动物\BaiduSpiderAnimal\0016.txt 文件处理完毕!
2017-05-23 10:37:06,559 : INFO : D:\Python27_NLP\语料库\动物\BaiduSpiderAnimal\0017.txt 文件处理完毕!
2017-05-23 10:37:06,618 : INFO : D:\Python27_NLP\语料库\动物\BaiduSpiderAnimal\0018.txt 文件处理完毕!
2017-05-23 10:37:06,701 : INFO : D:\Python27_NLP\语料库\动物\BaiduSpiderAnimal\0019.txt 文件处理完毕!
2017-05-23 10:37:06,759 : INFO : D:\Python27_NLP\语料库\动物\BaiduSpiderAnimal\0020.txt 文件处理完毕!
2017-05-23 10:37:06,848 : INFO : D:\Python27_NLP\语料库\动物\BaiduSpiderAnimal\0021.txt 文件处理完毕!
2017-05-23 10:37:07,035 : INFO : D:\Python27_NLP\语料库\动物\BaiduSpiderAnimal\0022.txt 文件处理完毕!
2017-05-23 10:37:07,114 : INFO : D:\Python27_NLP\语料库\动物\BaiduSpiderAnimal\0023.txt 文件处理完毕!
2017-05-23 10:37:07,164 : INFO : D:\Python27_NLP\语料库\动物\BaiduSpiderAnimal\0024.txt 文件处理完毕!
2017-05-23 10:37:07,194 : INFO : D:\Python27_NLP\语料库\动物\BaiduSpiderAnimal\0025.txt 文件处理完毕!
2017-05-23 10:37:07,332 : INFO : D:\Python27_NLP\语料库\动物\BaiduSpiderAnimal\0026.txt 文件处理完毕!
2017-05-23 10:37:07,387 : INFO : D:\Python27_NLP\语料库\动物\BaiduSpiderAnimal\0027.txt 文件处理完毕!
2017-05-23 10:37:07,433 : INFO : D:\Python27_NLP\语料库\动物\BaiduSpiderAnimal\0028.txt 文件处理完毕!
2017-05-23 10:37:07,490 : INFO : D:\Python27_NLP\语料库\动物\BaiduSpiderAnimal\0029.txt 文件处理完毕!
2017-05-23 10:37:07,546 : INFO : D:\Python27_NLP\语料库\动物\BaiduSpiderAnimal\0030.txt 文件处理完毕!
2017-05-23 10:37:07,588 : INFO : D:\Python27_NLP\语料库\动物\BaiduSpiderAnimal\0031.txt 文件处理完毕!
2017-05-23 10:37:07,644 : INFO : D:\Python27_NLP\语料库\动物\BaiduSpiderAnimal\0032.txt 文件处理完毕!
2017-05-23 10:37:07,688 : INFO : D:\Python27_NLP\语料库\动物\BaiduSpiderAnimal\0033.txt 文件处理完毕!
2017-05-23 10:37:07,780 : INFO : D:\Python27_NLP\语料库\动物\BaiduSpiderAnimal\0034.txt 文件处理完毕!
2017-05-23 10:37:07,811 : INFO : D:\Python27_NLP\语料库\动物\BaiduSpiderAnimal\0035.txt 文件处理完毕!
2017-05-23 10:37:07,858 : INFO : D:\Python27_NLP\语料库\动物\BaiduSpiderAnimal\0036.txt 文件处理完毕!
2017-05-23 10:37:07,895 : INFO : D:\Python27_NLP\语料库\动物\BaiduSpiderAnimal\0037.txt 文件处理完毕!
2017-05-23 10:37:07,963 : INFO : D:\Python27_NLP\语料库\动物\BaiduSpiderAnimal\0038.txt 文件处理完毕!
2017-05-23 10:37:07,993 : INFO : D:\Python27_NLP\语料库\动物\BaiduSpiderAnimal\0039.txt 文件处理完毕!
2017-05-23 10:37:08,023 : INFO : D:\Python27_NLP\语料库\动物\BaiduSpiderAnimal\0040.txt 文件处理完毕!
2017-05-23 10:37:08,071 : INFO : D:\Python27_NLP\语料库\动物\BaiduSpiderAnimal\0041.txt 文件处理完毕!
2017-05-23 10:37:08,108 : INFO : D:\Python27_NLP\语料库\动物\BaiduSpiderAnimal\0042.txt 文件处理完毕!
2017-05-23 10:37:08,144 : INFO : D:\Python27_NLP\语料库\动物\BaiduSpiderAnimal\0043.txt 文件处理完毕!
2017-05-23 10:37:08,255 : INFO : D:\Python27_NLP\语料库\动物\BaiduSpiderAnimal\0044.txt 文件处理完毕!
2017-05-23 10:37:08,355 : INFO : D:\Python27_NLP\语料库\动物\BaiduSpiderAnimal\0045.txt 文件处理完毕!
2017-05-23 10:37:08,436 : INFO : D:\Python27_NLP\语料库\动物\BaiduSpiderAnimal\0046.txt 文件处理完毕!
2017-05-23 10:37:08,461 : INFO : D:\Python27_NLP\语料库\动物\BaiduSpiderAnimal\0047.txt 文件处理完毕!
2017-05-23 10:37:08,486 : INFO : D:\Python27_NLP\语料库\动物\BaiduSpiderAnimal\0048.txt 文件处理完毕!
2017-05-23 10:37:08,528 : INFO : D:\Python27_NLP\语料库\动物\BaiduSpiderAnimal\0049.txt 文件处理完毕!
2017-05-23 10:37:08,563 : INFO : D:\Python27_NLP\语料库\动物\BaiduSpiderAnimal\0050.txt 文件处理完毕!
2017-05-23 10:37:08,617 : INFO : D:\Python27_NLP\语料库\动物\BaiduSpiderAnimal\0051.txt 文件处理完毕!
2017-05-23 10:37:08,658 : INFO : D:\Python27_NLP\语料库\动物\BaiduSpiderAnimal\0052.txt 文件处理完毕!
2017-05-23 10:37:08,683 : INFO : D:\Python27_NLP\语料库\动物\BaiduSpiderAnimal\0053.txt 文件处理完毕!
2017-05-23 10:37:08,760 : INFO : D:\Python27_NLP\语料库\动物\BaiduSpiderAnimal\0054.txt 文件处理完毕!
2017-05-23 10:37:08,796 : INFO : D:\Python27_NLP\语料库\动物\BaiduSpiderAnimal\0055.txt 文件处理完毕!
2017-05-23 10:37:08,828 : INFO : D:\Python27_NLP\语料库\动物\BaiduSpiderAnimal\0056.txt 文件处理完毕!
2017-05-23 10:37:08,871 : INFO : D:\Python27_NLP\语料库\动物\BaiduSpiderAnimal\0057.txt 文件处理完毕!
2017-05-23 10:37:08,936 : INFO : D:\Python27_NLP\语料库\动物\BaiduSpiderAnimal\0058.txt 文件处理完毕!
2017-05-23 10:37:08,983 : INFO : D:\Python27_NLP\语料库\动物\BaiduSpiderAnimal\0059.txt 文件处理完毕!
2017-05-23 10:37:09,000 : INFO : D:\Python27_NLP\语料库\动物\BaiduSpiderAnimal\0060.txt 文件处理完毕!
2017-05-23 10:37:09,088 : INFO : D:\Python27_NLP\语料库\动物\BaiduSpiderAnimal\0061.txt 文件处理完毕!
2017-05-23 10:37:09,138 : INFO : D:\Python27_NLP\语料库\动物\BaiduSpiderAnimal\0062.txt 文件处理完毕!
2017-05-23 10:37:09,196 : INFO : D:\Python27_NLP\语料库\动物\BaiduSpiderAnimal\0063.txt 文件处理完毕!
2017-05-23 10:37:09,214 : INFO : D:\Python27_NLP\语料库\动物\BaiduSpiderAnimal\0064.txt 文件处理完毕!
2017-05-23 10:37:09,249 : INFO : D:\Python27_NLP\语料库\动物\BaiduSpiderAnimal\0065.txt 文件处理完毕!
2017-05-23 10:37:09,292 : INFO : D:\Python27_NLP\语料库\动物\BaiduSpiderAnimal\0066.txt 文件处理完毕!
2017-05-23 10:37:09,411 : INFO : D:\Python27_NLP\语料库\动物\BaiduSpiderAnimal\0067.txt 文件处理完毕!
2017-05-23 10:37:09,448 : INFO : D:\Python27_NLP\语料库\动物\BaiduSpiderAnimal\0068.txt 文件处理完毕!
2017-05-23 10:37:09,483 : INFO : D:\Python27_NLP\语料库\动物\BaiduSpiderAnimal\0069.txt 文件处理完毕!
2017-05-23 10:37:09,638 : INFO : D:\Python27_NLP\语料库\动物\BaiduSpiderAnimal\0070.txt 文件处理完毕!
2017-05-23 10:37:09,729 : INFO : D:\Python27_NLP\语料库\动物\BaiduSpiderAnimal\0071.txt 文件处理完毕!
2017-05-23 10:37:09,742 : INFO : D:\Python27_NLP\语料库\动物\BaiduSpiderAnimal\0072.txt 文件处理完毕!
2017-05-23 10:37:09,816 : INFO : D:\Python27_NLP\语料库\动物\BaiduSpiderAnimal\0073.txt 文件处理完毕!
2017-05-23 10:37:09,892 : INFO : D:\Python27_NLP\语料库\动物\BaiduSpiderAnimal\0074.txt 文件处理完毕!
2017-05-23 10:37:09,970 : INFO : D:\Python27_NLP\语料库\动物\BaiduSpiderAnimal\0075.txt 文件处理完毕!
2017-05-23 10:37:10,025 : INFO : D:\Python27_NLP\语料库\动物\BaiduSpiderAnimal\0076.txt 文件处理完毕!
2017-05-23 10:37:10,069 : INFO : D:\Python27_NLP\语料库\动物\BaiduSpiderAnimal\0077.txt 文件处理完毕!
2017-05-23 10:37:10,170 : INFO : D:\Python27_NLP\语料库\动物\BaiduSpiderAnimal\0078.txt 文件处理完毕!
2017-05-23 10:37:10,171 : INFO : D:\Python27_NLP\语料库\动物\BaiduSpiderAnimal\0079.txt 文件处理完毕!
2017-05-23 10:37:10,194 : INFO : D:\Python27_NLP\语料库\动物\BaiduSpiderAnimal\0080.txt 文件处理完毕!
2017-05-23 10:37:10,296 : INFO : D:\Python27_NLP\语料库\动物\BaiduSpiderAnimal\0081.txt 文件处理完毕!
2017-05-23 10:37:10,332 : INFO : D:\Python27_NLP\语料库\动物\BaiduSpiderAnimal\0082.txt 文件处理完毕!
2017-05-23 10:37:10,369 : INFO : D:\Python27_NLP\语料库\动物\BaiduSpiderAnimal\0083.txt 文件处理完毕!
2017-05-23 10:37:10,418 : INFO : D:\Python27_NLP\语料库\动物\BaiduSpiderAnimal\0084.txt 文件处理完毕!
2017-05-23 10:37:10,466 : INFO : D:\Python27_NLP\语料库\动物\BaiduSpiderAnimal\0085.txt 文件处理完毕!
2017-05-23 10:37:10,533 : INFO : D:\Python27_NLP\语料库\动物\BaiduSpiderAnimal\0086.txt 文件处理完毕!
2017-05-23 10:37:10,650 : INFO : D:\Python27_NLP\语料库\动物\BaiduSpiderAnimal\0087.txt 文件处理完毕!
2017-05-23 10:37:10,698 : INFO : D:\Python27_NLP\语料库\动物\BaiduSpiderAnimal\0088.txt 文件处理完毕!
2017-05-23 10:37:10,770 : INFO : D:\Python27_NLP\语料库\动物\BaiduSpiderAnimal\0089.txt 文件处理完毕!
2017-05-23 10:37:10,877 : INFO : D:\Python27_NLP\语料库\动物\BaiduSpiderAnimal\0090.txt 文件处理完毕!
2017-05-23 10:37:10,944 : INFO : D:\Python27_NLP\语料库\动物\BaiduSpiderAnimal\0091.txt 文件处理完毕!
2017-05-23 10:37:10,996 : INFO : D:\Python27_NLP\语料库\动物\BaiduSpiderAnimal\0092.txt 文件处理完毕!
2017-05-23 10:37:11,045 : INFO : D:\Python27_NLP\语料库\动物\BaiduSpiderAnimal\0093.txt 文件处理完毕!
2017-05-23 10:37:11,201 : INFO : D:\Python27_NLP\语料库\动物\BaiduSpiderAnimal\0094.txt 文件处理完毕!
2017-05-23 10:37:11,328 : INFO : D:\Python27_NLP\语料库\动物\BaiduSpiderAnimal\0095.txt 文件处理完毕!
2017-05-23 10:37:11,515 : INFO : D:\Python27_NLP\语料库\动物\BaiduSpiderAnimal\0096.txt 文件处理完毕!
2017-05-23 10:37:11,703 : INFO : D:\Python27_NLP\语料库\动物\BaiduSpiderAnimal\0097.txt 文件处理完毕!
2017-05-23 10:37:11,746 : INFO : D:\Python27_NLP\语料库\动物\BaiduSpiderAnimal\0098.txt 文件处理完毕!
2017-05-23 10:37:11,747 : INFO : D:\Python27_NLP\语料库\动物\BaiduSpiderAnimal\0099.txt 文件处理完毕!
2017-05-23 10:37:11,875 : INFO : D:\Python27_NLP\语料库\动物\BaiduSpiderAnimal\0100.txt 文件处理完毕!
2017-05-23 10:37:12,763 : INFO : D:\Python27_NLP\语料库\动物\HudongSpiderAnimal\0001.txt 文件处理完毕!
2017-05-23 10:37:12,832 : INFO : D:\Python27_NLP\语料库\动物\HudongSpiderAnimal\0002.txt 文件处理完毕!
2017-05-23 10:37:13,010 : INFO : D:\Python27_NLP\语料库\动物\HudongSpiderAnimal\0003.txt 文件处理完毕!
2017-05-23 10:37:13,124 : INFO : D:\Python27_NLP\语料库\动物\HudongSpiderAnimal\0004.txt 文件处理完毕!
2017-05-23 10:37:13,180 : INFO : D:\Python27_NLP\语料库\动物\HudongSpiderAnimal\0005.txt 文件处理完毕!
2017-05-23 10:37:13,198 : INFO : D:\Python27_NLP\语料库\动物\HudongSpiderAnimal\0006.txt 文件处理完毕!
2017-05-23 10:37:13,267 : INFO : D:\Python27_NLP\语料库\动物\HudongSpiderAnimal\0007.txt 文件处理完毕!
2017-05-23 10:37:13,365 : INFO : D:\Python27_NLP\语料库\动物\HudongSpiderAnimal\0008.txt 文件处理完毕!
2017-05-23 10:37:13,391 : INFO : D:\Python27_NLP\语料库\动物\HudongSpiderAnimal\0009.txt 文件处理完毕!
2017-05-23 10:37:13,467 : INFO : D:\Python27_NLP\语料库\动物\HudongSpiderAnimal\0010.txt 文件处理完毕!
2017-05-23 10:37:13,509 : INFO : D:\Python27_NLP\语料库\动物\HudongSpiderAnimal\0011.txt 文件处理完毕!
2017-05-23 10:37:13,536 : INFO : D:\Python27_NLP\语料库\动物\HudongSpiderAnimal\0012.txt 文件处理完毕!
2017-05-23 10:37:13,625 : INFO : D:\Python27_NLP\语料库\动物\HudongSpiderAnimal\0013.txt 文件处理完毕!
2017-05-23 10:37:13,670 : INFO : D:\Python27_NLP\语料库\动物\HudongSpiderAnimal\0014.txt 文件处理完毕!
2017-05-23 10:37:13,713 : INFO : D:\Python27_NLP\语料库\动物\HudongSpiderAnimal\0015.txt 文件处理完毕!
2017-05-23 10:37:13,809 : INFO : D:\Python27_NLP\语料库\动物\HudongSpiderAnimal\0016.txt 文件处理完毕!
2017-05-23 10:37:13,851 : INFO : D:\Python27_NLP\语料库\动物\HudongSpiderAnimal\0017.txt 文件处理完毕!
2017-05-23 10:37:13,911 : INFO : D:\Python27_NLP\语料库\动物\HudongSpiderAnimal\0018.txt 文件处理完毕!
2017-05-23 10:37:13,947 : INFO : D:\Python27_NLP\语料库\动物\HudongSpiderAnimal\0019.txt 文件处理完毕!
2017-05-23 10:37:13,983 : INFO : D:\Python27_NLP\语料库\动物\HudongSpiderAnimal\0020.txt 文件处理完毕!
2017-05-23 10:37:14,128 : INFO : D:\Python27_NLP\语料库\动物\HudongSpiderAnimal\0021.txt 文件处理完毕!
2017-05-23 10:37:14,180 : INFO : D:\Python27_NLP\语料库\动物\HudongSpiderAnimal\0022.txt 文件处理完毕!
2017-05-23 10:37:14,247 : INFO : D:\Python27_NLP\语料库\动物\HudongSpiderAnimal\0023.txt 文件处理完毕!
2017-05-23 10:37:14,339 : INFO : D:\Python27_NLP\语料库\动物\HudongSpiderAnimal\0024.txt 文件处理完毕!
2017-05-23 10:37:14,418 : INFO : D:\Python27_NLP\语料库\动物\HudongSpiderAnimal\0025.txt 文件处理完毕!
2017-05-23 10:37:14,461 : INFO : D:\Python27_NLP\语料库\动物\HudongSpiderAnimal\0026.txt 文件处理完毕!
2017-05-23 10:37:14,507 : INFO : D:\Python27_NLP\语料库\动物\HudongSpiderAnimal\0027.txt 文件处理完毕!
2017-05-23 10:37:14,530 : INFO : D:\Python27_NLP\语料库\动物\HudongSpiderAnimal\0028.txt 文件处理完毕!
2017-05-23 10:37:14,621 : INFO : D:\Python27_NLP\语料库\动物\HudongSpiderAnimal\0029.txt 文件处理完毕!
2017-05-23 10:37:14,674 : INFO : D:\Python27_NLP\语料库\动物\HudongSpiderAnimal\0030.txt 文件处理完毕!
2017-05-23 10:37:14,719 : INFO : D:\Python27_NLP\语料库\动物\HudongSpiderAnimal\0031.txt 文件处理完毕!
2017-05-23 10:37:14,819 : INFO : D:\Python27_NLP\语料库\动物\HudongSpiderAnimal\0032.txt 文件处理完毕!
2017-05-23 10:37:15,046 : INFO : D:\Python27_NLP\语料库\动物\HudongSpiderAnimal\0033.txt 文件处理完毕!
2017-05-23 10:37:15,127 : INFO : D:\Python27_NLP\语料库\动物\HudongSpiderAnimal\0034.txt 文件处理完毕!
2017-05-23 10:37:15,151 : INFO : D:\Python27_NLP\语料库\动物\HudongSpiderAnimal\0035.txt 文件处理完毕!
2017-05-23 10:37:15,178 : INFO : D:\Python27_NLP\语料库\动物\HudongSpiderAnimal\0036.txt 文件处理完毕!
2017-05-23 10:37:15,289 : INFO : D:\Python27_NLP\语料库\动物\HudongSpiderAnimal\0037.txt 文件处理完毕!
2017-05-23 10:37:15,335 : INFO : D:\Python27_NLP\语料库\动物\HudongSpiderAnimal\0038.txt 文件处理完毕!
2017-05-23 10:37:15,390 : INFO : D:\Python27_NLP\语料库\动物\HudongSpiderAnimal\0039.txt 文件处理完毕!
2017-05-23 10:37:15,448 : INFO : D:\Python27_NLP\语料库\动物\HudongSpiderAnimal\0040.txt 文件处理完毕!
2017-05-23 10:37:15,538 : INFO : D:\Python27_NLP\语料库\动物\HudongSpiderAnimal\0041.txt 文件处理完毕!
2017-05-23 10:37:15,582 : INFO : D:\Python27_NLP\语料库\动物\HudongSpiderAnimal\0042.txt 文件处理完毕!
2017-05-23 10:37:15,621 : INFO : D:\Python27_NLP\语料库\动物\HudongSpiderAnimal\0043.txt 文件处理完毕!
2017-05-23 10:37:15,720 : INFO : D:\Python27_NLP\语料库\动物\HudongSpiderAnimal\0044.txt 文件处理完毕!
2017-05-23 10:37:15,885 : INFO : D:\Python27_NLP\语料库\动物\HudongSpiderAnimal\0045.txt 文件处理完毕!
2017-05-23 10:37:15,937 : INFO : D:\Python27_NLP\语料库\动物\HudongSpiderAnimal\0046.txt 文件处理完毕!
2017-05-23 10:37:15,970 : INFO : D:\Python27_NLP\语料库\动物\HudongSpiderAnimal\0047.txt 文件处理完毕!
2017-05-23 10:37:15,996 : INFO : D:\Python27_NLP\语料库\动物\HudongSpiderAnimal\0048.txt 文件处理完毕!
2017-05-23 10:37:16,046 : INFO : D:\Python27_NLP\语料库\动物\HudongSpiderAnimal\0049.txt 文件处理完毕!
2017-05-23 10:37:16,105 : INFO : D:\Python27_NLP\语料库\动物\HudongSpiderAnimal\0050.txt 文件处理完毕!
2017-05-23 10:37:16,138 : INFO : D:\Python27_NLP\语料库\动物\HudongSpiderAnimal\0051.txt 文件处理完毕!
2017-05-23 10:37:16,178 : INFO : D:\Python27_NLP\语料库\动物\HudongSpiderAnimal\0052.txt 文件处理完毕!
2017-05-23 10:37:16,257 : INFO : D:\Python27_NLP\语料库\动物\HudongSpiderAnimal\0053.txt 文件处理完毕!
2017-05-23 10:37:16,283 : INFO : D:\Python27_NLP\语料库\动物\HudongSpiderAnimal\0054.txt 文件处理完毕!
2017-05-23 10:37:16,308 : INFO : D:\Python27_NLP\语料库\动物\HudongSpiderAnimal\0055.txt 文件处理完毕!
2017-05-23 10:37:16,348 : INFO : D:\Python27_NLP\语料库\动物\HudongSpiderAnimal\0056.txt 文件处理完毕!
2017-05-23 10:37:16,453 : INFO : D:\Python27_NLP\语料库\动物\HudongSpiderAnimal\0057.txt 文件处理完毕!
2017-05-23 10:37:16,490 : INFO : D:\Python27_NLP\语料库\动物\HudongSpiderAnimal\0058.txt 文件处理完毕!
2017-05-23 10:37:16,576 : INFO : D:\Python27_NLP\语料库\动物\HudongSpiderAnimal\0059.txt 文件处理完毕!
2017-05-23 10:37:16,601 : INFO : D:\Python27_NLP\语料库\动物\HudongSpiderAnimal\0060.txt 文件处理完毕!
2017-05-23 10:37:16,677 : INFO : D:\Python27_NLP\语料库\动物\HudongSpiderAnimal\0061.txt 文件处理完毕!
2017-05-23 10:37:16,736 : INFO : D:\Python27_NLP\语料库\动物\HudongSpiderAnimal\0062.txt 文件处理完毕!
2017-05-23 10:37:16,760 : INFO : D:\Python27_NLP\语料库\动物\HudongSpiderAnimal\0063.txt 文件处理完毕!
2017-05-23 10:37:16,778 : INFO : D:\Python27_NLP\语料库\动物\HudongSpiderAnimal\0064.txt 文件处理完毕!
2017-05-23 10:37:16,838 : INFO : D:\Python27_NLP\语料库\动物\HudongSpiderAnimal\0065.txt 文件处理完毕!
2017-05-23 10:37:16,881 : INFO : D:\Python27_NLP\语料库\动物\HudongSpiderAnimal\0066.txt 文件处理完毕!
2017-05-23 10:37:16,984 : INFO : D:\Python27_NLP\语料库\动物\HudongSpiderAnimal\0067.txt 文件处理完毕!
2017-05-23 10:37:17,023 : INFO : D:\Python27_NLP\语料库\动物\HudongSpiderAnimal\0068.txt 文件处理完毕!
2017-05-23 10:37:17,197 : INFO : D:\Python27_NLP\语料库\动物\HudongSpiderAnimal\0069.txt 文件处理完毕!
2017-05-23 10:37:17,358 : INFO : D:\Python27_NLP\语料库\动物\HudongSpiderAnimal\0070.txt 文件处理完毕!
2017-05-23 10:37:17,496 : INFO : D:\Python27_NLP\语料库\动物\HudongSpiderAnimal\0071.txt 文件处理完毕!
2017-05-23 10:37:17,509 : INFO : D:\Python27_NLP\语料库\动物\HudongSpiderAnimal\0072.txt 文件处理完毕!
2017-05-23 10:37:17,599 : INFO : D:\Python27_NLP\语料库\动物\HudongSpiderAnimal\0073.txt 文件处理完毕!
2017-05-23 10:37:17,609 : INFO : D:\Python27_NLP\语料库\动物\HudongSpiderAnimal\0074.txt 文件处理完毕!
2017-05-23 10:37:17,686 : INFO : D:\Python27_NLP\语料库\动物\HudongSpiderAnimal\0075.txt 文件处理完毕!
2017-05-23 10:37:17,700 : INFO : D:\Python27_NLP\语料库\动物\HudongSpiderAnimal\0076.txt 文件处理完毕!
2017-05-23 10:37:17,783 : INFO : D:\Python27_NLP\语料库\动物\HudongSpiderAnimal\0077.txt 文件处理完毕!
2017-05-23 10:37:17,864 : INFO : D:\Python27_NLP\语料库\动物\HudongSpiderAnimal\0078.txt 文件处理完毕!
2017-05-23 10:37:18,003 : INFO : D:\Python27_NLP\语料库\动物\HudongSpiderAnimal\0079.txt 文件处理完毕!
2017-05-23 10:37:18,069 : INFO : D:\Python27_NLP\语料库\动物\HudongSpiderAnimal\0080.txt 文件处理完毕!
2017-05-23 10:37:18,128 : INFO : D:\Python27_NLP\语料库\动物\HudongSpiderAnimal\0081.txt 文件处理完毕!
2017-05-23 10:37:18,184 : INFO : D:\Python27_NLP\语料库\动物\HudongSpiderAnimal\0082.txt 文件处理完毕!
2017-05-23 10:37:18,279 : INFO : D:\Python27_NLP\语料库\动物\HudongSpiderAnimal\0083.txt 文件处理完毕!
2017-05-23 10:37:18,358 : INFO : D:\Python27_NLP\语料库\动物\HudongSpiderAnimal\0084.txt 文件处理完毕!
2017-05-23 10:37:18,450 : INFO : D:\Python27_NLP\语料库\动物\HudongSpiderAnimal\0085.txt 文件处理完毕!
2017-05-23 10:37:18,509 : INFO : D:\Python27_NLP\语料库\动物\HudongSpiderAnimal\0086.txt 文件处理完毕!
2017-05-23 10:37:18,838 : INFO : D:\Python27_NLP\语料库\动物\HudongSpiderAnimal\0087.txt 文件处理完毕!
2017-05-23 10:37:18,943 : INFO : D:\Python27_NLP\语料库\动物\HudongSpiderAnimal\0088.txt 文件处理完毕!
2017-05-23 10:37:19,073 : INFO : D:\Python27_NLP\语料库\动物\HudongSpiderAnimal\0089.txt 文件处理完毕!
2017-05-23 10:37:19,311 : INFO : D:\Python27_NLP\语料库\动物\HudongSpiderAnimal\0090.txt 文件处理完毕!
2017-05-23 10:37:19,437 : INFO : D:\Python27_NLP\语料库\动物\HudongSpiderAnimal\0091.txt 文件处理完毕!
2017-05-23 10:37:19,486 : INFO : D:\Python27_NLP\语料库\动物\HudongSpiderAnimal\0092.txt 文件处理完毕!
2017-05-23 10:37:19,552 : INFO : D:\Python27_NLP\语料库\动物\HudongSpiderAnimal\0093.txt 文件处理完毕!
2017-05-23 10:37:19,635 : INFO : D:\Python27_NLP\语料库\动物\HudongSpiderAnimal\0094.txt 文件处理完毕!
2017-05-23 10:37:19,703 : INFO : D:\Python27_NLP\语料库\动物\HudongSpiderAnimal\0095.txt 文件处理完毕!
2017-05-23 10:37:19,724 : INFO : D:\Python27_NLP\语料库\动物\HudongSpiderAnimal\0096.txt 文件处理完毕!
2017-05-23 10:37:19,819 : INFO : D:\Python27_NLP\语料库\动物\HudongSpiderAnimal\0097.txt 文件处理完毕!
2017-05-23 10:37:19,861 : INFO : D:\Python27_NLP\语料库\动物\HudongSpiderAnimal\0098.txt 文件处理完毕!
2017-05-23 10:37:20,000 : INFO : D:\Python27_NLP\语料库\动物\HudongSpiderAnimal\0099.txt 文件处理完毕!
2017-05-23 10:37:20,127 : INFO : D:\Python27_NLP\语料库\动物\HudongSpiderAnimal\0100.txt 文件处理完毕!
2017-05-23 10:37:20,161 : INFO : D:\Python27_NLP\语料库\动物\WikipediaSpiderAnimal\0001.txt 文件处理完毕!
2017-05-23 10:37:20,164 : INFO : D:\Python27_NLP\语料库\动物\WikipediaSpiderAnimal\0002.txt 文件处理完毕!
2017-05-23 10:37:20,170 : INFO : D:\Python27_NLP\语料库\动物\WikipediaSpiderAnimal\0003.txt 文件处理完毕!
2017-05-23 10:37:20,190 : INFO : D:\Python27_NLP\语料库\动物\WikipediaSpiderAnimal\0004.txt 文件处理完毕!
2017-05-23 10:37:20,194 : INFO : D:\Python27_NLP\语料库\动物\WikipediaSpiderAnimal\0005.txt 文件处理完毕!
2017-05-23 10:37:20,196 : INFO : D:\Python27_NLP\语料库\动物\WikipediaSpiderAnimal\0006.txt 文件处理完毕!
2017-05-23 10:37:20,203 : INFO : D:\Python27_NLP\语料库\动物\WikipediaSpiderAnimal\0007.txt 文件处理完毕!
2017-05-23 10:37:20,233 : INFO : D:\Python27_NLP\语料库\动物\WikipediaSpiderAnimal\0008.txt 文件处理完毕!
2017-05-23 10:37:20,239 : INFO : D:\Python27_NLP\语料库\动物\WikipediaSpiderAnimal\0009.txt 文件处理完毕!
2017-05-23 10:37:20,246 : INFO : D:\Python27_NLP\语料库\动物\WikipediaSpiderAnimal\0010.txt 文件处理完毕!
2017-05-23 10:37:20,250 : INFO : D:\Python27_NLP\语料库\动物\WikipediaSpiderAnimal\0011.txt 文件处理完毕!
2017-05-23 10:37:20,256 : INFO : D:\Python27_NLP\语料库\动物\WikipediaSpiderAnimal\0012.txt 文件处理完毕!
2017-05-23 10:37:20,262 : INFO : D:\Python27_NLP\语料库\动物\WikipediaSpiderAnimal\0013.txt 文件处理完毕!
2017-05-23 10:37:20,266 : INFO : D:\Python27_NLP\语料库\动物\WikipediaSpiderAnimal\0014.txt 文件处理完毕!
2017-05-23 10:37:20,269 : INFO : D:\Python27_NLP\语料库\动物\WikipediaSpiderAnimal\0015.txt 文件处理完毕!
2017-05-23 10:37:20,270 : INFO : D:\Python27_NLP\语料库\动物\WikipediaSpiderAnimal\0016.txt 文件处理完毕!
2017-05-23 10:37:20,276 : INFO : D:\Python27_NLP\语料库\动物\WikipediaSpiderAnimal\0017.txt 文件处理完毕!
2017-05-23 10:37:20,279 : INFO : D:\Python27_NLP\语料库\动物\WikipediaSpiderAnimal\0018.txt 文件处理完毕!
2017-05-23 10:37:20,288 : INFO : D:\Python27_NLP\语料库\动物\WikipediaSpiderAnimal\0019.txt 文件处理完毕!
2017-05-23 10:37:20,292 : INFO : D:\Python27_NLP\语料库\动物\WikipediaSpiderAnimal\0020.txt 文件处理完毕!
2017-05-23 10:37:20,296 : INFO : D:\Python27_NLP\语料库\动物\WikipediaSpiderAnimal\0021.txt 文件处理完毕!
2017-05-23 10:37:20,299 : INFO : D:\Python27_NLP\语料库\动物\WikipediaSpiderAnimal\0022.txt 文件处理完毕!
2017-05-23 10:37:20,301 : INFO : D:\Python27_NLP\语料库\动物\WikipediaSpiderAnimal\0023.txt 文件处理完毕!
2017-05-23 10:37:20,312 : INFO : D:\Python27_NLP\语料库\动物\WikipediaSpiderAnimal\0024.txt 文件处理完毕!
2017-05-23 10:37:20,316 : INFO : D:\Python27_NLP\语料库\动物\WikipediaSpiderAnimal\0025.txt 文件处理完毕!
2017-05-23 10:37:20,321 : INFO : D:\Python27_NLP\语料库\动物\WikipediaSpiderAnimal\0026.txt 文件处理完毕!
2017-05-23 10:37:20,322 : INFO : D:\Python27_NLP\语料库\动物\WikipediaSpiderAnimal\0027.txt 文件处理完毕!
2017-05-23 10:37:20,325 : INFO : D:\Python27_NLP\语料库\动物\WikipediaSpiderAnimal\0028.txt 文件处理完毕!
2017-05-23 10:37:20,332 : INFO : D:\Python27_NLP\语料库\动物\WikipediaSpiderAnimal\0029.txt 文件处理完毕!
2017-05-23 10:37:20,336 : INFO : D:\Python27_NLP\语料库\动物\WikipediaSpiderAnimal\0030.txt 文件处理完毕!
2017-05-23 10:37:20,342 : INFO : D:\Python27_NLP\语料库\动物\WikipediaSpiderAnimal\0031.txt 文件处理完毕!
2017-05-23 10:37:20,352 : INFO : D:\Python27_NLP\语料库\动物\WikipediaSpiderAnimal\0032.txt 文件处理完毕!
2017-05-23 10:37:20,359 : INFO : D:\Python27_NLP\语料库\动物\WikipediaSpiderAnimal\0033.txt 文件处理完毕!
2017-05-23 10:37:20,375 : INFO : D:\Python27_NLP\语料库\动物\WikipediaSpiderAnimal\0034.txt 文件处理完毕!
2017-05-23 10:37:20,375 : INFO : D:\Python27_NLP\语料库\动物\WikipediaSpiderAnimal\0035.txt 文件处理完毕!
2017-05-23 10:37:20,390 : INFO : D:\Python27_NLP\语料库\动物\WikipediaSpiderAnimal\0036.txt 文件处理完毕!
2017-05-23 10:37:20,394 : INFO : D:\Python27_NLP\语料库\动物\WikipediaSpiderAnimal\0037.txt 文件处理完毕!
2017-05-23 10:37:20,400 : INFO : D:\Python27_NLP\语料库\动物\WikipediaSpiderAnimal\0038.txt 文件处理完毕!
2017-05-23 10:37:20,401 : INFO : D:\Python27_NLP\语料库\动物\WikipediaSpiderAnimal\0039.txt 文件处理完毕!
2017-05-23 10:37:20,413 : INFO : D:\Python27_NLP\语料库\动物\WikipediaSpiderAnimal\0040.txt 文件处理完毕!
2017-05-23 10:37:20,418 : INFO : D:\Python27_NLP\语料库\动物\WikipediaSpiderAnimal\0041.txt 文件处理完毕!
2017-05-23 10:37:20,424 : INFO : D:\Python27_NLP\语料库\动物\WikipediaSpiderAnimal\0042.txt 文件处理完毕!
2017-05-23 10:37:20,426 : INFO : D:\Python27_NLP\语料库\动物\WikipediaSpiderAnimal\0043.txt 文件处理完毕!
2017-05-23 10:37:20,430 : INFO : D:\Python27_NLP\语料库\动物\WikipediaSpiderAnimal\0044.txt 文件处理完毕!
2017-05-23 10:37:20,433 : INFO : D:\Python27_NLP\语料库\动物\WikipediaSpiderAnimal\0045.txt 文件处理完毕!
2017-05-23 10:37:20,434 : INFO : D:\Python27_NLP\语料库\动物\WikipediaSpiderAnimal\0046.txt 文件处理完毕!
2017-05-23 10:37:20,438 : INFO : D:\Python27_NLP\语料库\动物\WikipediaSpiderAnimal\0047.txt 文件处理完毕!
2017-05-23 10:37:20,441 : INFO : D:\Python27_NLP\语料库\动物\WikipediaSpiderAnimal\0048.txt 文件处理完毕!
2017-05-23 10:37:20,444 : INFO : D:\Python27_NLP\语料库\动物\WikipediaSpiderAnimal\0049.txt 文件处理完毕!
2017-05-23 10:37:20,447 : INFO : D:\Python27_NLP\语料库\动物\WikipediaSpiderAnimal\0050.txt 文件处理完毕!
2017-05-23 10:37:20,450 : INFO : D:\Python27_NLP\语料库\动物\WikipediaSpiderAnimal\0051.txt 文件处理完毕!
2017-05-23 10:37:20,454 : INFO : D:\Python27_NLP\语料库\动物\WikipediaSpiderAnimal\0052.txt 文件处理完毕!
2017-05-23 10:37:20,457 : INFO : D:\Python27_NLP\语料库\动物\WikipediaSpiderAnimal\0053.txt 文件处理完毕!
2017-05-23 10:37:20,457 : INFO : D:\Python27_NLP\语料库\动物\WikipediaSpiderAnimal\0054.txt 文件处理完毕!
2017-05-23 10:37:20,463 : INFO : D:\Python27_NLP\语料库\动物\WikipediaSpiderAnimal\0055.txt 文件处理完毕!
2017-05-23 10:37:20,463 : INFO : D:\Python27_NLP\语料库\动物\WikipediaSpiderAnimal\0056.txt 文件处理完毕!
2017-05-23 10:37:20,469 : INFO : D:\Python27_NLP\语料库\动物\WikipediaSpiderAnimal\0057.txt 文件处理完毕!
2017-05-23 10:37:20,470 : INFO : D:\Python27_NLP\语料库\动物\WikipediaSpiderAnimal\0058.txt 文件处理完毕!
2017-05-23 10:37:20,474 : INFO : D:\Python27_NLP\语料库\动物\WikipediaSpiderAnimal\0059.txt 文件处理完毕!
2017-05-23 10:37:20,480 : INFO : D:\Python27_NLP\语料库\动物\WikipediaSpiderAnimal\0060.txt 文件处理完毕!
2017-05-23 10:37:20,480 : INFO : D:\Python27_NLP\语料库\动物\WikipediaSpiderAnimal\0061.txt 文件处理完毕!
2017-05-23 10:37:20,486 : INFO : D:\Python27_NLP\语料库\动物\WikipediaSpiderAnimal\0062.txt 文件处理完毕!
2017-05-23 10:37:20,490 : INFO : D:\Python27_NLP\语料库\动物\WikipediaSpiderAnimal\0063.txt 文件处理完毕!
2017-05-23 10:37:20,493 : INFO : D:\Python27_NLP\语料库\动物\WikipediaSpiderAnimal\0064.txt 文件处理完毕!
2017-05-23 10:37:20,497 : INFO : D:\Python27_NLP\语料库\动物\WikipediaSpiderAnimal\0065.txt 文件处理完毕!
2017-05-23 10:37:20,500 : INFO : D:\Python27_NLP\语料库\动物\WikipediaSpiderAnimal\0066.txt 文件处理完毕!
2017-05-23 10:37:20,509 : INFO : D:\Python27_NLP\语料库\动物\WikipediaSpiderAnimal\0067.txt 文件处理完毕!
2017-05-23 10:37:20,516 : INFO : D:\Python27_NLP\语料库\动物\WikipediaSpiderAnimal\0068.txt 文件处理完毕!
2017-05-23 10:37:20,520 : INFO : D:\Python27_NLP\语料库\动物\WikipediaSpiderAnimal\0069.txt 文件处理完毕!
2017-05-23 10:37:20,522 : INFO : D:\Python27_NLP\语料库\动物\WikipediaSpiderAnimal\0070.txt 文件处理完毕!
2017-05-23 10:37:20,523 : INFO : D:\Python27_NLP\语料库\动物\WikipediaSpiderAnimal\0071.txt 文件处理完毕!
2017-05-23 10:37:20,526 : INFO : D:\Python27_NLP\语料库\动物\WikipediaSpiderAnimal\0072.txt 文件处理完毕!
2017-05-23 10:37:20,528 : INFO : D:\Python27_NLP\语料库\动物\WikipediaSpiderAnimal\0073.txt 文件处理完毕!
2017-05-23 10:37:20,536 : INFO : D:\Python27_NLP\语料库\动物\WikipediaSpiderAnimal\0074.txt 文件处理完毕!
2017-05-23 10:37:20,536 : INFO : D:\Python27_NLP\语料库\动物\WikipediaSpiderAnimal\0075.txt 文件处理完毕!
2017-05-23 10:37:20,536 : INFO : D:\Python27_NLP\语料库\动物\WikipediaSpiderAnimal\0076.txt 文件处理完毕!
2017-05-23 10:37:20,540 : INFO : D:\Python27_NLP\语料库\动物\WikipediaSpiderAnimal\0077.txt 文件处理完毕!
2017-05-23 10:37:20,546 : INFO : D:\Python27_NLP\语料库\动物\WikipediaSpiderAnimal\0078.txt 文件处理完毕!
2017-05-23 10:37:20,552 : INFO : D:\Python27_NLP\语料库\动物\WikipediaSpiderAnimal\0079.txt 文件处理完毕!
2017-05-23 10:37:20,558 : INFO : D:\Python27_NLP\语料库\动物\WikipediaSpiderAnimal\0080.txt 文件处理完毕!
2017-05-23 10:37:20,565 : INFO : D:\Python27_NLP\语料库\动物\WikipediaSpiderAnimal\0081.txt 文件处理完毕!
2017-05-23 10:37:20,571 : INFO : D:\Python27_NLP\语料库\动物\WikipediaSpiderAnimal\0082.txt 文件处理完毕!
2017-05-23 10:37:20,578 : INFO : D:\Python27_NLP\语料库\动物\WikipediaSpiderAnimal\0083.txt 文件处理完毕!
2017-05-23 10:37:20,584 : INFO : D:\Python27_NLP\语料库\动物\WikipediaSpiderAnimal\0084.txt 文件处理完毕!
2017-05-23 10:37:20,604 : INFO : D:\Python27_NLP\语料库\动物\WikipediaSpiderAnimal\0085.txt 文件处理完毕!
2017-05-23 10:37:20,612 : INFO : D:\Python27_NLP\语料库\动物\WikipediaSpiderAnimal\0086.txt 文件处理完毕!
2017-05-23 10:37:20,618 : INFO : D:\Python27_NLP\语料库\动物\WikipediaSpiderAnimal\0087.txt 文件处理完毕!
2017-05-23 10:37:20,622 : INFO : D:\Python27_NLP\语料库\动物\WikipediaSpiderAnimal\0088.txt 文件处理完毕!
2017-05-23 10:37:20,627 : INFO : D:\Python27_NLP\语料库\动物\WikipediaSpiderAnimal\0089.txt 文件处理完毕!
2017-05-23 10:37:20,628 : INFO : D:\Python27_NLP\语料库\动物\WikipediaSpiderAnimal\0090.txt 文件处理完毕!
2017-05-23 10:37:20,634 : INFO : D:\Python27_NLP\语料库\动物\WikipediaSpiderAnimal\0091.txt 文件处理完毕!
2017-05-23 10:37:20,638 : INFO : D:\Python27_NLP\语料库\动物\WikipediaSpiderAnimal\0092.txt 文件处理完毕!
2017-05-23 10:37:20,638 : INFO : D:\Python27_NLP\语料库\动物\WikipediaSpiderAnimal\0093.txt 文件处理完毕!
2017-05-23 10:37:20,657 : INFO : D:\Python27_NLP\语料库\动物\WikipediaSpiderAnimal\0094.txt 文件处理完毕!
2017-05-23 10:37:20,664 : INFO : D:\Python27_NLP\语料库\动物\WikipediaSpiderAnimal\0095.txt 文件处理完毕!
2017-05-23 10:37:20,671 : INFO : D:\Python27_NLP\语料库\动物\WikipediaSpiderAnimal\0096.txt 文件处理完毕!
2017-05-23 10:37:20,677 : INFO : D:\Python27_NLP\语料库\动物\WikipediaSpiderAnimal\0097.txt 文件处理完毕!
2017-05-23 10:37:20,683 : INFO : D:\Python27_NLP\语料库\动物\WikipediaSpiderAnimal\0098.txt 文件处理完毕!
2017-05-23 10:37:20,686 : INFO : D:\Python27_NLP\语料库\动物\WikipediaSpiderAnimal\0099.txt 文件处理完毕!
2017-05-23 10:37:20,687 : INFO : D:\Python27_NLP\语料库\动物\WikipediaSpiderAnimal\0100.txt 文件处理完毕!
2017-05-23 10:37:20,688 : INFO : D:\Python27_NLP\语料库\动物
2017-05-23 10:37:20,688 : INFO : D:\Python27_NLP\src\动物\000000.txt
2017-05-23 10:37:20,694 : INFO : 分词已保存至文件 D:\Python27_NLP\src\动物\000000.txt
2017-05-23 10:37:20,694 : INFO : D:\Python27_NLP\src\动物\000001.txt
2017-05-23 10:37:20,698 : INFO : 分词已保存至文件 D:\Python27_NLP\src\动物\000001.txt
2017-05-23 10:37:20,698 : INFO : D:\Python27_NLP\src\动物\000002.txt
2017-05-23 10:37:20,766 : INFO : 分词已保存至文件 D:\Python27_NLP\src\动物\000002.txt
2017-05-23 10:37:20,766 : INFO : D:\Python27_NLP\src\动物\000003.txt
2017-05-23 10:37:20,769 : INFO : 分词已保存至文件 D:\Python27_NLP\src\动物\000003.txt
2017-05-23 10:37:20,769 : INFO : D:\Python27_NLP\src\动物\000004.txt
2017-05-23 10:37:20,773 : INFO : 分词已保存至文件 D:\Python27_NLP\src\动物\000004.txt
2017-05-23 10:37:20,775 : INFO : D:\Python27_NLP\src\动物\000005.txt
2017-05-23 10:37:20,779 : INFO : 分词已保存至文件 D:\Python27_NLP\src\动物\000005.txt
2017-05-23 10:37:20,779 : INFO : D:\Python27_NLP\src\动物\000006.txt
2017-05-23 10:37:20,835 : INFO : 分词已保存至文件 D:\Python27_NLP\src\动物\000006.txt
2017-05-23 10:37:20,835 : INFO : D:\Python27_NLP\src\动物\000007.txt
2017-05-23 10:37:20,841 : INFO : 分词已保存至文件 D:\Python27_NLP\src\动物\000007.txt
2017-05-23 10:37:20,841 : INFO : D:\Python27_NLP\src\动物\000008.txt
2017-05-23 10:37:20,845 : INFO : 分词已保存至文件 D:\Python27_NLP\src\动物\000008.txt
2017-05-23 10:37:20,845 : INFO : D:\Python27_NLP\src\动物\000009.txt
2017-05-23 10:37:20,851 : INFO : 分词已保存至文件 D:\Python27_NLP\src\动物\000009.txt
2017-05-23 10:37:20,851 : INFO : D:\Python27_NLP\src\动物\000011.txt
2017-05-23 10:37:20,855 : INFO : 分词已保存至文件 D:\Python27_NLP\src\动物\000011.txt
2017-05-23 10:37:20,855 : INFO : D:\Python27_NLP\src\动物\000015.txt
2017-05-23 10:37:20,861 : INFO : 分词已保存至文件 D:\Python27_NLP\src\动物\000015.txt
2017-05-23 10:37:20,861 : INFO : D:\Python27_NLP\src\动物\000016.txt
2017-05-23 10:37:20,865 : INFO : 分词已保存至文件 D:\Python27_NLP\src\动物\000016.txt
2017-05-23 10:37:20,865 : INFO : D:\Python27_NLP\src\动物\000017.txt
2017-05-23 10:37:20,871 : INFO : 分词已保存至文件 D:\Python27_NLP\src\动物\000017.txt
2017-05-23 10:37:20,871 : INFO : D:\Python27_NLP\src\动物\000018.txt
2017-05-23 10:37:20,881 : INFO : 分词已保存至文件 D:\Python27_NLP\src\动物\000018.txt
2017-05-23 10:37:20,881 : INFO : D:\Python27_NLP\src\动物\000019.txt
2017-05-23 10:37:20,884 : INFO : 分词已保存至文件 D:\Python27_NLP\src\动物\000019.txt
2017-05-23 10:37:20,885 : INFO : D:\Python27_NLP\src\动物\000020.txt
2017-05-23 10:37:20,891 : INFO : 分词已保存至文件 D:\Python27_NLP\src\动物\000020.txt
2017-05-23 10:37:20,891 : INFO : D:\Python27_NLP\src\动物\000021.txt
2017-05-23 10:37:20,897 : INFO : 分词已保存至文件 D:\Python27_NLP\src\动物\000021.txt
2017-05-23 10:37:20,897 : INFO : D:\Python27_NLP\src\动物\000022.txt
2017-05-23 10:37:20,901 : INFO : 分词已保存至文件 D:\Python27_NLP\src\动物\000022.txt
2017-05-23 10:37:20,903 : INFO : D:\Python27_NLP\src\动物\000023.txt
2017-05-23 10:37:20,908 : INFO : 分词已保存至文件 D:\Python27_NLP\src\动物\000023.txt
2017-05-23 10:37:20,910 : INFO : D:\Python27_NLP\src\动物\000024.txt
2017-05-23 10:37:20,914 : INFO : 分词已保存至文件 D:\Python27_NLP\src\动物\000024.txt
2017-05-23 10:37:20,914 : INFO : D:\Python27_NLP\src\动物\000025.txt
2017-05-23 10:37:20,944 : INFO : 分词已保存至文件 D:\Python27_NLP\src\动物\000025.txt
2017-05-23 10:37:20,944 : INFO : D:\Python27_NLP\src\动物\000026.txt
2017-05-23 10:37:20,963 : INFO : 分词已保存至文件 D:\Python27_NLP\src\动物\000026.txt
2017-05-23 10:37:20,963 : INFO : D:\Python27_NLP\src\动物\000027.txt
2017-05-23 10:37:20,969 : INFO : 分词已保存至文件 D:\Python27_NLP\src\动物\000027.txt
2017-05-23 10:37:20,969 : INFO : D:\Python27_NLP\src\动物\000028.txt
2017-05-23 10:37:20,973 : INFO : 分词已保存至文件 D:\Python27_NLP\src\动物\000028.txt
2017-05-23 10:37:20,973 : INFO : D:\Python27_NLP\src\动物\000029.txt
2017-05-23 10:37:20,979 : INFO : 分词已保存至文件 D:\Python27_NLP\src\动物\000029.txt
2017-05-23 10:37:20,979 : INFO : D:\Python27_NLP\src\动物\000030.txt
2017-05-23 10:37:20,984 : INFO : 分词已保存至文件 D:\Python27_NLP\src\动物\000030.txt
2017-05-23 10:37:20,984 : INFO : D:\Python27_NLP\src\动物\000031.txt
2017-05-23 10:37:20,990 : INFO : 分词已保存至文件 D:\Python27_NLP\src\动物\000031.txt
2017-05-23 10:37:20,990 : INFO : D:\Python27_NLP\src\动物\000032.txt
2017-05-23 10:37:20,996 : INFO : 分词已保存至文件 D:\Python27_NLP\src\动物\000032.txt
2017-05-23 10:37:20,996 : INFO : D:\Python27_NLP\src\动物\000033.txt
2017-05-23 10:37:21,000 : INFO : 分词已保存至文件 D:\Python27_NLP\src\动物\000033.txt
2017-05-23 10:37:21,000 : INFO : D:\Python27_NLP\src\动物\000034.txt
2017-05-23 10:37:21,007 : INFO : 分词已保存至文件 D:\Python27_NLP\src\动物\000034.txt
2017-05-23 10:37:21,009 : INFO : D:\Python27_NLP\src\动物\000035.txt
2017-05-23 10:37:21,013 : INFO : 分词已保存至文件 D:\Python27_NLP\src\动物\000035.txt
2017-05-23 10:37:21,013 : INFO : D:\Python27_NLP\src\动物\000036.txt
2017-05-23 10:37:21,019 : INFO : 分词已保存至文件 D:\Python27_NLP\src\动物\000036.txt
2017-05-23 10:37:21,019 : INFO : D:\Python27_NLP\src\动物\000037.txt
2017-05-23 10:37:21,023 : INFO : 分词已保存至文件 D:\Python27_NLP\src\动物\000037.txt
2017-05-23 10:37:21,023 : INFO : D:\Python27_NLP\src\动物\000038.txt
2017-05-23 10:37:21,035 : INFO : 分词已保存至文件 D:\Python27_NLP\src\动物\000038.txt
2017-05-23 10:37:21,036 : INFO : D:\Python27_NLP\src\动物\000039.txt
2017-05-23 10:37:21,040 : INFO : 分词已保存至文件 D:\Python27_NLP\src\动物\000039.txt
2017-05-23 10:37:21,040 : INFO : D:\Python27_NLP\src\动物\000040.txt
2017-05-23 10:37:21,046 : INFO : 分词已保存至文件 D:\Python27_NLP\src\动物\000040.txt
2017-05-23 10:37:21,046 : INFO : D:\Python27_NLP\src\动物\000041.txt
2017-05-23 10:37:21,051 : INFO : 分词已保存至文件 D:\Python27_NLP\src\动物\000041.txt
2017-05-23 10:37:21,051 : INFO : D:\Python27_NLP\src\动物\000042.txt
2017-05-23 10:37:21,059 : INFO : 分词已保存至文件 D:\Python27_NLP\src\动物\000042.txt
2017-05-23 10:37:21,059 : INFO : D:\Python27_NLP\src\动物\000043.txt
2017-05-23 10:37:21,065 : INFO : 分词已保存至文件 D:\Python27_NLP\src\动物\000043.txt
2017-05-23 10:37:21,065 : INFO : D:\Python27_NLP\src\动物\000044.txt
2017-05-23 10:37:21,069 : INFO : 分词已保存至文件 D:\Python27_NLP\src\动物\000044.txt
2017-05-23 10:37:21,069 : INFO : D:\Python27_NLP\src\动物\000045.txt
2017-05-23 10:37:21,073 : INFO : 分词已保存至文件 D:\Python27_NLP\src\动物\000045.txt
2017-05-23 10:37:21,073 : INFO : D:\Python27_NLP\src\动物\000046.txt
2017-05-23 10:37:21,081 : INFO : 分词已保存至文件 D:\Python27_NLP\src\动物\000046.txt
2017-05-23 10:37:21,081 : INFO : D:\Python27_NLP\src\动物\000047.txt
2017-05-23 10:37:21,085 : INFO : 分词已保存至文件 D:\Python27_NLP\src\动物\000047.txt
2017-05-23 10:37:21,086 : INFO : D:\Python27_NLP\src\动物\000048.txt
2017-05-23 10:37:21,091 : INFO : 分词已保存至文件 D:\Python27_NLP\src\动物\000048.txt
2017-05-23 10:37:21,091 : INFO : D:\Python27_NLP\src\动物\000049.txt
2017-05-23 10:37:21,095 : INFO : 分词已保存至文件 D:\Python27_NLP\src\动物\000049.txt
2017-05-23 10:37:21,095 : INFO : D:\Python27_NLP\src\动物\000050.txt
2017-05-23 10:37:21,115 : INFO : 分词已保存至文件 D:\Python27_NLP\src\动物\000050.txt
2017-05-23 10:37:21,115 : INFO : D:\Python27_NLP\src\动物\000051.txt
2017-05-23 10:37:21,119 : INFO : 分词已保存至文件 D:\Python27_NLP\src\动物\000051.txt
2017-05-23 10:37:21,119 : INFO : D:\Python27_NLP\src\动物\000052.txt
2017-05-23 10:37:21,124 : INFO : 分词已保存至文件 D:\Python27_NLP\src\动物\000052.txt
2017-05-23 10:37:21,124 : INFO : D:\Python27_NLP\src\动物\000053.txt
2017-05-23 10:37:21,128 : INFO : 分词已保存至文件 D:\Python27_NLP\src\动物\000053.txt
2017-05-23 10:37:21,128 : INFO : D:\Python27_NLP\src\动物\000054.txt
2017-05-23 10:37:21,137 : INFO : 分词已保存至文件 D:\Python27_NLP\src\动物\000054.txt
2017-05-23 10:37:21,137 : INFO : D:\Python27_NLP\src\动物\000055.txt
2017-05-23 10:37:21,141 : INFO : 分词已保存至文件 D:\Python27_NLP\src\动物\000055.txt
2017-05-23 10:37:21,142 : INFO : D:\Python27_NLP\src\动物\000056.txt
2017-05-23 10:37:21,147 : INFO : 分词已保存至文件 D:\Python27_NLP\src\动物\000056.txt
2017-05-23 10:37:21,147 : INFO : D:\Python27_NLP\src\动物\000057.txt
2017-05-23 10:37:21,151 : INFO : 分词已保存至文件 D:\Python27_NLP\src\动物\000057.txt
2017-05-23 10:37:21,151 : INFO : D:\Python27_NLP\src\动物\000058.txt
2017-05-23 10:37:21,155 : INFO : 分词已保存至文件 D:\Python27_NLP\src\动物\000058.txt
2017-05-23 10:37:21,157 : INFO : D:\Python27_NLP\src\动物\000059.txt
2017-05-23 10:37:21,161 : INFO : 分词已保存至文件 D:\Python27_NLP\src\动物\000059.txt
2017-05-23 10:37:21,161 : INFO : D:\Python27_NLP\src\动物\000060.txt
2017-05-23 10:37:21,167 : INFO : 分词已保存至文件 D:\Python27_NLP\src\动物\000060.txt
2017-05-23 10:37:21,167 : INFO : D:\Python27_NLP\src\动物\000061.txt
2017-05-23 10:37:21,171 : INFO : 分词已保存至文件 D:\Python27_NLP\src\动物\000061.txt
2017-05-23 10:37:21,171 : INFO : D:\Python27_NLP\src\动物\000062.txt
2017-05-23 10:37:21,190 : INFO : 分词已保存至文件 D:\Python27_NLP\src\动物\000062.txt
2017-05-23 10:37:21,190 : INFO : D:\Python27_NLP\src\动物\000063.txt
2017-05-23 10:37:21,194 : INFO : 分词已保存至文件 D:\Python27_NLP\src\动物\000063.txt
2017-05-23 10:37:21,194 : INFO : D:\Python27_NLP\src\动物\000064.txt
2017-05-23 10:37:21,198 : INFO : 分词已保存至文件 D:\Python27_NLP\src\动物\000064.txt
2017-05-23 10:37:21,198 : INFO : D:\Python27_NLP\src\动物\000065.txt
2017-05-23 10:37:21,203 : INFO : 分词已保存至文件 D:\Python27_NLP\src\动物\000065.txt
2017-05-23 10:37:21,203 : INFO : D:\Python27_NLP\src\动物\000066.txt
2017-05-23 10:37:21,209 : INFO : 分词已保存至文件 D:\Python27_NLP\src\动物\000066.txt
2017-05-23 10:37:21,209 : INFO : D:\Python27_NLP\src\动物\000067.txt
2017-05-23 10:37:21,213 : INFO : 分词已保存至文件 D:\Python27_NLP\src\动物\000067.txt
2017-05-23 10:37:21,213 : INFO : D:\Python27_NLP\src\动物\000068.txt
2017-05-23 10:37:21,217 : INFO : 分词已保存至文件 D:\Python27_NLP\src\动物\000068.txt
2017-05-23 10:37:21,217 : INFO : D:\Python27_NLP\src\动物\000069.txt
2017-05-23 10:37:21,223 : INFO : 分词已保存至文件 D:\Python27_NLP\src\动物\000069.txt
2017-05-23 10:37:21,223 : INFO : D:\Python27_NLP\src\动物\000070.txt
2017-05-23 10:37:21,250 : INFO : 分词已保存至文件 D:\Python27_NLP\src\动物\000070.txt
2017-05-23 10:37:21,250 : INFO : D:\Python27_NLP\src\动物\000071.txt
2017-05-23 10:37:21,253 : INFO : 分词已保存至文件 D:\Python27_NLP\src\动物\000071.txt
2017-05-23 10:37:21,255 : INFO : D:\Python27_NLP\src\动物\000072.txt
2017-05-23 10:37:21,259 : INFO : 分词已保存至文件 D:\Python27_NLP\src\动物\000072.txt
2017-05-23 10:37:21,259 : INFO : D:\Python27_NLP\src\动物\000073.txt
2017-05-23 10:37:21,263 : INFO : 分词已保存至文件 D:\Python27_NLP\src\动物\000073.txt
2017-05-23 10:37:21,263 : INFO : D:\Python27_NLP\src\动物\000074.txt
2017-05-23 10:37:21,269 : INFO : 分词已保存至文件 D:\Python27_NLP\src\动物\000074.txt
2017-05-23 10:37:21,269 : INFO : D:\Python27_NLP\src\动物\000075.txt
2017-05-23 10:37:21,273 : INFO : 分词已保存至文件 D:\Python27_NLP\src\动物\000075.txt
2017-05-23 10:37:21,273 : INFO : D:\Python27_NLP\src\动物\000076.txt
2017-05-23 10:37:21,278 : INFO : 分词已保存至文件 D:\Python27_NLP\src\动物\000076.txt
2017-05-23 10:37:21,278 : INFO : D:\Python27_NLP\src\动物\000078.txt
2017-05-23 10:37:21,282 : INFO : 分词已保存至文件 D:\Python27_NLP\src\动物\000078.txt
2017-05-23 10:37:21,282 : INFO : D:\Python27_NLP\src\动物\000079.txt
2017-05-23 10:37:21,288 : INFO : 分词已保存至文件 D:\Python27_NLP\src\动物\000079.txt
2017-05-23 10:37:21,289 : INFO : D:\Python27_NLP\src\动物\000080.txt
2017-05-23 10:37:21,293 : INFO : 分词已保存至文件 D:\Python27_NLP\src\动物\000080.txt
2017-05-23 10:37:21,293 : INFO : D:\Python27_NLP\src\动物\000081.txt
2017-05-23 10:37:21,299 : INFO : 分词已保存至文件 D:\Python27_NLP\src\动物\000081.txt
2017-05-23 10:37:21,299 : INFO : D:\Python27_NLP\src\动物\000082.txt
2017-05-23 10:37:21,303 : INFO : 分词已保存至文件 D:\Python27_NLP\src\动物\000082.txt
2017-05-23 10:37:21,303 : INFO : D:\Python27_NLP\src\动物\000083.txt
2017-05-23 10:37:21,311 : INFO : 分词已保存至文件 D:\Python27_NLP\src\动物\000083.txt
2017-05-23 10:37:21,311 : INFO : D:\Python27_NLP\src\动物\000084.txt
2017-05-23 10:37:21,315 : INFO : 分词已保存至文件 D:\Python27_NLP\src\动物\000084.txt
2017-05-23 10:37:21,315 : INFO : D:\Python27_NLP\src\动物\000085.txt
2017-05-23 10:37:21,319 : INFO : 分词已保存至文件 D:\Python27_NLP\src\动物\000085.txt
2017-05-23 10:37:21,319 : INFO : D:\Python27_NLP\src\动物\000086.txt
2017-05-23 10:37:21,325 : INFO : 分词已保存至文件 D:\Python27_NLP\src\动物\000086.txt
2017-05-23 10:37:21,325 : INFO : D:\Python27_NLP\src\动物\000087.txt
2017-05-23 10:37:21,332 : INFO : 分词已保存至文件 D:\Python27_NLP\src\动物\000087.txt
2017-05-23 10:37:21,332 : INFO : D:\Python27_NLP\src\动物\000088.txt
2017-05-23 10:37:21,338 : INFO : 分词已保存至文件 D:\Python27_NLP\src\动物\000088.txt
2017-05-23 10:37:21,338 : INFO : D:\Python27_NLP\src\动物\000089.txt
2017-05-23 10:37:21,342 : INFO : 分词已保存至文件 D:\Python27_NLP\src\动物\000089.txt
2017-05-23 10:37:21,342 : INFO : D:\Python27_NLP\src\动物\000090.txt
2017-05-23 10:37:21,348 : INFO : 分词已保存至文件 D:\Python27_NLP\src\动物\000090.txt
2017-05-23 10:37:21,348 : INFO : D:\Python27_NLP\src\动物\000091.txt
2017-05-23 10:37:21,358 : INFO : 分词已保存至文件 D:\Python27_NLP\src\动物\000091.txt
2017-05-23 10:37:21,358 : INFO : D:\Python27_NLP\src\动物\000092.txt
2017-05-23 10:37:21,364 : INFO : 分词已保存至文件 D:\Python27_NLP\src\动物\000092.txt
2017-05-23 10:37:21,364 : INFO : D:\Python27_NLP\src\动物\000093.txt
2017-05-23 10:37:21,368 : INFO : 分词已保存至文件 D:\Python27_NLP\src\动物\000093.txt
2017-05-23 10:37:21,368 : INFO : D:\Python27_NLP\src\动物\000094.txt
2017-05-23 10:37:21,372 : INFO : 分词已保存至文件 D:\Python27_NLP\src\动物\000094.txt
2017-05-23 10:37:21,372 : INFO : D:\Python27_NLP\src\动物\000095.txt
2017-05-23 10:37:21,378 : INFO : 分词已保存至文件 D:\Python27_NLP\src\动物\000095.txt
2017-05-23 10:37:21,378 : INFO : D:\Python27_NLP\src\动物\000096.txt
2017-05-23 10:37:21,384 : INFO : 分词已保存至文件 D:\Python27_NLP\src\动物\000096.txt
2017-05-23 10:37:21,384 : INFO : D:\Python27_NLP\src\动物\000098.txt
2017-05-23 10:37:21,388 : INFO : 分词已保存至文件 D:\Python27_NLP\src\动物\000098.txt
2017-05-23 10:37:21,388 : INFO : D:\Python27_NLP\src\动物\000099.txt
2017-05-23 10:37:21,394 : INFO : 分词已保存至文件 D:\Python27_NLP\src\动物\000099.txt
2017-05-23 10:37:21,394 : INFO : D:\Python27_NLP\src\动物\000100.txt
2017-05-23 10:37:21,480 : INFO : 分词已保存至文件 D:\Python27_NLP\src\动物\000100.txt
2017-05-23 10:37:21,480 : INFO : D:\Python27_NLP\src\动物\000101.txt
2017-05-23 10:37:21,490 : INFO : 分词已保存至文件 D:\Python27_NLP\src\动物\000101.txt
2017-05-23 10:37:21,492 : INFO : D:\Python27_NLP\src\动物\000102.txt
2017-05-23 10:37:21,500 : INFO : 分词已保存至文件 D:\Python27_NLP\src\动物\000102.txt
2017-05-23 10:37:21,500 : INFO : D:\Python27_NLP\src\动物\000103.txt
2017-05-23 10:37:21,503 : INFO : 分词已保存至文件 D:\Python27_NLP\src\动物\000103.txt
2017-05-23 10:37:21,503 : INFO : D:\Python27_NLP\src\动物\000104.txt
2017-05-23 10:37:21,513 : INFO : 分词已保存至文件 D:\Python27_NLP\src\动物\000104.txt
2017-05-23 10:37:21,513 : INFO : D:\Python27_NLP\src\动物\000105.txt
2017-05-23 10:37:21,519 : INFO : 分词已保存至文件 D:\Python27_NLP\src\动物\000105.txt
2017-05-23 10:37:21,519 : INFO : D:\Python27_NLP\src\动物\000106.txt
2017-05-23 10:37:21,523 : INFO : 分词已保存至文件 D:\Python27_NLP\src\动物\000106.txt
2017-05-23 10:37:21,525 : INFO : D:\Python27_NLP\src\动物\000107.txt
2017-05-23 10:37:21,529 : INFO : 分词已保存至文件 D:\Python27_NLP\src\动物\000107.txt
2017-05-23 10:37:21,529 : INFO : D:\Python27_NLP\src\动物\000108.txt
2017-05-23 10:37:21,540 : INFO : 分词已保存至文件 D:\Python27_NLP\src\动物\000108.txt
2017-05-23 10:37:21,542 : INFO : D:\Python27_NLP\src\动物\000109.txt
2017-05-23 10:37:21,546 : INFO : 分词已保存至文件 D:\Python27_NLP\src\动物\000109.txt
2017-05-23 10:37:21,546 : INFO : D:\Python27_NLP\src\动物\000110.txt
2017-05-23 10:37:21,549 : INFO : 分词已保存至文件 D:\Python27_NLP\src\动物\000110.txt
2017-05-23 10:37:21,551 : INFO : D:\Python27_NLP\src\动物\000111.txt
2017-05-23 10:37:21,555 : INFO : 分词已保存至文件 D:\Python27_NLP\src\动物\000111.txt
2017-05-23 10:37:21,555 : INFO : D:\Python27_NLP\src\动物\000112.txt
2017-05-23 10:37:21,575 : INFO : 分词已保存至文件 D:\Python27_NLP\src\动物\000112.txt
2017-05-23 10:37:21,575 : INFO : D:\Python27_NLP\src\动物\000113.txt
2017-05-23 10:37:21,581 : INFO : 分词已保存至文件 D:\Python27_NLP\src\动物\000113.txt
2017-05-23 10:37:21,581 : INFO : D:\Python27_NLP\src\动物\000114.txt
2017-05-23 10:37:21,585 : INFO : 分词已保存至文件 D:\Python27_NLP\src\动物\000114.txt
2017-05-23 10:37:21,585 : INFO : D:\Python27_NLP\src\动物\000115.txt
2017-05-23 10:37:21,591 : INFO : 分词已保存至文件 D:\Python27_NLP\src\动物\000115.txt
2017-05-23 10:37:21,592 : INFO : D:\Python27_NLP\src\动物\000116.txt
2017-05-23 10:37:21,608 : INFO : 分词已保存至文件 D:\Python27_NLP\src\动物\000116.txt
2017-05-23 10:37:21,608 : INFO : D:\Python27_NLP\src\动物\000117.txt
2017-05-23 10:37:21,611 : INFO : 分词已保存至文件 D:\Python27_NLP\src\动物\000117.txt
2017-05-23 10:37:21,611 : INFO : D:\Python27_NLP\src\动物\000118.txt
2017-05-23 10:37:21,617 : INFO : 分词已保存至文件 D:\Python27_NLP\src\动物\000118.txt
2017-05-23 10:37:21,617 : INFO : D:\Python27_NLP\src\动物\000119.txt
2017-05-23 10:37:21,621 : INFO : 分词已保存至文件 D:\Python27_NLP\src\动物\000119.txt
2017-05-23 10:37:21,621 : INFO : D:\Python27_NLP\src\动物\000120.txt
2017-05-23 10:37:21,627 : INFO : 分词已保存至文件 D:\Python27_NLP\src\动物\000120.txt
2017-05-23 10:37:21,627 : INFO : D:\Python27_NLP\src\动物\000121.txt
2017-05-23 10:37:21,631 : INFO : 分词已保存至文件 D:\Python27_NLP\src\动物\000121.txt
2017-05-23 10:37:21,631 : INFO : D:\Python27_NLP\src\动物\000122.txt
2017-05-23 10:37:21,637 : INFO : 分词已保存至文件 D:\Python27_NLP\src\动物\000122.txt
2017-05-23 10:37:21,637 : INFO : D:\Python27_NLP\src\动物\000123.txt
2017-05-23 10:37:21,641 : INFO : 分词已保存至文件 D:\Python27_NLP\src\动物\000123.txt
2017-05-23 10:37:21,642 : INFO : D:\Python27_NLP\src\动物\000124.txt
2017-05-23 10:37:21,676 : INFO : 分词已保存至文件 D:\Python27_NLP\src\动物\000124.txt
2017-05-23 10:37:21,676 : INFO : D:\Python27_NLP\src\动物\000125.txt
2017-05-23 10:37:21,680 : INFO : 分词已保存至文件 D:\Python27_NLP\src\动物\000125.txt
2017-05-23 10:37:21,680 : INFO : D:\Python27_NLP\src\动物\000126.txt
2017-05-23 10:37:21,684 : INFO : 分词已保存至文件 D:\Python27_NLP\src\动物\000126.txt
2017-05-23 10:37:21,684 : INFO : D:\Python27_NLP\src\动物\000127.txt
2017-05-23 10:37:21,690 : INFO : 分词已保存至文件 D:\Python27_NLP\src\动物\000127.txt
2017-05-23 10:37:21,690 : INFO : D:\Python27_NLP\src\动物\000128.txt
2017-05-23 10:37:21,700 : INFO : 分词已保存至文件 D:\Python27_NLP\src\动物\000128.txt
2017-05-23 10:37:21,700 : INFO : D:\Python27_NLP\src\动物\000129.txt
2017-05-23 10:37:21,706 : INFO : 分词已保存至文件 D:\Python27_NLP\src\动物\000129.txt
2017-05-23 10:37:21,707 : INFO : D:\Python27_NLP\src\动物\000130.txt
2017-05-23 10:37:21,732 : INFO : 分词已保存至文件 D:\Python27_NLP\src\动物\000130.txt
2017-05-23 10:37:21,732 : INFO : D:\Python27_NLP\src\动物\000131.txt
2017-05-23 10:37:21,737 : INFO : 分词已保存至文件 D:\Python27_NLP\src\动物\000131.txt
2017-05-23 10:37:21,737 : INFO : D:\Python27_NLP\src\动物\000132.txt
2017-05-23 10:37:21,750 : INFO : 分词已保存至文件 D:\Python27_NLP\src\动物\000132.txt
2017-05-23 10:37:21,750 : INFO : D:\Python27_NLP\src\动物\000133.txt
2017-05-23 10:37:21,756 : INFO : 分词已保存至文件 D:\Python27_NLP\src\动物\000133.txt
2017-05-23 10:37:21,756 : INFO : D:\Python27_NLP\src\动物\000134.txt
2017-05-23 10:37:21,760 : INFO : 分词已保存至文件 D:\Python27_NLP\src\动物\000134.txt
2017-05-23 10:37:21,760 : INFO : D:\Python27_NLP\src\动物\000135.txt
2017-05-23 10:37:21,766 : INFO : 分词已保存至文件 D:\Python27_NLP\src\动物\000135.txt
2017-05-23 10:37:21,766 : INFO : D:\Python27_NLP\src\动物\000136.txt
2017-05-23 10:37:21,779 : INFO : 分词已保存至文件 D:\Python27_NLP\src\动物\000136.txt
2017-05-23 10:37:21,779 : INFO : D:\Python27_NLP\src\动物\000137.txt
2017-05-23 10:37:21,783 : INFO : 分词已保存至文件 D:\Python27_NLP\src\动物\000137.txt
2017-05-23 10:37:21,783 : INFO : D:\Python27_NLP\src\动物\000138.txt
2017-05-23 10:37:21,789 : INFO : 分词已保存至文件 D:\Python27_NLP\src\动物\000138.txt
2017-05-23 10:37:21,789 : INFO : D:\Python27_NLP\src\动物\000139.txt
2017-05-23 10:37:21,795 : INFO : 分词已保存至文件 D:\Python27_NLP\src\动物\000139.txt
2017-05-23 10:37:21,795 : INFO : D:\Python27_NLP\src\动物\000140.txt
2017-05-23 10:37:21,802 : INFO : 分词已保存至文件 D:\Python27_NLP\src\动物\000140.txt
2017-05-23 10:37:21,802 : INFO : D:\Python27_NLP\src\动物\000141.txt
2017-05-23 10:37:21,806 : INFO : 分词已保存至文件 D:\Python27_NLP\src\动物\000141.txt
2017-05-23 10:37:21,808 : INFO : D:\Python27_NLP\src\动物\000142.txt
2017-05-23 10:37:21,812 : INFO : 分词已保存至文件 D:\Python27_NLP\src\动物\000142.txt
2017-05-23 10:37:21,812 : INFO : D:\Python27_NLP\src\动物\000143.txt
2017-05-23 10:37:21,818 : INFO : 分词已保存至文件 D:\Python27_NLP\src\动物\000143.txt
2017-05-23 10:37:21,818 : INFO : D:\Python27_NLP\src\动物\000144.txt
2017-05-23 10:37:21,831 : INFO : 分词已保存至文件 D:\Python27_NLP\src\动物\000144.txt
2017-05-23 10:37:21,832 : INFO : D:\Python27_NLP\src\动物\000145.txt
2017-05-23 10:37:21,835 : INFO : 分词已保存至文件 D:\Python27_NLP\src\动物\000145.txt
2017-05-23 10:37:21,835 : INFO : D:\Python27_NLP\src\动物\000146.txt
2017-05-23 10:37:21,839 : INFO : 分词已保存至文件 D:\Python27_NLP\src\动物\000146.txt
2017-05-23 10:37:21,839 : INFO : D:\Python27_NLP\src\动物\000147.txt
2017-05-23 10:37:21,845 : INFO : 分词已保存至文件 D:\Python27_NLP\src\动物\000147.txt
2017-05-23 10:37:21,845 : INFO : D:\Python27_NLP\src\动物\000148.txt
2017-05-23 10:37:21,854 : INFO : 分词已保存至文件 D:\Python27_NLP\src\动物\000148.txt
2017-05-23 10:37:21,855 : INFO : D:\Python27_NLP\src\动物\000149.txt
2017-05-23 10:37:21,858 : INFO : 分词已保存至文件 D:\Python27_NLP\src\动物\000149.txt
2017-05-23 10:37:21,858 : INFO : D:\Python27_NLP\src\动物\000150.txt
2017-05-23 10:37:21,864 : INFO : 分词已保存至文件 D:\Python27_NLP\src\动物\000150.txt
2017-05-23 10:37:21,864 : INFO : D:\Python27_NLP\src\动物\000151.txt
2017-05-23 10:37:21,868 : INFO : 分词已保存至文件 D:\Python27_NLP\src\动物\000151.txt
2017-05-23 10:37:21,868 : INFO : D:\Python27_NLP\src\动物\000152.txt
2017-05-23 10:37:21,878 : INFO : 分词已保存至文件 D:\Python27_NLP\src\动物\000152.txt
2017-05-23 10:37:21,878 : INFO : D:\Python27_NLP\src\动物\000153.txt
2017-05-23 10:37:21,884 : INFO : 分词已保存至文件 D:\Python27_NLP\src\动物\000153.txt
2017-05-23 10:37:21,884 : INFO : D:\Python27_NLP\src\动物\000154.txt
2017-05-23 10:37:21,888 : INFO : 分词已保存至文件 D:\Python27_NLP\src\动物\000154.txt
2017-05-23 10:37:21,888 : INFO : D:\Python27_NLP\src\动物\000155.txt
2017-05-23 10:37:21,892 : INFO : 分词已保存至文件 D:\Python27_NLP\src\动物\000155.txt
2017-05-23 10:37:21,894 : INFO : D:\Python27_NLP\src\动物\000156.txt
2017-05-23 10:37:21,903 : INFO : 分词已保存至文件 D:\Python27_NLP\src\动物\000156.txt
2017-05-23 10:37:21,903 : INFO : D:\Python27_NLP\src\动物\000157.txt
2017-05-23 10:37:21,907 : INFO : 分词已保存至文件 D:\Python27_NLP\src\动物\000157.txt
2017-05-23 10:37:21,907 : INFO : D:\Python27_NLP\src\动物\000158.txt
2017-05-23 10:37:21,911 : INFO : 分词已保存至文件 D:\Python27_NLP\src\动物\000158.txt
2017-05-23 10:37:21,911 : INFO : D:\Python27_NLP\src\动物\000159.txt
2017-05-23 10:37:21,917 : INFO : 分词已保存至文件 D:\Python27_NLP\src\动物\000159.txt
2017-05-23 10:37:21,917 : INFO : D:\Python27_NLP\src\动物\000160.txt
2017-05-23 10:37:21,924 : INFO : 分词已保存至文件 D:\Python27_NLP\src\动物\000160.txt
2017-05-23 10:37:21,924 : INFO : D:\Python27_NLP\src\动物\000161.txt
2017-05-23 10:37:21,928 : INFO : 分词已保存至文件 D:\Python27_NLP\src\动物\000161.txt
2017-05-23 10:37:21,928 : INFO : D:\Python27_NLP\src\动物\000162.txt
2017-05-23 10:37:21,933 : INFO : 分词已保存至文件 D:\Python27_NLP\src\动物\000162.txt
2017-05-23 10:37:21,933 : INFO : D:\Python27_NLP\src\动物\000163.txt
2017-05-23 10:37:21,937 : INFO : 分词已保存至文件 D:\Python27_NLP\src\动物\000163.txt
2017-05-23 10:37:21,937 : INFO : D:\Python27_NLP\src\动物\000164.txt
2017-05-23 10:37:21,947 : INFO : 分词已保存至文件 D:\Python27_NLP\src\动物\000164.txt
2017-05-23 10:37:21,947 : INFO : D:\Python27_NLP\src\动物\000165.txt
2017-05-23 10:37:21,951 : INFO : 分词已保存至文件 D:\Python27_NLP\src\动物\000165.txt
2017-05-23 10:37:21,951 : INFO : D:\Python27_NLP\src\动物\000166.txt
2017-05-23 10:37:21,957 : INFO : 分词已保存至文件 D:\Python27_NLP\src\动物\000166.txt
2017-05-23 10:37:21,957 : INFO : D:\Python27_NLP\src\动物\000167.txt
2017-05-23 10:37:21,960 : INFO : 分词已保存至文件 D:\Python27_NLP\src\动物\000167.txt
2017-05-23 10:37:21,960 : INFO : D:\Python27_NLP\src\动物\000168.txt
2017-05-23 10:37:21,970 : INFO : 分词已保存至文件 D:\Python27_NLP\src\动物\000168.txt
2017-05-23 10:37:21,970 : INFO : D:\Python27_NLP\src\动物\000169.txt
2017-05-23 10:37:21,974 : INFO : 分词已保存至文件 D:\Python27_NLP\src\动物\000169.txt
2017-05-23 10:37:21,976 : INFO : D:\Python27_NLP\src\动物\000170.txt
2017-05-23 10:37:21,979 : INFO : 分词已保存至文件 D:\Python27_NLP\src\动物\000170.txt
2017-05-23 10:37:21,979 : INFO : D:\Python27_NLP\src\动物\000171.txt
2017-05-23 10:37:21,984 : INFO : 分词已保存至文件 D:\Python27_NLP\src\动物\000171.txt
2017-05-23 10:37:21,984 : INFO : D:\Python27_NLP\src\动物\000172.txt
2017-05-23 10:37:21,992 : INFO : 分词已保存至文件 D:\Python27_NLP\src\动物\000172.txt
2017-05-23 10:37:21,993 : INFO : D:\Python27_NLP\src\动物\000173.txt
2017-05-23 10:37:21,997 : INFO : 分词已保存至文件 D:\Python27_NLP\src\动物\000173.txt
2017-05-23 10:37:21,997 : INFO : D:\Python27_NLP\src\动物\000174.txt
2017-05-23 10:37:22,002 : INFO : 分词已保存至文件 D:\Python27_NLP\src\动物\000174.txt
2017-05-23 10:37:22,002 : INFO : D:\Python27_NLP\src\动物\000175.txt
2017-05-23 10:37:22,006 : INFO : 分词已保存至文件 D:\Python27_NLP\src\动物\000175.txt
2017-05-23 10:37:22,006 : INFO : D:\Python27_NLP\src\动物\000176.txt
2017-05-23 10:37:22,015 : INFO : 分词已保存至文件 D:\Python27_NLP\src\动物\000176.txt
2017-05-23 10:37:22,015 : INFO : D:\Python27_NLP\src\动物\000177.txt
2017-05-23 10:37:22,019 : INFO : 分词已保存至文件 D:\Python27_NLP\src\动物\000177.txt
2017-05-23 10:37:22,019 : INFO : D:\Python27_NLP\src\动物\000178.txt
2017-05-23 10:37:22,025 : INFO : 分词已保存至文件 D:\Python27_NLP\src\动物\000178.txt
2017-05-23 10:37:22,025 : INFO : D:\Python27_NLP\src\动物\000179.txt
2017-05-23 10:37:22,029 : INFO : 分词已保存至文件 D:\Python27_NLP\src\动物\000179.txt
2017-05-23 10:37:22,029 : INFO : D:\Python27_NLP\src\动物\000180.txt
2017-05-23 10:37:22,036 : INFO : 分词已保存至文件 D:\Python27_NLP\src\动物\000180.txt
2017-05-23 10:37:22,036 : INFO : D:\Python27_NLP\src\动物\000181.txt
2017-05-23 10:37:22,040 : INFO : 分词已保存至文件 D:\Python27_NLP\src\动物\000181.txt
2017-05-23 10:37:22,042 : INFO : D:\Python27_NLP\src\动物\000182.txt
2017-05-23 10:37:22,046 : INFO : 分词已保存至文件 D:\Python27_NLP\src\动物\000182.txt
2017-05-23 10:37:22,046 : INFO : D:\Python27_NLP\src\动物\000183.txt
2017-05-23 10:37:22,052 : INFO : 分词已保存至文件 D:\Python27_NLP\src\动物\000183.txt
2017-05-23 10:37:22,052 : INFO : D:\Python27_NLP\src\动物\000184.txt
2017-05-23 10:37:22,065 : INFO : 分词已保存至文件 D:\Python27_NLP\src\动物\000184.txt
2017-05-23 10:37:22,066 : INFO : D:\Python27_NLP\src\动物\000185.txt
2017-05-23 10:37:22,072 : INFO : 分词已保存至文件 D:\Python27_NLP\src\动物\000185.txt
2017-05-23 10:37:22,072 : INFO : D:\Python27_NLP\src\动物\000186.txt
2017-05-23 10:37:22,076 : INFO : 分词已保存至文件 D:\Python27_NLP\src\动物\000186.txt
2017-05-23 10:37:22,076 : INFO : D:\Python27_NLP\src\动物\000187.txt
2017-05-23 10:37:22,082 : INFO : 分词已保存至文件 D:\Python27_NLP\src\动物\000187.txt
2017-05-23 10:37:22,082 : INFO : D:\Python27_NLP\src\动物\000188.txt
2017-05-23 10:37:22,088 : INFO : 分词已保存至文件 D:\Python27_NLP\src\动物\000188.txt
2017-05-23 10:37:22,088 : INFO : D:\Python27_NLP\src\动物\000189.txt
2017-05-23 10:37:22,094 : INFO : 分词已保存至文件 D:\Python27_NLP\src\动物\000189.txt
2017-05-23 10:37:22,094 : INFO : D:\Python27_NLP\src\动物\000190.txt
2017-05-23 10:37:22,098 : INFO : 分词已保存至文件 D:\Python27_NLP\src\动物\000190.txt
2017-05-23 10:37:22,098 : INFO : D:\Python27_NLP\src\动物\000191.txt
2017-05-23 10:37:22,102 : INFO : 分词已保存至文件 D:\Python27_NLP\src\动物\000191.txt
2017-05-23 10:37:22,102 : INFO : D:\Python27_NLP\src\动物\000192.txt
2017-05-23 10:37:22,131 : INFO : 分词已保存至文件 D:\Python27_NLP\src\动物\000192.txt
2017-05-23 10:37:22,131 : INFO : D:\Python27_NLP\src\动物\000193.txt
2017-05-23 10:37:22,155 : INFO : 分词已保存至文件 D:\Python27_NLP\src\动物\000193.txt
2017-05-23 10:37:22,157 : INFO : D:\Python27_NLP\src\动物\000194.txt
2017-05-23 10:37:22,161 : INFO : 分词已保存至文件 D:\Python27_NLP\src\动物\000194.txt
2017-05-23 10:37:22,161 : INFO : D:\Python27_NLP\src\动物\000195.txt
2017-05-23 10:37:22,165 : INFO : 分词已保存至文件 D:\Python27_NLP\src\动物\000195.txt
2017-05-23 10:37:22,165 : INFO : D:\Python27_NLP\src\动物\000196.txt
2017-05-23 10:37:22,180 : INFO : 分词已保存至文件 D:\Python27_NLP\src\动物\000196.txt
2017-05-23 10:37:22,180 : INFO : D:\Python27_NLP\src\动物\000197.txt
2017-05-23 10:37:22,184 : INFO : 分词已保存至文件 D:\Python27_NLP\src\动物\000197.txt
2017-05-23 10:37:22,184 : INFO : D:\Python27_NLP\src\动物\000198.txt
2017-05-23 10:37:22,190 : INFO : 分词已保存至文件 D:\Python27_NLP\src\动物\000198.txt
2017-05-23 10:37:22,190 : INFO : D:\Python27_NLP\src\动物\000199.txt
2017-05-23 10:37:22,194 : INFO : 分词已保存至文件 D:\Python27_NLP\src\动物\000199.txt
2017-05-23 10:37:22,194 : INFO : D:\Python27_NLP\src\动物\000200.txt
2017-05-23 10:37:22,198 : INFO : 分词已保存至文件 D:\Python27_NLP\src\动物\000200.txt
2017-05-23 10:37:22,198 : INFO : D:\Python27_NLP\src\动物\000201.txt
2017-05-23 10:37:22,201 : INFO : 分词已保存至文件 D:\Python27_NLP\src\动物\000201.txt
2017-05-23 10:37:22,203 : INFO : D:\Python27_NLP\src\动物\000202.txt
2017-05-23 10:37:22,206 : INFO : 分词已保存至文件 D:\Python27_NLP\src\动物\000202.txt
2017-05-23 10:37:22,207 : INFO : D:\Python27_NLP\src\动物\000203.txt
2017-05-23 10:37:22,210 : INFO : 分词已保存至文件 D:\Python27_NLP\src\动物\000203.txt
2017-05-23 10:37:22,210 : INFO : D:\Python27_NLP\src\动物\000204.txt
2017-05-23 10:37:22,220 : INFO : 分词已保存至文件 D:\Python27_NLP\src\动物\000204.txt
2017-05-23 10:37:22,220 : INFO : D:\Python27_NLP\src\动物\000205.txt
2017-05-23 10:37:22,223 : INFO : 分词已保存至文件 D:\Python27_NLP\src\动物\000205.txt
2017-05-23 10:37:22,223 : INFO : D:\Python27_NLP\src\动物\000206.txt
2017-05-23 10:37:22,227 : INFO : 分词已保存至文件 D:\Python27_NLP\src\动物\000206.txt
2017-05-23 10:37:22,227 : INFO : D:\Python27_NLP\src\动物\000207.txt
2017-05-23 10:37:22,230 : INFO : 分词已保存至文件 D:\Python27_NLP\src\动物\000207.txt
2017-05-23 10:37:22,232 : INFO : D:\Python27_NLP\src\动物\000208.txt
2017-05-23 10:37:22,239 : INFO : 分词已保存至文件 D:\Python27_NLP\src\动物\000208.txt
2017-05-23 10:37:22,239 : INFO : D:\Python27_NLP\src\动物\000209.txt
2017-05-23 10:37:22,243 : INFO : 分词已保存至文件 D:\Python27_NLP\src\动物\000209.txt
2017-05-23 10:37:22,243 : INFO : D:\Python27_NLP\src\动物\000210.txt
2017-05-23 10:37:22,246 : INFO : 分词已保存至文件 D:\Python27_NLP\src\动物\000210.txt
2017-05-23 10:37:22,246 : INFO : D:\Python27_NLP\src\动物\000211.txt
2017-05-23 10:37:22,250 : INFO : 分词已保存至文件 D:\Python27_NLP\src\动物\000211.txt
2017-05-23 10:37:22,250 : INFO : D:\Python27_NLP\src\动物\000212.txt
2017-05-23 10:37:22,257 : INFO : 分词已保存至文件 D:\Python27_NLP\src\动物\000212.txt
2017-05-23 10:37:22,257 : INFO : D:\Python27_NLP\src\动物\000213.txt
2017-05-23 10:37:22,262 : INFO : 分词已保存至文件 D:\Python27_NLP\src\动物\000213.txt
2017-05-23 10:37:22,262 : INFO : D:\Python27_NLP\src\动物\000214.txt
2017-05-23 10:37:22,266 : INFO : 分词已保存至文件 D:\Python27_NLP\src\动物\000214.txt
2017-05-23 10:37:22,266 : INFO : D:\Python27_NLP\src\动物\000215.txt
2017-05-23 10:37:22,269 : INFO : 分词已保存至文件 D:\Python27_NLP\src\动物\000215.txt
2017-05-23 10:37:22,269 : INFO : D:\Python27_NLP\src\动物\000216.txt
2017-05-23 10:37:22,275 : INFO : 分词已保存至文件 D:\Python27_NLP\src\动物\000216.txt
2017-05-23 10:37:22,275 : INFO : D:\Python27_NLP\src\动物\000217.txt
2017-05-23 10:37:22,279 : INFO : 分词已保存至文件 D:\Python27_NLP\src\动物\000217.txt
2017-05-23 10:37:22,279 : INFO : D:\Python27_NLP\src\动物\000218.txt
2017-05-23 10:37:22,282 : INFO : 分词已保存至文件 D:\Python27_NLP\src\动物\000218.txt
2017-05-23 10:37:22,282 : INFO : D:\Python27_NLP\src\动物\000219.txt
2017-05-23 10:37:22,286 : INFO : 分词已保存至文件 D:\Python27_NLP\src\动物\000219.txt
2017-05-23 10:37:22,286 : INFO : D:\Python27_NLP\src\动物\000220.txt
2017-05-23 10:37:22,292 : INFO : 分词已保存至文件 D:\Python27_NLP\src\动物\000220.txt
2017-05-23 10:37:22,292 : INFO : D:\Python27_NLP\src\动物\000221.txt
2017-05-23 10:37:22,295 : INFO : 分词已保存至文件 D:\Python27_NLP\src\动物\000221.txt
2017-05-23 10:37:22,296 : INFO : D:\Python27_NLP\src\动物\000222.txt
2017-05-23 10:37:22,299 : INFO : 分词已保存至文件 D:\Python27_NLP\src\动物\000222.txt
2017-05-23 10:37:22,299 : INFO : D:\Python27_NLP\src\动物\000223.txt
2017-05-23 10:37:22,302 : INFO : 分词已保存至文件 D:\Python27_NLP\src\动物\000223.txt
2017-05-23 10:37:22,303 : INFO : D:\Python27_NLP\src\动物\000224.txt
2017-05-23 10:37:22,312 : INFO : 分词已保存至文件 D:\Python27_NLP\src\动物\000224.txt
2017-05-23 10:37:22,312 : INFO : D:\Python27_NLP\src\动物\000225.txt
2017-05-23 10:37:22,315 : INFO : 分词已保存至文件 D:\Python27_NLP\src\动物\000225.txt
2017-05-23 10:37:22,315 : INFO : D:\Python27_NLP\src\动物\000226.txt
2017-05-23 10:37:22,319 : INFO : 分词已保存至文件 D:\Python27_NLP\src\动物\000226.txt
2017-05-23 10:37:22,319 : INFO : D:\Python27_NLP\src\动物\000227.txt
2017-05-23 10:37:22,322 : INFO : 分词已保存至文件 D:\Python27_NLP\src\动物\000227.txt
2017-05-23 10:37:22,322 : INFO : D:\Python27_NLP\src\动物\000228.txt
2017-05-23 10:37:22,329 : INFO : 分词已保存至文件 D:\Python27_NLP\src\动物\000228.txt
2017-05-23 10:37:22,329 : INFO : D:\Python27_NLP\src\动物\000229.txt
2017-05-23 10:37:22,332 : INFO : 分词已保存至文件 D:\Python27_NLP\src\动物\000229.txt
2017-05-23 10:37:22,332 : INFO : D:\Python27_NLP\src\动物\000230.txt
2017-05-23 10:37:22,336 : INFO : 分词已保存至文件 D:\Python27_NLP\src\动物\000230.txt
2017-05-23 10:37:22,338 : INFO : D:\Python27_NLP\src\动物\000231.txt
2017-05-23 10:37:22,341 : INFO : 分词已保存至文件 D:\Python27_NLP\src\动物\000231.txt
2017-05-23 10:37:22,341 : INFO : D:\Python27_NLP\src\动物\000232.txt
2017-05-23 10:37:22,349 : INFO : 分词已保存至文件 D:\Python27_NLP\src\动物\000232.txt
2017-05-23 10:37:22,349 : INFO : D:\Python27_NLP\src\动物\000233.txt
2017-05-23 10:37:22,352 : INFO : 分词已保存至文件 D:\Python27_NLP\src\动物\000233.txt
2017-05-23 10:37:22,352 : INFO : D:\Python27_NLP\src\动物\000234.txt
2017-05-23 10:37:22,357 : INFO : 分词已保存至文件 D:\Python27_NLP\src\动物\000234.txt
2017-05-23 10:37:22,357 : INFO : D:\Python27_NLP\src\动物\000235.txt
2017-05-23 10:37:22,361 : INFO : 分词已保存至文件 D:\Python27_NLP\src\动物\000235.txt
2017-05-23 10:37:22,361 : INFO : D:\Python27_NLP\src\动物\000236.txt
2017-05-23 10:37:22,368 : INFO : 分词已保存至文件 D:\Python27_NLP\src\动物\000236.txt
2017-05-23 10:37:22,368 : INFO : D:\Python27_NLP\src\动物\000237.txt
2017-05-23 10:37:22,371 : INFO : 分词已保存至文件 D:\Python27_NLP\src\动物\000237.txt
2017-05-23 10:37:22,371 : INFO : D:\Python27_NLP\src\动物\000238.txt
2017-05-23 10:37:22,375 : INFO : 分词已保存至文件 D:\Python27_NLP\src\动物\000238.txt
2017-05-23 10:37:22,375 : INFO : D:\Python27_NLP\src\动物\000239.txt
2017-05-23 10:37:22,378 : INFO : 分词已保存至文件 D:\Python27_NLP\src\动物\000239.txt
2017-05-23 10:37:22,380 : INFO : D:\Python27_NLP\src\动物\000240.txt
2017-05-23 10:37:22,387 : INFO : 分词已保存至文件 D:\Python27_NLP\src\动物\000240.txt
2017-05-23 10:37:22,387 : INFO : D:\Python27_NLP\src\动物\000241.txt
2017-05-23 10:37:22,390 : INFO : 分词已保存至文件 D:\Python27_NLP\src\动物\000241.txt
2017-05-23 10:37:22,390 : INFO : D:\Python27_NLP\src\动物\000242.txt
2017-05-23 10:37:22,394 : INFO : 分词已保存至文件 D:\Python27_NLP\src\动物\000242.txt
2017-05-23 10:37:22,394 : INFO : D:\Python27_NLP\src\动物\000243.txt
2017-05-23 10:37:22,397 : INFO : 分词已保存至文件 D:\Python27_NLP\src\动物\000243.txt
2017-05-23 10:37:22,397 : INFO : D:\Python27_NLP\src\动物\000244.txt
2017-05-23 10:37:22,408 : INFO : 分词已保存至文件 D:\Python27_NLP\src\动物\000244.txt
2017-05-23 10:37:22,408 : INFO : D:\Python27_NLP\src\动物\000245.txt
2017-05-23 10:37:22,411 : INFO : 分词已保存至文件 D:\Python27_NLP\src\动物\000245.txt
2017-05-23 10:37:22,411 : INFO : D:\Python27_NLP\src\动物\000246.txt
2017-05-23 10:37:22,415 : INFO : 分词已保存至文件 D:\Python27_NLP\src\动物\000246.txt
2017-05-23 10:37:22,415 : INFO : D:\Python27_NLP\src\动物\000247.txt
2017-05-23 10:37:22,418 : INFO : 分词已保存至文件 D:\Python27_NLP\src\动物\000247.txt
2017-05-23 10:37:22,418 : INFO : D:\Python27_NLP\src\动物\000248.txt
2017-05-23 10:37:22,427 : INFO : 分词已保存至文件 D:\Python27_NLP\src\动物\000248.txt
2017-05-23 10:37:22,427 : INFO : D:\Python27_NLP\src\动物\000249.txt
2017-05-23 10:37:22,431 : INFO : 分词已保存至文件 D:\Python27_NLP\src\动物\000249.txt
2017-05-23 10:37:22,431 : INFO : D:\Python27_NLP\src\动物\000250.txt
2017-05-23 10:37:22,434 : INFO : 分词已保存至文件 D:\Python27_NLP\src\动物\000250.txt
2017-05-23 10:37:22,436 : INFO : D:\Python27_NLP\src\动物\000251.txt
2017-05-23 10:37:22,438 : INFO : 分词已保存至文件 D:\Python27_NLP\src\动物\000251.txt
2017-05-23 10:37:22,438 : INFO : D:\Python27_NLP\src\动物\000252.txt
2017-05-23 10:37:22,444 : INFO : 分词已保存至文件 D:\Python27_NLP\src\动物\000252.txt
2017-05-23 10:37:22,444 : INFO : D:\Python27_NLP\src\动物\000253.txt
2017-05-23 10:37:22,467 : INFO : 分词已保存至文件 D:\Python27_NLP\src\动物\000253.txt
2017-05-23 10:37:22,467 : INFO : D:\Python27_NLP\src\动物\000254.txt
2017-05-23 10:37:22,470 : INFO : 分词已保存至文件 D:\Python27_NLP\src\动物\000254.txt
2017-05-23 10:37:22,470 : INFO : D:\Python27_NLP\src\动物\000255.txt
2017-05-23 10:37:22,480 : INFO : 分词已保存至文件 D:\Python27_NLP\src\动物\000255.txt
2017-05-23 10:37:22,480 : INFO : D:\Python27_NLP\src\动物\000256.txt
2017-05-23 10:37:22,492 : INFO : 分词已保存至文件 D:\Python27_NLP\src\动物\000256.txt
2017-05-23 10:37:22,492 : INFO : D:\Python27_NLP\src\动物\000257.txt
2017-05-23 10:37:22,494 : INFO : 分词已保存至文件 D:\Python27_NLP\src\动物\000257.txt
2017-05-23 10:37:22,496 : INFO : D:\Python27_NLP\src\动物\000258.txt
2017-05-23 10:37:22,499 : INFO : 分词已保存至文件 D:\Python27_NLP\src\动物\000258.txt
2017-05-23 10:37:22,499 : INFO : D:\Python27_NLP\src\动物\000259.txt
2017-05-23 10:37:22,503 : INFO : 分词已保存至文件 D:\Python27_NLP\src\动物\000259.txt
2017-05-23 10:37:22,503 : INFO : D:\Python27_NLP\src\动物\000260.txt
2017-05-23 10:37:22,510 : INFO : 分词已保存至文件 D:\Python27_NLP\src\动物\000260.txt
2017-05-23 10:37:22,510 : INFO : D:\Python27_NLP\src\动物\000261.txt
2017-05-23 10:37:22,513 : INFO : 分词已保存至文件 D:\Python27_NLP\src\动物\000261.txt
2017-05-23 10:37:22,513 : INFO : D:\Python27_NLP\src\动物\000262.txt
2017-05-23 10:37:22,517 : INFO : 分词已保存至文件 D:\Python27_NLP\src\动物\000262.txt
2017-05-23 10:37:22,517 : INFO : D:\Python27_NLP\src\动物\000263.txt
2017-05-23 10:37:22,522 : INFO : 分词已保存至文件 D:\Python27_NLP\src\动物\000263.txt
2017-05-23 10:37:22,522 : INFO : D:\Python27_NLP\src\动物\000264.txt
2017-05-23 10:37:22,611 : INFO : 分词已保存至文件 D:\Python27_NLP\src\动物\000264.txt
2017-05-23 10:37:22,612 : INFO : D:\Python27_NLP\src\动物\000265.txt
2017-05-23 10:37:22,621 : INFO : 分词已保存至文件 D:\Python27_NLP\src\动物\000265.txt
2017-05-23 10:37:22,621 : INFO : D:\Python27_NLP\src\动物\000266.txt
2017-05-23 10:37:22,630 : INFO : 分词已保存至文件 D:\Python27_NLP\src\动物\000266.txt
2017-05-23 10:37:22,630 : INFO : D:\Python27_NLP\src\动物\000267.txt
2017-05-23 10:37:22,638 : INFO : 分词已保存至文件 D:\Python27_NLP\src\动物\000267.txt
2017-05-23 10:37:22,638 : INFO : D:\Python27_NLP\src\动物\000268.txt
2017-05-23 10:37:22,654 : INFO : 分词已保存至文件 D:\Python27_NLP\src\动物\000268.txt
2017-05-23 10:37:22,655 : INFO : D:\Python27_NLP\src\动物\000271.txt
2017-05-23 10:37:22,660 : INFO : 分词已保存至文件 D:\Python27_NLP\src\动物\000271.txt
2017-05-23 10:37:22,660 : INFO : D:\Python27_NLP\src\动物\000272.txt
2017-05-23 10:37:22,664 : INFO : 分词已保存至文件 D:\Python27_NLP\src\动物\000272.txt
2017-05-23 10:37:22,664 : INFO : D:\Python27_NLP\src\动物\000273.txt
2017-05-23 10:37:22,667 : INFO : 分词已保存至文件 D:\Python27_NLP\src\动物\000273.txt
2017-05-23 10:37:22,668 : INFO : D:\Python27_NLP\src\动物\000275.txt
2017-05-23 10:37:22,674 : INFO : 分词已保存至文件 D:\Python27_NLP\src\动物\000275.txt
2017-05-23 10:37:22,674 : INFO : D:\Python27_NLP\src\动物\000276.txt
2017-05-23 10:37:22,678 : INFO : 分词已保存至文件 D:\Python27_NLP\src\动物\000276.txt
2017-05-23 10:37:22,678 : INFO : D:\Python27_NLP\src\动物\000277.txt
2017-05-23 10:37:22,681 : INFO : 分词已保存至文件 D:\Python27_NLP\src\动物\000277.txt
2017-05-23 10:37:22,683 : INFO : D:\Python27_NLP\src\动物\000278.txt
2017-05-23 10:37:22,686 : INFO : 分词已保存至文件 D:\Python27_NLP\src\动物\000278.txt
2017-05-23 10:37:22,686 : INFO : D:\Python27_NLP\src\动物\000279.txt
2017-05-23 10:37:22,710 : INFO : 分词已保存至文件 D:\Python27_NLP\src\动物\000279.txt
2017-05-23 10:37:22,710 : INFO : D:\Python27_NLP\src\动物\000280.txt
2017-05-23 10:37:22,713 : INFO : 分词已保存至文件 D:\Python27_NLP\src\动物\000280.txt
2017-05-23 10:37:22,713 : INFO : D:\Python27_NLP\src\动物\000281.txt
2017-05-23 10:37:22,717 : INFO : 分词已保存至文件 D:\Python27_NLP\src\动物\000281.txt
2017-05-23 10:37:22,717 : INFO : D:\Python27_NLP\src\动物\000282.txt
2017-05-23 10:37:22,720 : INFO : 分词已保存至文件 D:\Python27_NLP\src\动物\000282.txt
2017-05-23 10:37:22,720 : INFO : D:\Python27_NLP\src\动物\000283.txt
2017-05-23 10:37:22,729 : INFO : 分词已保存至文件 D:\Python27_NLP\src\动物\000283.txt
2017-05-23 10:37:22,730 : INFO : D:\Python27_NLP\src\动物\000284.txt
2017-05-23 10:37:22,733 : INFO : 分词已保存至文件 D:\Python27_NLP\src\动物\000284.txt
2017-05-23 10:37:22,733 : INFO : D:\Python27_NLP\src\动物\000285.txt
2017-05-23 10:37:22,736 : INFO : 分词已保存至文件 D:\Python27_NLP\src\动物\000285.txt
2017-05-23 10:37:22,736 : INFO : D:\Python27_NLP\src\动物\000286.txt
2017-05-23 10:37:22,740 : INFO : 分词已保存至文件 D:\Python27_NLP\src\动物\000286.txt
2017-05-23 10:37:22,740 : INFO : D:\Python27_NLP\src\动物\000287.txt
2017-05-23 10:37:22,782 : INFO : 分词已保存至文件 D:\Python27_NLP\src\动物\000287.txt
2017-05-23 10:37:22,782 : INFO : D:\Python27_NLP\src\动物\000288.txt
2017-05-23 10:37:22,786 : INFO : 分词已保存至文件 D:\Python27_NLP\src\动物\000288.txt
2017-05-23 10:37:22,786 : INFO : D:\Python27_NLP\src\动物\000289.txt
2017-05-23 10:37:22,789 : INFO : 分词已保存至文件 D:\Python27_NLP\src\动物\000289.txt
2017-05-23 10:37:22,789 : INFO : D:\Python27_NLP\src\动物\000290.txt
2017-05-23 10:37:22,793 : INFO : 分词已保存至文件 D:\Python27_NLP\src\动物\000290.txt
2017-05-23 10:37:22,793 : INFO : D:\Python27_NLP\src\动物\000292.txt
2017-05-23 10:37:22,816 : INFO : 分词已保存至文件 D:\Python27_NLP\src\动物\000292.txt
2017-05-23 10:37:22,818 : INFO : D:\Python27_NLP\src\动物\000293.txt
2017-05-23 10:37:22,821 : INFO : 分词已保存至文件 D:\Python27_NLP\src\动物\000293.txt
2017-05-23 10:37:22,821 : INFO : D:\Python27_NLP\src\动物\000294.txt
2017-05-23 10:37:22,825 : INFO : 分词已保存至文件 D:\Python27_NLP\src\动物\000294.txt
2017-05-23 10:37:22,825 : INFO : D:\Python27_NLP\src\动物\000295.txt
2017-05-23 10:37:22,828 : INFO : 分词已保存至文件 D:\Python27_NLP\src\动物\000295.txt
2017-05-23 10:37:22,828 : INFO : D:\Python27_NLP\src\动物\000296.txt
2017-05-23 10:37:22,835 : INFO : 分词已保存至文件 D:\Python27_NLP\src\动物\000296.txt
2017-05-23 10:37:22,835 : INFO : D:\Python27_NLP\src\动物\000297.txt
2017-05-23 10:37:22,838 : INFO : 分词已保存至文件 D:\Python27_NLP\src\动物\000297.txt
2017-05-23 10:37:22,838 : INFO : D:\Python27_NLP\src\动物\000298.txt
2017-05-23 10:37:22,842 : INFO : 分词已保存至文件 D:\Python27_NLP\src\动物\000298.txt
2017-05-23 10:37:22,842 : INFO : D:\Python27_NLP\语料库\国家
2017-05-23 10:37:22,858 : INFO : D:\Python27_NLP\语料库\国家\BaiduSpiderCountry
2017-05-23 10:37:22,858 : INFO : D:\Python27_NLP\语料库\国家\HudongSpiderCountry
2017-05-23 10:37:22,858 : INFO : D:\Python27_NLP\语料库\国家\WikipediaSpiderCountry
2017-05-23 10:37:23,180 : INFO : D:\Python27_NLP\语料库\国家\BaiduSpiderCountry\0001.txt 文件处理完毕!
2017-05-23 10:37:23,459 : INFO : D:\Python27_NLP\语料库\国家\BaiduSpiderCountry\0002.txt 文件处理完毕!
2017-05-23 10:37:23,803 : INFO : D:\Python27_NLP\语料库\国家\BaiduSpiderCountry\0003.txt 文件处理完毕!
2017-05-23 10:37:23,980 : INFO : D:\Python27_NLP\语料库\国家\BaiduSpiderCountry\0004.txt 文件处理完毕!
2017-05-23 10:37:24,163 : INFO : D:\Python27_NLP\语料库\国家\BaiduSpiderCountry\0005.txt 文件处理完毕!
2017-05-23 10:37:24,371 : INFO : D:\Python27_NLP\语料库\国家\BaiduSpiderCountry\0006.txt 文件处理完毕!
2017-05-23 10:37:24,484 : INFO : D:\Python27_NLP\语料库\国家\BaiduSpiderCountry\0007.txt 文件处理完毕!
2017-05-23 10:37:24,645 : INFO : D:\Python27_NLP\语料库\国家\BaiduSpiderCountry\0008.txt 文件处理完毕!
2017-05-23 10:37:24,809 : INFO : D:\Python27_NLP\语料库\国家\BaiduSpiderCountry\0009.txt 文件处理完毕!
2017-05-23 10:37:24,994 : INFO : D:\Python27_NLP\语料库\国家\BaiduSpiderCountry\0010.txt 文件处理完毕!
2017-05-23 10:37:25,128 : INFO : D:\Python27_NLP\语料库\国家\BaiduSpiderCountry\0011.txt 文件处理完毕!
2017-05-23 10:37:25,240 : INFO : D:\Python27_NLP\语料库\国家\BaiduSpiderCountry\0012.txt 文件处理完毕!
2017-05-23 10:37:25,428 : INFO : D:\Python27_NLP\语料库\国家\BaiduSpiderCountry\0013.txt 文件处理完毕!
2017-05-23 10:37:25,608 : INFO : D:\Python27_NLP\语料库\国家\BaiduSpiderCountry\0014.txt 文件处理完毕!
2017-05-23 10:37:25,747 : INFO : D:\Python27_NLP\语料库\国家\BaiduSpiderCountry\0015.txt 文件处理完毕!
2017-05-23 10:37:25,923 : INFO : D:\Python27_NLP\语料库\国家\BaiduSpiderCountry\0016.txt 文件处理完毕!
2017-05-23 10:37:26,111 : INFO : D:\Python27_NLP\语料库\国家\BaiduSpiderCountry\0017.txt 文件处理完毕!
2017-05-23 10:37:26,283 : INFO : D:\Python27_NLP\语料库\国家\BaiduSpiderCountry\0018.txt 文件处理完毕!
2017-05-23 10:37:26,414 : INFO : D:\Python27_NLP\语料库\国家\BaiduSpiderCountry\0019.txt 文件处理完毕!
2017-05-23 10:37:26,515 : INFO : D:\Python27_NLP\语料库\国家\BaiduSpiderCountry\0020.txt 文件处理完毕!
2017-05-23 10:37:26,653 : INFO : D:\Python27_NLP\语料库\国家\BaiduSpiderCountry\0021.txt 文件处理完毕!
2017-05-23 10:37:26,845 : INFO : D:\Python27_NLP\语料库\国家\BaiduSpiderCountry\0022.txt 文件处理完毕!
2017-05-23 10:37:26,967 : INFO : D:\Python27_NLP\语料库\国家\BaiduSpiderCountry\0023.txt 文件处理完毕!
2017-05-23 10:37:26,967 : INFO : D:\Python27_NLP\语料库\国家\BaiduSpiderCountry\0024.txt 文件处理完毕!
2017-05-23 10:37:27,158 : INFO : D:\Python27_NLP\语料库\国家\BaiduSpiderCountry\0025.txt 文件处理完毕!
2017-05-23 10:37:27,292 : INFO : D:\Python27_NLP\语料库\国家\BaiduSpiderCountry\0026.txt 文件处理完毕!
2017-05-23 10:37:27,292 : INFO : D:\Python27_NLP\语料库\国家\BaiduSpiderCountry\0027.txt 文件处理完毕!
2017-05-23 10:37:27,474 : INFO : D:\Python27_NLP\语料库\国家\BaiduSpiderCountry\0028.txt 文件处理完毕!
2017-05-23 10:37:27,615 : INFO : D:\Python27_NLP\语料库\国家\BaiduSpiderCountry\0029.txt 文件处理完毕!
2017-05-23 10:37:27,828 : INFO : D:\Python27_NLP\语料库\国家\BaiduSpiderCountry\0030.txt 文件处理完毕!
2017-05-23 10:37:27,940 : INFO : D:\Python27_NLP\语料库\国家\BaiduSpiderCountry\0031.txt 文件处理完毕!
2017-05-23 10:37:28,062 : INFO : D:\Python27_NLP\语料库\国家\BaiduSpiderCountry\0032.txt 文件处理完毕!
2017-05-23 10:37:28,062 : INFO : D:\Python27_NLP\语料库\国家\BaiduSpiderCountry\0033.txt 文件处理完毕!
2017-05-23 10:37:28,292 : INFO : D:\Python27_NLP\语料库\国家\BaiduSpiderCountry\0034.txt 文件处理完毕!
2017-05-23 10:37:28,293 : INFO : D:\Python27_NLP\语料库\国家\BaiduSpiderCountry\0035.txt 文件处理完毕!
2017-05-23 10:37:28,486 : INFO : D:\Python27_NLP\语料库\国家\BaiduSpiderCountry\0036.txt 文件处理完毕!
2017-05-23 10:37:28,487 : INFO : D:\Python27_NLP\语料库\国家\BaiduSpiderCountry\0037.txt 文件处理完毕!
2017-05-23 10:37:28,653 : INFO : D:\Python27_NLP\语料库\国家\BaiduSpiderCountry\0038.txt 文件处理完毕!
2017-05-23 10:37:28,795 : INFO : D:\Python27_NLP\语料库\国家\BaiduSpiderCountry\0039.txt 文件处理完毕!
2017-05-23 10:37:28,933 : INFO : D:\Python27_NLP\语料库\国家\BaiduSpiderCountry\0040.txt 文件处理完毕!
2017-05-23 10:37:29,111 : INFO : D:\Python27_NLP\语料库\国家\BaiduSpiderCountry\0041.txt 文件处理完毕!
2017-05-23 10:37:29,286 : INFO : D:\Python27_NLP\语料库\国家\BaiduSpiderCountry\0042.txt 文件处理完毕!
2017-05-23 10:37:29,391 : INFO : D:\Python27_NLP\语料库\国家\BaiduSpiderCountry\0043.txt 文件处理完毕!
2017-05-23 10:37:29,552 : INFO : D:\Python27_NLP\语料库\国家\BaiduSpiderCountry\0044.txt 文件处理完毕!
2017-05-23 10:37:29,719 : INFO : D:\Python27_NLP\语料库\国家\BaiduSpiderCountry\0045.txt 文件处理完毕!
2017-05-23 10:37:29,900 : INFO : D:\Python27_NLP\语料库\国家\BaiduSpiderCountry\0046.txt 文件处理完毕!
2017-05-23 10:37:30,105 : INFO : D:\Python27_NLP\语料库\国家\BaiduSpiderCountry\0047.txt 文件处理完毕!
2017-05-23 10:37:30,312 : INFO : D:\Python27_NLP\语料库\国家\BaiduSpiderCountry\0048.txt 文件处理完毕!
2017-05-23 10:37:30,513 : INFO : D:\Python27_NLP\语料库\国家\BaiduSpiderCountry\0049.txt 文件处理完毕!
2017-05-23 10:37:30,515 : INFO : D:\Python27_NLP\语料库\国家\BaiduSpiderCountry\0050.txt 文件处理完毕!
2017-05-23 10:37:30,515 : INFO : D:\Python27_NLP\语料库\国家\BaiduSpiderCountry\0051.txt 文件处理完毕!
2017-05-23 10:37:30,661 : INFO : D:\Python27_NLP\语料库\国家\BaiduSpiderCountry\0052.txt 文件处理完毕!
2017-05-23 10:37:30,857 : INFO : D:\Python27_NLP\语料库\国家\BaiduSpiderCountry\0053.txt 文件处理完毕!
2017-05-23 10:37:30,927 : INFO : D:\Python27_NLP\语料库\国家\BaiduSpiderCountry\0054.txt 文件处理完毕!
2017-05-23 10:37:31,098 : INFO : D:\Python27_NLP\语料库\国家\BaiduSpiderCountry\0055.txt 文件处理完毕!
2017-05-23 10:37:31,298 : INFO : D:\Python27_NLP\语料库\国家\BaiduSpiderCountry\0056.txt 文件处理完毕!
2017-05-23 10:37:31,420 : INFO : D:\Python27_NLP\语料库\国家\BaiduSpiderCountry\0057.txt 文件处理完毕!
2017-05-23 10:37:31,592 : INFO : D:\Python27_NLP\语料库\国家\BaiduSpiderCountry\0058.txt 文件处理完毕!
2017-05-23 10:37:31,681 : INFO : D:\Python27_NLP\语料库\国家\BaiduSpiderCountry\0059.txt 文件处理完毕!
2017-05-23 10:37:31,855 : INFO : D:\Python27_NLP\语料库\国家\BaiduSpiderCountry\0060.txt 文件处理完毕!
2017-05-23 10:37:31,857 : INFO : D:\Python27_NLP\语料库\国家\BaiduSpiderCountry\0061.txt 文件处理完毕!
2017-05-23 10:37:32,055 : INFO : D:\Python27_NLP\语料库\国家\BaiduSpiderCountry\0062.txt 文件处理完毕!
2017-05-23 10:37:32,183 : INFO : D:\Python27_NLP\语料库\国家\BaiduSpiderCountry\0063.txt 文件处理完毕!
2017-05-23 10:37:32,361 : INFO : D:\Python27_NLP\语料库\国家\BaiduSpiderCountry\0064.txt 文件处理完毕!
2017-05-23 10:37:32,523 : INFO : D:\Python27_NLP\语料库\国家\BaiduSpiderCountry\0065.txt 文件处理完毕!
2017-05-23 10:37:32,648 : INFO : D:\Python27_NLP\语料库\国家\BaiduSpiderCountry\0066.txt 文件处理完毕!
2017-05-23 10:37:32,648 : INFO : D:\Python27_NLP\语料库\国家\BaiduSpiderCountry\0067.txt 文件处理完毕!
2017-05-23 10:37:32,720 : INFO : D:\Python27_NLP\语料库\国家\BaiduSpiderCountry\0068.txt 文件处理完毕!
2017-05-23 10:37:32,836 : INFO : D:\Python27_NLP\语料库\国家\BaiduSpiderCountry\0069.txt 文件处理完毕!
2017-05-23 10:37:32,993 : INFO : D:\Python27_NLP\语料库\国家\BaiduSpiderCountry\0070.txt 文件处理完毕!
2017-05-23 10:37:33,125 : INFO : D:\Python27_NLP\语料库\国家\BaiduSpiderCountry\0071.txt 文件处理完毕!
2017-05-23 10:37:33,230 : INFO : D:\Python27_NLP\语料库\国家\BaiduSpiderCountry\0072.txt 文件处理完毕!
2017-05-23 10:37:33,361 : INFO : D:\Python27_NLP\语料库\国家\BaiduSpiderCountry\0073.txt 文件处理完毕!
2017-05-23 10:37:33,431 : INFO : D:\Python27_NLP\语料库\国家\BaiduSpiderCountry\0074.txt 文件处理完毕!
2017-05-23 10:37:33,607 : INFO : D:\Python27_NLP\语料库\国家\BaiduSpiderCountry\0075.txt 文件处理完毕!
2017-05-23 10:37:33,757 : INFO : D:\Python27_NLP\语料库\国家\BaiduSpiderCountry\0076.txt 文件处理完毕!
2017-05-23 10:37:33,894 : INFO : D:\Python27_NLP\语料库\国家\BaiduSpiderCountry\0077.txt 文件处理完毕!
2017-05-23 10:37:34,059 : INFO : D:\Python27_NLP\语料库\国家\BaiduSpiderCountry\0078.txt 文件处理完毕!
2017-05-23 10:37:34,207 : INFO : D:\Python27_NLP\语料库\国家\BaiduSpiderCountry\0079.txt 文件处理完毕!
2017-05-23 10:37:34,295 : INFO : D:\Python27_NLP\语料库\国家\BaiduSpiderCountry\0080.txt 文件处理完毕!
2017-05-23 10:37:34,563 : INFO : D:\Python27_NLP\语料库\国家\BaiduSpiderCountry\0081.txt 文件处理完毕!
2017-05-23 10:37:34,664 : INFO : D:\Python27_NLP\语料库\国家\BaiduSpiderCountry\0082.txt 文件处理完毕!
2017-05-23 10:37:34,743 : INFO : D:\Python27_NLP\语料库\国家\BaiduSpiderCountry\0083.txt 文件处理完毕!
2017-05-23 10:37:34,920 : INFO : D:\Python27_NLP\语料库\国家\BaiduSpiderCountry\0084.txt 文件处理完毕!
2017-05-23 10:37:35,069 : INFO : D:\Python27_NLP\语料库\国家\BaiduSpiderCountry\0085.txt 文件处理完毕!
2017-05-23 10:37:35,209 : INFO : D:\Python27_NLP\语料库\国家\BaiduSpiderCountry\0086.txt 文件处理完毕!
2017-05-23 10:37:35,361 : INFO : D:\Python27_NLP\语料库\国家\BaiduSpiderCountry\0087.txt 文件处理完毕!
2017-05-23 10:37:35,562 : INFO : D:\Python27_NLP\语料库\国家\BaiduSpiderCountry\0088.txt 文件处理完毕!
2017-05-23 10:37:35,746 : INFO : D:\Python27_NLP\语料库\国家\BaiduSpiderCountry\0089.txt 文件处理完毕!
2017-05-23 10:37:35,855 : INFO : D:\Python27_NLP\语料库\国家\BaiduSpiderCountry\0090.txt 文件处理完毕!
2017-05-23 10:37:36,000 : INFO : D:\Python27_NLP\语料库\国家\BaiduSpiderCountry\0091.txt 文件处理完毕!
2017-05-23 10:37:36,197 : INFO : D:\Python27_NLP\语料库\国家\BaiduSpiderCountry\0092.txt 文件处理完毕!
2017-05-23 10:37:36,319 : INFO : D:\Python27_NLP\语料库\国家\BaiduSpiderCountry\0093.txt 文件处理完毕!
2017-05-23 10:37:36,507 : INFO : D:\Python27_NLP\语料库\国家\BaiduSpiderCountry\0094.txt 文件处理完毕!
2017-05-23 10:37:36,585 : INFO : D:\Python27_NLP\语料库\国家\BaiduSpiderCountry\0095.txt 文件处理完毕!
2017-05-23 10:37:36,782 : INFO : D:\Python27_NLP\语料库\国家\BaiduSpiderCountry\0096.txt 文件处理完毕!
2017-05-23 10:37:36,966 : INFO : D:\Python27_NLP\语料库\国家\BaiduSpiderCountry\0097.txt 文件处理完毕!
2017-05-23 10:37:37,148 : INFO : D:\Python27_NLP\语料库\国家\BaiduSpiderCountry\0098.txt 文件处理完毕!
2017-05-23 10:37:37,280 : INFO : D:\Python27_NLP\语料库\国家\BaiduSpiderCountry\0099.txt 文件处理完毕!
2017-05-23 10:37:37,385 : INFO : D:\Python27_NLP\语料库\国家\BaiduSpiderCountry\0100.txt 文件处理完毕!
2017-05-23 10:37:37,562 : INFO : D:\Python27_NLP\语料库\国家\HudongSpiderCountry\0001.txt 文件处理完毕!
2017-05-23 10:37:37,861 : INFO : D:\Python27_NLP\语料库\国家\HudongSpiderCountry\0002.txt 文件处理完毕!
2017-05-23 10:37:38,013 : INFO : D:\Python27_NLP\语料库\国家\HudongSpiderCountry\0003.txt 文件处理完毕!
2017-05-23 10:37:38,223 : INFO : D:\Python27_NLP\语料库\国家\HudongSpiderCountry\0004.txt 文件处理完毕!
2017-05-23 10:37:38,470 : INFO : D:\Python27_NLP\语料库\国家\HudongSpiderCountry\0005.txt 文件处理完毕!
2017-05-23 10:37:38,640 : INFO : D:\Python27_NLP\语料库\国家\HudongSpiderCountry\0006.txt 文件处理完毕!
2017-05-23 10:37:38,780 : INFO : D:\Python27_NLP\语料库\国家\HudongSpiderCountry\0007.txt 文件处理完毕!
2017-05-23 10:37:38,970 : INFO : D:\Python27_NLP\语料库\国家\HudongSpiderCountry\0008.txt 文件处理完毕!
2017-05-23 10:37:39,233 : INFO : D:\Python27_NLP\语料库\国家\HudongSpiderCountry\0009.txt 文件处理完毕!
2017-05-23 10:37:39,423 : INFO : D:\Python27_NLP\语料库\国家\HudongSpiderCountry\0010.txt 文件处理完毕!
2017-05-23 10:37:39,650 : INFO : D:\Python27_NLP\语料库\国家\HudongSpiderCountry\0011.txt 文件处理完毕!
2017-05-23 10:37:39,759 : INFO : D:\Python27_NLP\语料库\国家\HudongSpiderCountry\0012.txt 文件处理完毕!
2017-05-23 10:37:39,973 : INFO : D:\Python27_NLP\语料库\国家\HudongSpiderCountry\0013.txt 文件处理完毕!
2017-05-23 10:37:40,140 : INFO : D:\Python27_NLP\语料库\国家\HudongSpiderCountry\0014.txt 文件处理完毕!
2017-05-23 10:37:40,227 : INFO : D:\Python27_NLP\语料库\国家\HudongSpiderCountry\0015.txt 文件处理完毕!
2017-05-23 10:37:40,338 : INFO : D:\Python27_NLP\语料库\国家\HudongSpiderCountry\0016.txt 文件处理完毕!
2017-05-23 10:37:40,539 : INFO : D:\Python27_NLP\语料库\国家\HudongSpiderCountry\0017.txt 文件处理完毕!
2017-05-23 10:37:40,717 : INFO : D:\Python27_NLP\语料库\国家\HudongSpiderCountry\0018.txt 文件处理完毕!
2017-05-23 10:37:40,819 : INFO : D:\Python27_NLP\语料库\国家\HudongSpiderCountry\0019.txt 文件处理完毕!
2017-05-23 10:37:40,917 : INFO : D:\Python27_NLP\语料库\国家\HudongSpiderCountry\0020.txt 文件处理完毕!
2017-05-23 10:37:40,980 : INFO : D:\Python27_NLP\语料库\国家\HudongSpiderCountry\0021.txt 文件处理完毕!
2017-05-23 10:37:41,101 : INFO : D:\Python27_NLP\语料库\国家\HudongSpiderCountry\0022.txt 文件处理完毕!
2017-05-23 10:37:41,226 : INFO : D:\Python27_NLP\语料库\国家\HudongSpiderCountry\0023.txt 文件处理完毕!
2017-05-23 10:37:41,414 : INFO : D:\Python27_NLP\语料库\国家\HudongSpiderCountry\0024.txt 文件处理完毕!
2017-05-23 10:37:41,621 : INFO : D:\Python27_NLP\语料库\国家\HudongSpiderCountry\0025.txt 文件处理完毕!
2017-05-23 10:37:41,769 : INFO : D:\Python27_NLP\语料库\国家\HudongSpiderCountry\0026.txt 文件处理完毕!
2017-05-23 10:37:42,058 : INFO : D:\Python27_NLP\语料库\国家\HudongSpiderCountry\0027.txt 文件处理完毕!
2017-05-23 10:37:42,234 : INFO : D:\Python27_NLP\语料库\国家\HudongSpiderCountry\0028.txt 文件处理完毕!
2017-05-23 10:37:42,371 : INFO : D:\Python27_NLP\语料库\国家\HudongSpiderCountry\0029.txt 文件处理完毕!
2017-05-23 10:37:42,634 : INFO : D:\Python27_NLP\语料库\国家\HudongSpiderCountry\0030.txt 文件处理完毕!
2017-05-23 10:37:42,770 : INFO : D:\Python27_NLP\语料库\国家\HudongSpiderCountry\0031.txt 文件处理完毕!
2017-05-23 10:37:42,915 : INFO : D:\Python27_NLP\语料库\国家\HudongSpiderCountry\0032.txt 文件处理完毕!
2017-05-23 10:37:43,013 : INFO : D:\Python27_NLP\语料库\国家\HudongSpiderCountry\0033.txt 文件处理完毕!
2017-05-23 10:37:43,214 : INFO : D:\Python27_NLP\语料库\国家\HudongSpiderCountry\0034.txt 文件处理完毕!
2017-05-23 10:37:43,367 : INFO : D:\Python27_NLP\语料库\国家\HudongSpiderCountry\0035.txt 文件处理完毕!
2017-05-23 10:37:43,585 : INFO : D:\Python27_NLP\语料库\国家\HudongSpiderCountry\0036.txt 文件处理完毕!
2017-05-23 10:37:43,950 : INFO : D:\Python27_NLP\语料库\国家\HudongSpiderCountry\0037.txt 文件处理完毕!
2017-05-23 10:37:44,140 : INFO : D:\Python27_NLP\语料库\国家\HudongSpiderCountry\0038.txt 文件处理完毕!
2017-05-23 10:37:44,279 : INFO : D:\Python27_NLP\语料库\国家\HudongSpiderCountry\0039.txt 文件处理完毕!
2017-05-23 10:37:44,397 : INFO : D:\Python27_NLP\语料库\国家\HudongSpiderCountry\0040.txt 文件处理完毕!
2017-05-23 10:37:44,654 : INFO : D:\Python27_NLP\语料库\国家\HudongSpiderCountry\0041.txt 文件处理完毕!
2017-05-23 10:37:44,694 : INFO : D:\Python27_NLP\语料库\国家\HudongSpiderCountry\0042.txt 文件处理完毕!
2017-05-23 10:37:44,819 : INFO : D:\Python27_NLP\语料库\国家\HudongSpiderCountry\0043.txt 文件处理完毕!
2017-05-23 10:37:44,976 : INFO : D:\Python27_NLP\语料库\国家\HudongSpiderCountry\0044.txt 文件处理完毕!
2017-05-23 10:37:45,118 : INFO : D:\Python27_NLP\语料库\国家\HudongSpiderCountry\0045.txt 文件处理完毕!
2017-05-23 10:37:45,332 : INFO : D:\Python27_NLP\语料库\国家\HudongSpiderCountry\0046.txt 文件处理完毕!
2017-05-23 10:37:45,505 : INFO : D:\Python27_NLP\语料库\国家\HudongSpiderCountry\0047.txt 文件处理完毕!
2017-05-23 10:37:45,711 : INFO : D:\Python27_NLP\语料库\国家\HudongSpiderCountry\0048.txt 文件处理完毕!
2017-05-23 10:37:45,894 : INFO : D:\Python27_NLP\语料库\国家\HudongSpiderCountry\0049.txt 文件处理完毕!
2017-05-23 10:37:46,128 : INFO : D:\Python27_NLP\语料库\国家\HudongSpiderCountry\0050.txt 文件处理完毕!
2017-05-23 10:37:46,328 : INFO : D:\Python27_NLP\语料库\国家\HudongSpiderCountry\0051.txt 文件处理完毕!
2017-05-23 10:37:46,460 : INFO : D:\Python27_NLP\语料库\国家\HudongSpiderCountry\0052.txt 文件处理完毕!
2017-05-23 10:37:46,645 : INFO : D:\Python27_NLP\语料库\国家\HudongSpiderCountry\0053.txt 文件处理完毕!
2017-05-23 10:37:46,743 : INFO : D:\Python27_NLP\语料库\国家\HudongSpiderCountry\0054.txt 文件处理完毕!
2017-05-23 10:37:46,834 : INFO : D:\Python27_NLP\语料库\国家\HudongSpiderCountry\0055.txt 文件处理完毕!
2017-05-23 10:37:46,996 : INFO : D:\Python27_NLP\语料库\国家\HudongSpiderCountry\0056.txt 文件处理完毕!
2017-05-23 10:37:47,154 : INFO : D:\Python27_NLP\语料库\国家\HudongSpiderCountry\0057.txt 文件处理完毕!
2017-05-23 10:37:47,388 : INFO : D:\Python27_NLP\语料库\国家\HudongSpiderCountry\0058.txt 文件处理完毕!
2017-05-23 10:37:47,494 : INFO : D:\Python27_NLP\语料库\国家\HudongSpiderCountry\0059.txt 文件处理完毕!
2017-05-23 10:37:47,641 : INFO : D:\Python27_NLP\语料库\国家\HudongSpiderCountry\0060.txt 文件处理完毕!
2017-05-23 10:37:47,680 : INFO : D:\Python27_NLP\语料库\国家\HudongSpiderCountry\0061.txt 文件处理完毕!
2017-05-23 10:37:47,895 : INFO : D:\Python27_NLP\语料库\国家\HudongSpiderCountry\0062.txt 文件处理完毕!
2017-05-23 10:37:48,101 : INFO : D:\Python27_NLP\语料库\国家\HudongSpiderCountry\0063.txt 文件处理完毕!
2017-05-23 10:37:48,288 : INFO : D:\Python27_NLP\语料库\国家\HudongSpiderCountry\0064.txt 文件处理完毕!
2017-05-23 10:37:48,507 : INFO : D:\Python27_NLP\语料库\国家\HudongSpiderCountry\0065.txt 文件处理完毕!
2017-05-23 10:37:48,654 : INFO : D:\Python27_NLP\语料库\国家\HudongSpiderCountry\0066.txt 文件处理完毕!
2017-05-23 10:37:48,759 : INFO : D:\Python27_NLP\语料库\国家\HudongSpiderCountry\0067.txt 文件处理完毕!
2017-05-23 10:37:48,829 : INFO : D:\Python27_NLP\语料库\国家\HudongSpiderCountry\0068.txt 文件处理完毕!
2017-05-23 10:37:48,944 : INFO : D:\Python27_NLP\语料库\国家\HudongSpiderCountry\0069.txt 文件处理完毕!
2017-05-23 10:37:49,111 : INFO : D:\Python27_NLP\语料库\国家\HudongSpiderCountry\0070.txt 文件处理完毕!
2017-05-23 10:37:49,250 : INFO : D:\Python27_NLP\语料库\国家\HudongSpiderCountry\0071.txt 文件处理完毕!
2017-05-23 10:37:49,378 : INFO : D:\Python27_NLP\语料库\国家\HudongSpiderCountry\0072.txt 文件处理完毕!
2017-05-23 10:37:49,556 : INFO : D:\Python27_NLP\语料库\国家\HudongSpiderCountry\0073.txt 文件处理完毕!
2017-05-23 10:37:49,651 : INFO : D:\Python27_NLP\语料库\国家\HudongSpiderCountry\0074.txt 文件处理完毕!
2017-05-23 10:37:49,897 : INFO : D:\Python27_NLP\语料库\国家\HudongSpiderCountry\0075.txt 文件处理完毕!
2017-05-23 10:37:50,105 : INFO : D:\Python27_NLP\语料库\国家\HudongSpiderCountry\0076.txt 文件处理完毕!
2017-05-23 10:37:50,282 : INFO : D:\Python27_NLP\语料库\国家\HudongSpiderCountry\0077.txt 文件处理完毕!
2017-05-23 10:37:50,414 : INFO : D:\Python27_NLP\语料库\国家\HudongSpiderCountry\0078.txt 文件处理完毕!
2017-05-23 10:37:50,563 : INFO : D:\Python27_NLP\语料库\国家\HudongSpiderCountry\0079.txt 文件处理完毕!
2017-05-23 10:37:50,635 : INFO : D:\Python27_NLP\语料库\国家\HudongSpiderCountry\0080.txt 文件处理完毕!
2017-05-23 10:37:50,842 : INFO : D:\Python27_NLP\语料库\国家\HudongSpiderCountry\0081.txt 文件处理完毕!
2017-05-23 10:37:50,950 : INFO : D:\Python27_NLP\语料库\国家\HudongSpiderCountry\0082.txt 文件处理完毕!
2017-05-23 10:37:51,029 : INFO : D:\Python27_NLP\语料库\国家\HudongSpiderCountry\0083.txt 文件处理完毕!
2017-05-23 10:37:51,378 : INFO : D:\Python27_NLP\语料库\国家\HudongSpiderCountry\0084.txt 文件处理完毕!
2017-05-23 10:37:51,546 : INFO : D:\Python27_NLP\语料库\国家\HudongSpiderCountry\0085.txt 文件处理完毕!
2017-05-23 10:37:51,670 : INFO : D:\Python27_NLP\语料库\国家\HudongSpiderCountry\0086.txt 文件处理完毕!
2017-05-23 10:37:51,789 : INFO : D:\Python27_NLP\语料库\国家\HudongSpiderCountry\0087.txt 文件处理完毕!
2017-05-23 10:37:52,153 : INFO : D:\Python27_NLP\语料库\国家\HudongSpiderCountry\0088.txt 文件处理完毕!
2017-05-23 10:37:52,348 : INFO : D:\Python27_NLP\语料库\国家\HudongSpiderCountry\0089.txt 文件处理完毕!
2017-05-23 10:37:52,502 : INFO : D:\Python27_NLP\语料库\国家\HudongSpiderCountry\0090.txt 文件处理完毕!
2017-05-23 10:37:52,628 : INFO : D:\Python27_NLP\语料库\国家\HudongSpiderCountry\0091.txt 文件处理完毕!
2017-05-23 10:37:52,812 : INFO : D:\Python27_NLP\语料库\国家\HudongSpiderCountry\0092.txt 文件处理完毕!
2017-05-23 10:37:52,937 : INFO : D:\Python27_NLP\语料库\国家\HudongSpiderCountry\0093.txt 文件处理完毕!
2017-05-23 10:37:53,193 : INFO : D:\Python27_NLP\语料库\国家\HudongSpiderCountry\0094.txt 文件处理完毕!
2017-05-23 10:37:53,236 : INFO : D:\Python27_NLP\语料库\国家\HudongSpiderCountry\0095.txt 文件处理完毕!
2017-05-23 10:37:53,487 : INFO : D:\Python27_NLP\语料库\国家\HudongSpiderCountry\0096.txt 文件处理完毕!
2017-05-23 10:37:53,562 : INFO : D:\Python27_NLP\语料库\国家\HudongSpiderCountry\0097.txt 文件处理完毕!
2017-05-23 10:37:53,795 : INFO : D:\Python27_NLP\语料库\国家\HudongSpiderCountry\0098.txt 文件处理完毕!
2017-05-23 10:37:54,023 : INFO : D:\Python27_NLP\语料库\国家\HudongSpiderCountry\0099.txt 文件处理完毕!
2017-05-23 10:37:54,150 : INFO : D:\Python27_NLP\语料库\国家\HudongSpiderCountry\0100.txt 文件处理完毕!
2017-05-23 10:37:54,158 : INFO : D:\Python27_NLP\语料库\国家\WikipediaSpiderCountry\0001.txt 文件处理完毕!
2017-05-23 10:37:54,170 : INFO : D:\Python27_NLP\语料库\国家\WikipediaSpiderCountry\0002.txt 文件处理完毕!
2017-05-23 10:37:54,187 : INFO : D:\Python27_NLP\语料库\国家\WikipediaSpiderCountry\0003.txt 文件处理完毕!
2017-05-23 10:37:54,201 : INFO : D:\Python27_NLP\语料库\国家\WikipediaSpiderCountry\0004.txt 文件处理完毕!
2017-05-23 10:37:54,217 : INFO : D:\Python27_NLP\语料库\国家\WikipediaSpiderCountry\0005.txt 文件处理完毕!
2017-05-23 10:37:54,224 : INFO : D:\Python27_NLP\语料库\国家\WikipediaSpiderCountry\0006.txt 文件处理完毕!
2017-05-23 10:37:54,233 : INFO : D:\Python27_NLP\语料库\国家\WikipediaSpiderCountry\0007.txt 文件处理完毕!
2017-05-23 10:37:54,250 : INFO : D:\Python27_NLP\语料库\国家\WikipediaSpiderCountry\0008.txt 文件处理完毕!
2017-05-23 10:37:54,269 : INFO : D:\Python27_NLP\语料库\国家\WikipediaSpiderCountry\0009.txt 文件处理完毕!
2017-05-23 10:37:54,484 : INFO : D:\Python27_NLP\语料库\国家\WikipediaSpiderCountry\0010.txt 文件处理完毕!
2017-05-23 10:37:54,505 : INFO : D:\Python27_NLP\语料库\国家\WikipediaSpiderCountry\0011.txt 文件处理完毕!
2017-05-23 10:37:54,523 : INFO : D:\Python27_NLP\语料库\国家\WikipediaSpiderCountry\0012.txt 文件处理完毕!
2017-05-23 10:37:54,530 : INFO : D:\Python27_NLP\语料库\国家\WikipediaSpiderCountry\0013.txt 文件处理完毕!
2017-05-23 10:37:54,533 : INFO : D:\Python27_NLP\语料库\国家\WikipediaSpiderCountry\0014.txt 文件处理完毕!
2017-05-23 10:37:54,538 : INFO : D:\Python27_NLP\语料库\国家\WikipediaSpiderCountry\0015.txt 文件处理完毕!
2017-05-23 10:37:54,546 : INFO : D:\Python27_NLP\语料库\国家\WikipediaSpiderCountry\0016.txt 文件处理完毕!
2017-05-23 10:37:54,555 : INFO : D:\Python27_NLP\语料库\国家\WikipediaSpiderCountry\0017.txt 文件处理完毕!
2017-05-23 10:37:54,565 : INFO : D:\Python27_NLP\语料库\国家\WikipediaSpiderCountry\0018.txt 文件处理完毕!
2017-05-23 10:37:54,572 : INFO : D:\Python27_NLP\语料库\国家\WikipediaSpiderCountry\0019.txt 文件处理完毕!
2017-05-23 10:37:54,575 : INFO : D:\Python27_NLP\语料库\国家\WikipediaSpiderCountry\0020.txt 文件处理完毕!
2017-05-23 10:37:54,585 : INFO : D:\Python27_NLP\语料库\国家\WikipediaSpiderCountry\0021.txt 文件处理完毕!
2017-05-23 10:37:54,607 : INFO : D:\Python27_NLP\语料库\国家\WikipediaSpiderCountry\0022.txt 文件处理完毕!
2017-05-23 10:37:54,617 : INFO : D:\Python27_NLP\语料库\国家\WikipediaSpiderCountry\0023.txt 文件处理完毕!
2017-05-23 10:37:54,621 : INFO : D:\Python27_NLP\语料库\国家\WikipediaSpiderCountry\0024.txt 文件处理完毕!
2017-05-23 10:37:54,632 : INFO : D:\Python27_NLP\语料库\国家\WikipediaSpiderCountry\0025.txt 文件处理完毕!
2017-05-23 10:37:54,637 : INFO : D:\Python27_NLP\语料库\国家\WikipediaSpiderCountry\0026.txt 文件处理完毕!
2017-05-23 10:37:54,640 : INFO : D:\Python27_NLP\语料库\国家\WikipediaSpiderCountry\0027.txt 文件处理完毕!
2017-05-23 10:37:54,650 : INFO : D:\Python27_NLP\语料库\国家\WikipediaSpiderCountry\0028.txt 文件处理完毕!
2017-05-23 10:37:54,657 : INFO : D:\Python27_NLP\语料库\国家\WikipediaSpiderCountry\0029.txt 文件处理完毕!
2017-05-23 10:37:54,667 : INFO : D:\Python27_NLP\语料库\国家\WikipediaSpiderCountry\0030.txt 文件处理完毕!
2017-05-23 10:37:54,671 : INFO : D:\Python27_NLP\语料库\国家\WikipediaSpiderCountry\0031.txt 文件处理完毕!
2017-05-23 10:37:54,677 : INFO : D:\Python27_NLP\语料库\国家\WikipediaSpiderCountry\0032.txt 文件处理完毕!
2017-05-23 10:37:54,680 : INFO : D:\Python27_NLP\语料库\国家\WikipediaSpiderCountry\0033.txt 文件处理完毕!
2017-05-23 10:37:54,687 : INFO : D:\Python27_NLP\语料库\国家\WikipediaSpiderCountry\0034.txt 文件处理完毕!
2017-05-23 10:37:54,700 : INFO : D:\Python27_NLP\语料库\国家\WikipediaSpiderCountry\0035.txt 文件处理完毕!
2017-05-23 10:37:54,707 : INFO : D:\Python27_NLP\语料库\国家\WikipediaSpiderCountry\0036.txt 文件处理完毕!
2017-05-23 10:37:54,714 : INFO : D:\Python27_NLP\语料库\国家\WikipediaSpiderCountry\0037.txt 文件处理完毕!
2017-05-23 10:37:54,723 : INFO : D:\Python27_NLP\语料库\国家\WikipediaSpiderCountry\0038.txt 文件处理完毕!
2017-05-23 10:37:54,727 : INFO : D:\Python27_NLP\语料库\国家\WikipediaSpiderCountry\0039.txt 文件处理完毕!
2017-05-23 10:37:54,733 : INFO : D:\Python27_NLP\语料库\国家\WikipediaSpiderCountry\0040.txt 文件处理完毕!
2017-05-23 10:37:54,737 : INFO : D:\Python27_NLP\语料库\国家\WikipediaSpiderCountry\0041.txt 文件处理完毕!
2017-05-23 10:37:54,746 : INFO : D:\Python27_NLP\语料库\国家\WikipediaSpiderCountry\0042.txt 文件处理完毕!
2017-05-23 10:37:54,750 : INFO : D:\Python27_NLP\语料库\国家\WikipediaSpiderCountry\0043.txt 文件处理完毕!
2017-05-23 10:37:54,755 : INFO : D:\Python27_NLP\语料库\国家\WikipediaSpiderCountry\0044.txt 文件处理完毕!
2017-05-23 10:37:54,762 : INFO : D:\Python27_NLP\语料库\国家\WikipediaSpiderCountry\0045.txt 文件处理完毕!
2017-05-23 10:37:54,766 : INFO : D:\Python27_NLP\语料库\国家\WikipediaSpiderCountry\0046.txt 文件处理完毕!
2017-05-23 10:37:54,770 : INFO : D:\Python27_NLP\语料库\国家\WikipediaSpiderCountry\0047.txt 文件处理完毕!
2017-05-23 10:37:54,782 : INFO : D:\Python27_NLP\语料库\国家\WikipediaSpiderCountry\0048.txt 文件处理完毕!
2017-05-23 10:37:54,790 : INFO : D:\Python27_NLP\语料库\国家\WikipediaSpiderCountry\0049.txt 文件处理完毕!
2017-05-23 10:37:54,796 : INFO : D:\Python27_NLP\语料库\国家\WikipediaSpiderCountry\0050.txt 文件处理完毕!
2017-05-23 10:37:54,802 : INFO : D:\Python27_NLP\语料库\国家\WikipediaSpiderCountry\0051.txt 文件处理完毕!
2017-05-23 10:37:54,812 : INFO : D:\Python27_NLP\语料库\国家\WikipediaSpiderCountry\0052.txt 文件处理完毕!
2017-05-23 10:37:54,815 : INFO : D:\Python27_NLP\语料库\国家\WikipediaSpiderCountry\0053.txt 文件处理完毕!
2017-05-23 10:37:54,819 : INFO : D:\Python27_NLP\语料库\国家\WikipediaSpiderCountry\0054.txt 文件处理完毕!
2017-05-23 10:37:54,826 : INFO : D:\Python27_NLP\语料库\国家\WikipediaSpiderCountry\0055.txt 文件处理完毕!
2017-05-23 10:37:54,834 : INFO : D:\Python27_NLP\语料库\国家\WikipediaSpiderCountry\0056.txt 文件处理完毕!
2017-05-23 10:37:54,838 : INFO : D:\Python27_NLP\语料库\国家\WikipediaSpiderCountry\0057.txt 文件处理完毕!
2017-05-23 10:37:54,845 : INFO : D:\Python27_NLP\语料库\国家\WikipediaSpiderCountry\0058.txt 文件处理完毕!
2017-05-23 10:37:54,851 : INFO : D:\Python27_NLP\语料库\国家\WikipediaSpiderCountry\0059.txt 文件处理完毕!
2017-05-23 10:37:54,861 : INFO : D:\Python27_NLP\语料库\国家\WikipediaSpiderCountry\0060.txt 文件处理完毕!
2017-05-23 10:37:54,864 : INFO : D:\Python27_NLP\语料库\国家\WikipediaSpiderCountry\0061.txt 文件处理完毕!
2017-05-23 10:37:54,869 : INFO : D:\Python27_NLP\语料库\国家\WikipediaSpiderCountry\0062.txt 文件处理完毕!
2017-05-23 10:37:54,875 : INFO : D:\Python27_NLP\语料库\国家\WikipediaSpiderCountry\0063.txt 文件处理完毕!
2017-05-23 10:37:54,882 : INFO : D:\Python27_NLP\语料库\国家\WikipediaSpiderCountry\0064.txt 文件处理完毕!
2017-05-23 10:37:54,888 : INFO : D:\Python27_NLP\语料库\国家\WikipediaSpiderCountry\0065.txt 文件处理完毕!
2017-05-23 10:37:54,892 : INFO : D:\Python27_NLP\语料库\国家\WikipediaSpiderCountry\0066.txt 文件处理完毕!
2017-05-23 10:37:54,900 : INFO : D:\Python27_NLP\语料库\国家\WikipediaSpiderCountry\0067.txt 文件处理完毕!
2017-05-23 10:37:54,904 : INFO : D:\Python27_NLP\语料库\国家\WikipediaSpiderCountry\0068.txt 文件处理完毕!
2017-05-23 10:37:54,911 : INFO : D:\Python27_NLP\语料库\国家\WikipediaSpiderCountry\0069.txt 文件处理完毕!
2017-05-23 10:37:54,917 : INFO : D:\Python27_NLP\语料库\国家\WikipediaSpiderCountry\0070.txt 文件处理完毕!
2017-05-23 10:37:54,927 : INFO : D:\Python27_NLP\语料库\国家\WikipediaSpiderCountry\0071.txt 文件处理完毕!
2017-05-23 10:37:54,936 : INFO : D:\Python27_NLP\语料库\国家\WikipediaSpiderCountry\0072.txt 文件处理完毕!
2017-05-23 10:37:54,944 : INFO : D:\Python27_NLP\语料库\国家\WikipediaSpiderCountry\0073.txt 文件处理完毕!
2017-05-23 10:37:54,950 : INFO : D:\Python27_NLP\语料库\国家\WikipediaSpiderCountry\0074.txt 文件处理完毕!
2017-05-23 10:37:54,957 : INFO : D:\Python27_NLP\语料库\国家\WikipediaSpiderCountry\0075.txt 文件处理完毕!
2017-05-23 10:37:54,961 : INFO : D:\Python27_NLP\语料库\国家\WikipediaSpiderCountry\0076.txt 文件处理完毕!
2017-05-23 10:37:54,966 : INFO : D:\Python27_NLP\语料库\国家\WikipediaSpiderCountry\0077.txt 文件处理完毕!
2017-05-23 10:37:54,970 : INFO : D:\Python27_NLP\语料库\国家\WikipediaSpiderCountry\0078.txt 文件处理完毕!
2017-05-23 10:37:54,974 : INFO : D:\Python27_NLP\语料库\国家\WikipediaSpiderCountry\0079.txt 文件处理完毕!
2017-05-23 10:37:54,980 : INFO : D:\Python27_NLP\语料库\国家\WikipediaSpiderCountry\0080.txt 文件处理完毕!
2017-05-23 10:37:54,987 : INFO : D:\Python27_NLP\语料库\国家\WikipediaSpiderCountry\0081.txt 文件处理完毕!
2017-05-23 10:37:54,994 : INFO : D:\Python27_NLP\语料库\国家\WikipediaSpiderCountry\0082.txt 文件处理完毕!
2017-05-23 10:37:55,000 : INFO : D:\Python27_NLP\语料库\国家\WikipediaSpiderCountry\0083.txt 文件处理完毕!
2017-05-23 10:37:55,006 : INFO : D:\Python27_NLP\语料库\国家\WikipediaSpiderCountry\0084.txt 文件处理完毕!
2017-05-23 10:37:55,010 : INFO : D:\Python27_NLP\语料库\国家\WikipediaSpiderCountry\0085.txt 文件处理完毕!
2017-05-23 10:37:55,020 : INFO : D:\Python27_NLP\语料库\国家\WikipediaSpiderCountry\0086.txt 文件处理完毕!
2017-05-23 10:37:55,029 : INFO : D:\Python27_NLP\语料库\国家\WikipediaSpiderCountry\0087.txt 文件处理完毕!
2017-05-23 10:37:55,039 : INFO : D:\Python27_NLP\语料库\国家\WikipediaSpiderCountry\0088.txt 文件处理完毕!
2017-05-23 10:37:55,046 : INFO : D:\Python27_NLP\语料库\国家\WikipediaSpiderCountry\0089.txt 文件处理完毕!
2017-05-23 10:37:55,053 : INFO : D:\Python27_NLP\语料库\国家\WikipediaSpiderCountry\0090.txt 文件处理完毕!
2017-05-23 10:37:55,063 : INFO : D:\Python27_NLP\语料库\国家\WikipediaSpiderCountry\0091.txt 文件处理完毕!
2017-05-23 10:37:55,073 : INFO : D:\Python27_NLP\语料库\国家\WikipediaSpiderCountry\0092.txt 文件处理完毕!
2017-05-23 10:37:55,076 : INFO : D:\Python27_NLP\语料库\国家\WikipediaSpiderCountry\0093.txt 文件处理完毕!
2017-05-23 10:37:55,084 : INFO : D:\Python27_NLP\语料库\国家\WikipediaSpiderCountry\0094.txt 文件处理完毕!
2017-05-23 10:37:55,091 : INFO : D:\Python27_NLP\语料库\国家\WikipediaSpiderCountry\0095.txt 文件处理完毕!
2017-05-23 10:37:55,096 : INFO : D:\Python27_NLP\语料库\国家\WikipediaSpiderCountry\0096.txt 文件处理完毕!
2017-05-23 10:37:55,104 : INFO : D:\Python27_NLP\语料库\国家\WikipediaSpiderCountry\0097.txt 文件处理完毕!
2017-05-23 10:37:55,111 : INFO : D:\Python27_NLP\语料库\国家\WikipediaSpiderCountry\0098.txt 文件处理完毕!
2017-05-23 10:37:55,115 : INFO : D:\Python27_NLP\语料库\国家\WikipediaSpiderCountry\0099.txt 文件处理完毕!
2017-05-23 10:37:55,119 : INFO : D:\Python27_NLP\语料库\国家\WikipediaSpiderCountry\0100.txt 文件处理完毕!
2017-05-23 10:37:55,121 : INFO : D:\Python27_NLP\语料库\国家
2017-05-23 10:37:55,121 : INFO : D:\Python27_NLP\src\国家\000000.txt
2017-05-23 10:37:55,138 : INFO : 分词已保存至文件 D:\Python27_NLP\src\国家\000000.txt
2017-05-23 10:37:55,138 : INFO : D:\Python27_NLP\src\国家\000001.txt
2017-05-23 10:37:55,142 : INFO : 分词已保存至文件 D:\Python27_NLP\src\国家\000001.txt
2017-05-23 10:37:55,142 : INFO : D:\Python27_NLP\src\国家\000002.txt
2017-05-23 10:37:55,148 : INFO : 分词已保存至文件 D:\Python27_NLP\src\国家\000002.txt
2017-05-23 10:37:55,148 : INFO : D:\Python27_NLP\src\国家\000003.txt
2017-05-23 10:37:55,154 : INFO : 分词已保存至文件 D:\Python27_NLP\src\国家\000003.txt
2017-05-23 10:37:55,154 : INFO : D:\Python27_NLP\src\国家\000004.txt
2017-05-23 10:37:55,160 : INFO : 分词已保存至文件 D:\Python27_NLP\src\国家\000004.txt
2017-05-23 10:37:55,160 : INFO : D:\Python27_NLP\src\国家\000005.txt
2017-05-23 10:37:55,164 : INFO : 分词已保存至文件 D:\Python27_NLP\src\国家\000005.txt
2017-05-23 10:37:55,164 : INFO : D:\Python27_NLP\src\国家\000006.txt
2017-05-23 10:37:55,171 : INFO : 分词已保存至文件 D:\Python27_NLP\src\国家\000006.txt
2017-05-23 10:37:55,171 : INFO : D:\Python27_NLP\src\国家\000007.txt
2017-05-23 10:37:55,176 : INFO : 分词已保存至文件 D:\Python27_NLP\src\国家\000007.txt
2017-05-23 10:37:55,176 : INFO : D:\Python27_NLP\src\国家\000008.txt
2017-05-23 10:37:55,180 : INFO : 分词已保存至文件 D:\Python27_NLP\src\国家\000008.txt
2017-05-23 10:37:55,180 : INFO : D:\Python27_NLP\src\国家\000009.txt
2017-05-23 10:37:55,186 : INFO : 分词已保存至文件 D:\Python27_NLP\src\国家\000009.txt
2017-05-23 10:37:55,186 : INFO : D:\Python27_NLP\src\国家\000010.txt
2017-05-23 10:37:55,190 : INFO : 分词已保存至文件 D:\Python27_NLP\src\国家\000010.txt
2017-05-23 10:37:55,191 : INFO : D:\Python27_NLP\src\国家\000011.txt
2017-05-23 10:37:55,197 : INFO : 分词已保存至文件 D:\Python27_NLP\src\国家\000011.txt
2017-05-23 10:37:55,197 : INFO : D:\Python27_NLP\src\国家\000012.txt
2017-05-23 10:37:55,201 : INFO : 分词已保存至文件 D:\Python27_NLP\src\国家\000012.txt
2017-05-23 10:37:55,201 : INFO : D:\Python27_NLP\src\国家\000013.txt
2017-05-23 10:37:55,207 : INFO : 分词已保存至文件 D:\Python27_NLP\src\国家\000013.txt
2017-05-23 10:37:55,207 : INFO : D:\Python27_NLP\src\国家\000014.txt
2017-05-23 10:37:55,211 : INFO : 分词已保存至文件 D:\Python27_NLP\src\国家\000014.txt
2017-05-23 10:37:55,213 : INFO : D:\Python27_NLP\src\国家\000015.txt
2017-05-23 10:37:55,217 : INFO : 分词已保存至文件 D:\Python27_NLP\src\国家\000015.txt
2017-05-23 10:37:55,217 : INFO : D:\Python27_NLP\src\国家\000016.txt
2017-05-23 10:37:55,223 : INFO : 分词已保存至文件 D:\Python27_NLP\src\国家\000016.txt
2017-05-23 10:37:55,223 : INFO : D:\Python27_NLP\src\国家\000017.txt
2017-05-23 10:37:55,229 : INFO : 分词已保存至文件 D:\Python27_NLP\src\国家\000017.txt
2017-05-23 10:37:55,229 : INFO : D:\Python27_NLP\src\国家\000018.txt
2017-05-23 10:37:55,233 : INFO : 分词已保存至文件 D:\Python27_NLP\src\国家\000018.txt
2017-05-23 10:37:55,233 : INFO : D:\Python27_NLP\src\国家\000019.txt
2017-05-23 10:37:55,240 : INFO : 分词已保存至文件 D:\Python27_NLP\src\国家\000019.txt
2017-05-23 10:37:55,240 : INFO : D:\Python27_NLP\src\国家\000020.txt
2017-05-23 10:37:55,244 : INFO : 分词已保存至文件 D:\Python27_NLP\src\国家\000020.txt
2017-05-23 10:37:55,246 : INFO : D:\Python27_NLP\src\国家\000021.txt
2017-05-23 10:37:55,250 : INFO : 分词已保存至文件 D:\Python27_NLP\src\国家\000021.txt
2017-05-23 10:37:55,250 : INFO : D:\Python27_NLP\src\国家\000022.txt
2017-05-23 10:37:55,256 : INFO : 分词已保存至文件 D:\Python27_NLP\src\国家\000022.txt
2017-05-23 10:37:55,256 : INFO : D:\Python27_NLP\src\国家\000023.txt
2017-05-23 10:37:55,259 : INFO : 分词已保存至文件 D:\Python27_NLP\src\国家\000023.txt
2017-05-23 10:37:55,259 : INFO : D:\Python27_NLP\src\国家\000024.txt
2017-05-23 10:37:55,263 : INFO : 分词已保存至文件 D:\Python27_NLP\src\国家\000024.txt
2017-05-23 10:37:55,265 : INFO : D:\Python27_NLP\src\国家\000025.txt
2017-05-23 10:37:55,269 : INFO : 分词已保存至文件 D:\Python27_NLP\src\国家\000025.txt
2017-05-23 10:37:55,269 : INFO : D:\Python27_NLP\src\国家\000026.txt
2017-05-23 10:37:55,273 : INFO : 分词已保存至文件 D:\Python27_NLP\src\国家\000026.txt
2017-05-23 10:37:55,273 : INFO : D:\Python27_NLP\src\国家\000027.txt
2017-05-23 10:37:55,278 : INFO : 分词已保存至文件 D:\Python27_NLP\src\国家\000027.txt
2017-05-23 10:37:55,278 : INFO : D:\Python27_NLP\src\国家\000028.txt
2017-05-23 10:37:55,282 : INFO : 分词已保存至文件 D:\Python27_NLP\src\国家\000028.txt
2017-05-23 10:37:55,283 : INFO : D:\Python27_NLP\src\国家\000029.txt
2017-05-23 10:37:55,289 : INFO : 分词已保存至文件 D:\Python27_NLP\src\国家\000029.txt
2017-05-23 10:37:55,289 : INFO : D:\Python27_NLP\src\国家\000030.txt
2017-05-23 10:37:55,293 : INFO : 分词已保存至文件 D:\Python27_NLP\src\国家\000030.txt
2017-05-23 10:37:55,293 : INFO : D:\Python27_NLP\src\国家\000031.txt
2017-05-23 10:37:55,299 : INFO : 分词已保存至文件 D:\Python27_NLP\src\国家\000031.txt
2017-05-23 10:37:55,299 : INFO : D:\Python27_NLP\src\国家\000033.txt
2017-05-23 10:37:55,303 : INFO : 分词已保存至文件 D:\Python27_NLP\src\国家\000033.txt
2017-05-23 10:37:55,305 : INFO : D:\Python27_NLP\src\国家\000034.txt
2017-05-23 10:37:55,308 : INFO : 分词已保存至文件 D:\Python27_NLP\src\国家\000034.txt
2017-05-23 10:37:55,308 : INFO : D:\Python27_NLP\src\国家\000035.txt
2017-05-23 10:37:55,312 : INFO : 分词已保存至文件 D:\Python27_NLP\src\国家\000035.txt
2017-05-23 10:37:55,312 : INFO : D:\Python27_NLP\src\国家\000036.txt
2017-05-23 10:37:55,315 : INFO : 分词已保存至文件 D:\Python27_NLP\src\国家\000036.txt
2017-05-23 10:37:55,316 : INFO : D:\Python27_NLP\src\国家\000037.txt
2017-05-23 10:37:55,322 : INFO : 分词已保存至文件 D:\Python27_NLP\src\国家\000037.txt
2017-05-23 10:37:55,322 : INFO : D:\Python27_NLP\src\国家\000038.txt
2017-05-23 10:37:55,326 : INFO : 分词已保存至文件 D:\Python27_NLP\src\国家\000038.txt
2017-05-23 10:37:55,326 : INFO : D:\Python27_NLP\src\国家\000039.txt
2017-05-23 10:37:55,332 : INFO : 分词已保存至文件 D:\Python27_NLP\src\国家\000039.txt
2017-05-23 10:37:55,332 : INFO : D:\Python27_NLP\src\国家\000040.txt
2017-05-23 10:37:55,338 : INFO : 分词已保存至文件 D:\Python27_NLP\src\国家\000040.txt
2017-05-23 10:37:55,338 : INFO : D:\Python27_NLP\src\国家\000041.txt
2017-05-23 10:37:55,344 : INFO : 分词已保存至文件 D:\Python27_NLP\src\国家\000041.txt
2017-05-23 10:37:55,344 : INFO : D:\Python27_NLP\src\国家\000042.txt
2017-05-23 10:37:55,348 : INFO : 分词已保存至文件 D:\Python27_NLP\src\国家\000042.txt
2017-05-23 10:37:55,349 : INFO : D:\Python27_NLP\src\国家\000043.txt
2017-05-23 10:37:55,355 : INFO : 分词已保存至文件 D:\Python27_NLP\src\国家\000043.txt
2017-05-23 10:37:55,355 : INFO : D:\Python27_NLP\src\国家\000044.txt
2017-05-23 10:37:55,359 : INFO : 分词已保存至文件 D:\Python27_NLP\src\国家\000044.txt
2017-05-23 10:37:55,359 : INFO : D:\Python27_NLP\src\国家\000045.txt
2017-05-23 10:37:55,365 : INFO : 分词已保存至文件 D:\Python27_NLP\src\国家\000045.txt
2017-05-23 10:37:55,365 : INFO : D:\Python27_NLP\src\国家\000046.txt
2017-05-23 10:37:55,371 : INFO : 分词已保存至文件 D:\Python27_NLP\src\国家\000046.txt
2017-05-23 10:37:55,371 : INFO : D:\Python27_NLP\src\国家\000047.txt
2017-05-23 10:37:55,377 : INFO : 分词已保存至文件 D:\Python27_NLP\src\国家\000047.txt
2017-05-23 10:37:55,377 : INFO : D:\Python27_NLP\src\国家\000048.txt
2017-05-23 10:37:55,381 : INFO : 分词已保存至文件 D:\Python27_NLP\src\国家\000048.txt
2017-05-23 10:37:55,381 : INFO : D:\Python27_NLP\src\国家\000049.txt
2017-05-23 10:37:55,384 : INFO : 分词已保存至文件 D:\Python27_NLP\src\国家\000049.txt
2017-05-23 10:37:55,385 : INFO : D:\Python27_NLP\src\国家\000050.txt
2017-05-23 10:37:55,388 : INFO : 分词已保存至文件 D:\Python27_NLP\src\国家\000050.txt
2017-05-23 10:37:55,388 : INFO : D:\Python27_NLP\src\国家\000051.txt
2017-05-23 10:37:55,394 : INFO : 分词已保存至文件 D:\Python27_NLP\src\国家\000051.txt
2017-05-23 10:37:55,394 : INFO : D:\Python27_NLP\src\国家\000052.txt
2017-05-23 10:37:55,398 : INFO : 分词已保存至文件 D:\Python27_NLP\src\国家\000052.txt
2017-05-23 10:37:55,398 : INFO : D:\Python27_NLP\src\国家\000053.txt
2017-05-23 10:37:55,404 : INFO : 分词已保存至文件 D:\Python27_NLP\src\国家\000053.txt
2017-05-23 10:37:55,404 : INFO : D:\Python27_NLP\src\国家\000054.txt
2017-05-23 10:37:55,410 : INFO : 分词已保存至文件 D:\Python27_NLP\src\国家\000054.txt
2017-05-23 10:37:55,410 : INFO : D:\Python27_NLP\src\国家\000055.txt
2017-05-23 10:37:55,414 : INFO : 分词已保存至文件 D:\Python27_NLP\src\国家\000055.txt
2017-05-23 10:37:55,414 : INFO : D:\Python27_NLP\src\国家\000056.txt
2017-05-23 10:37:55,420 : INFO : 分词已保存至文件 D:\Python27_NLP\src\国家\000056.txt
2017-05-23 10:37:55,420 : INFO : D:\Python27_NLP\src\国家\000057.txt
2017-05-23 10:37:55,424 : INFO : 分词已保存至文件 D:\Python27_NLP\src\国家\000057.txt
2017-05-23 10:37:55,424 : INFO : D:\Python27_NLP\src\国家\000058.txt
2017-05-23 10:37:55,430 : INFO : 分词已保存至文件 D:\Python27_NLP\src\国家\000058.txt
2017-05-23 10:37:55,430 : INFO : D:\Python27_NLP\src\国家\000059.txt
2017-05-23 10:37:55,436 : INFO : 分词已保存至文件 D:\Python27_NLP\src\国家\000059.txt
2017-05-23 10:37:55,436 : INFO : D:\Python27_NLP\src\国家\000060.txt
2017-05-23 10:37:55,438 : INFO : 分词已保存至文件 D:\Python27_NLP\src\国家\000060.txt
2017-05-23 10:37:55,438 : INFO : D:\Python27_NLP\src\国家\000061.txt
2017-05-23 10:37:55,444 : INFO : 分词已保存至文件 D:\Python27_NLP\src\国家\000061.txt
2017-05-23 10:37:55,444 : INFO : D:\Python27_NLP\src\国家\000062.txt
2017-05-23 10:37:55,450 : INFO : 分词已保存至文件 D:\Python27_NLP\src\国家\000062.txt
2017-05-23 10:37:55,450 : INFO : D:\Python27_NLP\src\国家\000063.txt
2017-05-23 10:37:55,454 : INFO : 分词已保存至文件 D:\Python27_NLP\src\国家\000063.txt
2017-05-23 10:37:55,454 : INFO : D:\Python27_NLP\src\国家\000064.txt
2017-05-23 10:37:55,460 : INFO : 分词已保存至文件 D:\Python27_NLP\src\国家\000064.txt
2017-05-23 10:37:55,460 : INFO : D:\Python27_NLP\src\国家\000065.txt
2017-05-23 10:37:55,466 : INFO : 分词已保存至文件 D:\Python27_NLP\src\国家\000065.txt
2017-05-23 10:37:55,466 : INFO : D:\Python27_NLP\src\国家\000067.txt
2017-05-23 10:37:55,470 : INFO : 分词已保存至文件 D:\Python27_NLP\src\国家\000067.txt
2017-05-23 10:37:55,470 : INFO : D:\Python27_NLP\src\国家\000068.txt
2017-05-23 10:37:55,476 : INFO : 分词已保存至文件 D:\Python27_NLP\src\国家\000068.txt
2017-05-23 10:37:55,476 : INFO : D:\Python27_NLP\src\国家\000069.txt
2017-05-23 10:37:55,482 : INFO : 分词已保存至文件 D:\Python27_NLP\src\国家\000069.txt
2017-05-23 10:37:55,482 : INFO : D:\Python27_NLP\src\国家\000070.txt
2017-05-23 10:37:55,486 : INFO : 分词已保存至文件 D:\Python27_NLP\src\国家\000070.txt
2017-05-23 10:37:55,486 : INFO : D:\Python27_NLP\src\国家\000071.txt
2017-05-23 10:37:55,492 : INFO : 分词已保存至文件 D:\Python27_NLP\src\国家\000071.txt
2017-05-23 10:37:55,493 : INFO : D:\Python27_NLP\src\国家\000072.txt
2017-05-23 10:37:55,497 : INFO : 分词已保存至文件 D:\Python27_NLP\src\国家\000072.txt
2017-05-23 10:37:55,497 : INFO : D:\Python27_NLP\src\国家\000073.txt
2017-05-23 10:37:55,503 : INFO : 分词已保存至文件 D:\Python27_NLP\src\国家\000073.txt
2017-05-23 10:37:55,503 : INFO : D:\Python27_NLP\src\国家\000074.txt
2017-05-23 10:37:55,525 : INFO : 分词已保存至文件 D:\Python27_NLP\src\国家\000074.txt
2017-05-23 10:37:55,526 : INFO : D:\Python27_NLP\src\国家\000075.txt
2017-05-23 10:37:55,530 : INFO : 分词已保存至文件 D:\Python27_NLP\src\国家\000075.txt
2017-05-23 10:37:55,530 : INFO : D:\Python27_NLP\src\国家\000076.txt
2017-05-23 10:37:55,536 : INFO : 分词已保存至文件 D:\Python27_NLP\src\国家\000076.txt
2017-05-23 10:37:55,536 : INFO : D:\Python27_NLP\src\国家\000077.txt
2017-05-23 10:37:55,540 : INFO : 分词已保存至文件 D:\Python27_NLP\src\国家\000077.txt
2017-05-23 10:37:55,540 : INFO : D:\Python27_NLP\src\国家\000078.txt
2017-05-23 10:37:55,546 : INFO : 分词已保存至文件 D:\Python27_NLP\src\国家\000078.txt
2017-05-23 10:37:55,548 : INFO : D:\Python27_NLP\src\国家\000079.txt
2017-05-23 10:37:55,552 : INFO : 分词已保存至文件 D:\Python27_NLP\src\国家\000079.txt
2017-05-23 10:37:55,552 : INFO : D:\Python27_NLP\src\国家\000080.txt
2017-05-23 10:37:55,558 : INFO : 分词已保存至文件 D:\Python27_NLP\src\国家\000080.txt
2017-05-23 10:37:55,558 : INFO : D:\Python27_NLP\src\国家\000081.txt
2017-05-23 10:37:55,562 : INFO : 分词已保存至文件 D:\Python27_NLP\src\国家\000081.txt
2017-05-23 10:37:55,562 : INFO : D:\Python27_NLP\src\国家\000082.txt
2017-05-23 10:37:55,568 : INFO : 分词已保存至文件 D:\Python27_NLP\src\国家\000082.txt
2017-05-23 10:37:55,569 : INFO : D:\Python27_NLP\src\国家\000083.txt
2017-05-23 10:37:55,573 : INFO : 分词已保存至文件 D:\Python27_NLP\src\国家\000083.txt
2017-05-23 10:37:55,573 : INFO : D:\Python27_NLP\src\国家\000084.txt
2017-05-23 10:37:55,578 : INFO : 分词已保存至文件 D:\Python27_NLP\src\国家\000084.txt
2017-05-23 10:37:55,578 : INFO : D:\Python27_NLP\src\国家\000085.txt
2017-05-23 10:37:55,584 : INFO : 分词已保存至文件 D:\Python27_NLP\src\国家\000085.txt
2017-05-23 10:37:55,584 : INFO : D:\Python27_NLP\src\国家\000086.txt
2017-05-23 10:37:55,589 : INFO : 分词已保存至文件 D:\Python27_NLP\src\国家\000086.txt
2017-05-23 10:37:55,589 : INFO : D:\Python27_NLP\src\国家\000087.txt
2017-05-23 10:37:55,595 : INFO : 分词已保存至文件 D:\Python27_NLP\src\国家\000087.txt
2017-05-23 10:37:55,595 : INFO : D:\Python27_NLP\src\国家\000088.txt
2017-05-23 10:37:55,601 : INFO : 分词已保存至文件 D:\Python27_NLP\src\国家\000088.txt
2017-05-23 10:37:55,601 : INFO : D:\Python27_NLP\src\国家\000089.txt
2017-05-23 10:37:55,605 : INFO : 分词已保存至文件 D:\Python27_NLP\src\国家\000089.txt
2017-05-23 10:37:55,607 : INFO : D:\Python27_NLP\src\国家\000090.txt
2017-05-23 10:37:55,611 : INFO : 分词已保存至文件 D:\Python27_NLP\src\国家\000090.txt
2017-05-23 10:37:55,611 : INFO : D:\Python27_NLP\src\国家\000091.txt
2017-05-23 10:37:55,617 : INFO : 分词已保存至文件 D:\Python27_NLP\src\国家\000091.txt
2017-05-23 10:37:55,617 : INFO : D:\Python27_NLP\src\国家\000092.txt
2017-05-23 10:37:55,621 : INFO : 分词已保存至文件 D:\Python27_NLP\src\国家\000092.txt
2017-05-23 10:37:55,621 : INFO : D:\Python27_NLP\src\国家\000093.txt
2017-05-23 10:37:55,627 : INFO : 分词已保存至文件 D:\Python27_NLP\src\国家\000093.txt
2017-05-23 10:37:55,628 : INFO : D:\Python27_NLP\src\国家\000094.txt
2017-05-23 10:37:55,632 : INFO : 分词已保存至文件 D:\Python27_NLP\src\国家\000094.txt
2017-05-23 10:37:55,632 : INFO : D:\Python27_NLP\src\国家\000095.txt
2017-05-23 10:37:55,638 : INFO : 分词已保存至文件 D:\Python27_NLP\src\国家\000095.txt
2017-05-23 10:37:55,638 : INFO : D:\Python27_NLP\src\国家\000096.txt
2017-05-23 10:37:55,642 : INFO : 分词已保存至文件 D:\Python27_NLP\src\国家\000096.txt
2017-05-23 10:37:55,642 : INFO : D:\Python27_NLP\src\国家\000097.txt
2017-05-23 10:37:55,648 : INFO : 分词已保存至文件 D:\Python27_NLP\src\国家\000097.txt
2017-05-23 10:37:55,648 : INFO : D:\Python27_NLP\src\国家\000098.txt
2017-05-23 10:37:55,654 : INFO : 分词已保存至文件 D:\Python27_NLP\src\国家\000098.txt
2017-05-23 10:37:55,654 : INFO : D:\Python27_NLP\src\国家\000099.txt
2017-05-23 10:37:55,658 : INFO : 分词已保存至文件 D:\Python27_NLP\src\国家\000099.txt
2017-05-23 10:37:55,658 : INFO : D:\Python27_NLP\src\国家\000100.txt
2017-05-23 10:37:55,664 : INFO : 分词已保存至文件 D:\Python27_NLP\src\国家\000100.txt
2017-05-23 10:37:55,664 : INFO : D:\Python27_NLP\src\国家\000101.txt
2017-05-23 10:37:55,668 : INFO : 分词已保存至文件 D:\Python27_NLP\src\国家\000101.txt
2017-05-23 10:37:55,670 : INFO : D:\Python27_NLP\src\国家\000102.txt
2017-05-23 10:37:55,674 : INFO : 分词已保存至文件 D:\Python27_NLP\src\国家\000102.txt
2017-05-23 10:37:55,674 : INFO : D:\Python27_NLP\src\国家\000103.txt
2017-05-23 10:37:55,680 : INFO : 分词已保存至文件 D:\Python27_NLP\src\国家\000103.txt
2017-05-23 10:37:55,680 : INFO : D:\Python27_NLP\src\国家\000104.txt
2017-05-23 10:37:55,684 : INFO : 分词已保存至文件 D:\Python27_NLP\src\国家\000104.txt
2017-05-23 10:37:55,686 : INFO : D:\Python27_NLP\src\国家\000105.txt
2017-05-23 10:37:55,690 : INFO : 分词已保存至文件 D:\Python27_NLP\src\国家\000105.txt
2017-05-23 10:37:55,690 : INFO : D:\Python27_NLP\src\国家\000106.txt
2017-05-23 10:37:55,696 : INFO : 分词已保存至文件 D:\Python27_NLP\src\国家\000106.txt
2017-05-23 10:37:55,696 : INFO : D:\Python27_NLP\src\国家\000107.txt
2017-05-23 10:37:55,700 : INFO : 分词已保存至文件 D:\Python27_NLP\src\国家\000107.txt
2017-05-23 10:37:55,701 : INFO : D:\Python27_NLP\src\国家\000108.txt
2017-05-23 10:37:55,707 : INFO : 分词已保存至文件 D:\Python27_NLP\src\国家\000108.txt
2017-05-23 10:37:55,707 : INFO : D:\Python27_NLP\src\国家\000109.txt
2017-05-23 10:37:55,711 : INFO : 分词已保存至文件 D:\Python27_NLP\src\国家\000109.txt
2017-05-23 10:37:55,711 : INFO : D:\Python27_NLP\src\国家\000110.txt
2017-05-23 10:37:55,717 : INFO : 分词已保存至文件 D:\Python27_NLP\src\国家\000110.txt
2017-05-23 10:37:55,717 : INFO : D:\Python27_NLP\src\国家\000111.txt
2017-05-23 10:37:55,721 : INFO : 分词已保存至文件 D:\Python27_NLP\src\国家\000111.txt
2017-05-23 10:37:55,723 : INFO : D:\Python27_NLP\src\国家\000112.txt
2017-05-23 10:37:55,727 : INFO : 分词已保存至文件 D:\Python27_NLP\src\国家\000112.txt
2017-05-23 10:37:55,727 : INFO : D:\Python27_NLP\src\国家\000113.txt
2017-05-23 10:37:55,733 : INFO : 分词已保存至文件 D:\Python27_NLP\src\国家\000113.txt
2017-05-23 10:37:55,733 : INFO : D:\Python27_NLP\src\国家\000114.txt
2017-05-23 10:37:55,737 : INFO : 分词已保存至文件 D:\Python27_NLP\src\国家\000114.txt
2017-05-23 10:37:55,737 : INFO : D:\Python27_NLP\src\国家\000115.txt
2017-05-23 10:37:55,743 : INFO : 分词已保存至文件 D:\Python27_NLP\src\国家\000115.txt
2017-05-23 10:37:55,743 : INFO : D:\Python27_NLP\src\国家\000116.txt
2017-05-23 10:37:55,747 : INFO : 分词已保存至文件 D:\Python27_NLP\src\国家\000116.txt
2017-05-23 10:37:55,747 : INFO : D:\Python27_NLP\src\国家\000117.txt
2017-05-23 10:37:55,753 : INFO : 分词已保存至文件 D:\Python27_NLP\src\国家\000117.txt
2017-05-23 10:37:55,753 : INFO : D:\Python27_NLP\src\国家\000118.txt
2017-05-23 10:37:55,759 : INFO : 分词已保存至文件 D:\Python27_NLP\src\国家\000118.txt
2017-05-23 10:37:55,759 : INFO : D:\Python27_NLP\src\国家\000119.txt
2017-05-23 10:37:55,763 : INFO : 分词已保存至文件 D:\Python27_NLP\src\国家\000119.txt
2017-05-23 10:37:55,763 : INFO : D:\Python27_NLP\src\国家\000120.txt
2017-05-23 10:37:55,769 : INFO : 分词已保存至文件 D:\Python27_NLP\src\国家\000120.txt
2017-05-23 10:37:55,769 : INFO : D:\Python27_NLP\src\国家\000121.txt
2017-05-23 10:37:55,790 : INFO : 分词已保存至文件 D:\Python27_NLP\src\国家\000121.txt
2017-05-23 10:37:55,790 : INFO : D:\Python27_NLP\src\国家\000122.txt
2017-05-23 10:37:55,803 : INFO : 分词已保存至文件 D:\Python27_NLP\src\国家\000122.txt
2017-05-23 10:37:55,803 : INFO : D:\Python27_NLP\src\国家\000123.txt
2017-05-23 10:37:55,809 : INFO : 分词已保存至文件 D:\Python27_NLP\src\国家\000123.txt
2017-05-23 10:37:55,809 : INFO : D:\Python27_NLP\src\国家\000124.txt
2017-05-23 10:37:55,815 : INFO : 分词已保存至文件 D:\Python27_NLP\src\国家\000124.txt
2017-05-23 10:37:55,815 : INFO : D:\Python27_NLP\src\国家\000125.txt
2017-05-23 10:37:55,819 : INFO : 分词已保存至文件 D:\Python27_NLP\src\国家\000125.txt
2017-05-23 10:37:55,819 : INFO : D:\Python27_NLP\src\国家\000126.txt
2017-05-23 10:37:55,825 : INFO : 分词已保存至文件 D:\Python27_NLP\src\国家\000126.txt
2017-05-23 10:37:55,825 : INFO : D:\Python27_NLP\src\国家\000127.txt
2017-05-23 10:37:55,829 : INFO : 分词已保存至文件 D:\Python27_NLP\src\国家\000127.txt
2017-05-23 10:37:55,831 : INFO : D:\Python27_NLP\src\国家\000128.txt
2017-05-23 10:37:55,835 : INFO : 分词已保存至文件 D:\Python27_NLP\src\国家\000128.txt
2017-05-23 10:37:55,835 : INFO : D:\Python27_NLP\src\国家\000129.txt
2017-05-23 10:37:55,841 : INFO : 分词已保存至文件 D:\Python27_NLP\src\国家\000129.txt
2017-05-23 10:37:55,841 : INFO : D:\Python27_NLP\src\国家\000130.txt
2017-05-23 10:37:55,845 : INFO : 分词已保存至文件 D:\Python27_NLP\src\国家\000130.txt
2017-05-23 10:37:55,845 : INFO : D:\Python27_NLP\src\国家\000131.txt
2017-05-23 10:37:55,865 : INFO : 分词已保存至文件 D:\Python27_NLP\src\国家\000131.txt
2017-05-23 10:37:55,865 : INFO : D:\Python27_NLP\src\国家\000132.txt
2017-05-23 10:37:55,880 : INFO : 分词已保存至文件 D:\Python27_NLP\src\国家\000132.txt
2017-05-23 10:37:55,880 : INFO : D:\Python27_NLP\src\国家\000133.txt
2017-05-23 10:37:55,884 : INFO : 分词已保存至文件 D:\Python27_NLP\src\国家\000133.txt
2017-05-23 10:37:55,884 : INFO : D:\Python27_NLP\src\国家\000134.txt
2017-05-23 10:37:55,891 : INFO : 分词已保存至文件 D:\Python27_NLP\src\国家\000134.txt
2017-05-23 10:37:55,891 : INFO : D:\Python27_NLP\src\国家\000135.txt
2017-05-23 10:37:55,895 : INFO : 分词已保存至文件 D:\Python27_NLP\src\国家\000135.txt
2017-05-23 10:37:55,895 : INFO : D:\Python27_NLP\src\国家\000136.txt
2017-05-23 10:37:55,901 : INFO : 分词已保存至文件 D:\Python27_NLP\src\国家\000136.txt
2017-05-23 10:37:55,901 : INFO : D:\Python27_NLP\src\国家\000137.txt
2017-05-23 10:37:55,907 : INFO : 分词已保存至文件 D:\Python27_NLP\src\国家\000137.txt
2017-05-23 10:37:55,907 : INFO : D:\Python27_NLP\src\国家\000138.txt
2017-05-23 10:37:55,915 : INFO : 分词已保存至文件 D:\Python27_NLP\src\国家\000138.txt
2017-05-23 10:37:55,917 : INFO : D:\Python27_NLP\src\国家\000139.txt
2017-05-23 10:37:55,921 : INFO : 分词已保存至文件 D:\Python27_NLP\src\国家\000139.txt
2017-05-23 10:37:55,921 : INFO : D:\Python27_NLP\src\国家\000140.txt
2017-05-23 10:37:55,927 : INFO : 分词已保存至文件 D:\Python27_NLP\src\国家\000140.txt
2017-05-23 10:37:55,927 : INFO : D:\Python27_NLP\src\国家\000141.txt
2017-05-23 10:37:55,977 : INFO : 分词已保存至文件 D:\Python27_NLP\src\国家\000141.txt
2017-05-23 10:37:55,979 : INFO : D:\Python27_NLP\src\国家\000142.txt
2017-05-23 10:37:55,992 : INFO : 分词已保存至文件 D:\Python27_NLP\src\国家\000142.txt
2017-05-23 10:37:55,992 : INFO : D:\Python27_NLP\src\国家\000143.txt
2017-05-23 10:37:56,002 : INFO : 分词已保存至文件 D:\Python27_NLP\src\国家\000143.txt
2017-05-23 10:37:56,002 : INFO : D:\Python27_NLP\src\国家\000144.txt
2017-05-23 10:37:56,007 : INFO : 分词已保存至文件 D:\Python27_NLP\src\国家\000144.txt
2017-05-23 10:37:56,007 : INFO : D:\Python27_NLP\src\国家\000145.txt
2017-05-23 10:37:56,013 : INFO : 分词已保存至文件 D:\Python27_NLP\src\国家\000145.txt
2017-05-23 10:37:56,013 : INFO : D:\Python27_NLP\src\国家\000146.txt
2017-05-23 10:37:56,022 : INFO : 分词已保存至文件 D:\Python27_NLP\src\国家\000146.txt
2017-05-23 10:37:56,022 : INFO : D:\Python27_NLP\src\国家\000147.txt
2017-05-23 10:37:56,028 : INFO : 分词已保存至文件 D:\Python27_NLP\src\国家\000147.txt
2017-05-23 10:37:56,028 : INFO : D:\Python27_NLP\src\国家\000148.txt
2017-05-23 10:37:56,032 : INFO : 分词已保存至文件 D:\Python27_NLP\src\国家\000148.txt
2017-05-23 10:37:56,032 : INFO : D:\Python27_NLP\src\国家\000149.txt
2017-05-23 10:37:56,038 : INFO : 分词已保存至文件 D:\Python27_NLP\src\国家\000149.txt
2017-05-23 10:37:56,038 : INFO : D:\Python27_NLP\src\国家\000150.txt
2017-05-23 10:37:56,043 : INFO : 分词已保存至文件 D:\Python27_NLP\src\国家\000150.txt
2017-05-23 10:37:56,043 : INFO : D:\Python27_NLP\src\国家\000151.txt
2017-05-23 10:37:56,049 : INFO : 分词已保存至文件 D:\Python27_NLP\src\国家\000151.txt
2017-05-23 10:37:56,049 : INFO : D:\Python27_NLP\src\国家\000152.txt
2017-05-23 10:37:56,053 : INFO : 分词已保存至文件 D:\Python27_NLP\src\国家\000152.txt
2017-05-23 10:37:56,053 : INFO : D:\Python27_NLP\src\国家\000153.txt
2017-05-23 10:37:56,059 : INFO : 分词已保存至文件 D:\Python27_NLP\src\国家\000153.txt
2017-05-23 10:37:56,059 : INFO : D:\Python27_NLP\src\国家\000154.txt
2017-05-23 10:37:56,063 : INFO : 分词已保存至文件 D:\Python27_NLP\src\国家\000154.txt
2017-05-23 10:37:56,063 : INFO : D:\Python27_NLP\src\国家\000155.txt
2017-05-23 10:37:56,069 : INFO : 分词已保存至文件 D:\Python27_NLP\src\国家\000155.txt
2017-05-23 10:37:56,069 : INFO : D:\Python27_NLP\src\国家\000156.txt
2017-05-23 10:37:56,073 : INFO : 分词已保存至文件 D:\Python27_NLP\src\国家\000156.txt
2017-05-23 10:37:56,073 : INFO : D:\Python27_NLP\src\国家\000157.txt
2017-05-23 10:37:56,078 : INFO : 分词已保存至文件 D:\Python27_NLP\src\国家\000157.txt
2017-05-23 10:37:56,079 : INFO : D:\Python27_NLP\src\国家\000158.txt
2017-05-23 10:37:56,085 : INFO : 分词已保存至文件 D:\Python27_NLP\src\国家\000158.txt
2017-05-23 10:37:56,085 : INFO : D:\Python27_NLP\src\国家\000159.txt
2017-05-23 10:37:56,089 : INFO : 分词已保存至文件 D:\Python27_NLP\src\国家\000159.txt
2017-05-23 10:37:56,089 : INFO : D:\Python27_NLP\src\国家\000160.txt
2017-05-23 10:37:56,095 : INFO : 分词已保存至文件 D:\Python27_NLP\src\国家\000160.txt
2017-05-23 10:37:56,095 : INFO : D:\Python27_NLP\src\国家\000161.txt
2017-05-23 10:37:56,101 : INFO : 分词已保存至文件 D:\Python27_NLP\src\国家\000161.txt
2017-05-23 10:37:56,101 : INFO : D:\Python27_NLP\src\国家\000162.txt
2017-05-23 10:37:56,105 : INFO : 分词已保存至文件 D:\Python27_NLP\src\国家\000162.txt
2017-05-23 10:37:56,105 : INFO : D:\Python27_NLP\src\国家\000163.txt
2017-05-23 10:37:56,111 : INFO : 分词已保存至文件 D:\Python27_NLP\src\国家\000163.txt
2017-05-23 10:37:56,111 : INFO : D:\Python27_NLP\src\国家\000164.txt
2017-05-23 10:37:56,117 : INFO : 分词已保存至文件 D:\Python27_NLP\src\国家\000164.txt
2017-05-23 10:37:56,117 : INFO : D:\Python27_NLP\src\国家\000165.txt
2017-05-23 10:37:56,121 : INFO : 分词已保存至文件 D:\Python27_NLP\src\国家\000165.txt
2017-05-23 10:37:56,121 : INFO : D:\Python27_NLP\src\国家\000166.txt
2017-05-23 10:37:56,128 : INFO : 分词已保存至文件 D:\Python27_NLP\src\国家\000166.txt
2017-05-23 10:37:56,128 : INFO : D:\Python27_NLP\src\国家\000167.txt
2017-05-23 10:37:56,142 : INFO : 分词已保存至文件 D:\Python27_NLP\src\国家\000167.txt
2017-05-23 10:37:56,142 : INFO : D:\Python27_NLP\src\国家\000168.txt
2017-05-23 10:37:56,148 : INFO : 分词已保存至文件 D:\Python27_NLP\src\国家\000168.txt
2017-05-23 10:37:56,148 : INFO : D:\Python27_NLP\src\国家\000169.txt
2017-05-23 10:37:56,153 : INFO : 分词已保存至文件 D:\Python27_NLP\src\国家\000169.txt
2017-05-23 10:37:56,154 : INFO : D:\Python27_NLP\src\国家\000170.txt
2017-05-23 10:37:56,158 : INFO : 分词已保存至文件 D:\Python27_NLP\src\国家\000170.txt
2017-05-23 10:37:56,158 : INFO : D:\Python27_NLP\src\国家\000171.txt
2017-05-23 10:37:56,164 : INFO : 分词已保存至文件 D:\Python27_NLP\src\国家\000171.txt
2017-05-23 10:37:56,164 : INFO : D:\Python27_NLP\src\国家\000172.txt
2017-05-23 10:37:56,168 : INFO : 分词已保存至文件 D:\Python27_NLP\src\国家\000172.txt
2017-05-23 10:37:56,168 : INFO : D:\Python27_NLP\src\国家\000173.txt
2017-05-23 10:37:56,174 : INFO : 分词已保存至文件 D:\Python27_NLP\src\国家\000173.txt
2017-05-23 10:37:56,174 : INFO : D:\Python27_NLP\src\国家\000174.txt
2017-05-23 10:37:56,181 : INFO : 分词已保存至文件 D:\Python27_NLP\src\国家\000174.txt
2017-05-23 10:37:56,181 : INFO : D:\Python27_NLP\src\国家\000175.txt
2017-05-23 10:37:56,187 : INFO : 分词已保存至文件 D:\Python27_NLP\src\国家\000175.txt
2017-05-23 10:37:56,187 : INFO : D:\Python27_NLP\src\国家\000176.txt
2017-05-23 10:37:56,193 : INFO : 分词已保存至文件 D:\Python27_NLP\src\国家\000176.txt
2017-05-23 10:37:56,193 : INFO : D:\Python27_NLP\src\国家\000177.txt
2017-05-23 10:37:56,197 : INFO : 分词已保存至文件 D:\Python27_NLP\src\国家\000177.txt
2017-05-23 10:37:56,197 : INFO : D:\Python27_NLP\src\国家\000178.txt
2017-05-23 10:37:56,203 : INFO : 分词已保存至文件 D:\Python27_NLP\src\国家\000178.txt
2017-05-23 10:37:56,203 : INFO : D:\Python27_NLP\src\国家\000179.txt
2017-05-23 10:37:56,209 : INFO : 分词已保存至文件 D:\Python27_NLP\src\国家\000179.txt
2017-05-23 10:37:56,209 : INFO : D:\Python27_NLP\src\国家\000180.txt
2017-05-23 10:37:56,216 : INFO : 分词已保存至文件 D:\Python27_NLP\src\国家\000180.txt
2017-05-23 10:37:56,217 : INFO : D:\Python27_NLP\src\国家\000181.txt
2017-05-23 10:37:56,221 : INFO : 分词已保存至文件 D:\Python27_NLP\src\国家\000181.txt
2017-05-23 10:37:56,221 : INFO : D:\Python27_NLP\src\国家\000182.txt
2017-05-23 10:37:56,226 : INFO : 分词已保存至文件 D:\Python27_NLP\src\国家\000182.txt
2017-05-23 10:37:56,226 : INFO : D:\Python27_NLP\src\国家\000183.txt
2017-05-23 10:37:56,233 : INFO : 分词已保存至文件 D:\Python27_NLP\src\国家\000183.txt
2017-05-23 10:37:56,233 : INFO : D:\Python27_NLP\src\国家\000184.txt
2017-05-23 10:37:56,237 : INFO : 分词已保存至文件 D:\Python27_NLP\src\国家\000184.txt
2017-05-23 10:37:56,237 : INFO : D:\Python27_NLP\src\国家\000185.txt
2017-05-23 10:37:56,243 : INFO : 分词已保存至文件 D:\Python27_NLP\src\国家\000185.txt
2017-05-23 10:37:56,243 : INFO : D:\Python27_NLP\src\国家\000186.txt
2017-05-23 10:37:56,247 : INFO : 分词已保存至文件 D:\Python27_NLP\src\国家\000186.txt
2017-05-23 10:37:56,247 : INFO : D:\Python27_NLP\src\国家\000187.txt
2017-05-23 10:37:56,253 : INFO : 分词已保存至文件 D:\Python27_NLP\src\国家\000187.txt
2017-05-23 10:37:56,253 : INFO : D:\Python27_NLP\src\国家\000188.txt
2017-05-23 10:37:56,259 : INFO : 分词已保存至文件 D:\Python27_NLP\src\国家\000188.txt
2017-05-23 10:37:56,259 : INFO : D:\Python27_NLP\src\国家\000189.txt
2017-05-23 10:37:56,265 : INFO : 分词已保存至文件 D:\Python27_NLP\src\国家\000189.txt
2017-05-23 10:37:56,265 : INFO : D:\Python27_NLP\src\国家\000190.txt
2017-05-23 10:37:56,269 : INFO : 分词已保存至文件 D:\Python27_NLP\src\国家\000190.txt
2017-05-23 10:37:56,270 : INFO : D:\Python27_NLP\src\国家\000191.txt
2017-05-23 10:37:56,276 : INFO : 分词已保存至文件 D:\Python27_NLP\src\国家\000191.txt
2017-05-23 10:37:56,276 : INFO : D:\Python27_NLP\src\国家\000192.txt
2017-05-23 10:37:56,296 : INFO : 分词已保存至文件 D:\Python27_NLP\src\国家\000192.txt
2017-05-23 10:37:56,296 : INFO : D:\Python27_NLP\src\国家\000193.txt
2017-05-23 10:37:56,301 : INFO : 分词已保存至文件 D:\Python27_NLP\src\国家\000193.txt
2017-05-23 10:37:56,302 : INFO : D:\Python27_NLP\src\国家\000194.txt
2017-05-23 10:37:56,306 : INFO : 分词已保存至文件 D:\Python27_NLP\src\国家\000194.txt
2017-05-23 10:37:56,306 : INFO : D:\Python27_NLP\src\国家\000195.txt
2017-05-23 10:37:56,312 : INFO : 分词已保存至文件 D:\Python27_NLP\src\国家\000195.txt
2017-05-23 10:37:56,312 : INFO : D:\Python27_NLP\src\国家\000196.txt
2017-05-23 10:37:56,316 : INFO : 分词已保存至文件 D:\Python27_NLP\src\国家\000196.txt
2017-05-23 10:37:56,316 : INFO : D:\Python27_NLP\src\国家\000197.txt
2017-05-23 10:37:56,322 : INFO : 分词已保存至文件 D:\Python27_NLP\src\国家\000197.txt
2017-05-23 10:37:56,322 : INFO : D:\Python27_NLP\src\国家\000198.txt
2017-05-23 10:37:56,328 : INFO : 分词已保存至文件 D:\Python27_NLP\src\国家\000198.txt
2017-05-23 10:37:56,328 : INFO : D:\Python27_NLP\src\国家\000199.txt
2017-05-23 10:37:56,332 : INFO : 分词已保存至文件 D:\Python27_NLP\src\国家\000199.txt
2017-05-23 10:37:56,332 : INFO : D:\Python27_NLP\src\国家\000200.txt
2017-05-23 10:37:56,336 : INFO : 分词已保存至文件 D:\Python27_NLP\src\国家\000200.txt
2017-05-23 10:37:56,336 : INFO : D:\Python27_NLP\src\国家\000201.txt
2017-05-23 10:37:56,341 : INFO : 分词已保存至文件 D:\Python27_NLP\src\国家\000201.txt
2017-05-23 10:37:56,341 : INFO : D:\Python27_NLP\src\国家\000202.txt
2017-05-23 10:37:56,345 : INFO : 分词已保存至文件 D:\Python27_NLP\src\国家\000202.txt
2017-05-23 10:37:56,345 : INFO : D:\Python27_NLP\src\国家\000203.txt
2017-05-23 10:37:56,348 : INFO : 分词已保存至文件 D:\Python27_NLP\src\国家\000203.txt
2017-05-23 10:37:56,348 : INFO : D:\Python27_NLP\src\国家\000204.txt
2017-05-23 10:37:56,351 : INFO : 分词已保存至文件 D:\Python27_NLP\src\国家\000204.txt
2017-05-23 10:37:56,351 : INFO : D:\Python27_NLP\src\国家\000205.txt
2017-05-23 10:37:56,355 : INFO : 分词已保存至文件 D:\Python27_NLP\src\国家\000205.txt
2017-05-23 10:37:56,355 : INFO : D:\Python27_NLP\src\国家\000206.txt
2017-05-23 10:37:56,359 : INFO : 分词已保存至文件 D:\Python27_NLP\src\国家\000206.txt
2017-05-23 10:37:56,359 : INFO : D:\Python27_NLP\src\国家\000207.txt
2017-05-23 10:37:56,364 : INFO : 分词已保存至文件 D:\Python27_NLP\src\国家\000207.txt
2017-05-23 10:37:56,364 : INFO : D:\Python27_NLP\src\国家\000208.txt
2017-05-23 10:37:56,367 : INFO : 分词已保存至文件 D:\Python27_NLP\src\国家\000208.txt
2017-05-23 10:37:56,367 : INFO : D:\Python27_NLP\src\国家\000209.txt
2017-05-23 10:37:56,371 : INFO : 分词已保存至文件 D:\Python27_NLP\src\国家\000209.txt
2017-05-23 10:37:56,371 : INFO : D:\Python27_NLP\src\国家\000210.txt
2017-05-23 10:37:56,375 : INFO : 分词已保存至文件 D:\Python27_NLP\src\国家\000210.txt
2017-05-23 10:37:56,375 : INFO : D:\Python27_NLP\src\国家\000211.txt
2017-05-23 10:37:56,378 : INFO : 分词已保存至文件 D:\Python27_NLP\src\国家\000211.txt
2017-05-23 10:37:56,378 : INFO : D:\Python27_NLP\src\国家\000212.txt
2017-05-23 10:37:56,381 : INFO : 分词已保存至文件 D:\Python27_NLP\src\国家\000212.txt
2017-05-23 10:37:56,381 : INFO : D:\Python27_NLP\src\国家\000213.txt
2017-05-23 10:37:56,385 : INFO : 分词已保存至文件 D:\Python27_NLP\src\国家\000213.txt
2017-05-23 10:37:56,385 : INFO : D:\Python27_NLP\src\国家\000214.txt
2017-05-23 10:37:56,390 : INFO : 分词已保存至文件 D:\Python27_NLP\src\国家\000214.txt
2017-05-23 10:37:56,390 : INFO : D:\Python27_NLP\src\国家\000215.txt
2017-05-23 10:37:56,392 : INFO : 分词已保存至文件 D:\Python27_NLP\src\国家\000215.txt
2017-05-23 10:37:56,394 : INFO : D:\Python27_NLP\src\国家\000216.txt
2017-05-23 10:37:56,397 : INFO : 分词已保存至文件 D:\Python27_NLP\src\国家\000216.txt
2017-05-23 10:37:56,398 : INFO : D:\Python27_NLP\src\国家\000217.txt
2017-05-23 10:37:56,401 : INFO : 分词已保存至文件 D:\Python27_NLP\src\国家\000217.txt
2017-05-23 10:37:56,401 : INFO : D:\Python27_NLP\src\国家\000218.txt
2017-05-23 10:37:56,404 : INFO : 分词已保存至文件 D:\Python27_NLP\src\国家\000218.txt
2017-05-23 10:37:56,404 : INFO : D:\Python27_NLP\src\国家\000219.txt
2017-05-23 10:37:56,408 : INFO : 分词已保存至文件 D:\Python27_NLP\src\国家\000219.txt
2017-05-23 10:37:56,408 : INFO : D:\Python27_NLP\src\国家\000220.txt
2017-05-23 10:37:56,413 : INFO : 分词已保存至文件 D:\Python27_NLP\src\国家\000220.txt
2017-05-23 10:37:56,413 : INFO : D:\Python27_NLP\src\国家\000221.txt
2017-05-23 10:37:56,417 : INFO : 分词已保存至文件 D:\Python27_NLP\src\国家\000221.txt
2017-05-23 10:37:56,417 : INFO : D:\Python27_NLP\src\国家\000222.txt
2017-05-23 10:37:56,421 : INFO : 分词已保存至文件 D:\Python27_NLP\src\国家\000222.txt
2017-05-23 10:37:56,421 : INFO : D:\Python27_NLP\src\国家\000223.txt
2017-05-23 10:37:56,424 : INFO : 分词已保存至文件 D:\Python27_NLP\src\国家\000223.txt
2017-05-23 10:37:56,424 : INFO : D:\Python27_NLP\src\国家\000224.txt
2017-05-23 10:37:56,428 : INFO : 分词已保存至文件 D:\Python27_NLP\src\国家\000224.txt
2017-05-23 10:37:56,428 : INFO : D:\Python27_NLP\src\国家\000225.txt
2017-05-23 10:37:56,433 : INFO : 分词已保存至文件 D:\Python27_NLP\src\国家\000225.txt
2017-05-23 10:37:56,433 : INFO : D:\Python27_NLP\src\国家\000226.txt
2017-05-23 10:37:56,437 : INFO : 分词已保存至文件 D:\Python27_NLP\src\国家\000226.txt
2017-05-23 10:37:56,437 : INFO : D:\Python27_NLP\src\国家\000227.txt
2017-05-23 10:37:56,440 : INFO : 分词已保存至文件 D:\Python27_NLP\src\国家\000227.txt
2017-05-23 10:37:56,440 : INFO : D:\Python27_NLP\src\国家\000228.txt
2017-05-23 10:37:56,444 : INFO : 分词已保存至文件 D:\Python27_NLP\src\国家\000228.txt
2017-05-23 10:37:56,444 : INFO : D:\Python27_NLP\src\国家\000229.txt
2017-05-23 10:37:56,448 : INFO : 分词已保存至文件 D:\Python27_NLP\src\国家\000229.txt
2017-05-23 10:37:56,448 : INFO : D:\Python27_NLP\src\国家\000230.txt
2017-05-23 10:37:56,453 : INFO : 分词已保存至文件 D:\Python27_NLP\src\国家\000230.txt
2017-05-23 10:37:56,453 : INFO : D:\Python27_NLP\src\国家\000231.txt
2017-05-23 10:37:56,456 : INFO : 分词已保存至文件 D:\Python27_NLP\src\国家\000231.txt
2017-05-23 10:37:56,457 : INFO : D:\Python27_NLP\src\国家\000232.txt
2017-05-23 10:37:56,460 : INFO : 分词已保存至文件 D:\Python27_NLP\src\国家\000232.txt
2017-05-23 10:37:56,460 : INFO : D:\Python27_NLP\src\国家\000233.txt
2017-05-23 10:37:56,463 : INFO : 分词已保存至文件 D:\Python27_NLP\src\国家\000233.txt
2017-05-23 10:37:56,463 : INFO : D:\Python27_NLP\src\国家\000234.txt
2017-05-23 10:37:56,467 : INFO : 分词已保存至文件 D:\Python27_NLP\src\国家\000234.txt
2017-05-23 10:37:56,469 : INFO : D:\Python27_NLP\src\国家\000235.txt
2017-05-23 10:37:56,471 : INFO : 分词已保存至文件 D:\Python27_NLP\src\国家\000235.txt
2017-05-23 10:37:56,473 : INFO : D:\Python27_NLP\src\国家\000236.txt
2017-05-23 10:37:56,476 : INFO : 分词已保存至文件 D:\Python27_NLP\src\国家\000236.txt
2017-05-23 10:37:56,476 : INFO : D:\Python27_NLP\src\国家\000237.txt
2017-05-23 10:37:56,480 : INFO : 分词已保存至文件 D:\Python27_NLP\src\国家\000237.txt
2017-05-23 10:37:56,480 : INFO : D:\Python27_NLP\src\国家\000238.txt
2017-05-23 10:37:56,484 : INFO : 分词已保存至文件 D:\Python27_NLP\src\国家\000238.txt
2017-05-23 10:37:56,484 : INFO : D:\Python27_NLP\src\国家\000239.txt
2017-05-23 10:37:56,489 : INFO : 分词已保存至文件 D:\Python27_NLP\src\国家\000239.txt
2017-05-23 10:37:56,489 : INFO : D:\Python27_NLP\src\国家\000240.txt
2017-05-23 10:37:56,493 : INFO : 分词已保存至文件 D:\Python27_NLP\src\国家\000240.txt
2017-05-23 10:37:56,493 : INFO : D:\Python27_NLP\src\国家\000241.txt
2017-05-23 10:37:56,496 : INFO : 分词已保存至文件 D:\Python27_NLP\src\国家\000241.txt
2017-05-23 10:37:56,496 : INFO : D:\Python27_NLP\src\国家\000242.txt
2017-05-23 10:37:56,500 : INFO : 分词已保存至文件 D:\Python27_NLP\src\国家\000242.txt
2017-05-23 10:37:56,502 : INFO : D:\Python27_NLP\src\国家\000243.txt
2017-05-23 10:37:56,506 : INFO : 分词已保存至文件 D:\Python27_NLP\src\国家\000243.txt
2017-05-23 10:37:56,506 : INFO : D:\Python27_NLP\src\国家\000244.txt
2017-05-23 10:37:56,509 : INFO : 分词已保存至文件 D:\Python27_NLP\src\国家\000244.txt
2017-05-23 10:37:56,509 : INFO : D:\Python27_NLP\src\国家\000245.txt
2017-05-23 10:37:56,513 : INFO : 分词已保存至文件 D:\Python27_NLP\src\国家\000245.txt
2017-05-23 10:37:56,513 : INFO : D:\Python27_NLP\src\国家\000246.txt
2017-05-23 10:37:56,517 : INFO : 分词已保存至文件 D:\Python27_NLP\src\国家\000246.txt
2017-05-23 10:37:56,525 : INFO : D:\Python27_NLP\src\国家\000247.txt
2017-05-23 10:37:56,545 : INFO : 分词已保存至文件 D:\Python27_NLP\src\国家\000247.txt
2017-05-23 10:37:56,545 : INFO : D:\Python27_NLP\src\国家\000248.txt
2017-05-23 10:37:56,549 : INFO : 分词已保存至文件 D:\Python27_NLP\src\国家\000248.txt
2017-05-23 10:37:56,549 : INFO : D:\Python27_NLP\src\国家\000249.txt
2017-05-23 10:37:56,552 : INFO : 分词已保存至文件 D:\Python27_NLP\src\国家\000249.txt
2017-05-23 10:37:56,552 : INFO : D:\Python27_NLP\src\国家\000250.txt
2017-05-23 10:37:56,713 : INFO : 分词已保存至文件 D:\Python27_NLP\src\国家\000250.txt
2017-05-23 10:37:56,714 : INFO : D:\Python27_NLP\src\国家\000251.txt
2017-05-23 10:37:56,719 : INFO : 分词已保存至文件 D:\Python27_NLP\src\国家\000251.txt
2017-05-23 10:37:56,719 : INFO : D:\Python27_NLP\src\国家\000252.txt
2017-05-23 10:37:56,723 : INFO : 分词已保存至文件 D:\Python27_NLP\src\国家\000252.txt
2017-05-23 10:37:56,723 : INFO : D:\Python27_NLP\src\国家\000253.txt
2017-05-23 10:37:56,726 : INFO : 分词已保存至文件 D:\Python27_NLP\src\国家\000253.txt
2017-05-23 10:37:56,726 : INFO : D:\Python27_NLP\src\国家\000254.txt
2017-05-23 10:37:56,760 : INFO : 分词已保存至文件 D:\Python27_NLP\src\国家\000254.txt
2017-05-23 10:37:56,760 : INFO : D:\Python27_NLP\src\国家\000255.txt
2017-05-23 10:37:56,765 : INFO : 分词已保存至文件 D:\Python27_NLP\src\国家\000255.txt
2017-05-23 10:37:56,765 : INFO : D:\Python27_NLP\src\国家\000256.txt
2017-05-23 10:37:56,769 : INFO : 分词已保存至文件 D:\Python27_NLP\src\国家\000256.txt
2017-05-23 10:37:56,769 : INFO : D:\Python27_NLP\src\国家\000257.txt
2017-05-23 10:37:56,773 : INFO : 分词已保存至文件 D:\Python27_NLP\src\国家\000257.txt
2017-05-23 10:37:56,773 : INFO : D:\Python27_NLP\src\国家\000258.txt
2017-05-23 10:37:56,776 : INFO : 分词已保存至文件 D:\Python27_NLP\src\国家\000258.txt
2017-05-23 10:37:56,778 : INFO : D:\Python27_NLP\src\国家\000259.txt
2017-05-23 10:37:56,780 : INFO : 分词已保存至文件 D:\Python27_NLP\src\国家\000259.txt
2017-05-23 10:37:56,782 : INFO : D:\Python27_NLP\src\国家\000260.txt
2017-05-23 10:37:56,785 : INFO : 分词已保存至文件 D:\Python27_NLP\src\国家\000260.txt
2017-05-23 10:37:56,785 : INFO : D:\Python27_NLP\src\国家\000261.txt
2017-05-23 10:37:56,789 : INFO : 分词已保存至文件 D:\Python27_NLP\src\国家\000261.txt
2017-05-23 10:37:56,789 : INFO : D:\Python27_NLP\src\国家\000262.txt
2017-05-23 10:37:56,793 : INFO : 分词已保存至文件 D:\Python27_NLP\src\国家\000262.txt
2017-05-23 10:37:56,793 : INFO : D:\Python27_NLP\src\国家\000263.txt
2017-05-23 10:37:56,798 : INFO : 分词已保存至文件 D:\Python27_NLP\src\国家\000263.txt
2017-05-23 10:37:56,798 : INFO : D:\Python27_NLP\src\国家\000264.txt
2017-05-23 10:37:56,802 : INFO : 分词已保存至文件 D:\Python27_NLP\src\国家\000264.txt
2017-05-23 10:37:56,802 : INFO : D:\Python27_NLP\src\国家\000265.txt
2017-05-23 10:37:56,805 : INFO : 分词已保存至文件 D:\Python27_NLP\src\国家\000265.txt
2017-05-23 10:37:56,805 : INFO : D:\Python27_NLP\src\国家\000266.txt
2017-05-23 10:37:56,809 : INFO : 分词已保存至文件 D:\Python27_NLP\src\国家\000266.txt
2017-05-23 10:37:56,809 : INFO : D:\Python27_NLP\src\国家\000267.txt
2017-05-23 10:37:56,813 : INFO : 分词已保存至文件 D:\Python27_NLP\src\国家\000267.txt
2017-05-23 10:37:56,813 : INFO : D:\Python27_NLP\src\国家\000268.txt
2017-05-23 10:37:56,818 : INFO : 分词已保存至文件 D:\Python27_NLP\src\国家\000268.txt
2017-05-23 10:37:56,818 : INFO : D:\Python27_NLP\src\国家\000269.txt
2017-05-23 10:37:56,822 : INFO : 分词已保存至文件 D:\Python27_NLP\src\国家\000269.txt
2017-05-23 10:37:56,822 : INFO : D:\Python27_NLP\src\国家\000270.txt
2017-05-23 10:37:56,825 : INFO : 分词已保存至文件 D:\Python27_NLP\src\国家\000270.txt
2017-05-23 10:37:56,826 : INFO : D:\Python27_NLP\src\国家\000271.txt
2017-05-23 10:37:56,829 : INFO : 分词已保存至文件 D:\Python27_NLP\src\国家\000271.txt
2017-05-23 10:37:56,831 : INFO : D:\Python27_NLP\src\国家\000272.txt
2017-05-23 10:37:56,834 : INFO : 分词已保存至文件 D:\Python27_NLP\src\国家\000272.txt
2017-05-23 10:37:56,835 : INFO : D:\Python27_NLP\src\国家\000273.txt
2017-05-23 10:37:56,838 : INFO : 分词已保存至文件 D:\Python27_NLP\src\国家\000273.txt
2017-05-23 10:37:56,838 : INFO : D:\Python27_NLP\src\国家\000274.txt
2017-05-23 10:37:56,842 : INFO : 分词已保存至文件 D:\Python27_NLP\src\国家\000274.txt
2017-05-23 10:37:56,842 : INFO : D:\Python27_NLP\src\国家\000275.txt
2017-05-23 10:37:56,846 : INFO : 分词已保存至文件 D:\Python27_NLP\src\国家\000275.txt
2017-05-23 10:37:56,846 : INFO : D:\Python27_NLP\src\国家\000276.txt
2017-05-23 10:37:56,849 : INFO : 分词已保存至文件 D:\Python27_NLP\src\国家\000276.txt
2017-05-23 10:37:56,851 : INFO : D:\Python27_NLP\src\国家\000277.txt
2017-05-23 10:37:56,854 : INFO : 分词已保存至文件 D:\Python27_NLP\src\国家\000277.txt
2017-05-23 10:37:56,854 : INFO : D:\Python27_NLP\src\国家\000278.txt
2017-05-23 10:37:56,858 : INFO : 分词已保存至文件 D:\Python27_NLP\src\国家\000278.txt
2017-05-23 10:37:56,858 : INFO : D:\Python27_NLP\src\国家\000279.txt
2017-05-23 10:37:56,861 : INFO : 分词已保存至文件 D:\Python27_NLP\src\国家\000279.txt
2017-05-23 10:37:56,861 : INFO : D:\Python27_NLP\src\国家\000280.txt
2017-05-23 10:37:56,865 : INFO : 分词已保存至文件 D:\Python27_NLP\src\国家\000280.txt
2017-05-23 10:37:56,865 : INFO : D:\Python27_NLP\src\国家\000281.txt
2017-05-23 10:37:56,869 : INFO : 分词已保存至文件 D:\Python27_NLP\src\国家\000281.txt
2017-05-23 10:37:56,869 : INFO : D:\Python27_NLP\src\国家\000282.txt
2017-05-23 10:37:56,874 : INFO : 分词已保存至文件 D:\Python27_NLP\src\国家\000282.txt
2017-05-23 10:37:56,874 : INFO : D:\Python27_NLP\src\国家\000283.txt
2017-05-23 10:37:56,878 : INFO : 分词已保存至文件 D:\Python27_NLP\src\国家\000283.txt
2017-05-23 10:37:56,878 : INFO : D:\Python27_NLP\src\国家\000284.txt
2017-05-23 10:37:56,881 : INFO : 分词已保存至文件 D:\Python27_NLP\src\国家\000284.txt
2017-05-23 10:37:56,881 : INFO : D:\Python27_NLP\src\国家\000285.txt
2017-05-23 10:37:56,884 : INFO : 分词已保存至文件 D:\Python27_NLP\src\国家\000285.txt
2017-05-23 10:37:56,884 : INFO : D:\Python27_NLP\src\国家\000286.txt
2017-05-23 10:37:56,888 : INFO : 分词已保存至文件 D:\Python27_NLP\src\国家\000286.txt
2017-05-23 10:37:56,890 : INFO : D:\Python27_NLP\src\国家\000287.txt
2017-05-23 10:37:56,892 : INFO : 分词已保存至文件 D:\Python27_NLP\src\国家\000287.txt
2017-05-23 10:37:56,892 : INFO : D:\Python27_NLP\src\国家\000288.txt
2017-05-23 10:37:56,897 : INFO : 分词已保存至文件 D:\Python27_NLP\src\国家\000288.txt
2017-05-23 10:37:56,897 : INFO : D:\Python27_NLP\src\国家\000289.txt
2017-05-23 10:37:56,901 : INFO : 分词已保存至文件 D:\Python27_NLP\src\国家\000289.txt
2017-05-23 10:37:56,901 : INFO : D:\Python27_NLP\src\国家\000290.txt
2017-05-23 10:37:56,904 : INFO : 分词已保存至文件 D:\Python27_NLP\src\国家\000290.txt
2017-05-23 10:37:56,904 : INFO : D:\Python27_NLP\src\国家\000291.txt
2017-05-23 10:37:56,908 : INFO : 分词已保存至文件 D:\Python27_NLP\src\国家\000291.txt
2017-05-23 10:37:56,908 : INFO : D:\Python27_NLP\src\国家\000292.txt
2017-05-23 10:37:56,911 : INFO : 分词已保存至文件 D:\Python27_NLP\src\国家\000292.txt
2017-05-23 10:37:56,911 : INFO : D:\Python27_NLP\src\国家\000293.txt
2017-05-23 10:37:56,915 : INFO : 分词已保存至文件 D:\Python27_NLP\src\国家\000293.txt
2017-05-23 10:37:56,915 : INFO : D:\Python27_NLP\src\国家\000294.txt
2017-05-23 10:37:56,920 : INFO : 分词已保存至文件 D:\Python27_NLP\src\国家\000294.txt
2017-05-23 10:37:56,920 : INFO : D:\Python27_NLP\src\国家\000295.txt
2017-05-23 10:37:56,923 : INFO : 分词已保存至文件 D:\Python27_NLP\src\国家\000295.txt
2017-05-23 10:37:56,924 : INFO : D:\Python27_NLP\src\国家\000296.txt
2017-05-23 10:37:56,927 : INFO : 分词已保存至文件 D:\Python27_NLP\src\国家\000296.txt
2017-05-23 10:37:56,927 : INFO : D:\Python27_NLP\src\国家\000297.txt
2017-05-23 10:37:56,930 : INFO : 分词已保存至文件 D:\Python27_NLP\src\国家\000297.txt
2017-05-23 10:37:56,930 : INFO : D:\Python27_NLP\src\国家\000298.txt
2017-05-23 10:37:56,934 : INFO : 分词已保存至文件 D:\Python27_NLP\src\国家\000298.txt
2017-05-23 10:37:56,934 : INFO : D:\Python27_NLP\src\国家\000299.txt
2017-05-23 10:37:56,938 : INFO : 分词已保存至文件 D:\Python27_NLP\src\国家\000299.txt
2017-05-23 10:37:56,938 : INFO : D:\Python27_NLP\语料库\景区
2017-05-23 10:37:56,990 : INFO : D:\Python27_NLP\语料库\景区\BaiduSpiderSpots
2017-05-23 10:37:57,006 : INFO : D:\Python27_NLP\语料库\景区\HudongSpiderSpots
2017-05-23 10:37:57,009 : INFO : D:\Python27_NLP\语料库\景区\Wikipedia_Content_Spots
2017-05-23 10:37:57,243 : INFO : D:\Python27_NLP\语料库\景区\BaiduSpiderSpots\0001.txt 文件处理完毕!
2017-05-23 10:37:57,325 : INFO : D:\Python27_NLP\语料库\景区\BaiduSpiderSpots\0002.txt 文件处理完毕!
2017-05-23 10:37:57,415 : INFO : D:\Python27_NLP\语料库\景区\BaiduSpiderSpots\0003.txt 文件处理完毕!
2017-05-23 10:37:57,519 : INFO : D:\Python27_NLP\语料库\景区\BaiduSpiderSpots\0004.txt 文件处理完毕!
2017-05-23 10:37:57,520 : INFO : D:\Python27_NLP\语料库\景区\BaiduSpiderSpots\0005.txt 文件处理完毕!
2017-05-23 10:37:57,674 : INFO : D:\Python27_NLP\语料库\景区\BaiduSpiderSpots\0006.txt 文件处理完毕!
2017-05-23 10:37:57,756 : INFO : D:\Python27_NLP\语料库\景区\BaiduSpiderSpots\0007.txt 文件处理完毕!
2017-05-23 10:37:57,821 : INFO : D:\Python27_NLP\语料库\景区\BaiduSpiderSpots\0008.txt 文件处理完毕!
2017-05-23 10:37:57,878 : INFO : D:\Python27_NLP\语料库\景区\BaiduSpiderSpots\0009.txt 文件处理完毕!
2017-05-23 10:37:57,946 : INFO : D:\Python27_NLP\语料库\景区\BaiduSpiderSpots\0010.txt 文件处理完毕!
2017-05-23 10:37:58,124 : INFO : D:\Python27_NLP\语料库\景区\BaiduSpiderSpots\0011.txt 文件处理完毕!
2017-05-23 10:37:58,164 : INFO : D:\Python27_NLP\语料库\景区\BaiduSpiderSpots\0012.txt 文件处理完毕!
2017-05-23 10:37:58,259 : INFO : D:\Python27_NLP\语料库\景区\BaiduSpiderSpots\0013.txt 文件处理完毕!
2017-05-23 10:37:58,395 : INFO : D:\Python27_NLP\语料库\景区\BaiduSpiderSpots\0014.txt 文件处理完毕!
2017-05-23 10:37:58,467 : INFO : D:\Python27_NLP\语料库\景区\BaiduSpiderSpots\0015.txt 文件处理完毕!
2017-05-23 10:37:58,512 : INFO : D:\Python27_NLP\语料库\景区\BaiduSpiderSpots\0016.txt 文件处理完毕!
2017-05-23 10:37:58,562 : INFO : D:\Python27_NLP\语料库\景区\BaiduSpiderSpots\0017.txt 文件处理完毕!
2017-05-23 10:37:58,641 : INFO : D:\Python27_NLP\语料库\景区\BaiduSpiderSpots\0018.txt 文件处理完毕!
2017-05-23 10:37:58,700 : INFO : D:\Python27_NLP\语料库\景区\BaiduSpiderSpots\0019.txt 文件处理完毕!
2017-05-23 10:37:58,740 : INFO : D:\Python27_NLP\语料库\景区\BaiduSpiderSpots\0020.txt 文件处理完毕!
2017-05-23 10:37:58,849 : INFO : D:\Python27_NLP\语料库\景区\BaiduSpiderSpots\0021.txt 文件处理完毕!
2017-05-23 10:37:58,877 : INFO : D:\Python27_NLP\语料库\景区\BaiduSpiderSpots\0022.txt 文件处理完毕!
2017-05-23 10:37:58,905 : INFO : D:\Python27_NLP\语料库\景区\BaiduSpiderSpots\0023.txt 文件处理完毕!
2017-05-23 10:37:58,947 : INFO : D:\Python27_NLP\语料库\景区\BaiduSpiderSpots\0024.txt 文件处理完毕!
2017-05-23 10:37:58,980 : INFO : D:\Python27_NLP\语料库\景区\BaiduSpiderSpots\0025.txt 文件处理完毕!
2017-05-23 10:37:59,019 : INFO : D:\Python27_NLP\语料库\景区\BaiduSpiderSpots\0026.txt 文件处理完毕!
2017-05-23 10:37:59,084 : INFO : D:\Python27_NLP\语料库\景区\BaiduSpiderSpots\0027.txt 文件处理完毕!
2017-05-23 10:37:59,174 : INFO : D:\Python27_NLP\语料库\景区\BaiduSpiderSpots\0028.txt 文件处理完毕!
2017-05-23 10:37:59,299 : INFO : D:\Python27_NLP\语料库\景区\BaiduSpiderSpots\0029.txt 文件处理完毕!
2017-05-23 10:37:59,332 : INFO : D:\Python27_NLP\语料库\景区\BaiduSpiderSpots\0030.txt 文件处理完毕!
2017-05-23 10:37:59,390 : INFO : D:\Python27_NLP\语料库\景区\BaiduSpiderSpots\0031.txt 文件处理完毕!
2017-05-23 10:37:59,434 : INFO : D:\Python27_NLP\语料库\景区\BaiduSpiderSpots\0032.txt 文件处理完毕!
2017-05-23 10:37:59,438 : INFO : D:\Python27_NLP\语料库\景区\BaiduSpiderSpots\0033.txt 文件处理完毕!
2017-05-23 10:37:59,483 : INFO : D:\Python27_NLP\语料库\景区\BaiduSpiderSpots\0034.txt 文件处理完毕!
2017-05-23 10:37:59,509 : INFO : D:\Python27_NLP\语料库\景区\BaiduSpiderSpots\0035.txt 文件处理完毕!
2017-05-23 10:37:59,599 : INFO : D:\Python27_NLP\语料库\景区\BaiduSpiderSpots\0036.txt 文件处理完毕!
2017-05-23 10:37:59,651 : INFO : D:\Python27_NLP\语料库\景区\BaiduSpiderSpots\0037.txt 文件处理完毕!
2017-05-23 10:37:59,743 : INFO : D:\Python27_NLP\语料库\景区\BaiduSpiderSpots\0038.txt 文件处理完毕!
2017-05-23 10:37:59,776 : INFO : D:\Python27_NLP\语料库\景区\BaiduSpiderSpots\0039.txt 文件处理完毕!
2017-05-23 10:37:59,982 : INFO : D:\Python27_NLP\语料库\景区\BaiduSpiderSpots\0040.txt 文件处理完毕!
2017-05-23 10:38:00,026 : INFO : D:\Python27_NLP\语料库\景区\BaiduSpiderSpots\0041.txt 文件处理完毕!
2017-05-23 10:38:00,130 : INFO : D:\Python27_NLP\语料库\景区\BaiduSpiderSpots\0042.txt 文件处理完毕!
2017-05-23 10:38:00,137 : INFO : D:\Python27_NLP\语料库\景区\BaiduSpiderSpots\0043.txt 文件处理完毕!
2017-05-23 10:38:00,198 : INFO : D:\Python27_NLP\语料库\景区\BaiduSpiderSpots\0044.txt 文件处理完毕!
2017-05-23 10:38:00,390 : INFO : D:\Python27_NLP\语料库\景区\BaiduSpiderSpots\0045.txt 文件处理完毕!
2017-05-23 10:38:00,410 : INFO : D:\Python27_NLP\语料库\景区\BaiduSpiderSpots\0046.txt 文件处理完毕!
2017-05-23 10:38:00,436 : INFO : D:\Python27_NLP\语料库\景区\BaiduSpiderSpots\0047.txt 文件处理完毕!
2017-05-23 10:38:00,450 : INFO : D:\Python27_NLP\语料库\景区\BaiduSpiderSpots\0048.txt 文件处理完毕!
2017-05-23 10:38:00,493 : INFO : D:\Python27_NLP\语料库\景区\BaiduSpiderSpots\0049.txt 文件处理完毕!
2017-05-23 10:38:00,506 : INFO : D:\Python27_NLP\语料库\景区\BaiduSpiderSpots\0050.txt 文件处理完毕!
2017-05-23 10:38:00,566 : INFO : D:\Python27_NLP\语料库\景区\BaiduSpiderSpots\0051.txt 文件处理完毕!
2017-05-23 10:38:00,683 : INFO : D:\Python27_NLP\语料库\景区\BaiduSpiderSpots\0052.txt 文件处理完毕!
2017-05-23 10:38:00,865 : INFO : D:\Python27_NLP\语料库\景区\BaiduSpiderSpots\0053.txt 文件处理完毕!
2017-05-23 10:38:00,905 : INFO : D:\Python27_NLP\语料库\景区\BaiduSpiderSpots\0054.txt 文件处理完毕!
2017-05-23 10:38:00,907 : INFO : D:\Python27_NLP\语料库\景区\BaiduSpiderSpots\0055.txt 文件处理完毕!
2017-05-23 10:38:00,930 : INFO : D:\Python27_NLP\语料库\景区\BaiduSpiderSpots\0056.txt 文件处理完毕!
2017-05-23 10:38:00,983 : INFO : D:\Python27_NLP\语料库\景区\BaiduSpiderSpots\0057.txt 文件处理完毕!
2017-05-23 10:38:01,028 : INFO : D:\Python27_NLP\语料库\景区\BaiduSpiderSpots\0058.txt 文件处理完毕!
2017-05-23 10:38:01,244 : INFO : D:\Python27_NLP\语料库\景区\BaiduSpiderSpots\0059.txt 文件处理完毕!
2017-05-23 10:38:01,413 : INFO : D:\Python27_NLP\语料库\景区\BaiduSpiderSpots\0060.txt 文件处理完毕!
2017-05-23 10:38:01,421 : INFO : D:\Python27_NLP\语料库\景区\BaiduSpiderSpots\0061.txt 文件处理完毕!
2017-05-23 10:38:01,464 : INFO : D:\Python27_NLP\语料库\景区\BaiduSpiderSpots\0062.txt 文件处理完毕!
2017-05-23 10:38:01,539 : INFO : D:\Python27_NLP\语料库\景区\BaiduSpiderSpots\0063.txt 文件处理完毕!
2017-05-23 10:38:01,635 : INFO : D:\Python27_NLP\语料库\景区\BaiduSpiderSpots\0064.txt 文件处理完毕!
2017-05-23 10:38:01,710 : INFO : D:\Python27_NLP\语料库\景区\BaiduSpiderSpots\0065.txt 文件处理完毕!
2017-05-23 10:38:01,749 : INFO : D:\Python27_NLP\语料库\景区\BaiduSpiderSpots\0066.txt 文件处理完毕!
2017-05-23 10:38:01,838 : INFO : D:\Python27_NLP\语料库\景区\BaiduSpiderSpots\0067.txt 文件处理完毕!
2017-05-23 10:38:01,950 : INFO : D:\Python27_NLP\语料库\景区\BaiduSpiderSpots\0068.txt 文件处理完毕!
2017-05-23 10:38:02,127 : INFO : D:\Python27_NLP\语料库\景区\BaiduSpiderSpots\0069.txt 文件处理完毕!
2017-05-23 10:38:02,339 : INFO : D:\Python27_NLP\语料库\景区\BaiduSpiderSpots\0070.txt 文件处理完毕!
2017-05-23 10:38:02,372 : INFO : D:\Python27_NLP\语料库\景区\BaiduSpiderSpots\0071.txt 文件处理完毕!
2017-05-23 10:38:02,424 : INFO : D:\Python27_NLP\语料库\景区\BaiduSpiderSpots\0072.txt 文件处理完毕!
2017-05-23 10:38:02,453 : INFO : D:\Python27_NLP\语料库\景区\BaiduSpiderSpots\0073.txt 文件处理完毕!
2017-05-23 10:38:02,486 : INFO : D:\Python27_NLP\语料库\景区\BaiduSpiderSpots\0074.txt 文件处理完毕!
2017-05-23 10:38:02,528 : INFO : D:\Python27_NLP\语料库\景区\BaiduSpiderSpots\0075.txt 文件处理完毕!
2017-05-23 10:38:02,654 : INFO : D:\Python27_NLP\语料库\景区\BaiduSpiderSpots\0076.txt 文件处理完毕!
2017-05-23 10:38:02,743 : INFO : D:\Python27_NLP\语料库\景区\BaiduSpiderSpots\0077.txt 文件处理完毕!
2017-05-23 10:38:02,875 : INFO : D:\Python27_NLP\语料库\景区\BaiduSpiderSpots\0078.txt 文件处理完毕!
2017-05-23 10:38:02,950 : INFO : D:\Python27_NLP\语料库\景区\BaiduSpiderSpots\0079.txt 文件处理完毕!
2017-05-23 10:38:02,951 : INFO : D:\Python27_NLP\语料库\景区\BaiduSpiderSpots\0080.txt 文件处理完毕!
2017-05-23 10:38:03,059 : INFO : D:\Python27_NLP\语料库\景区\BaiduSpiderSpots\0081.txt 文件处理完毕!
2017-05-23 10:38:03,255 : INFO : D:\Python27_NLP\语料库\景区\BaiduSpiderSpots\0082.txt 文件处理完毕!
2017-05-23 10:38:03,414 : INFO : D:\Python27_NLP\语料库\景区\BaiduSpiderSpots\0083.txt 文件处理完毕!
2017-05-23 10:38:03,505 : INFO : D:\Python27_NLP\语料库\景区\BaiduSpiderSpots\0084.txt 文件处理完毕!
2017-05-23 10:38:03,654 : INFO : D:\Python27_NLP\语料库\景区\BaiduSpiderSpots\0085.txt 文件处理完毕!
2017-05-23 10:38:03,849 : INFO : D:\Python27_NLP\语料库\景区\BaiduSpiderSpots\0086.txt 文件处理完毕!
2017-05-23 10:38:03,914 : INFO : D:\Python27_NLP\语料库\景区\BaiduSpiderSpots\0087.txt 文件处理完毕!
2017-05-23 10:38:03,946 : INFO : D:\Python27_NLP\语料库\景区\BaiduSpiderSpots\0088.txt 文件处理完毕!
2017-05-23 10:38:04,026 : INFO : D:\Python27_NLP\语料库\景区\BaiduSpiderSpots\0089.txt 文件处理完毕!
2017-05-23 10:38:04,029 : INFO : D:\Python27_NLP\语料库\景区\BaiduSpiderSpots\0090.txt 文件处理完毕!
2017-05-23 10:38:04,095 : INFO : D:\Python27_NLP\语料库\景区\BaiduSpiderSpots\0091.txt 文件处理完毕!
2017-05-23 10:38:04,128 : INFO : D:\Python27_NLP\语料库\景区\BaiduSpiderSpots\0092.txt 文件处理完毕!
2017-05-23 10:38:04,242 : INFO : D:\Python27_NLP\语料库\景区\BaiduSpiderSpots\0093.txt 文件处理完毕!
2017-05-23 10:38:04,392 : INFO : D:\Python27_NLP\语料库\景区\BaiduSpiderSpots\0094.txt 文件处理完毕!
2017-05-23 10:38:04,441 : INFO : D:\Python27_NLP\语料库\景区\BaiduSpiderSpots\0095.txt 文件处理完毕!
2017-05-23 10:38:04,443 : INFO : D:\Python27_NLP\语料库\景区\BaiduSpiderSpots\0096.txt 文件处理完毕!
2017-05-23 10:38:04,542 : INFO : D:\Python27_NLP\语料库\景区\BaiduSpiderSpots\0097.txt 文件处理完毕!
2017-05-23 10:38:04,737 : INFO : D:\Python27_NLP\语料库\景区\BaiduSpiderSpots\0098.txt 文件处理完毕!
2017-05-23 10:38:04,825 : INFO : D:\Python27_NLP\语料库\景区\BaiduSpiderSpots\0099.txt 文件处理完毕!
2017-05-23 10:38:04,959 : INFO : D:\Python27_NLP\语料库\景区\BaiduSpiderSpots\0100.txt 文件处理完毕!
2017-05-23 10:38:05,026 : INFO : D:\Python27_NLP\语料库\景区\BaiduSpiderSpots\0101.txt 文件处理完毕!
2017-05-23 10:38:05,055 : INFO : D:\Python27_NLP\语料库\景区\BaiduSpiderSpots\0102.txt 文件处理完毕!
2017-05-23 10:38:05,115 : INFO : D:\Python27_NLP\语料库\景区\BaiduSpiderSpots\0103.txt 文件处理完毕!
2017-05-23 10:38:05,187 : INFO : D:\Python27_NLP\语料库\景区\BaiduSpiderSpots\0104.txt 文件处理完毕!
2017-05-23 10:38:05,289 : INFO : D:\Python27_NLP\语料库\景区\BaiduSpiderSpots\0105.txt 文件处理完毕!
2017-05-23 10:38:05,326 : INFO : D:\Python27_NLP\语料库\景区\BaiduSpiderSpots\0106.txt 文件处理完毕!
2017-05-23 10:38:05,365 : INFO : D:\Python27_NLP\语料库\景区\BaiduSpiderSpots\0107.txt 文件处理完毕!
2017-05-23 10:38:05,523 : INFO : D:\Python27_NLP\语料库\景区\BaiduSpiderSpots\0108.txt 文件处理完毕!
2017-05-23 10:38:05,576 : INFO : D:\Python27_NLP\语料库\景区\BaiduSpiderSpots\0109.txt 文件处理完毕!
2017-05-23 10:38:05,707 : INFO : D:\Python27_NLP\语料库\景区\BaiduSpiderSpots\0110.txt 文件处理完毕!
2017-05-23 10:38:05,729 : INFO : D:\Python27_NLP\语料库\景区\BaiduSpiderSpots\0111.txt 文件处理完毕!
2017-05-23 10:38:05,780 : INFO : D:\Python27_NLP\语料库\景区\BaiduSpiderSpots\0112.txt 文件处理完毕!
2017-05-23 10:38:05,801 : INFO : D:\Python27_NLP\语料库\景区\BaiduSpiderSpots\0113.txt 文件处理完毕!
2017-05-23 10:38:05,835 : INFO : D:\Python27_NLP\语料库\景区\BaiduSpiderSpots\0114.txt 文件处理完毕!
2017-05-23 10:38:05,892 : INFO : D:\Python27_NLP\语料库\景区\BaiduSpiderSpots\0115.txt 文件处理完毕!
2017-05-23 10:38:05,947 : INFO : D:\Python27_NLP\语料库\景区\BaiduSpiderSpots\0116.txt 文件处理完毕!
2017-05-23 10:38:05,971 : INFO : D:\Python27_NLP\语料库\景区\BaiduSpiderSpots\0117.txt 文件处理完毕!
2017-05-23 10:38:06,032 : INFO : D:\Python27_NLP\语料库\景区\BaiduSpiderSpots\0118.txt 文件处理完毕!
2017-05-23 10:38:06,131 : INFO : D:\Python27_NLP\语料库\景区\BaiduSpiderSpots\0119.txt 文件处理完毕!
2017-05-23 10:38:06,131 : INFO : D:\Python27_NLP\语料库\景区\BaiduSpiderSpots\0120.txt 文件处理完毕!
2017-05-23 10:38:06,292 : INFO : D:\Python27_NLP\语料库\景区\BaiduSpiderSpots\0121.txt 文件处理完毕!
2017-05-23 10:38:06,368 : INFO : D:\Python27_NLP\语料库\景区\BaiduSpiderSpots\0122.txt 文件处理完毕!
2017-05-23 10:38:06,414 : INFO : D:\Python27_NLP\语料库\景区\BaiduSpiderSpots\0123.txt 文件处理完毕!
2017-05-23 10:38:06,453 : INFO : D:\Python27_NLP\语料库\景区\BaiduSpiderSpots\0124.txt 文件处理完毕!
2017-05-23 10:38:06,486 : INFO : D:\Python27_NLP\语料库\景区\BaiduSpiderSpots\0125.txt 文件处理完毕!
2017-05-23 10:38:06,858 : INFO : D:\Python27_NLP\语料库\景区\BaiduSpiderSpots\0126.txt 文件处理完毕!
2017-05-23 10:38:07,022 : INFO : D:\Python27_NLP\语料库\景区\BaiduSpiderSpots\0127.txt 文件处理完毕!
2017-05-23 10:38:07,186 : INFO : D:\Python27_NLP\语料库\景区\BaiduSpiderSpots\0128.txt 文件处理完毕!
2017-05-23 10:38:07,259 : INFO : D:\Python27_NLP\语料库\景区\BaiduSpiderSpots\0129.txt 文件处理完毕!
2017-05-23 10:38:07,308 : INFO : D:\Python27_NLP\语料库\景区\BaiduSpiderSpots\0130.txt 文件处理完毕!
2017-05-23 10:38:07,371 : INFO : D:\Python27_NLP\语料库\景区\BaiduSpiderSpots\0131.txt 文件处理完毕!
2017-05-23 10:38:07,428 : INFO : D:\Python27_NLP\语料库\景区\BaiduSpiderSpots\0132.txt 文件处理完毕!
2017-05-23 10:38:07,536 : INFO : D:\Python27_NLP\语料库\景区\BaiduSpiderSpots\0133.txt 文件处理完毕!
2017-05-23 10:38:07,552 : INFO : D:\Python27_NLP\语料库\景区\BaiduSpiderSpots\0134.txt 文件处理完毕!
2017-05-23 10:38:07,703 : INFO : D:\Python27_NLP\语料库\景区\BaiduSpiderSpots\0135.txt 文件处理完毕!
2017-05-23 10:38:07,737 : INFO : D:\Python27_NLP\语料库\景区\BaiduSpiderSpots\0136.txt 文件处理完毕!
2017-05-23 10:38:07,766 : INFO : D:\Python27_NLP\语料库\景区\BaiduSpiderSpots\0137.txt 文件处理完毕!
2017-05-23 10:38:07,805 : INFO : D:\Python27_NLP\语料库\景区\BaiduSpiderSpots\0138.txt 文件处理完毕!
2017-05-23 10:38:07,848 : INFO : D:\Python27_NLP\语料库\景区\BaiduSpiderSpots\0139.txt 文件处理完毕!
2017-05-23 10:38:07,937 : INFO : D:\Python27_NLP\语料库\景区\BaiduSpiderSpots\0140.txt 文件处理完毕!
2017-05-23 10:38:07,999 : INFO : D:\Python27_NLP\语料库\景区\BaiduSpiderSpots\0141.txt 文件处理完毕!
2017-05-23 10:38:08,028 : INFO : D:\Python27_NLP\语料库\景区\BaiduSpiderSpots\0142.txt 文件处理完毕!
2017-05-23 10:38:08,029 : INFO : D:\Python27_NLP\语料库\景区\BaiduSpiderSpots\0143.txt 文件处理完毕!
2017-05-23 10:38:08,089 : INFO : D:\Python27_NLP\语料库\景区\BaiduSpiderSpots\0144.txt 文件处理完毕!
2017-05-23 10:38:08,125 : INFO : D:\Python27_NLP\语料库\景区\BaiduSpiderSpots\0145.txt 文件处理完毕!
2017-05-23 10:38:08,183 : INFO : D:\Python27_NLP\语料库\景区\BaiduSpiderSpots\0146.txt 文件处理完毕!
2017-05-23 10:38:08,214 : INFO : D:\Python27_NLP\语料库\景区\BaiduSpiderSpots\0147.txt 文件处理完毕!
2017-05-23 10:38:08,312 : INFO : D:\Python27_NLP\语料库\景区\BaiduSpiderSpots\0148.txt 文件处理完毕!
2017-05-23 10:38:08,344 : INFO : D:\Python27_NLP\语料库\景区\BaiduSpiderSpots\0149.txt 文件处理完毕!
2017-05-23 10:38:08,444 : INFO : D:\Python27_NLP\语料库\景区\BaiduSpiderSpots\0150.txt 文件处理完毕!
2017-05-23 10:38:08,607 : INFO : D:\Python27_NLP\语料库\景区\BaiduSpiderSpots\0151.txt 文件处理完毕!
2017-05-23 10:38:08,684 : INFO : D:\Python27_NLP\语料库\景区\BaiduSpiderSpots\0152.txt 文件处理完毕!
2017-05-23 10:38:08,739 : INFO : D:\Python27_NLP\语料库\景区\BaiduSpiderSpots\0153.txt 文件处理完毕!
2017-05-23 10:38:08,808 : INFO : D:\Python27_NLP\语料库\景区\BaiduSpiderSpots\0154.txt 文件处理完毕!
2017-05-23 10:38:08,808 : INFO : D:\Python27_NLP\语料库\景区\BaiduSpiderSpots\0155.txt 文件处理完毕!
2017-05-23 10:38:08,854 : INFO : D:\Python27_NLP\语料库\景区\BaiduSpiderSpots\0156.txt 文件处理完毕!
2017-05-23 10:38:08,926 : INFO : D:\Python27_NLP\语料库\景区\BaiduSpiderSpots\0157.txt 文件处理完毕!
2017-05-23 10:38:08,927 : INFO : D:\Python27_NLP\语料库\景区\BaiduSpiderSpots\0158.txt 文件处理完毕!
2017-05-23 10:38:08,938 : INFO : D:\Python27_NLP\语料库\景区\BaiduSpiderSpots\0159.txt 文件处理完毕!
2017-05-23 10:38:08,999 : INFO : D:\Python27_NLP\语料库\景区\BaiduSpiderSpots\0160.txt 文件处理完毕!
2017-05-23 10:38:09,076 : INFO : D:\Python27_NLP\语料库\景区\BaiduSpiderSpots\0161.txt 文件处理完毕!
2017-05-23 10:38:09,089 : INFO : D:\Python27_NLP\语料库\景区\BaiduSpiderSpots\0162.txt 文件处理完毕!
2017-05-23 10:38:09,171 : INFO : D:\Python27_NLP\语料库\景区\BaiduSpiderSpots\0163.txt 文件处理完毕!
2017-05-23 10:38:09,171 : INFO : D:\Python27_NLP\语料库\景区\BaiduSpiderSpots\0164.txt 文件处理完毕!
2017-05-23 10:38:09,283 : INFO : D:\Python27_NLP\语料库\景区\BaiduSpiderSpots\0165.txt 文件处理完毕!
2017-05-23 10:38:09,292 : INFO : D:\Python27_NLP\语料库\景区\BaiduSpiderSpots\0166.txt 文件处理完毕!
2017-05-23 10:38:09,331 : INFO : D:\Python27_NLP\语料库\景区\BaiduSpiderSpots\0167.txt 文件处理完毕!
2017-05-23 10:38:09,430 : INFO : D:\Python27_NLP\语料库\景区\BaiduSpiderSpots\0168.txt 文件处理完毕!
2017-05-23 10:38:09,601 : INFO : D:\Python27_NLP\语料库\景区\BaiduSpiderSpots\0169.txt 文件处理完毕!
2017-05-23 10:38:09,681 : INFO : D:\Python27_NLP\语料库\景区\BaiduSpiderSpots\0170.txt 文件处理完毕!
2017-05-23 10:38:09,759 : INFO : D:\Python27_NLP\语料库\景区\BaiduSpiderSpots\0171.txt 文件处理完毕!
2017-05-23 10:38:09,788 : INFO : D:\Python27_NLP\语料库\景区\BaiduSpiderSpots\0172.txt 文件处理完毕!
2017-05-23 10:38:09,930 : INFO : D:\Python27_NLP\语料库\景区\BaiduSpiderSpots\0173.txt 文件处理完毕!
2017-05-23 10:38:10,029 : INFO : D:\Python27_NLP\语料库\景区\BaiduSpiderSpots\0174.txt 文件处理完毕!
2017-05-23 10:38:10,135 : INFO : D:\Python27_NLP\语料库\景区\BaiduSpiderSpots\0175.txt 文件处理完毕!
2017-05-23 10:38:10,203 : INFO : D:\Python27_NLP\语料库\景区\BaiduSpiderSpots\0176.txt 文件处理完毕!
2017-05-23 10:38:10,203 : INFO : D:\Python27_NLP\语料库\景区\BaiduSpiderSpots\0177.txt 文件处理完毕!
2017-05-23 10:38:10,279 : INFO : D:\Python27_NLP\语料库\景区\BaiduSpiderSpots\0178.txt 文件处理完毕!
2017-05-23 10:38:10,335 : INFO : D:\Python27_NLP\语料库\景区\BaiduSpiderSpots\0179.txt 文件处理完毕!
2017-05-23 10:38:10,467 : INFO : D:\Python27_NLP\语料库\景区\BaiduSpiderSpots\0180.txt 文件处理完毕!
2017-05-23 10:38:10,578 : INFO : D:\Python27_NLP\语料库\景区\BaiduSpiderSpots\0181.txt 文件处理完毕!
2017-05-23 10:38:10,618 : INFO : D:\Python27_NLP\语料库\景区\BaiduSpiderSpots\0182.txt 文件处理完毕!
2017-05-23 10:38:10,664 : INFO : D:\Python27_NLP\语料库\景区\BaiduSpiderSpots\0183.txt 文件处理完毕!
2017-05-23 10:38:10,822 : INFO : D:\Python27_NLP\语料库\景区\BaiduSpiderSpots\0184.txt 文件处理完毕!
2017-05-23 10:38:10,874 : INFO : D:\Python27_NLP\语料库\景区\BaiduSpiderSpots\0185.txt 文件处理完毕!
2017-05-23 10:38:10,979 : INFO : D:\Python27_NLP\语料库\景区\BaiduSpiderSpots\0186.txt 文件处理完毕!
2017-05-23 10:38:11,039 : INFO : D:\Python27_NLP\语料库\景区\BaiduSpiderSpots\0187.txt 文件处理完毕!
2017-05-23 10:38:11,114 : INFO : D:\Python27_NLP\语料库\景区\BaiduSpiderSpots\0188.txt 文件处理完毕!
2017-05-23 10:38:11,147 : INFO : D:\Python27_NLP\语料库\景区\BaiduSpiderSpots\0189.txt 文件处理完毕!
2017-05-23 10:38:11,209 : INFO : D:\Python27_NLP\语料库\景区\BaiduSpiderSpots\0190.txt 文件处理完毕!
2017-05-23 10:38:11,273 : INFO : D:\Python27_NLP\语料库\景区\BaiduSpiderSpots\0191.txt 文件处理完毕!
2017-05-23 10:38:11,364 : INFO : D:\Python27_NLP\语料库\景区\BaiduSpiderSpots\0192.txt 文件处理完毕!
2017-05-23 10:38:11,400 : INFO : D:\Python27_NLP\语料库\景区\BaiduSpiderSpots\0193.txt 文件处理完毕!
2017-05-23 10:38:11,424 : INFO : D:\Python27_NLP\语料库\景区\BaiduSpiderSpots\0194.txt 文件处理完毕!
2017-05-23 10:38:11,440 : INFO : D:\Python27_NLP\语料库\景区\BaiduSpiderSpots\0195.txt 文件处理完毕!
2017-05-23 10:38:11,466 : INFO : D:\Python27_NLP\语料库\景区\BaiduSpiderSpots\0196.txt 文件处理完毕!
2017-05-23 10:38:11,505 : INFO : D:\Python27_NLP\语料库\景区\BaiduSpiderSpots\0197.txt 文件处理完毕!
2017-05-23 10:38:11,549 : INFO : D:\Python27_NLP\语料库\景区\BaiduSpiderSpots\0198.txt 文件处理完毕!
2017-05-23 10:38:11,591 : INFO : D:\Python27_NLP\语料库\景区\BaiduSpiderSpots\0199.txt 文件处理完毕!
2017-05-23 10:38:11,608 : INFO : D:\Python27_NLP\语料库\景区\BaiduSpiderSpots\0200.txt 文件处理完毕!
2017-05-23 10:38:11,773 : INFO : D:\Python27_NLP\语料库\景区\HudongSpiderSpots\0001.txt 文件处理完毕!
2017-05-23 10:38:11,844 : INFO : D:\Python27_NLP\语料库\景区\HudongSpiderSpots\0002.txt 文件处理完毕!
2017-05-23 10:38:11,980 : INFO : D:\Python27_NLP\语料库\景区\HudongSpiderSpots\0003.txt 文件处理完毕!
2017-05-23 10:38:12,095 : INFO : D:\Python27_NLP\语料库\景区\HudongSpiderSpots\0004.txt 文件处理完毕!
2017-05-23 10:38:12,217 : INFO : D:\Python27_NLP\语料库\景区\HudongSpiderSpots\0005.txt 文件处理完毕!
2017-05-23 10:38:12,361 : INFO : D:\Python27_NLP\语料库\景区\HudongSpiderSpots\0006.txt 文件处理完毕!
2017-05-23 10:38:12,446 : INFO : D:\Python27_NLP\语料库\景区\HudongSpiderSpots\0007.txt 文件处理完毕!
2017-05-23 10:38:12,505 : INFO : D:\Python27_NLP\语料库\景区\HudongSpiderSpots\0008.txt 文件处理完毕!
2017-05-23 10:38:12,671 : INFO : D:\Python27_NLP\语料库\景区\HudongSpiderSpots\0009.txt 文件处理完毕!
2017-05-23 10:38:12,740 : INFO : D:\Python27_NLP\语料库\景区\HudongSpiderSpots\0010.txt 文件处理完毕!
2017-05-23 10:38:12,948 : INFO : D:\Python27_NLP\语料库\景区\HudongSpiderSpots\0011.txt 文件处理完毕!
2017-05-23 10:38:13,046 : INFO : D:\Python27_NLP\语料库\景区\HudongSpiderSpots\0012.txt 文件处理完毕!
2017-05-23 10:38:13,105 : INFO : D:\Python27_NLP\语料库\景区\HudongSpiderSpots\0013.txt 文件处理完毕!
2017-05-23 10:38:13,240 : INFO : D:\Python27_NLP\语料库\景区\HudongSpiderSpots\0014.txt 文件处理完毕!
2017-05-23 10:38:13,288 : INFO : D:\Python27_NLP\语料库\景区\HudongSpiderSpots\0015.txt 文件处理完毕!
2017-05-23 10:38:13,463 : INFO : D:\Python27_NLP\语料库\景区\HudongSpiderSpots\0016.txt 文件处理完毕!
2017-05-23 10:38:13,502 : INFO : D:\Python27_NLP\语料库\景区\HudongSpiderSpots\0017.txt 文件处理完毕!
2017-05-23 10:38:13,569 : INFO : D:\Python27_NLP\语料库\景区\HudongSpiderSpots\0018.txt 文件处理完毕!
2017-05-23 10:38:13,765 : INFO : D:\Python27_NLP\语料库\景区\HudongSpiderSpots\0019.txt 文件处理完毕!
2017-05-23 10:38:13,806 : INFO : D:\Python27_NLP\语料库\景区\HudongSpiderSpots\0020.txt 文件处理完毕!
2017-05-23 10:38:14,009 : INFO : D:\Python27_NLP\语料库\景区\HudongSpiderSpots\0021.txt 文件处理完毕!
2017-05-23 10:38:14,062 : INFO : D:\Python27_NLP\语料库\景区\HudongSpiderSpots\0022.txt 文件处理完毕!
2017-05-23 10:38:14,098 : INFO : D:\Python27_NLP\语料库\景区\HudongSpiderSpots\0023.txt 文件处理完毕!
2017-05-23 10:38:14,140 : INFO : D:\Python27_NLP\语料库\景区\HudongSpiderSpots\0024.txt 文件处理完毕!
2017-05-23 10:38:14,203 : INFO : D:\Python27_NLP\语料库\景区\HudongSpiderSpots\0025.txt 文件处理完毕!
2017-05-23 10:38:14,249 : INFO : D:\Python27_NLP\语料库\景区\HudongSpiderSpots\0026.txt 文件处理完毕!
2017-05-23 10:38:14,273 : INFO : D:\Python27_NLP\语料库\景区\HudongSpiderSpots\0027.txt 文件处理完毕!
2017-05-23 10:38:14,322 : INFO : D:\Python27_NLP\语料库\景区\HudongSpiderSpots\0028.txt 文件处理完毕!
2017-05-23 10:38:14,411 : INFO : D:\Python27_NLP\语料库\景区\HudongSpiderSpots\0029.txt 文件处理完毕!
2017-05-23 10:38:14,486 : INFO : D:\Python27_NLP\语料库\景区\HudongSpiderSpots\0030.txt 文件处理完毕!
2017-05-23 10:38:14,563 : INFO : D:\Python27_NLP\语料库\景区\HudongSpiderSpots\0031.txt 文件处理完毕!
2017-05-23 10:38:14,605 : INFO : D:\Python27_NLP\语料库\景区\HudongSpiderSpots\0032.txt 文件处理完毕!
2017-05-23 10:38:14,611 : INFO : D:\Python27_NLP\语料库\景区\HudongSpiderSpots\0033.txt 文件处理完毕!
2017-05-23 10:38:14,653 : INFO : D:\Python27_NLP\语料库\景区\HudongSpiderSpots\0034.txt 文件处理完毕!
2017-05-23 10:38:14,690 : INFO : D:\Python27_NLP\语料库\景区\HudongSpiderSpots\0035.txt 文件处理完毕!
2017-05-23 10:38:14,788 : INFO : D:\Python27_NLP\语料库\景区\HudongSpiderSpots\0036.txt 文件处理完毕!
2017-05-23 10:38:14,846 : INFO : D:\Python27_NLP\语料库\景区\HudongSpiderSpots\0037.txt 文件处理完毕!
2017-05-23 10:38:14,875 : INFO : D:\Python27_NLP\语料库\景区\HudongSpiderSpots\0038.txt 文件处理完毕!
2017-05-23 10:38:15,019 : INFO : D:\Python27_NLP\语料库\景区\HudongSpiderSpots\0039.txt 文件处理完毕!
2017-05-23 10:38:15,151 : INFO : D:\Python27_NLP\语料库\景区\HudongSpiderSpots\0040.txt 文件处理完毕!
2017-05-23 10:38:15,190 : INFO : D:\Python27_NLP\语料库\景区\HudongSpiderSpots\0041.txt 文件处理完毕!
2017-05-23 10:38:15,292 : INFO : D:\Python27_NLP\语料库\景区\HudongSpiderSpots\0042.txt 文件处理完毕!
2017-05-23 10:38:15,305 : INFO : D:\Python27_NLP\语料库\景区\HudongSpiderSpots\0043.txt 文件处理完毕!
2017-05-23 10:38:15,339 : INFO : D:\Python27_NLP\语料库\景区\HudongSpiderSpots\0044.txt 文件处理完毕!
2017-05-23 10:38:15,608 : INFO : D:\Python27_NLP\语料库\景区\HudongSpiderSpots\0045.txt 文件处理完毕!
2017-05-23 10:38:15,625 : INFO : D:\Python27_NLP\语料库\景区\HudongSpiderSpots\0046.txt 文件处理完毕!
2017-05-23 10:38:15,753 : INFO : D:\Python27_NLP\语料库\景区\HudongSpiderSpots\0047.txt 文件处理完毕!
2017-05-23 10:38:15,851 : INFO : D:\Python27_NLP\语料库\景区\HudongSpiderSpots\0048.txt 文件处理完毕!
2017-05-23 10:38:15,910 : INFO : D:\Python27_NLP\语料库\景区\HudongSpiderSpots\0049.txt 文件处理完毕!
2017-05-23 10:38:15,960 : INFO : D:\Python27_NLP\语料库\景区\HudongSpiderSpots\0050.txt 文件处理完毕!
2017-05-23 10:38:16,022 : INFO : D:\Python27_NLP\语料库\景区\HudongSpiderSpots\0051.txt 文件处理完毕!
2017-05-23 10:38:16,148 : INFO : D:\Python27_NLP\语料库\景区\HudongSpiderSpots\0052.txt 文件处理完毕!
2017-05-23 10:38:16,348 : INFO : D:\Python27_NLP\语料库\景区\HudongSpiderSpots\0053.txt 文件处理完毕!
2017-05-23 10:38:16,433 : INFO : D:\Python27_NLP\语料库\景区\HudongSpiderSpots\0054.txt 文件处理完毕!
2017-05-23 10:38:16,474 : INFO : D:\Python27_NLP\语料库\景区\HudongSpiderSpots\0055.txt 文件处理完毕!
2017-05-23 10:38:16,499 : INFO : D:\Python27_NLP\语料库\景区\HudongSpiderSpots\0056.txt 文件处理完毕!
2017-05-23 10:38:16,642 : INFO : D:\Python27_NLP\语料库\景区\HudongSpiderSpots\0057.txt 文件处理完毕!
2017-05-23 10:38:16,773 : INFO : D:\Python27_NLP\语料库\景区\HudongSpiderSpots\0058.txt 文件处理完毕!
2017-05-23 10:38:17,012 : INFO : D:\Python27_NLP\语料库\景区\HudongSpiderSpots\0059.txt 文件处理完毕!
2017-05-23 10:38:17,068 : INFO : D:\Python27_NLP\语料库\景区\HudongSpiderSpots\0060.txt 文件处理完毕!
2017-05-23 10:38:17,217 : INFO : D:\Python27_NLP\语料库\景区\HudongSpiderSpots\0061.txt 文件处理完毕!
2017-05-23 10:38:17,243 : INFO : D:\Python27_NLP\语料库\景区\HudongSpiderSpots\0062.txt 文件处理完毕!
2017-05-23 10:38:17,329 : INFO : D:\Python27_NLP\语料库\景区\HudongSpiderSpots\0063.txt 文件处理完毕!
2017-05-23 10:38:17,427 : INFO : D:\Python27_NLP\语料库\景区\HudongSpiderSpots\0064.txt 文件处理完毕!
2017-05-23 10:38:17,509 : INFO : D:\Python27_NLP\语料库\景区\HudongSpiderSpots\0065.txt 文件处理完毕!
2017-05-23 10:38:17,549 : INFO : D:\Python27_NLP\语料库\景区\HudongSpiderSpots\0066.txt 文件处理完毕!
2017-05-23 10:38:17,667 : INFO : D:\Python27_NLP\语料库\景区\HudongSpiderSpots\0067.txt 文件处理完毕!
2017-05-23 10:38:17,756 : INFO : D:\Python27_NLP\语料库\景区\HudongSpiderSpots\0068.txt 文件处理完毕!
2017-05-23 10:38:17,892 : INFO : D:\Python27_NLP\语料库\景区\HudongSpiderSpots\0069.txt 文件处理完毕!
2017-05-23 10:38:17,970 : INFO : D:\Python27_NLP\语料库\景区\HudongSpiderSpots\0070.txt 文件处理完毕!
2017-05-23 10:38:18,046 : INFO : D:\Python27_NLP\语料库\景区\HudongSpiderSpots\0071.txt 文件处理完毕!
2017-05-23 10:38:18,101 : INFO : D:\Python27_NLP\语料库\景区\HudongSpiderSpots\0072.txt 文件处理完毕!
2017-05-23 10:38:18,137 : INFO : D:\Python27_NLP\语料库\景区\HudongSpiderSpots\0073.txt 文件处理完毕!
2017-05-23 10:38:18,186 : INFO : D:\Python27_NLP\语料库\景区\HudongSpiderSpots\0074.txt 文件处理完毕!
2017-05-23 10:38:18,190 : INFO : D:\Python27_NLP\语料库\景区\HudongSpiderSpots\0075.txt 文件处理完毕!
2017-05-23 10:38:18,262 : INFO : D:\Python27_NLP\语料库\景区\HudongSpiderSpots\0076.txt 文件处理完毕!
2017-05-23 10:38:18,355 : INFO : D:\Python27_NLP\语料库\景区\HudongSpiderSpots\0077.txt 文件处理完毕!
2017-05-23 10:38:18,457 : INFO : D:\Python27_NLP\语料库\景区\HudongSpiderSpots\0078.txt 文件处理完毕!
2017-05-23 10:38:18,539 : INFO : D:\Python27_NLP\语料库\景区\HudongSpiderSpots\0079.txt 文件处理完毕!
2017-05-23 10:38:18,696 : INFO : D:\Python27_NLP\语料库\景区\HudongSpiderSpots\0080.txt 文件处理完毕!
2017-05-23 10:38:18,792 : INFO : D:\Python27_NLP\语料库\景区\HudongSpiderSpots\0081.txt 文件处理完毕!
2017-05-23 10:38:18,992 : INFO : D:\Python27_NLP\语料库\景区\HudongSpiderSpots\0082.txt 文件处理完毕!
2017-05-23 10:38:19,069 : INFO : D:\Python27_NLP\语料库\景区\HudongSpiderSpots\0083.txt 文件处理完毕!
2017-05-23 10:38:19,157 : INFO : D:\Python27_NLP\语料库\景区\HudongSpiderSpots\0084.txt 文件处理完毕!
2017-05-23 10:38:19,309 : INFO : D:\Python27_NLP\语料库\景区\HudongSpiderSpots\0085.txt 文件处理完毕!
2017-05-23 10:38:19,457 : INFO : D:\Python27_NLP\语料库\景区\HudongSpiderSpots\0086.txt 文件处理完毕!
2017-05-23 10:38:19,828 : INFO : D:\Python27_NLP\语料库\景区\HudongSpiderSpots\0087.txt 文件处理完毕!
2017-05-23 10:38:19,849 : INFO : D:\Python27_NLP\语料库\景区\HudongSpiderSpots\0088.txt 文件处理完毕!
2017-05-23 10:38:19,927 : INFO : D:\Python27_NLP\语料库\景区\HudongSpiderSpots\0089.txt 文件处理完毕!
2017-05-23 10:38:20,035 : INFO : D:\Python27_NLP\语料库\景区\HudongSpiderSpots\0090.txt 文件处理完毕!
2017-05-23 10:38:20,098 : INFO : D:\Python27_NLP\语料库\景区\HudongSpiderSpots\0091.txt 文件处理完毕!
2017-05-23 10:38:20,141 : INFO : D:\Python27_NLP\语料库\景区\HudongSpiderSpots\0092.txt 文件处理完毕!
2017-05-23 10:38:20,299 : INFO : D:\Python27_NLP\语料库\景区\HudongSpiderSpots\0093.txt 文件处理完毕!
2017-05-23 10:38:20,421 : INFO : D:\Python27_NLP\语料库\景区\HudongSpiderSpots\0094.txt 文件处理完毕!
2017-05-23 10:38:20,471 : INFO : D:\Python27_NLP\语料库\景区\HudongSpiderSpots\0095.txt 文件处理完毕!
2017-05-23 10:38:20,530 : INFO : D:\Python27_NLP\语料库\景区\HudongSpiderSpots\0096.txt 文件处理完毕!
2017-05-23 10:38:20,539 : INFO : D:\Python27_NLP\语料库\景区\HudongSpiderSpots\0097.txt 文件处理完毕!
2017-05-23 10:38:20,696 : INFO : D:\Python27_NLP\语料库\景区\HudongSpiderSpots\0098.txt 文件处理完毕!
2017-05-23 10:38:20,719 : INFO : D:\Python27_NLP\语料库\景区\HudongSpiderSpots\0099.txt 文件处理完毕!
2017-05-23 10:38:20,803 : INFO : D:\Python27_NLP\语料库\景区\HudongSpiderSpots\0100.txt 文件处理完毕!
2017-05-23 10:38:20,871 : INFO : D:\Python27_NLP\语料库\景区\HudongSpiderSpots\0101.txt 文件处理完毕!
2017-05-23 10:38:20,895 : INFO : D:\Python27_NLP\语料库\景区\HudongSpiderSpots\0102.txt 文件处理完毕!
2017-05-23 10:38:20,953 : INFO : D:\Python27_NLP\语料库\景区\HudongSpiderSpots\0103.txt 文件处理完毕!
2017-05-23 10:38:21,032 : INFO : D:\Python27_NLP\语料库\景区\HudongSpiderSpots\0104.txt 文件处理完毕!
2017-05-23 10:38:21,140 : INFO : D:\Python27_NLP\语料库\景区\HudongSpiderSpots\0105.txt 文件处理完毕!
2017-05-23 10:38:21,170 : INFO : D:\Python27_NLP\语料库\景区\HudongSpiderSpots\0106.txt 文件处理完毕!
2017-05-23 10:38:21,272 : INFO : D:\Python27_NLP\语料库\景区\HudongSpiderSpots\0107.txt 文件处理完毕!
2017-05-23 10:38:21,404 : INFO : D:\Python27_NLP\语料库\景区\HudongSpiderSpots\0108.txt 文件处理完毕!
2017-05-23 10:38:21,459 : INFO : D:\Python27_NLP\语料库\景区\HudongSpiderSpots\0109.txt 文件处理完毕!
2017-05-23 10:38:21,571 : INFO : D:\Python27_NLP\语料库\景区\HudongSpiderSpots\0110.txt 文件处理完毕!
2017-05-23 10:38:21,585 : INFO : D:\Python27_NLP\语料库\景区\HudongSpiderSpots\0111.txt 文件处理完毕!
2017-05-23 10:38:21,769 : INFO : D:\Python27_NLP\语料库\景区\HudongSpiderSpots\0112.txt 文件处理完毕!
2017-05-23 10:38:21,986 : INFO : D:\Python27_NLP\语料库\景区\HudongSpiderSpots\0113.txt 文件处理完毕!
2017-05-23 10:38:22,049 : INFO : D:\Python27_NLP\语料库\景区\HudongSpiderSpots\0114.txt 文件处理完毕!
2017-05-23 10:38:22,109 : INFO : D:\Python27_NLP\语料库\景区\HudongSpiderSpots\0115.txt 文件处理完毕!
2017-05-23 10:38:22,188 : INFO : D:\Python27_NLP\语料库\景区\HudongSpiderSpots\0116.txt 文件处理完毕!
2017-05-23 10:38:22,329 : INFO : D:\Python27_NLP\语料库\景区\HudongSpiderSpots\0117.txt 文件处理完毕!
2017-05-23 10:38:22,486 : INFO : D:\Python27_NLP\语料库\景区\HudongSpiderSpots\0118.txt 文件处理完毕!
2017-05-23 10:38:22,604 : INFO : D:\Python27_NLP\语料库\景区\HudongSpiderSpots\0119.txt 文件处理完毕!
2017-05-23 10:38:22,690 : INFO : D:\Python27_NLP\语料库\景区\HudongSpiderSpots\0120.txt 文件处理完毕!
2017-05-23 10:38:22,811 : INFO : D:\Python27_NLP\语料库\景区\HudongSpiderSpots\0121.txt 文件处理完毕!
2017-05-23 10:38:22,842 : INFO : D:\Python27_NLP\语料库\景区\HudongSpiderSpots\0122.txt 文件处理完毕!
2017-05-23 10:38:22,891 : INFO : D:\Python27_NLP\语料库\景区\HudongSpiderSpots\0123.txt 文件处理完毕!
2017-05-23 10:38:22,907 : INFO : D:\Python27_NLP\语料库\景区\HudongSpiderSpots\0124.txt 文件处理完毕!
2017-05-23 10:38:22,967 : INFO : D:\Python27_NLP\语料库\景区\HudongSpiderSpots\0125.txt 文件处理完毕!
2017-05-23 10:38:23,075 : INFO : D:\Python27_NLP\语料库\景区\HudongSpiderSpots\0126.txt 文件处理完毕!
2017-05-23 10:38:23,259 : INFO : D:\Python27_NLP\语料库\景区\HudongSpiderSpots\0127.txt 文件处理完毕!
2017-05-23 10:38:23,568 : INFO : D:\Python27_NLP\语料库\景区\HudongSpiderSpots\0128.txt 文件处理完毕!
2017-05-23 10:38:23,589 : INFO : D:\Python27_NLP\语料库\景区\HudongSpiderSpots\0129.txt 文件处理完毕!
2017-05-23 10:38:23,631 : INFO : D:\Python27_NLP\语料库\景区\HudongSpiderSpots\0130.txt 文件处理完毕!
2017-05-23 10:38:23,673 : INFO : D:\Python27_NLP\语料库\景区\HudongSpiderSpots\0131.txt 文件处理完毕!
2017-05-23 10:38:23,786 : INFO : D:\Python27_NLP\语料库\景区\HudongSpiderSpots\0132.txt 文件处理完毕!
2017-05-23 10:38:23,871 : INFO : D:\Python27_NLP\语料库\景区\HudongSpiderSpots\0133.txt 文件处理完毕!
2017-05-23 10:38:23,901 : INFO : D:\Python27_NLP\语料库\景区\HudongSpiderSpots\0134.txt 文件处理完毕!
2017-05-23 10:38:24,016 : INFO : D:\Python27_NLP\语料库\景区\HudongSpiderSpots\0135.txt 文件处理完毕!
2017-05-23 10:38:24,032 : INFO : D:\Python27_NLP\语料库\景区\HudongSpiderSpots\0136.txt 文件处理完毕!
2017-05-23 10:38:24,082 : INFO : D:\Python27_NLP\语料库\景区\HudongSpiderSpots\0137.txt 文件处理完毕!
2017-05-23 10:38:24,167 : INFO : D:\Python27_NLP\语料库\景区\HudongSpiderSpots\0138.txt 文件处理完毕!
2017-05-23 10:38:24,243 : INFO : D:\Python27_NLP\语料库\景区\HudongSpiderSpots\0139.txt 文件处理完毕!
2017-05-23 10:38:24,244 : INFO : D:\Python27_NLP\语料库\景区\HudongSpiderSpots\0140.txt 文件处理完毕!
2017-05-23 10:38:24,322 : INFO : D:\Python27_NLP\语料库\景区\HudongSpiderSpots\0141.txt 文件处理完毕!
2017-05-23 10:38:24,354 : INFO : D:\Python27_NLP\语料库\景区\HudongSpiderSpots\0142.txt 文件处理完毕!
2017-05-23 10:38:24,417 : INFO : D:\Python27_NLP\语料库\景区\HudongSpiderSpots\0143.txt 文件处理完毕!
2017-05-23 10:38:24,477 : INFO : D:\Python27_NLP\语料库\景区\HudongSpiderSpots\0144.txt 文件处理完毕!
2017-05-23 10:38:24,500 : INFO : D:\Python27_NLP\语料库\景区\HudongSpiderSpots\0145.txt 文件处理完毕!
2017-05-23 10:38:24,543 : INFO : D:\Python27_NLP\语料库\景区\HudongSpiderSpots\0146.txt 文件处理完毕!
2017-05-23 10:38:24,575 : INFO : D:\Python27_NLP\语料库\景区\HudongSpiderSpots\0147.txt 文件处理完毕!
2017-05-23 10:38:24,756 : INFO : D:\Python27_NLP\语料库\景区\HudongSpiderSpots\0148.txt 文件处理完毕!
2017-05-23 10:38:24,808 : INFO : D:\Python27_NLP\语料库\景区\HudongSpiderSpots\0149.txt 文件处理完毕!
2017-05-23 10:38:24,887 : INFO : D:\Python27_NLP\语料库\景区\HudongSpiderSpots\0150.txt 文件处理完毕!
2017-05-23 10:38:24,904 : INFO : D:\Python27_NLP\语料库\景区\HudongSpiderSpots\0151.txt 文件处理完毕!
2017-05-23 10:38:24,989 : INFO : D:\Python27_NLP\语料库\景区\HudongSpiderSpots\0152.txt 文件处理完毕!
2017-05-23 10:38:25,134 : INFO : D:\Python27_NLP\语料库\景区\HudongSpiderSpots\0153.txt 文件处理完毕!
2017-05-23 10:38:25,171 : INFO : D:\Python27_NLP\语料库\景区\HudongSpiderSpots\0154.txt 文件处理完毕!
2017-05-23 10:38:25,302 : INFO : D:\Python27_NLP\语料库\景区\HudongSpiderSpots\0155.txt 文件处理完毕!
2017-05-23 10:38:25,457 : INFO : D:\Python27_NLP\语料库\景区\HudongSpiderSpots\0156.txt 文件处理完毕!
2017-05-23 10:38:26,066 : INFO : D:\Python27_NLP\语料库\景区\HudongSpiderSpots\0157.txt 文件处理完毕!
2017-05-23 10:38:26,105 : INFO : D:\Python27_NLP\语料库\景区\HudongSpiderSpots\0158.txt 文件处理完毕!
2017-05-23 10:38:26,117 : INFO : D:\Python27_NLP\语料库\景区\HudongSpiderSpots\0159.txt 文件处理完毕!
2017-05-23 10:38:26,253 : INFO : D:\Python27_NLP\语料库\景区\HudongSpiderSpots\0160.txt 文件处理完毕!
2017-05-23 10:38:26,329 : INFO : D:\Python27_NLP\语料库\景区\HudongSpiderSpots\0161.txt 文件处理完毕!
2017-05-23 10:38:26,395 : INFO : D:\Python27_NLP\语料库\景区\HudongSpiderSpots\0162.txt 文件处理完毕!
2017-05-23 10:38:26,460 : INFO : D:\Python27_NLP\语料库\景区\HudongSpiderSpots\0163.txt 文件处理完毕!
2017-05-23 10:38:26,509 : INFO : D:\Python27_NLP\语料库\景区\HudongSpiderSpots\0164.txt 文件处理完毕!
2017-05-23 10:38:26,539 : INFO : D:\Python27_NLP\语料库\景区\HudongSpiderSpots\0165.txt 文件处理完毕!
2017-05-23 10:38:26,572 : INFO : D:\Python27_NLP\语料库\景区\HudongSpiderSpots\0166.txt 文件处理完毕!
2017-05-23 10:38:26,644 : INFO : D:\Python27_NLP\语料库\景区\HudongSpiderSpots\0167.txt 文件处理完毕!
2017-05-23 10:38:26,747 : INFO : D:\Python27_NLP\语料库\景区\HudongSpiderSpots\0168.txt 文件处理完毕!
2017-05-23 10:38:26,921 : INFO : D:\Python27_NLP\语料库\景区\HudongSpiderSpots\0169.txt 文件处理完毕!
2017-05-23 10:38:26,989 : INFO : D:\Python27_NLP\语料库\景区\HudongSpiderSpots\0170.txt 文件处理完毕!
2017-05-23 10:38:27,023 : INFO : D:\Python27_NLP\语料库\景区\HudongSpiderSpots\0171.txt 文件处理完毕!
2017-05-23 10:38:27,036 : INFO : D:\Python27_NLP\语料库\景区\HudongSpiderSpots\0172.txt 文件处理完毕!
2017-05-23 10:38:27,128 : INFO : D:\Python27_NLP\语料库\景区\HudongSpiderSpots\0173.txt 文件处理完毕!
2017-05-23 10:38:27,233 : INFO : D:\Python27_NLP\语料库\景区\HudongSpiderSpots\0174.txt 文件处理完毕!
2017-05-23 10:38:27,355 : INFO : D:\Python27_NLP\语料库\景区\HudongSpiderSpots\0175.txt 文件处理完毕!
2017-05-23 10:38:27,519 : INFO : D:\Python27_NLP\语料库\景区\HudongSpiderSpots\0176.txt 文件处理完毕!
2017-05-23 10:38:27,749 : INFO : D:\Python27_NLP\语料库\景区\HudongSpiderSpots\0177.txt 文件处理完毕!
2017-05-23 10:38:27,816 : INFO : D:\Python27_NLP\语料库\景区\HudongSpiderSpots\0178.txt 文件处理完毕!
2017-05-23 10:38:27,881 : INFO : D:\Python27_NLP\语料库\景区\HudongSpiderSpots\0179.txt 文件处理完毕!
2017-05-23 10:38:28,069 : INFO : D:\Python27_NLP\语料库\景区\HudongSpiderSpots\0180.txt 文件处理完毕!
2017-05-23 10:38:28,122 : INFO : D:\Python27_NLP\语料库\景区\HudongSpiderSpots\0181.txt 文件处理完毕!
2017-05-23 10:38:28,338 : INFO : D:\Python27_NLP\语料库\景区\HudongSpiderSpots\0182.txt 文件处理完毕!
2017-05-23 10:38:28,457 : INFO : D:\Python27_NLP\语料库\景区\HudongSpiderSpots\0183.txt 文件处理完毕!
2017-05-23 10:38:28,602 : INFO : D:\Python27_NLP\语料库\景区\HudongSpiderSpots\0184.txt 文件处理完毕!
2017-05-23 10:38:28,650 : INFO : D:\Python27_NLP\语料库\景区\HudongSpiderSpots\0185.txt 文件处理完毕!
2017-05-23 10:38:28,671 : INFO : D:\Python27_NLP\语料库\景区\HudongSpiderSpots\0186.txt 文件处理完毕!
2017-05-23 10:38:28,730 : INFO : D:\Python27_NLP\语料库\景区\HudongSpiderSpots\0187.txt 文件处理完毕!
2017-05-23 10:38:28,776 : INFO : D:\Python27_NLP\语料库\景区\HudongSpiderSpots\0188.txt 文件处理完毕!
2017-05-23 10:38:28,881 : INFO : D:\Python27_NLP\语料库\景区\HudongSpiderSpots\0189.txt 文件处理完毕!
2017-05-23 10:38:28,973 : INFO : D:\Python27_NLP\语料库\景区\HudongSpiderSpots\0190.txt 文件处理完毕!
2017-05-23 10:38:29,053 : INFO : D:\Python27_NLP\语料库\景区\HudongSpiderSpots\0191.txt 文件处理完毕!
2017-05-23 10:38:29,236 : INFO : D:\Python27_NLP\语料库\景区\HudongSpiderSpots\0192.txt 文件处理完毕!
2017-05-23 10:38:29,247 : INFO : D:\Python27_NLP\语料库\景区\HudongSpiderSpots\0193.txt 文件处理完毕!
2017-05-23 10:38:29,319 : INFO : D:\Python27_NLP\语料库\景区\HudongSpiderSpots\0194.txt 文件处理完毕!
2017-05-23 10:38:29,348 : INFO : D:\Python27_NLP\语料库\景区\HudongSpiderSpots\0195.txt 文件处理完毕!
2017-05-23 10:38:29,354 : INFO : D:\Python27_NLP\语料库\景区\HudongSpiderSpots\0196.txt 文件处理完毕!
2017-05-23 10:38:29,359 : INFO : D:\Python27_NLP\语料库\景区\HudongSpiderSpots\0197.txt 文件处理完毕!
2017-05-23 10:38:29,413 : INFO : D:\Python27_NLP\语料库\景区\HudongSpiderSpots\0198.txt 文件处理完毕!
2017-05-23 10:38:29,444 : INFO : D:\Python27_NLP\语料库\景区\HudongSpiderSpots\0199.txt 文件处理完毕!
2017-05-23 10:38:29,461 : INFO : D:\Python27_NLP\语料库\景区\HudongSpiderSpots\0200.txt 文件处理完毕!
2017-05-23 10:38:29,476 : INFO : D:\Python27_NLP\语料库\景区\Wikipedia_Content_Spots\0001.txt 文件处理完毕!
2017-05-23 10:38:29,486 : INFO : D:\Python27_NLP\语料库\景区\Wikipedia_Content_Spots\0002.txt 文件处理完毕!
2017-05-23 10:38:29,500 : INFO : D:\Python27_NLP\语料库\景区\Wikipedia_Content_Spots\0003.txt 文件处理完毕!
2017-05-23 10:38:29,505 : INFO : D:\Python27_NLP\语料库\景区\Wikipedia_Content_Spots\0004.txt 文件处理完毕!
2017-05-23 10:38:29,515 : INFO : D:\Python27_NLP\语料库\景区\Wikipedia_Content_Spots\0005.txt 文件处理完毕!
2017-05-23 10:38:29,523 : INFO : D:\Python27_NLP\语料库\景区\Wikipedia_Content_Spots\0006.txt 文件处理完毕!
2017-05-23 10:38:29,535 : INFO : D:\Python27_NLP\语料库\景区\Wikipedia_Content_Spots\0007.txt 文件处理完毕!
2017-05-23 10:38:29,543 : INFO : D:\Python27_NLP\语料库\景区\Wikipedia_Content_Spots\0008.txt 文件处理完毕!
2017-05-23 10:38:29,546 : INFO : D:\Python27_NLP\语料库\景区\Wikipedia_Content_Spots\0009.txt 文件处理完毕!
2017-05-23 10:38:29,568 : INFO : D:\Python27_NLP\语料库\景区\Wikipedia_Content_Spots\0010.txt 文件处理完毕!
2017-05-23 10:38:29,579 : INFO : D:\Python27_NLP\语料库\景区\Wikipedia_Content_Spots\0011.txt 文件处理完毕!
2017-05-23 10:38:29,585 : INFO : D:\Python27_NLP\语料库\景区\Wikipedia_Content_Spots\0012.txt 文件处理完毕!
2017-05-23 10:38:29,588 : INFO : D:\Python27_NLP\语料库\景区\Wikipedia_Content_Spots\0013.txt 文件处理完毕!
2017-05-23 10:38:29,591 : INFO : D:\Python27_NLP\语料库\景区\Wikipedia_Content_Spots\0014.txt 文件处理完毕!
2017-05-23 10:38:29,599 : INFO : D:\Python27_NLP\语料库\景区\Wikipedia_Content_Spots\0015.txt 文件处理完毕!
2017-05-23 10:38:29,605 : INFO : D:\Python27_NLP\语料库\景区\Wikipedia_Content_Spots\0016.txt 文件处理完毕!
2017-05-23 10:38:29,608 : INFO : D:\Python27_NLP\语料库\景区\Wikipedia_Content_Spots\0017.txt 文件处理完毕!
2017-05-23 10:38:29,608 : INFO : D:\Python27_NLP\语料库\景区\Wikipedia_Content_Spots\0018.txt 文件处理完毕!
2017-05-23 10:38:29,617 : INFO : D:\Python27_NLP\语料库\景区\Wikipedia_Content_Spots\0019.txt 文件处理完毕!
2017-05-23 10:38:29,617 : INFO : D:\Python27_NLP\语料库\景区\Wikipedia_Content_Spots\0020.txt 文件处理完毕!
2017-05-23 10:38:29,631 : INFO : D:\Python27_NLP\语料库\景区\Wikipedia_Content_Spots\0021.txt 文件处理完毕!
2017-05-23 10:38:29,634 : INFO : D:\Python27_NLP\语料库\景区\Wikipedia_Content_Spots\0022.txt 文件处理完毕!
2017-05-23 10:38:29,638 : INFO : D:\Python27_NLP\语料库\景区\Wikipedia_Content_Spots\0023.txt 文件处理完毕!
2017-05-23 10:38:29,640 : INFO : D:\Python27_NLP\语料库\景区\Wikipedia_Content_Spots\0024.txt 文件处理完毕!
2017-05-23 10:38:29,651 : INFO : D:\Python27_NLP\语料库\景区\Wikipedia_Content_Spots\0025.txt 文件处理完毕!
2017-05-23 10:38:29,670 : INFO : D:\Python27_NLP\语料库\景区\Wikipedia_Content_Spots\0026.txt 文件处理完毕!
2017-05-23 10:38:29,677 : INFO : D:\Python27_NLP\语料库\景区\Wikipedia_Content_Spots\0027.txt 文件处理完毕!
2017-05-23 10:38:29,681 : INFO : D:\Python27_NLP\语料库\景区\Wikipedia_Content_Spots\0028.txt 文件处理完毕!
2017-05-23 10:38:29,683 : INFO : D:\Python27_NLP\语料库\景区\Wikipedia_Content_Spots\0029.txt 文件处理完毕!
2017-05-23 10:38:29,693 : INFO : D:\Python27_NLP\语料库\景区\Wikipedia_Content_Spots\0030.txt 文件处理完毕!
2017-05-23 10:38:29,698 : INFO : D:\Python27_NLP\语料库\景区\Wikipedia_Content_Spots\0031.txt 文件处理完毕!
2017-05-23 10:38:29,703 : INFO : D:\Python27_NLP\语料库\景区\Wikipedia_Content_Spots\0032.txt 文件处理完毕!
2017-05-23 10:38:29,703 : INFO : D:\Python27_NLP\语料库\景区\Wikipedia_Content_Spots\0033.txt 文件处理完毕!
2017-05-23 10:38:29,707 : INFO : D:\Python27_NLP\语料库\景区\Wikipedia_Content_Spots\0034.txt 文件处理完毕!
2017-05-23 10:38:29,717 : INFO : D:\Python27_NLP\语料库\景区\Wikipedia_Content_Spots\0035.txt 文件处理完毕!
2017-05-23 10:38:29,721 : INFO : D:\Python27_NLP\语料库\景区\Wikipedia_Content_Spots\0036.txt 文件处理完毕!
2017-05-23 10:38:29,724 : INFO : D:\Python27_NLP\语料库\景区\Wikipedia_Content_Spots\0037.txt 文件处理完毕!
2017-05-23 10:38:29,730 : INFO : D:\Python27_NLP\语料库\景区\Wikipedia_Content_Spots\0038.txt 文件处理完毕!
2017-05-23 10:38:29,743 : INFO : D:\Python27_NLP\语料库\景区\Wikipedia_Content_Spots\0039.txt 文件处理完毕!
2017-05-23 10:38:29,759 : INFO : D:\Python27_NLP\语料库\景区\Wikipedia_Content_Spots\0040.txt 文件处理完毕!
2017-05-23 10:38:29,765 : INFO : D:\Python27_NLP\语料库\景区\Wikipedia_Content_Spots\0041.txt 文件处理完毕!
2017-05-23 10:38:29,770 : INFO : D:\Python27_NLP\语料库\景区\Wikipedia_Content_Spots\0042.txt 文件处理完毕!
2017-05-23 10:38:29,786 : INFO : D:\Python27_NLP\语料库\景区\Wikipedia_Content_Spots\0043.txt 文件处理完毕!
2017-05-23 10:38:29,792 : INFO : D:\Python27_NLP\语料库\景区\Wikipedia_Content_Spots\0044.txt 文件处理完毕!
2017-05-23 10:38:29,806 : INFO : D:\Python27_NLP\语料库\景区\Wikipedia_Content_Spots\0045.txt 文件处理完毕!
2017-05-23 10:38:29,808 : INFO : D:\Python27_NLP\语料库\景区\Wikipedia_Content_Spots\0046.txt 文件处理完毕!
2017-05-23 10:38:29,836 : INFO : D:\Python27_NLP\语料库\景区\Wikipedia_Content_Spots\0047.txt 文件处理完毕!
2017-05-23 10:38:29,838 : INFO : D:\Python27_NLP\语料库\景区\Wikipedia_Content_Spots\0048.txt 文件处理完毕!
2017-05-23 10:38:29,842 : INFO : D:\Python27_NLP\语料库\景区\Wikipedia_Content_Spots\0049.txt 文件处理完毕!
2017-05-23 10:38:29,849 : INFO : D:\Python27_NLP\语料库\景区\Wikipedia_Content_Spots\0050.txt 文件处理完毕!
2017-05-23 10:38:29,851 : INFO : D:\Python27_NLP\语料库\景区\Wikipedia_Content_Spots\0051.txt 文件处理完毕!
2017-05-23 10:38:29,855 : INFO : D:\Python27_NLP\语料库\景区\Wikipedia_Content_Spots\0052.txt 文件处理完毕!
2017-05-23 10:38:29,871 : INFO : D:\Python27_NLP\语料库\景区\Wikipedia_Content_Spots\0053.txt 文件处理完毕!
2017-05-23 10:38:29,878 : INFO : D:\Python27_NLP\语料库\景区\Wikipedia_Content_Spots\0054.txt 文件处理完毕!
2017-05-23 10:38:29,881 : INFO : D:\Python27_NLP\语料库\景区\Wikipedia_Content_Spots\0055.txt 文件处理完毕!
2017-05-23 10:38:29,888 : INFO : D:\Python27_NLP\语料库\景区\Wikipedia_Content_Spots\0056.txt 文件处理完毕!
2017-05-23 10:38:29,894 : INFO : D:\Python27_NLP\语料库\景区\Wikipedia_Content_Spots\0057.txt 文件处理完毕!
2017-05-23 10:38:29,898 : INFO : D:\Python27_NLP\语料库\景区\Wikipedia_Content_Spots\0058.txt 文件处理完毕!
2017-05-23 10:38:29,904 : INFO : D:\Python27_NLP\语料库\景区\Wikipedia_Content_Spots\0059.txt 文件处理完毕!
2017-05-23 10:38:29,923 : INFO : D:\Python27_NLP\语料库\景区\Wikipedia_Content_Spots\0060.txt 文件处理完毕!
2017-05-23 10:38:29,928 : INFO : D:\Python27_NLP\语料库\景区\Wikipedia_Content_Spots\0061.txt 文件处理完毕!
2017-05-23 10:38:29,934 : INFO : D:\Python27_NLP\语料库\景区\Wikipedia_Content_Spots\0062.txt 文件处理完毕!
2017-05-23 10:38:29,947 : INFO : D:\Python27_NLP\语料库\景区\Wikipedia_Content_Spots\0063.txt 文件处理完毕!
2017-05-23 10:38:29,948 : INFO : D:\Python27_NLP\语料库\景区\Wikipedia_Content_Spots\0064.txt 文件处理完毕!
2017-05-23 10:38:29,953 : INFO : D:\Python27_NLP\语料库\景区\Wikipedia_Content_Spots\0065.txt 文件处理完毕!
2017-05-23 10:38:29,957 : INFO : D:\Python27_NLP\语料库\景区\Wikipedia_Content_Spots\0066.txt 文件处理完毕!
2017-05-23 10:38:29,969 : INFO : D:\Python27_NLP\语料库\景区\Wikipedia_Content_Spots\0067.txt 文件处理完毕!
2017-05-23 10:38:29,979 : INFO : D:\Python27_NLP\语料库\景区\Wikipedia_Content_Spots\0068.txt 文件处理完毕!
2017-05-23 10:38:29,992 : INFO : D:\Python27_NLP\语料库\景区\Wikipedia_Content_Spots\0069.txt 文件处理完毕!
2017-05-23 10:38:30,003 : INFO : D:\Python27_NLP\语料库\景区\Wikipedia_Content_Spots\0070.txt 文件处理完毕!
2017-05-23 10:38:30,010 : INFO : D:\Python27_NLP\语料库\景区\Wikipedia_Content_Spots\0071.txt 文件处理完毕!
2017-05-23 10:38:30,016 : INFO : D:\Python27_NLP\语料库\景区\Wikipedia_Content_Spots\0072.txt 文件处理完毕!
2017-05-23 10:38:30,023 : INFO : D:\Python27_NLP\语料库\景区\Wikipedia_Content_Spots\0073.txt 文件处理完毕!
2017-05-23 10:38:30,023 : INFO : D:\Python27_NLP\语料库\景区\Wikipedia_Content_Spots\0074.txt 文件处理完毕!
2017-05-23 10:38:30,029 : INFO : D:\Python27_NLP\语料库\景区\Wikipedia_Content_Spots\0075.txt 文件处理完毕!
2017-05-23 10:38:30,039 : INFO : D:\Python27_NLP\语料库\景区\Wikipedia_Content_Spots\0076.txt 文件处理完毕!
2017-05-23 10:38:30,046 : INFO : D:\Python27_NLP\语料库\景区\Wikipedia_Content_Spots\0077.txt 文件处理完毕!
2017-05-23 10:38:30,048 : INFO : D:\Python27_NLP\语料库\景区\Wikipedia_Content_Spots\0078.txt 文件处理完毕!
2017-05-23 10:38:30,052 : INFO : D:\Python27_NLP\语料库\景区\Wikipedia_Content_Spots\0079.txt 文件处理完毕!
2017-05-23 10:38:30,053 : INFO : D:\Python27_NLP\语料库\景区\Wikipedia_Content_Spots\0080.txt 文件处理完毕!
2017-05-23 10:38:30,059 : INFO : D:\Python27_NLP\语料库\景区\Wikipedia_Content_Spots\0081.txt 文件处理完毕!
2017-05-23 10:38:30,065 : INFO : D:\Python27_NLP\语料库\景区\Wikipedia_Content_Spots\0082.txt 文件处理完毕!
2017-05-23 10:38:30,073 : INFO : D:\Python27_NLP\语料库\景区\Wikipedia_Content_Spots\0083.txt 文件处理完毕!
2017-05-23 10:38:30,092 : INFO : D:\Python27_NLP\语料库\景区\Wikipedia_Content_Spots\0084.txt 文件处理完毕!
2017-05-23 10:38:30,102 : INFO : D:\Python27_NLP\语料库\景区\Wikipedia_Content_Spots\0085.txt 文件处理完毕!
2017-05-23 10:38:30,112 : INFO : D:\Python27_NLP\语料库\景区\Wikipedia_Content_Spots\0086.txt 文件处理完毕!
2017-05-23 10:38:30,121 : INFO : D:\Python27_NLP\语料库\景区\Wikipedia_Content_Spots\0087.txt 文件处理完毕!
2017-05-23 10:38:30,124 : INFO : D:\Python27_NLP\语料库\景区\Wikipedia_Content_Spots\0088.txt 文件处理完毕!
2017-05-23 10:38:30,128 : INFO : D:\Python27_NLP\语料库\景区\Wikipedia_Content_Spots\0089.txt 文件处理完毕!
2017-05-23 10:38:30,141 : INFO : D:\Python27_NLP\语料库\景区\Wikipedia_Content_Spots\0090.txt 文件处理完毕!
2017-05-23 10:38:30,142 : INFO : D:\Python27_NLP\语料库\景区\Wikipedia_Content_Spots\0091.txt 文件处理完毕!
2017-05-23 10:38:30,144 : INFO : D:\Python27_NLP\语料库\景区\Wikipedia_Content_Spots\0092.txt 文件处理完毕!
2017-05-23 10:38:30,151 : INFO : D:\Python27_NLP\语料库\景区\Wikipedia_Content_Spots\0093.txt 文件处理完毕!
2017-05-23 10:38:30,161 : INFO : D:\Python27_NLP\语料库\景区\Wikipedia_Content_Spots\0094.txt 文件处理完毕!
2017-05-23 10:38:30,161 : INFO : D:\Python27_NLP\语料库\景区\Wikipedia_Content_Spots\0095.txt 文件处理完毕!
2017-05-23 10:38:30,164 : INFO : D:\Python27_NLP\语料库\景区\Wikipedia_Content_Spots\0096.txt 文件处理完毕!
2017-05-23 10:38:30,173 : INFO : D:\Python27_NLP\语料库\景区\Wikipedia_Content_Spots\0097.txt 文件处理完毕!
2017-05-23 10:38:30,180 : INFO : D:\Python27_NLP\语料库\景区\Wikipedia_Content_Spots\0098.txt 文件处理完毕!
2017-05-23 10:38:30,187 : INFO : D:\Python27_NLP\语料库\景区\Wikipedia_Content_Spots\0099.txt 文件处理完毕!
2017-05-23 10:38:30,194 : INFO : D:\Python27_NLP\语料库\景区\Wikipedia_Content_Spots\0100.txt 文件处理完毕!
2017-05-23 10:38:30,206 : INFO : D:\Python27_NLP\语料库\景区\Wikipedia_Content_Spots\0101.txt 文件处理完毕!
2017-05-23 10:38:30,214 : INFO : D:\Python27_NLP\语料库\景区\Wikipedia_Content_Spots\0102.txt 文件处理完毕!
2017-05-23 10:38:30,220 : INFO : D:\Python27_NLP\语料库\景区\Wikipedia_Content_Spots\0103.txt 文件处理完毕!
2017-05-23 10:38:30,221 : INFO : D:\Python27_NLP\语料库\景区\Wikipedia_Content_Spots\0104.txt 文件处理完毕!
2017-05-23 10:38:30,234 : INFO : D:\Python27_NLP\语料库\景区\Wikipedia_Content_Spots\0105.txt 文件处理完毕!
2017-05-23 10:38:30,236 : INFO : D:\Python27_NLP\语料库\景区\Wikipedia_Content_Spots\0106.txt 文件处理完毕!
2017-05-23 10:38:30,244 : INFO : D:\Python27_NLP\语料库\景区\Wikipedia_Content_Spots\0107.txt 文件处理完毕!
2017-05-23 10:38:30,256 : INFO : D:\Python27_NLP\语料库\景区\Wikipedia_Content_Spots\0108.txt 文件处理完毕!
2017-05-23 10:38:30,256 : INFO : D:\Python27_NLP\语料库\景区\Wikipedia_Content_Spots\0109.txt 文件处理完毕!
2017-05-23 10:38:30,266 : INFO : D:\Python27_NLP\语料库\景区\Wikipedia_Content_Spots\0110.txt 文件处理完毕!
2017-05-23 10:38:30,266 : INFO : D:\Python27_NLP\语料库\景区\Wikipedia_Content_Spots\0111.txt 文件处理完毕!
2017-05-23 10:38:30,275 : INFO : D:\Python27_NLP\语料库\景区\Wikipedia_Content_Spots\0112.txt 文件处理完毕!
2017-05-23 10:38:30,275 : INFO : D:\Python27_NLP\语料库\景区\Wikipedia_Content_Spots\0113.txt 文件处理完毕!
2017-05-23 10:38:30,282 : INFO : D:\Python27_NLP\语料库\景区\Wikipedia_Content_Spots\0114.txt 文件处理完毕!
2017-05-23 10:38:30,283 : INFO : D:\Python27_NLP\语料库\景区\Wikipedia_Content_Spots\0115.txt 文件处理完毕!
2017-05-23 10:38:30,283 : INFO : D:\Python27_NLP\语料库\景区\Wikipedia_Content_Spots\0116.txt 文件处理完毕!
2017-05-23 10:38:30,290 : INFO : D:\Python27_NLP\语料库\景区\Wikipedia_Content_Spots\0117.txt 文件处理完毕!
2017-05-23 10:38:30,290 : INFO : D:\Python27_NLP\语料库\景区\Wikipedia_Content_Spots\0118.txt 文件处理完毕!
2017-05-23 10:38:30,296 : INFO : D:\Python27_NLP\语料库\景区\Wikipedia_Content_Spots\0119.txt 文件处理完毕!
2017-05-23 10:38:30,305 : INFO : D:\Python27_NLP\语料库\景区\Wikipedia_Content_Spots\0120.txt 文件处理完毕!
2017-05-23 10:38:30,309 : INFO : D:\Python27_NLP\语料库\景区\Wikipedia_Content_Spots\0121.txt 文件处理完毕!
2017-05-23 10:38:30,322 : INFO : D:\Python27_NLP\语料库\景区\Wikipedia_Content_Spots\0122.txt 文件处理完毕!
2017-05-23 10:38:30,334 : INFO : D:\Python27_NLP\语料库\景区\Wikipedia_Content_Spots\0123.txt 文件处理完毕!
2017-05-23 10:38:30,336 : INFO : D:\Python27_NLP\语料库\景区\Wikipedia_Content_Spots\0124.txt 文件处理完毕!
2017-05-23 10:38:30,341 : INFO : D:\Python27_NLP\语料库\景区\Wikipedia_Content_Spots\0125.txt 文件处理完毕!
2017-05-23 10:38:30,355 : INFO : D:\Python27_NLP\语料库\景区\Wikipedia_Content_Spots\0126.txt 文件处理完毕!
2017-05-23 10:38:30,357 : INFO : D:\Python27_NLP\语料库\景区\Wikipedia_Content_Spots\0127.txt 文件处理完毕!
2017-05-23 10:38:30,364 : INFO : D:\Python27_NLP\语料库\景区\Wikipedia_Content_Spots\0128.txt 文件处理完毕!
2017-05-23 10:38:30,364 : INFO : D:\Python27_NLP\语料库\景区\Wikipedia_Content_Spots\0129.txt 文件处理完毕!
2017-05-23 10:38:30,365 : INFO : D:\Python27_NLP\语料库\景区\Wikipedia_Content_Spots\0130.txt 文件处理完毕!
2017-05-23 10:38:30,365 : INFO : D:\Python27_NLP\语料库\景区\Wikipedia_Content_Spots\0131.txt 文件处理完毕!
2017-05-23 10:38:30,372 : INFO : D:\Python27_NLP\语料库\景区\Wikipedia_Content_Spots\0132.txt 文件处理完毕!
2017-05-23 10:38:30,382 : INFO : D:\Python27_NLP\语料库\景区\Wikipedia_Content_Spots\0133.txt 文件处理完毕!
2017-05-23 10:38:30,384 : INFO : D:\Python27_NLP\语料库\景区\Wikipedia_Content_Spots\0134.txt 文件处理完毕!
2017-05-23 10:38:30,385 : INFO : D:\Python27_NLP\语料库\景区\Wikipedia_Content_Spots\0135.txt 文件处理完毕!
2017-05-23 10:38:30,390 : INFO : D:\Python27_NLP\语料库\景区\Wikipedia_Content_Spots\0136.txt 文件处理完毕!
2017-05-23 10:38:30,391 : INFO : D:\Python27_NLP\语料库\景区\Wikipedia_Content_Spots\0137.txt 文件处理完毕!
2017-05-23 10:38:30,391 : INFO : D:\Python27_NLP\语料库\景区\Wikipedia_Content_Spots\0138.txt 文件处理完毕!
2017-05-23 10:38:30,392 : INFO : D:\Python27_NLP\语料库\景区\Wikipedia_Content_Spots\0139.txt 文件处理完毕!
2017-05-23 10:38:30,392 : INFO : D:\Python27_NLP\语料库\景区\Wikipedia_Content_Spots\0140.txt 文件处理完毕!
2017-05-23 10:38:30,395 : INFO : D:\Python27_NLP\语料库\景区\Wikipedia_Content_Spots\0141.txt 文件处理完毕!
2017-05-23 10:38:30,397 : INFO : D:\Python27_NLP\语料库\景区\Wikipedia_Content_Spots\0142.txt 文件处理完毕!
2017-05-23 10:38:30,403 : INFO : D:\Python27_NLP\语料库\景区\Wikipedia_Content_Spots\0143.txt 文件处理完毕!
2017-05-23 10:38:30,403 : INFO : D:\Python27_NLP\语料库\景区\Wikipedia_Content_Spots\0144.txt 文件处理完毕!
2017-05-23 10:38:30,407 : INFO : D:\Python27_NLP\语料库\景区\Wikipedia_Content_Spots\0145.txt 文件处理完毕!
2017-05-23 10:38:30,408 : INFO : D:\Python27_NLP\语料库\景区\Wikipedia_Content_Spots\0146.txt 文件处理完毕!
2017-05-23 10:38:30,413 : INFO : D:\Python27_NLP\语料库\景区\Wikipedia_Content_Spots\0147.txt 文件处理完毕!
2017-05-23 10:38:30,417 : INFO : D:\Python27_NLP\语料库\景区\Wikipedia_Content_Spots\0148.txt 文件处理完毕!
2017-05-23 10:38:30,417 : INFO : D:\Python27_NLP\语料库\景区\Wikipedia_Content_Spots\0149.txt 文件处理完毕!
2017-05-23 10:38:30,418 : INFO : D:\Python27_NLP\语料库\景区\Wikipedia_Content_Spots\0150.txt 文件处理完毕!
2017-05-23 10:38:30,420 : INFO : D:\Python27_NLP\语料库\景区\Wikipedia_Content_Spots\0151.txt 文件处理完毕!
2017-05-23 10:38:30,427 : INFO : D:\Python27_NLP\语料库\景区\Wikipedia_Content_Spots\0152.txt 文件处理完毕!
2017-05-23 10:38:30,431 : INFO : D:\Python27_NLP\语料库\景区\Wikipedia_Content_Spots\0153.txt 文件处理完毕!
2017-05-23 10:38:30,447 : INFO : D:\Python27_NLP\语料库\景区\Wikipedia_Content_Spots\0154.txt 文件处理完毕!
2017-05-23 10:38:30,457 : INFO : D:\Python27_NLP\语料库\景区\Wikipedia_Content_Spots\0155.txt 文件处理完毕!
2017-05-23 10:38:30,483 : INFO : D:\Python27_NLP\语料库\景区\Wikipedia_Content_Spots\0156.txt 文件处理完毕!
2017-05-23 10:38:30,487 : INFO : D:\Python27_NLP\语料库\景区\Wikipedia_Content_Spots\0157.txt 文件处理完毕!
2017-05-23 10:38:30,489 : INFO : D:\Python27_NLP\语料库\景区\Wikipedia_Content_Spots\0158.txt 文件处理完毕!
2017-05-23 10:38:30,493 : INFO : D:\Python27_NLP\语料库\景区\Wikipedia_Content_Spots\0159.txt 文件处理完毕!
2017-05-23 10:38:30,496 : INFO : D:\Python27_NLP\语料库\景区\Wikipedia_Content_Spots\0160.txt 文件处理完毕!
2017-05-23 10:38:30,496 : INFO : D:\Python27_NLP\语料库\景区\Wikipedia_Content_Spots\0161.txt 文件处理完毕!
2017-05-23 10:38:30,503 : INFO : D:\Python27_NLP\语料库\景区\Wikipedia_Content_Spots\0162.txt 文件处理完毕!
2017-05-23 10:38:30,515 : INFO : D:\Python27_NLP\语料库\景区\Wikipedia_Content_Spots\0163.txt 文件处理完毕!
2017-05-23 10:38:30,515 : INFO : D:\Python27_NLP\语料库\景区\Wikipedia_Content_Spots\0164.txt 文件处理完毕!
2017-05-23 10:38:30,516 : INFO : D:\Python27_NLP\语料库\景区\Wikipedia_Content_Spots\0165.txt 文件处理完毕!
2017-05-23 10:38:30,516 : INFO : D:\Python27_NLP\语料库\景区\Wikipedia_Content_Spots\0166.txt 文件处理完毕!
2017-05-23 10:38:30,522 : INFO : D:\Python27_NLP\语料库\景区\Wikipedia_Content_Spots\0167.txt 文件处理完毕!
2017-05-23 10:38:30,539 : INFO : D:\Python27_NLP\语料库\景区\Wikipedia_Content_Spots\0168.txt 文件处理完毕!
2017-05-23 10:38:30,546 : INFO : D:\Python27_NLP\语料库\景区\Wikipedia_Content_Spots\0169.txt 文件处理完毕!
2017-05-23 10:38:30,552 : INFO : D:\Python27_NLP\语料库\景区\Wikipedia_Content_Spots\0170.txt 文件处理完毕!
2017-05-23 10:38:30,553 : INFO : D:\Python27_NLP\语料库\景区\Wikipedia_Content_Spots\0171.txt 文件处理完毕!
2017-05-23 10:38:30,561 : INFO : D:\Python27_NLP\语料库\景区\Wikipedia_Content_Spots\0172.txt 文件处理完毕!
2017-05-23 10:38:30,575 : INFO : D:\Python27_NLP\语料库\景区\Wikipedia_Content_Spots\0173.txt 文件处理完毕!
2017-05-23 10:38:30,585 : INFO : D:\Python27_NLP\语料库\景区\Wikipedia_Content_Spots\0174.txt 文件处理完毕!
2017-05-23 10:38:30,592 : INFO : D:\Python27_NLP\语料库\景区\Wikipedia_Content_Spots\0175.txt 文件处理完毕!
2017-05-23 10:38:30,598 : INFO : D:\Python27_NLP\语料库\景区\Wikipedia_Content_Spots\0176.txt 文件处理完毕!
2017-05-23 10:38:30,605 : INFO : D:\Python27_NLP\语料库\景区\Wikipedia_Content_Spots\0177.txt 文件处理完毕!
2017-05-23 10:38:30,614 : INFO : D:\Python27_NLP\语料库\景区\Wikipedia_Content_Spots\0178.txt 文件处理完毕!
2017-05-23 10:38:30,618 : INFO : D:\Python27_NLP\语料库\景区\Wikipedia_Content_Spots\0179.txt 文件处理完毕!
2017-05-23 10:38:30,630 : INFO : D:\Python27_NLP\语料库\景区\Wikipedia_Content_Spots\0180.txt 文件处理完毕!
2017-05-23 10:38:30,637 : INFO : D:\Python27_NLP\语料库\景区\Wikipedia_Content_Spots\0181.txt 文件处理完毕!
2017-05-23 10:38:30,642 : INFO : D:\Python27_NLP\语料库\景区\Wikipedia_Content_Spots\0182.txt 文件处理完毕!
2017-05-23 10:38:30,648 : INFO : D:\Python27_NLP\语料库\景区\Wikipedia_Content_Spots\0183.txt 文件处理完毕!
2017-05-23 10:38:30,655 : INFO : D:\Python27_NLP\语料库\景区\Wikipedia_Content_Spots\0184.txt 文件处理完毕!
2017-05-23 10:38:30,661 : INFO : D:\Python27_NLP\语料库\景区\Wikipedia_Content_Spots\0185.txt 文件处理完毕!
2017-05-23 10:38:30,664 : INFO : D:\Python27_NLP\语料库\景区\Wikipedia_Content_Spots\0186.txt 文件处理完毕!
2017-05-23 10:38:30,664 : INFO : D:\Python27_NLP\语料库\景区\Wikipedia_Content_Spots\0187.txt 文件处理完毕!
2017-05-23 10:38:30,664 : INFO : D:\Python27_NLP\语料库\景区\Wikipedia_Content_Spots\0188.txt 文件处理完毕!
2017-05-23 10:38:30,665 : INFO : D:\Python27_NLP\语料库\景区\Wikipedia_Content_Spots\0189.txt 文件处理完毕!
2017-05-23 10:38:30,671 : INFO : D:\Python27_NLP\语料库\景区\Wikipedia_Content_Spots\0190.txt 文件处理完毕!
2017-05-23 10:38:30,681 : INFO : D:\Python27_NLP\语料库\景区\Wikipedia_Content_Spots\0191.txt 文件处理完毕!
2017-05-23 10:38:30,684 : INFO : D:\Python27_NLP\语料库\景区\Wikipedia_Content_Spots\0192.txt 文件处理完毕!
2017-05-23 10:38:30,686 : INFO : D:\Python27_NLP\语料库\景区\Wikipedia_Content_Spots\0193.txt 文件处理完毕!
2017-05-23 10:38:30,690 : INFO : D:\Python27_NLP\语料库\景区\Wikipedia_Content_Spots\0194.txt 文件处理完毕!
2017-05-23 10:38:30,690 : INFO : D:\Python27_NLP\语料库\景区\Wikipedia_Content_Spots\0195.txt 文件处理完毕!
2017-05-23 10:38:30,690 : INFO : D:\Python27_NLP\语料库\景区\Wikipedia_Content_Spots\0196.txt 文件处理完毕!
2017-05-23 10:38:30,690 : INFO : D:\Python27_NLP\语料库\景区\Wikipedia_Content_Spots\0197.txt 文件处理完毕!
2017-05-23 10:38:30,700 : INFO : D:\Python27_NLP\语料库\景区\Wikipedia_Content_Spots\0198.txt 文件处理完毕!
2017-05-23 10:38:30,706 : INFO : D:\Python27_NLP\语料库\景区\Wikipedia_Content_Spots\0199.txt 文件处理完毕!
2017-05-23 10:38:30,707 : INFO : D:\Python27_NLP\语料库\景区\Wikipedia_Content_Spots\0200.txt 文件处理完毕!
2017-05-23 10:38:30,710 : INFO : D:\Python27_NLP\语料库\景区
2017-05-23 10:38:30,710 : INFO : D:\Python27_NLP\src\景区\000000.txt
2017-05-23 10:38:30,716 : INFO : 分词已保存至文件 D:\Python27_NLP\src\景区\000000.txt
2017-05-23 10:38:30,716 : INFO : D:\Python27_NLP\src\景区\000001.txt
2017-05-23 10:38:30,720 : INFO : 分词已保存至文件 D:\Python27_NLP\src\景区\000001.txt
2017-05-23 10:38:30,720 : INFO : D:\Python27_NLP\src\景区\000002.txt
2017-05-23 10:38:30,724 : INFO : 分词已保存至文件 D:\Python27_NLP\src\景区\000002.txt
2017-05-23 10:38:30,726 : INFO : D:\Python27_NLP\src\景区\000003.txt
2017-05-23 10:38:30,732 : INFO : 分词已保存至文件 D:\Python27_NLP\src\景区\000003.txt
2017-05-23 10:38:30,732 : INFO : D:\Python27_NLP\src\景区\000004.txt
2017-05-23 10:38:30,746 : INFO : 分词已保存至文件 D:\Python27_NLP\src\景区\000004.txt
2017-05-23 10:38:30,746 : INFO : D:\Python27_NLP\src\景区\000005.txt
2017-05-23 10:38:30,752 : INFO : 分词已保存至文件 D:\Python27_NLP\src\景区\000005.txt
2017-05-23 10:38:30,753 : INFO : D:\Python27_NLP\src\景区\000006.txt
2017-05-23 10:38:30,756 : INFO : 分词已保存至文件 D:\Python27_NLP\src\景区\000006.txt
2017-05-23 10:38:30,757 : INFO : D:\Python27_NLP\src\景区\000007.txt
2017-05-23 10:38:30,762 : INFO : 分词已保存至文件 D:\Python27_NLP\src\景区\000007.txt
2017-05-23 10:38:30,762 : INFO : D:\Python27_NLP\src\景区\000008.txt
2017-05-23 10:38:30,766 : INFO : 分词已保存至文件 D:\Python27_NLP\src\景区\000008.txt
2017-05-23 10:38:30,767 : INFO : D:\Python27_NLP\src\景区\000009.txt
2017-05-23 10:38:30,773 : INFO : 分词已保存至文件 D:\Python27_NLP\src\景区\000009.txt
2017-05-23 10:38:30,773 : INFO : D:\Python27_NLP\src\景区\000010.txt
2017-05-23 10:38:30,778 : INFO : 分词已保存至文件 D:\Python27_NLP\src\景区\000010.txt
2017-05-23 10:38:30,778 : INFO : D:\Python27_NLP\src\景区\000011.txt
2017-05-23 10:38:30,782 : INFO : 分词已保存至文件 D:\Python27_NLP\src\景区\000011.txt
2017-05-23 10:38:30,782 : INFO : D:\Python27_NLP\src\景区\000012.txt
2017-05-23 10:38:30,788 : INFO : 分词已保存至文件 D:\Python27_NLP\src\景区\000012.txt
2017-05-23 10:38:30,789 : INFO : D:\Python27_NLP\src\景区\000013.txt
2017-05-23 10:38:30,793 : INFO : 分词已保存至文件 D:\Python27_NLP\src\景区\000013.txt
2017-05-23 10:38:30,793 : INFO : D:\Python27_NLP\src\景区\000014.txt
2017-05-23 10:38:30,798 : INFO : 分词已保存至文件 D:\Python27_NLP\src\景区\000014.txt
2017-05-23 10:38:30,799 : INFO : D:\Python27_NLP\src\景区\000015.txt
2017-05-23 10:38:30,803 : INFO : 分词已保存至文件 D:\Python27_NLP\src\景区\000015.txt
2017-05-23 10:38:30,803 : INFO : D:\Python27_NLP\src\景区\000016.txt
2017-05-23 10:38:30,809 : INFO : 分词已保存至文件 D:\Python27_NLP\src\景区\000016.txt
2017-05-23 10:38:30,809 : INFO : D:\Python27_NLP\src\景区\000017.txt
2017-05-23 10:38:30,813 : INFO : 分词已保存至文件 D:\Python27_NLP\src\景区\000017.txt
2017-05-23 10:38:30,815 : INFO : D:\Python27_NLP\src\景区\000018.txt
2017-05-23 10:38:30,819 : INFO : 分词已保存至文件 D:\Python27_NLP\src\景区\000018.txt
2017-05-23 10:38:30,819 : INFO : D:\Python27_NLP\src\景区\000019.txt
2017-05-23 10:38:30,825 : INFO : 分词已保存至文件 D:\Python27_NLP\src\景区\000019.txt
2017-05-23 10:38:30,825 : INFO : D:\Python27_NLP\src\景区\000020.txt
2017-05-23 10:38:30,829 : INFO : 分词已保存至文件 D:\Python27_NLP\src\景区\000020.txt
2017-05-23 10:38:30,829 : INFO : D:\Python27_NLP\src\景区\000021.txt
2017-05-23 10:38:30,835 : INFO : 分词已保存至文件 D:\Python27_NLP\src\景区\000021.txt
2017-05-23 10:38:30,835 : INFO : D:\Python27_NLP\src\景区\000022.txt
2017-05-23 10:38:30,839 : INFO : 分词已保存至文件 D:\Python27_NLP\src\景区\000022.txt
2017-05-23 10:38:30,839 : INFO : D:\Python27_NLP\src\景区\000023.txt
2017-05-23 10:38:30,845 : INFO : 分词已保存至文件 D:\Python27_NLP\src\景区\000023.txt
2017-05-23 10:38:30,845 : INFO : D:\Python27_NLP\src\景区\000024.txt
2017-05-23 10:38:30,849 : INFO : 分词已保存至文件 D:\Python27_NLP\src\景区\000024.txt
2017-05-23 10:38:30,851 : INFO : D:\Python27_NLP\src\景区\000025.txt
2017-05-23 10:38:30,855 : INFO : 分词已保存至文件 D:\Python27_NLP\src\景区\000025.txt
2017-05-23 10:38:30,855 : INFO : D:\Python27_NLP\src\景区\000026.txt
2017-05-23 10:38:30,859 : INFO : 分词已保存至文件 D:\Python27_NLP\src\景区\000026.txt
2017-05-23 10:38:30,861 : INFO : D:\Python27_NLP\src\景区\000027.txt
2017-05-23 10:38:30,865 : INFO : 分词已保存至文件 D:\Python27_NLP\src\景区\000027.txt
2017-05-23 10:38:30,865 : INFO : D:\Python27_NLP\src\景区\000028.txt
2017-05-23 10:38:30,872 : INFO : 分词已保存至文件 D:\Python27_NLP\src\景区\000028.txt
2017-05-23 10:38:30,872 : INFO : D:\Python27_NLP\src\景区\000029.txt
2017-05-23 10:38:30,878 : INFO : 分词已保存至文件 D:\Python27_NLP\src\景区\000029.txt
2017-05-23 10:38:30,878 : INFO : D:\Python27_NLP\src\景区\000030.txt
2017-05-23 10:38:30,881 : INFO : 分词已保存至文件 D:\Python27_NLP\src\景区\000030.txt
2017-05-23 10:38:30,882 : INFO : D:\Python27_NLP\src\景区\000031.txt
2017-05-23 10:38:30,888 : INFO : 分词已保存至文件 D:\Python27_NLP\src\景区\000031.txt
2017-05-23 10:38:30,888 : INFO : D:\Python27_NLP\src\景区\000032.txt
2017-05-23 10:38:30,892 : INFO : 分词已保存至文件 D:\Python27_NLP\src\景区\000032.txt
2017-05-23 10:38:30,892 : INFO : D:\Python27_NLP\src\景区\000033.txt
2017-05-23 10:38:30,898 : INFO : 分词已保存至文件 D:\Python27_NLP\src\景区\000033.txt
2017-05-23 10:38:30,898 : INFO : D:\Python27_NLP\src\景区\000034.txt
2017-05-23 10:38:30,903 : INFO : 分词已保存至文件 D:\Python27_NLP\src\景区\000034.txt
2017-05-23 10:38:30,903 : INFO : D:\Python27_NLP\src\景区\000035.txt
2017-05-23 10:38:30,907 : INFO : 分词已保存至文件 D:\Python27_NLP\src\景区\000035.txt
2017-05-23 10:38:30,907 : INFO : D:\Python27_NLP\src\景区\000036.txt
2017-05-23 10:38:30,914 : INFO : 分词已保存至文件 D:\Python27_NLP\src\景区\000036.txt
2017-05-23 10:38:30,914 : INFO : D:\Python27_NLP\src\景区\000037.txt
2017-05-23 10:38:30,918 : INFO : 分词已保存至文件 D:\Python27_NLP\src\景区\000037.txt
2017-05-23 10:38:30,918 : INFO : D:\Python27_NLP\src\景区\000038.txt
2017-05-23 10:38:30,924 : INFO : 分词已保存至文件 D:\Python27_NLP\src\景区\000038.txt
2017-05-23 10:38:30,924 : INFO : D:\Python27_NLP\src\景区\000039.txt
2017-05-23 10:38:30,930 : INFO : 分词已保存至文件 D:\Python27_NLP\src\景区\000039.txt
2017-05-23 10:38:30,930 : INFO : D:\Python27_NLP\src\景区\000040.txt
2017-05-23 10:38:30,936 : INFO : 分词已保存至文件 D:\Python27_NLP\src\景区\000040.txt
2017-05-23 10:38:30,936 : INFO : D:\Python27_NLP\src\景区\000041.txt
2017-05-23 10:38:30,940 : INFO : 分词已保存至文件 D:\Python27_NLP\src\景区\000041.txt
2017-05-23 10:38:30,940 : INFO : D:\Python27_NLP\src\景区\000042.txt
2017-05-23 10:38:30,944 : INFO : 分词已保存至文件 D:\Python27_NLP\src\景区\000042.txt
2017-05-23 10:38:30,944 : INFO : D:\Python27_NLP\src\景区\000043.txt
2017-05-23 10:38:30,950 : INFO : 分词已保存至文件 D:\Python27_NLP\src\景区\000043.txt
2017-05-23 10:38:30,950 : INFO : D:\Python27_NLP\src\景区\000044.txt
2017-05-23 10:38:30,974 : INFO : 分词已保存至文件 D:\Python27_NLP\src\景区\000044.txt
2017-05-23 10:38:30,974 : INFO : D:\Python27_NLP\src\景区\000045.txt
2017-05-23 10:38:30,979 : INFO : 分词已保存至文件 D:\Python27_NLP\src\景区\000045.txt
2017-05-23 10:38:30,979 : INFO : D:\Python27_NLP\src\景区\000046.txt
2017-05-23 10:38:30,983 : INFO : 分词已保存至文件 D:\Python27_NLP\src\景区\000046.txt
2017-05-23 10:38:30,983 : INFO : D:\Python27_NLP\src\景区\000047.txt
2017-05-23 10:38:30,987 : INFO : 分词已保存至文件 D:\Python27_NLP\src\景区\000047.txt
2017-05-23 10:38:30,987 : INFO : D:\Python27_NLP\src\景区\000048.txt
2017-05-23 10:38:31,000 : INFO : 分词已保存至文件 D:\Python27_NLP\src\景区\000048.txt
2017-05-23 10:38:31,002 : INFO : D:\Python27_NLP\src\景区\000049.txt
2017-05-23 10:38:31,006 : INFO : 分词已保存至文件 D:\Python27_NLP\src\景区\000049.txt
2017-05-23 10:38:31,006 : INFO : D:\Python27_NLP\src\景区\000050.txt
2017-05-23 10:38:31,009 : INFO : 分词已保存至文件 D:\Python27_NLP\src\景区\000050.txt
2017-05-23 10:38:31,010 : INFO : D:\Python27_NLP\src\景区\000051.txt
2017-05-23 10:38:31,016 : INFO : 分词已保存至文件 D:\Python27_NLP\src\景区\000051.txt
2017-05-23 10:38:31,016 : INFO : D:\Python27_NLP\src\景区\000052.txt
2017-05-23 10:38:31,022 : INFO : 分词已保存至文件 D:\Python27_NLP\src\景区\000052.txt
2017-05-23 10:38:31,022 : INFO : D:\Python27_NLP\src\景区\000053.txt
2017-05-23 10:38:31,026 : INFO : 分词已保存至文件 D:\Python27_NLP\src\景区\000053.txt
2017-05-23 10:38:31,026 : INFO : D:\Python27_NLP\src\景区\000055.txt
2017-05-23 10:38:31,032 : INFO : 分词已保存至文件 D:\Python27_NLP\src\景区\000055.txt
2017-05-23 10:38:31,032 : INFO : D:\Python27_NLP\src\景区\000056.txt
2017-05-23 10:38:31,038 : INFO : 分词已保存至文件 D:\Python27_NLP\src\景区\000056.txt
2017-05-23 10:38:31,038 : INFO : D:\Python27_NLP\src\景区\000057.txt
2017-05-23 10:38:31,065 : INFO : 分词已保存至文件 D:\Python27_NLP\src\景区\000057.txt
2017-05-23 10:38:31,065 : INFO : D:\Python27_NLP\src\景区\000058.txt
2017-05-23 10:38:31,069 : INFO : 分词已保存至文件 D:\Python27_NLP\src\景区\000058.txt
2017-05-23 10:38:31,069 : INFO : D:\Python27_NLP\src\景区\000059.txt
2017-05-23 10:38:31,075 : INFO : 分词已保存至文件 D:\Python27_NLP\src\景区\000059.txt
2017-05-23 10:38:31,075 : INFO : D:\Python27_NLP\src\景区\000060.txt
2017-05-23 10:38:31,079 : INFO : 分词已保存至文件 D:\Python27_NLP\src\景区\000060.txt
2017-05-23 10:38:31,079 : INFO : D:\Python27_NLP\src\景区\000061.txt
2017-05-23 10:38:31,085 : INFO : 分词已保存至文件 D:\Python27_NLP\src\景区\000061.txt
2017-05-23 10:38:31,085 : INFO : D:\Python27_NLP\src\景区\000062.txt
2017-05-23 10:38:31,089 : INFO : 分词已保存至文件 D:\Python27_NLP\src\景区\000062.txt
2017-05-23 10:38:31,089 : INFO : D:\Python27_NLP\src\景区\000063.txt
2017-05-23 10:38:31,095 : INFO : 分词已保存至文件 D:\Python27_NLP\src\景区\000063.txt
2017-05-23 10:38:31,095 : INFO : D:\Python27_NLP\src\景区\000064.txt
2017-05-23 10:38:31,099 : INFO : 分词已保存至文件 D:\Python27_NLP\src\景区\000064.txt
2017-05-23 10:38:31,099 : INFO : D:\Python27_NLP\src\景区\000065.txt
2017-05-23 10:38:31,118 : INFO : 分词已保存至文件 D:\Python27_NLP\src\景区\000065.txt
2017-05-23 10:38:31,118 : INFO : D:\Python27_NLP\src\景区\000066.txt
2017-05-23 10:38:31,122 : INFO : 分词已保存至文件 D:\Python27_NLP\src\景区\000066.txt
2017-05-23 10:38:31,124 : INFO : D:\Python27_NLP\src\景区\000067.txt
2017-05-23 10:38:31,128 : INFO : 分词已保存至文件 D:\Python27_NLP\src\景区\000067.txt
2017-05-23 10:38:31,128 : INFO : D:\Python27_NLP\src\景区\000068.txt
2017-05-23 10:38:31,134 : INFO : 分词已保存至文件 D:\Python27_NLP\src\景区\000068.txt
2017-05-23 10:38:31,134 : INFO : D:\Python27_NLP\src\景区\000069.txt
2017-05-23 10:38:31,138 : INFO : 分词已保存至文件 D:\Python27_NLP\src\景区\000069.txt
2017-05-23 10:38:31,138 : INFO : D:\Python27_NLP\src\景区\000070.txt
2017-05-23 10:38:31,144 : INFO : 分词已保存至文件 D:\Python27_NLP\src\景区\000070.txt
2017-05-23 10:38:31,144 : INFO : D:\Python27_NLP\src\景区\000071.txt
2017-05-23 10:38:31,150 : INFO : 分词已保存至文件 D:\Python27_NLP\src\景区\000071.txt
2017-05-23 10:38:31,150 : INFO : D:\Python27_NLP\src\景区\000072.txt
2017-05-23 10:38:31,154 : INFO : 分词已保存至文件 D:\Python27_NLP\src\景区\000072.txt
2017-05-23 10:38:31,154 : INFO : D:\Python27_NLP\src\景区\000073.txt
2017-05-23 10:38:31,160 : INFO : 分词已保存至文件 D:\Python27_NLP\src\景区\000073.txt
2017-05-23 10:38:31,160 : INFO : D:\Python27_NLP\src\景区\000074.txt
2017-05-23 10:38:31,164 : INFO : 分词已保存至文件 D:\Python27_NLP\src\景区\000074.txt
2017-05-23 10:38:31,164 : INFO : D:\Python27_NLP\src\景区\000075.txt
2017-05-23 10:38:31,170 : INFO : 分词已保存至文件 D:\Python27_NLP\src\景区\000075.txt
2017-05-23 10:38:31,170 : INFO : D:\Python27_NLP\src\景区\000076.txt
2017-05-23 10:38:31,174 : INFO : 分词已保存至文件 D:\Python27_NLP\src\景区\000076.txt
2017-05-23 10:38:31,176 : INFO : D:\Python27_NLP\src\景区\000077.txt
2017-05-23 10:38:31,180 : INFO : 分词已保存至文件 D:\Python27_NLP\src\景区\000077.txt
2017-05-23 10:38:31,180 : INFO : D:\Python27_NLP\src\景区\000078.txt
2017-05-23 10:38:31,186 : INFO : 分词已保存至文件 D:\Python27_NLP\src\景区\000078.txt
2017-05-23 10:38:31,186 : INFO : D:\Python27_NLP\src\景区\000080.txt
2017-05-23 10:38:31,190 : INFO : 分词已保存至文件 D:\Python27_NLP\src\景区\000080.txt
2017-05-23 10:38:31,191 : INFO : D:\Python27_NLP\src\景区\000081.txt
2017-05-23 10:38:31,197 : INFO : 分词已保存至文件 D:\Python27_NLP\src\景区\000081.txt
2017-05-23 10:38:31,197 : INFO : D:\Python27_NLP\src\景区\000082.txt
2017-05-23 10:38:31,201 : INFO : 分词已保存至文件 D:\Python27_NLP\src\景区\000082.txt
2017-05-23 10:38:31,201 : INFO : D:\Python27_NLP\src\景区\000083.txt
2017-05-23 10:38:31,207 : INFO : 分词已保存至文件 D:\Python27_NLP\src\景区\000083.txt
2017-05-23 10:38:31,207 : INFO : D:\Python27_NLP\src\景区\000084.txt
2017-05-23 10:38:31,211 : INFO : 分词已保存至文件 D:\Python27_NLP\src\景区\000084.txt
2017-05-23 10:38:31,213 : INFO : D:\Python27_NLP\src\景区\000085.txt
2017-05-23 10:38:31,217 : INFO : 分词已保存至文件 D:\Python27_NLP\src\景区\000085.txt
2017-05-23 10:38:31,217 : INFO : D:\Python27_NLP\src\景区\000086.txt
2017-05-23 10:38:31,223 : INFO : 分词已保存至文件 D:\Python27_NLP\src\景区\000086.txt
2017-05-23 10:38:31,223 : INFO : D:\Python27_NLP\src\景区\000087.txt
2017-05-23 10:38:31,226 : INFO : 分词已保存至文件 D:\Python27_NLP\src\景区\000087.txt
2017-05-23 10:38:31,227 : INFO : D:\Python27_NLP\src\景区\000088.txt
2017-05-23 10:38:31,232 : INFO : 分词已保存至文件 D:\Python27_NLP\src\景区\000088.txt
2017-05-23 10:38:31,233 : INFO : D:\Python27_NLP\src\景区\000089.txt
2017-05-23 10:38:31,250 : INFO : 分词已保存至文件 D:\Python27_NLP\src\景区\000089.txt
2017-05-23 10:38:31,250 : INFO : D:\Python27_NLP\src\景区\000090.txt
2017-05-23 10:38:31,255 : INFO : 分词已保存至文件 D:\Python27_NLP\src\景区\000090.txt
2017-05-23 10:38:31,256 : INFO : D:\Python27_NLP\src\景区\000091.txt
2017-05-23 10:38:31,259 : INFO : 分词已保存至文件 D:\Python27_NLP\src\景区\000091.txt
2017-05-23 10:38:31,260 : INFO : D:\Python27_NLP\src\景区\000092.txt
2017-05-23 10:38:31,265 : INFO : 分词已保存至文件 D:\Python27_NLP\src\景区\000092.txt
2017-05-23 10:38:31,266 : INFO : D:\Python27_NLP\src\景区\000093.txt
2017-05-23 10:38:31,270 : INFO : 分词已保存至文件 D:\Python27_NLP\src\景区\000093.txt
2017-05-23 10:38:31,270 : INFO : D:\Python27_NLP\src\景区\000094.txt
2017-05-23 10:38:31,276 : INFO : 分词已保存至文件 D:\Python27_NLP\src\景区\000094.txt
2017-05-23 10:38:31,276 : INFO : D:\Python27_NLP\src\景区\000095.txt
2017-05-23 10:38:31,279 : INFO : 分词已保存至文件 D:\Python27_NLP\src\景区\000095.txt
2017-05-23 10:38:31,279 : INFO : D:\Python27_NLP\src\景区\000096.txt
2017-05-23 10:38:31,283 : INFO : 分词已保存至文件 D:\Python27_NLP\src\景区\000096.txt
2017-05-23 10:38:31,283 : INFO : D:\Python27_NLP\src\景区\000097.txt
2017-05-23 10:38:31,289 : INFO : 分词已保存至文件 D:\Python27_NLP\src\景区\000097.txt
2017-05-23 10:38:31,289 : INFO : D:\Python27_NLP\src\景区\000098.txt
2017-05-23 10:38:31,295 : INFO : 分词已保存至文件 D:\Python27_NLP\src\景区\000098.txt
2017-05-23 10:38:31,295 : INFO : D:\Python27_NLP\src\景区\000099.txt
2017-05-23 10:38:31,299 : INFO : 分词已保存至文件 D:\Python27_NLP\src\景区\000099.txt
2017-05-23 10:38:31,299 : INFO : D:\Python27_NLP\src\景区\000100.txt
2017-05-23 10:38:31,312 : INFO : 分词已保存至文件 D:\Python27_NLP\src\景区\000100.txt
2017-05-23 10:38:31,312 : INFO : D:\Python27_NLP\src\景区\000101.txt
2017-05-23 10:38:31,316 : INFO : 分词已保存至文件 D:\Python27_NLP\src\景区\000101.txt
2017-05-23 10:38:31,316 : INFO : D:\Python27_NLP\src\景区\000102.txt
2017-05-23 10:38:31,322 : INFO : 分词已保存至文件 D:\Python27_NLP\src\景区\000102.txt
2017-05-23 10:38:31,322 : INFO : D:\Python27_NLP\src\景区\000103.txt
2017-05-23 10:38:31,326 : INFO : 分词已保存至文件 D:\Python27_NLP\src\景区\000103.txt
2017-05-23 10:38:31,326 : INFO : D:\Python27_NLP\src\景区\000104.txt
2017-05-23 10:38:31,332 : INFO : 分词已保存至文件 D:\Python27_NLP\src\景区\000104.txt
2017-05-23 10:38:31,332 : INFO : D:\Python27_NLP\src\景区\000105.txt
2017-05-23 10:38:31,338 : INFO : 分词已保存至文件 D:\Python27_NLP\src\景区\000105.txt
2017-05-23 10:38:31,338 : INFO : D:\Python27_NLP\src\景区\000106.txt
2017-05-23 10:38:31,342 : INFO : 分词已保存至文件 D:\Python27_NLP\src\景区\000106.txt
2017-05-23 10:38:31,342 : INFO : D:\Python27_NLP\src\景区\000107.txt
2017-05-23 10:38:31,348 : INFO : 分词已保存至文件 D:\Python27_NLP\src\景区\000107.txt
2017-05-23 10:38:31,348 : INFO : D:\Python27_NLP\src\景区\000108.txt
2017-05-23 10:38:31,352 : INFO : 分词已保存至文件 D:\Python27_NLP\src\景区\000108.txt
2017-05-23 10:38:31,354 : INFO : D:\Python27_NLP\src\景区\000109.txt
2017-05-23 10:38:31,358 : INFO : 分词已保存至文件 D:\Python27_NLP\src\景区\000109.txt
2017-05-23 10:38:31,358 : INFO : D:\Python27_NLP\src\景区\000110.txt
2017-05-23 10:38:31,362 : INFO : 分词已保存至文件 D:\Python27_NLP\src\景区\000110.txt
2017-05-23 10:38:31,362 : INFO : D:\Python27_NLP\src\景区\000111.txt
2017-05-23 10:38:31,368 : INFO : 分词已保存至文件 D:\Python27_NLP\src\景区\000111.txt
2017-05-23 10:38:31,368 : INFO : D:\Python27_NLP\src\景区\000112.txt
2017-05-23 10:38:31,371 : INFO : 分词已保存至文件 D:\Python27_NLP\src\景区\000112.txt
2017-05-23 10:38:31,372 : INFO : D:\Python27_NLP\src\景区\000113.txt
2017-05-23 10:38:31,377 : INFO : 分词已保存至文件 D:\Python27_NLP\src\景区\000113.txt
2017-05-23 10:38:31,377 : INFO : D:\Python27_NLP\src\景区\000114.txt
2017-05-23 10:38:31,381 : INFO : 分词已保存至文件 D:\Python27_NLP\src\景区\000114.txt
2017-05-23 10:38:31,382 : INFO : D:\Python27_NLP\src\景区\000115.txt
2017-05-23 10:38:31,387 : INFO : 分词已保存至文件 D:\Python27_NLP\src\景区\000115.txt
2017-05-23 10:38:31,388 : INFO : D:\Python27_NLP\src\景区\000116.txt
2017-05-23 10:38:31,391 : INFO : 分词已保存至文件 D:\Python27_NLP\src\景区\000116.txt
2017-05-23 10:38:31,391 : INFO : D:\Python27_NLP\src\景区\000117.txt
2017-05-23 10:38:31,398 : INFO : 分词已保存至文件 D:\Python27_NLP\src\景区\000117.txt
2017-05-23 10:38:31,398 : INFO : D:\Python27_NLP\src\景区\000118.txt
2017-05-23 10:38:31,414 : INFO : 分词已保存至文件 D:\Python27_NLP\src\景区\000118.txt
2017-05-23 10:38:31,414 : INFO : D:\Python27_NLP\src\景区\000119.txt
2017-05-23 10:38:31,417 : INFO : 分词已保存至文件 D:\Python27_NLP\src\景区\000119.txt
2017-05-23 10:38:31,417 : INFO : D:\Python27_NLP\src\景区\000120.txt
2017-05-23 10:38:31,424 : INFO : 分词已保存至文件 D:\Python27_NLP\src\景区\000120.txt
2017-05-23 10:38:31,424 : INFO : D:\Python27_NLP\src\景区\000121.txt
2017-05-23 10:38:31,428 : INFO : 分词已保存至文件 D:\Python27_NLP\src\景区\000121.txt
2017-05-23 10:38:31,428 : INFO : D:\Python27_NLP\src\景区\000122.txt
2017-05-23 10:38:31,434 : INFO : 分词已保存至文件 D:\Python27_NLP\src\景区\000122.txt
2017-05-23 10:38:31,434 : INFO : D:\Python27_NLP\src\景区\000123.txt
2017-05-23 10:38:31,440 : INFO : 分词已保存至文件 D:\Python27_NLP\src\景区\000123.txt
2017-05-23 10:38:31,440 : INFO : D:\Python27_NLP\src\景区\000124.txt
2017-05-23 10:38:31,444 : INFO : 分词已保存至文件 D:\Python27_NLP\src\景区\000124.txt
2017-05-23 10:38:31,444 : INFO : D:\Python27_NLP\src\景区\000125.txt
2017-05-23 10:38:31,450 : INFO : 分词已保存至文件 D:\Python27_NLP\src\景区\000125.txt
2017-05-23 10:38:31,450 : INFO : D:\Python27_NLP\src\景区\000126.txt
2017-05-23 10:38:31,454 : INFO : 分词已保存至文件 D:\Python27_NLP\src\景区\000126.txt
2017-05-23 10:38:31,454 : INFO : D:\Python27_NLP\src\景区\000127.txt
2017-05-23 10:38:31,460 : INFO : 分词已保存至文件 D:\Python27_NLP\src\景区\000127.txt
2017-05-23 10:38:31,460 : INFO : D:\Python27_NLP\src\景区\000128.txt
2017-05-23 10:38:31,466 : INFO : 分词已保存至文件 D:\Python27_NLP\src\景区\000128.txt
2017-05-23 10:38:31,466 : INFO : D:\Python27_NLP\src\景区\000129.txt
2017-05-23 10:38:31,470 : INFO : 分词已保存至文件 D:\Python27_NLP\src\景区\000129.txt
2017-05-23 10:38:31,470 : INFO : D:\Python27_NLP\src\景区\000130.txt
2017-05-23 10:38:31,476 : INFO : 分词已保存至文件 D:\Python27_NLP\src\景区\000130.txt
2017-05-23 10:38:31,476 : INFO : D:\Python27_NLP\src\景区\000131.txt
2017-05-23 10:38:31,480 : INFO : 分词已保存至文件 D:\Python27_NLP\src\景区\000131.txt
2017-05-23 10:38:31,480 : INFO : D:\Python27_NLP\src\景区\000132.txt
2017-05-23 10:38:31,486 : INFO : 分词已保存至文件 D:\Python27_NLP\src\景区\000132.txt
2017-05-23 10:38:31,486 : INFO : D:\Python27_NLP\src\景区\000133.txt
2017-05-23 10:38:31,490 : INFO : 分词已保存至文件 D:\Python27_NLP\src\景区\000133.txt
2017-05-23 10:38:31,490 : INFO : D:\Python27_NLP\src\景区\000134.txt
2017-05-23 10:38:31,496 : INFO : 分词已保存至文件 D:\Python27_NLP\src\景区\000134.txt
2017-05-23 10:38:31,496 : INFO : D:\Python27_NLP\src\景区\000135.txt
2017-05-23 10:38:31,500 : INFO : 分词已保存至文件 D:\Python27_NLP\src\景区\000135.txt
2017-05-23 10:38:31,500 : INFO : D:\Python27_NLP\src\景区\000136.txt
2017-05-23 10:38:31,505 : INFO : 分词已保存至文件 D:\Python27_NLP\src\景区\000136.txt
2017-05-23 10:38:31,505 : INFO : D:\Python27_NLP\src\景区\000137.txt
2017-05-23 10:38:31,509 : INFO : 分词已保存至文件 D:\Python27_NLP\src\景区\000137.txt
2017-05-23 10:38:31,509 : INFO : D:\Python27_NLP\src\景区\000138.txt
2017-05-23 10:38:31,532 : INFO : 分词已保存至文件 D:\Python27_NLP\src\景区\000138.txt
2017-05-23 10:38:31,532 : INFO : D:\Python27_NLP\src\景区\000139.txt
2017-05-23 10:38:31,536 : INFO : 分词已保存至文件 D:\Python27_NLP\src\景区\000139.txt
2017-05-23 10:38:31,538 : INFO : D:\Python27_NLP\src\景区\000140.txt
2017-05-23 10:38:31,542 : INFO : 分词已保存至文件 D:\Python27_NLP\src\景区\000140.txt
2017-05-23 10:38:31,542 : INFO : D:\Python27_NLP\src\景区\000141.txt
2017-05-23 10:38:31,548 : INFO : 分词已保存至文件 D:\Python27_NLP\src\景区\000141.txt
2017-05-23 10:38:31,548 : INFO : D:\Python27_NLP\src\景区\000142.txt
2017-05-23 10:38:31,551 : INFO : 分词已保存至文件 D:\Python27_NLP\src\景区\000142.txt
2017-05-23 10:38:31,552 : INFO : D:\Python27_NLP\src\景区\000143.txt
2017-05-23 10:38:31,556 : INFO : 分词已保存至文件 D:\Python27_NLP\src\景区\000143.txt
2017-05-23 10:38:31,556 : INFO : D:\Python27_NLP\src\景区\000144.txt
2017-05-23 10:38:31,562 : INFO : 分词已保存至文件 D:\Python27_NLP\src\景区\000144.txt
2017-05-23 10:38:31,562 : INFO : D:\Python27_NLP\src\景区\000145.txt
2017-05-23 10:38:31,566 : INFO : 分词已保存至文件 D:\Python27_NLP\src\景区\000145.txt
2017-05-23 10:38:31,568 : INFO : D:\Python27_NLP\src\景区\000146.txt
2017-05-23 10:38:31,572 : INFO : 分词已保存至文件 D:\Python27_NLP\src\景区\000146.txt
2017-05-23 10:38:31,572 : INFO : D:\Python27_NLP\src\景区\000147.txt
2017-05-23 10:38:31,576 : INFO : 分词已保存至文件 D:\Python27_NLP\src\景区\000147.txt
2017-05-23 10:38:31,576 : INFO : D:\Python27_NLP\src\景区\000148.txt
2017-05-23 10:38:31,582 : INFO : 分词已保存至文件 D:\Python27_NLP\src\景区\000148.txt
2017-05-23 10:38:31,582 : INFO : D:\Python27_NLP\src\景区\000149.txt
2017-05-23 10:38:31,586 : INFO : 分词已保存至文件 D:\Python27_NLP\src\景区\000149.txt
2017-05-23 10:38:31,586 : INFO : D:\Python27_NLP\src\景区\000150.txt
2017-05-23 10:38:31,591 : INFO : 分词已保存至文件 D:\Python27_NLP\src\景区\000150.txt
2017-05-23 10:38:31,591 : INFO : D:\Python27_NLP\src\景区\000151.txt
2017-05-23 10:38:31,595 : INFO : 分词已保存至文件 D:\Python27_NLP\src\景区\000151.txt
2017-05-23 10:38:31,595 : INFO : D:\Python27_NLP\src\景区\000152.txt
2017-05-23 10:38:31,599 : INFO : 分词已保存至文件 D:\Python27_NLP\src\景区\000152.txt
2017-05-23 10:38:31,599 : INFO : D:\Python27_NLP\src\景区\000153.txt
2017-05-23 10:38:31,605 : INFO : 分词已保存至文件 D:\Python27_NLP\src\景区\000153.txt
2017-05-23 10:38:31,605 : INFO : D:\Python27_NLP\src\景区\000155.txt
2017-05-23 10:38:31,611 : INFO : 分词已保存至文件 D:\Python27_NLP\src\景区\000155.txt
2017-05-23 10:38:31,611 : INFO : D:\Python27_NLP\src\景区\000156.txt
2017-05-23 10:38:31,617 : INFO : 分词已保存至文件 D:\Python27_NLP\src\景区\000156.txt
2017-05-23 10:38:31,617 : INFO : D:\Python27_NLP\src\景区\000158.txt
2017-05-23 10:38:31,621 : INFO : 分词已保存至文件 D:\Python27_NLP\src\景区\000158.txt
2017-05-23 10:38:31,621 : INFO : D:\Python27_NLP\src\景区\000159.txt
2017-05-23 10:38:31,625 : INFO : 分词已保存至文件 D:\Python27_NLP\src\景区\000159.txt
2017-05-23 10:38:31,625 : INFO : D:\Python27_NLP\src\景区\000160.txt
2017-05-23 10:38:31,631 : INFO : 分词已保存至文件 D:\Python27_NLP\src\景区\000160.txt
2017-05-23 10:38:31,631 : INFO : D:\Python27_NLP\src\景区\000161.txt
2017-05-23 10:38:31,634 : INFO : 分词已保存至文件 D:\Python27_NLP\src\景区\000161.txt
2017-05-23 10:38:31,634 : INFO : D:\Python27_NLP\src\景区\000162.txt
2017-05-23 10:38:31,640 : INFO : 分词已保存至文件 D:\Python27_NLP\src\景区\000162.txt
2017-05-23 10:38:31,640 : INFO : D:\Python27_NLP\src\景区\000164.txt
2017-05-23 10:38:31,644 : INFO : 分词已保存至文件 D:\Python27_NLP\src\景区\000164.txt
2017-05-23 10:38:31,644 : INFO : D:\Python27_NLP\src\景区\000165.txt
2017-05-23 10:38:31,648 : INFO : 分词已保存至文件 D:\Python27_NLP\src\景区\000165.txt
2017-05-23 10:38:31,648 : INFO : D:\Python27_NLP\src\景区\000166.txt
2017-05-23 10:38:31,654 : INFO : 分词已保存至文件 D:\Python27_NLP\src\景区\000166.txt
2017-05-23 10:38:31,654 : INFO : D:\Python27_NLP\src\景区\000167.txt
2017-05-23 10:38:31,658 : INFO : 分词已保存至文件 D:\Python27_NLP\src\景区\000167.txt
2017-05-23 10:38:31,658 : INFO : D:\Python27_NLP\src\景区\000168.txt
2017-05-23 10:38:31,664 : INFO : 分词已保存至文件 D:\Python27_NLP\src\景区\000168.txt
2017-05-23 10:38:31,664 : INFO : D:\Python27_NLP\src\景区\000169.txt
2017-05-23 10:38:31,668 : INFO : 分词已保存至文件 D:\Python27_NLP\src\景区\000169.txt
2017-05-23 10:38:31,668 : INFO : D:\Python27_NLP\src\景区\000170.txt
2017-05-23 10:38:31,674 : INFO : 分词已保存至文件 D:\Python27_NLP\src\景区\000170.txt
2017-05-23 10:38:31,674 : INFO : D:\Python27_NLP\src\景区\000171.txt
2017-05-23 10:38:31,678 : INFO : 分词已保存至文件 D:\Python27_NLP\src\景区\000171.txt
2017-05-23 10:38:31,678 : INFO : D:\Python27_NLP\src\景区\000172.txt
2017-05-23 10:38:31,684 : INFO : 分词已保存至文件 D:\Python27_NLP\src\景区\000172.txt
2017-05-23 10:38:31,684 : INFO : D:\Python27_NLP\src\景区\000173.txt
2017-05-23 10:38:31,690 : INFO : 分词已保存至文件 D:\Python27_NLP\src\景区\000173.txt
2017-05-23 10:38:31,690 : INFO : D:\Python27_NLP\src\景区\000174.txt
2017-05-23 10:38:31,694 : INFO : 分词已保存至文件 D:\Python27_NLP\src\景区\000174.txt
2017-05-23 10:38:31,694 : INFO : D:\Python27_NLP\src\景区\000175.txt
2017-05-23 10:38:31,700 : INFO : 分词已保存至文件 D:\Python27_NLP\src\景区\000175.txt
2017-05-23 10:38:31,700 : INFO : D:\Python27_NLP\src\景区\000176.txt
2017-05-23 10:38:31,703 : INFO : 分词已保存至文件 D:\Python27_NLP\src\景区\000176.txt
2017-05-23 10:38:31,703 : INFO : D:\Python27_NLP\src\景区\000177.txt
2017-05-23 10:38:31,707 : INFO : 分词已保存至文件 D:\Python27_NLP\src\景区\000177.txt
2017-05-23 10:38:31,707 : INFO : D:\Python27_NLP\src\景区\000178.txt
2017-05-23 10:38:31,713 : INFO : 分词已保存至文件 D:\Python27_NLP\src\景区\000178.txt
2017-05-23 10:38:31,713 : INFO : D:\Python27_NLP\src\景区\000179.txt
2017-05-23 10:38:31,717 : INFO : 分词已保存至文件 D:\Python27_NLP\src\景区\000179.txt
2017-05-23 10:38:31,717 : INFO : D:\Python27_NLP\src\景区\000180.txt
2017-05-23 10:38:31,723 : INFO : 分词已保存至文件 D:\Python27_NLP\src\景区\000180.txt
2017-05-23 10:38:31,723 : INFO : D:\Python27_NLP\src\景区\000181.txt
2017-05-23 10:38:31,730 : INFO : 分词已保存至文件 D:\Python27_NLP\src\景区\000181.txt
2017-05-23 10:38:31,730 : INFO : D:\Python27_NLP\src\景区\000182.txt
2017-05-23 10:38:31,736 : INFO : 分词已保存至文件 D:\Python27_NLP\src\景区\000182.txt
2017-05-23 10:38:31,736 : INFO : D:\Python27_NLP\src\景区\000183.txt
2017-05-23 10:38:31,742 : INFO : 分词已保存至文件 D:\Python27_NLP\src\景区\000183.txt
2017-05-23 10:38:31,742 : INFO : D:\Python27_NLP\src\景区\000184.txt
2017-05-23 10:38:31,746 : INFO : 分词已保存至文件 D:\Python27_NLP\src\景区\000184.txt
2017-05-23 10:38:31,747 : INFO : D:\Python27_NLP\src\景区\000185.txt
2017-05-23 10:38:31,753 : INFO : 分词已保存至文件 D:\Python27_NLP\src\景区\000185.txt
2017-05-23 10:38:31,753 : INFO : D:\Python27_NLP\src\景区\000186.txt
2017-05-23 10:38:31,759 : INFO : 分词已保存至文件 D:\Python27_NLP\src\景区\000186.txt
2017-05-23 10:38:31,759 : INFO : D:\Python27_NLP\src\景区\000187.txt
2017-05-23 10:38:31,763 : INFO : 分词已保存至文件 D:\Python27_NLP\src\景区\000187.txt
2017-05-23 10:38:31,763 : INFO : D:\Python27_NLP\src\景区\000188.txt
2017-05-23 10:38:31,769 : INFO : 分词已保存至文件 D:\Python27_NLP\src\景区\000188.txt
2017-05-23 10:38:31,769 : INFO : D:\Python27_NLP\src\景区\000189.txt
2017-05-23 10:38:31,776 : INFO : 分词已保存至文件 D:\Python27_NLP\src\景区\000189.txt
2017-05-23 10:38:31,776 : INFO : D:\Python27_NLP\src\景区\000190.txt
2017-05-23 10:38:31,780 : INFO : 分词已保存至文件 D:\Python27_NLP\src\景区\000190.txt
2017-05-23 10:38:31,780 : INFO : D:\Python27_NLP\src\景区\000191.txt
2017-05-23 10:38:31,788 : INFO : 分词已保存至文件 D:\Python27_NLP\src\景区\000191.txt
2017-05-23 10:38:31,788 : INFO : D:\Python27_NLP\src\景区\000192.txt
2017-05-23 10:38:31,792 : INFO : 分词已保存至文件 D:\Python27_NLP\src\景区\000192.txt
2017-05-23 10:38:31,793 : INFO : D:\Python27_NLP\src\景区\000193.txt
2017-05-23 10:38:31,798 : INFO : 分词已保存至文件 D:\Python27_NLP\src\景区\000193.txt
2017-05-23 10:38:31,798 : INFO : D:\Python27_NLP\src\景区\000194.txt
2017-05-23 10:38:31,805 : INFO : 分词已保存至文件 D:\Python27_NLP\src\景区\000194.txt
2017-05-23 10:38:31,805 : INFO : D:\Python27_NLP\src\景区\000195.txt
2017-05-23 10:38:31,809 : INFO : 分词已保存至文件 D:\Python27_NLP\src\景区\000195.txt
2017-05-23 10:38:31,809 : INFO : D:\Python27_NLP\src\景区\000196.txt
2017-05-23 10:38:31,815 : INFO : 分词已保存至文件 D:\Python27_NLP\src\景区\000196.txt
2017-05-23 10:38:31,815 : INFO : D:\Python27_NLP\src\景区\000197.txt
2017-05-23 10:38:31,819 : INFO : 分词已保存至文件 D:\Python27_NLP\src\景区\000197.txt
2017-05-23 10:38:31,821 : INFO : D:\Python27_NLP\src\景区\000198.txt
2017-05-23 10:38:31,825 : INFO : 分词已保存至文件 D:\Python27_NLP\src\景区\000198.txt
2017-05-23 10:38:31,825 : INFO : D:\Python27_NLP\src\景区\000199.txt
2017-05-23 10:38:31,829 : INFO : 分词已保存至文件 D:\Python27_NLP\src\景区\000199.txt
2017-05-23 10:38:31,829 : INFO : D:\Python27_NLP\src\景区\000200.txt
2017-05-23 10:38:31,835 : INFO : 分词已保存至文件 D:\Python27_NLP\src\景区\000200.txt
2017-05-23 10:38:31,835 : INFO : D:\Python27_NLP\src\景区\000201.txt
2017-05-23 10:38:31,839 : INFO : 分词已保存至文件 D:\Python27_NLP\src\景区\000201.txt
2017-05-23 10:38:31,839 : INFO : D:\Python27_NLP\src\景区\000202.txt
2017-05-23 10:38:31,845 : INFO : 分词已保存至文件 D:\Python27_NLP\src\景区\000202.txt
2017-05-23 10:38:31,845 : INFO : D:\Python27_NLP\src\景区\000203.txt
2017-05-23 10:38:31,849 : INFO : 分词已保存至文件 D:\Python27_NLP\src\景区\000203.txt
2017-05-23 10:38:31,851 : INFO : D:\Python27_NLP\src\景区\000204.txt
2017-05-23 10:38:31,855 : INFO : 分词已保存至文件 D:\Python27_NLP\src\景区\000204.txt
2017-05-23 10:38:31,855 : INFO : D:\Python27_NLP\src\景区\000205.txt
2017-05-23 10:38:31,861 : INFO : 分词已保存至文件 D:\Python27_NLP\src\景区\000205.txt
2017-05-23 10:38:31,861 : INFO : D:\Python27_NLP\src\景区\000206.txt
2017-05-23 10:38:31,865 : INFO : 分词已保存至文件 D:\Python27_NLP\src\景区\000206.txt
2017-05-23 10:38:31,865 : INFO : D:\Python27_NLP\src\景区\000207.txt
2017-05-23 10:38:31,871 : INFO : 分词已保存至文件 D:\Python27_NLP\src\景区\000207.txt
2017-05-23 10:38:31,871 : INFO : D:\Python27_NLP\src\景区\000208.txt
2017-05-23 10:38:31,875 : INFO : 分词已保存至文件 D:\Python27_NLP\src\景区\000208.txt
2017-05-23 10:38:31,875 : INFO : D:\Python27_NLP\src\景区\000209.txt
2017-05-23 10:38:31,881 : INFO : 分词已保存至文件 D:\Python27_NLP\src\景区\000209.txt
2017-05-23 10:38:31,881 : INFO : D:\Python27_NLP\src\景区\000210.txt
2017-05-23 10:38:31,885 : INFO : 分词已保存至文件 D:\Python27_NLP\src\景区\000210.txt
2017-05-23 10:38:31,885 : INFO : D:\Python27_NLP\src\景区\000211.txt
2017-05-23 10:38:31,891 : INFO : 分词已保存至文件 D:\Python27_NLP\src\景区\000211.txt
2017-05-23 10:38:31,891 : INFO : D:\Python27_NLP\src\景区\000212.txt
2017-05-23 10:38:31,894 : INFO : 分词已保存至文件 D:\Python27_NLP\src\景区\000212.txt
2017-05-23 10:38:31,895 : INFO : D:\Python27_NLP\src\景区\000213.txt
2017-05-23 10:38:31,901 : INFO : 分词已保存至文件 D:\Python27_NLP\src\景区\000213.txt
2017-05-23 10:38:31,901 : INFO : D:\Python27_NLP\src\景区\000214.txt
2017-05-23 10:38:31,905 : INFO : 分词已保存至文件 D:\Python27_NLP\src\景区\000214.txt
2017-05-23 10:38:31,907 : INFO : D:\Python27_NLP\src\景区\000215.txt
2017-05-23 10:38:31,911 : INFO : 分词已保存至文件 D:\Python27_NLP\src\景区\000215.txt
2017-05-23 10:38:31,911 : INFO : D:\Python27_NLP\src\景区\000216.txt
2017-05-23 10:38:31,917 : INFO : 分词已保存至文件 D:\Python27_NLP\src\景区\000216.txt
2017-05-23 10:38:31,917 : INFO : D:\Python27_NLP\src\景区\000217.txt
2017-05-23 10:38:31,921 : INFO : 分词已保存至文件 D:\Python27_NLP\src\景区\000217.txt
2017-05-23 10:38:31,921 : INFO : D:\Python27_NLP\src\景区\000218.txt
2017-05-23 10:38:31,927 : INFO : 分词已保存至文件 D:\Python27_NLP\src\景区\000218.txt
2017-05-23 10:38:31,927 : INFO : D:\Python27_NLP\src\景区\000219.txt
2017-05-23 10:38:31,931 : INFO : 分词已保存至文件 D:\Python27_NLP\src\景区\000219.txt
2017-05-23 10:38:31,931 : INFO : D:\Python27_NLP\src\景区\000220.txt
2017-05-23 10:38:31,937 : INFO : 分词已保存至文件 D:\Python27_NLP\src\景区\000220.txt
2017-05-23 10:38:31,937 : INFO : D:\Python27_NLP\src\景区\000221.txt
2017-05-23 10:38:31,943 : INFO : 分词已保存至文件 D:\Python27_NLP\src\景区\000221.txt
2017-05-23 10:38:31,943 : INFO : D:\Python27_NLP\src\景区\000222.txt
2017-05-23 10:38:31,947 : INFO : 分词已保存至文件 D:\Python27_NLP\src\景区\000222.txt
2017-05-23 10:38:31,947 : INFO : D:\Python27_NLP\src\景区\000223.txt
2017-05-23 10:38:31,953 : INFO : 分词已保存至文件 D:\Python27_NLP\src\景区\000223.txt
2017-05-23 10:38:31,953 : INFO : D:\Python27_NLP\src\景区\000224.txt
2017-05-23 10:38:31,957 : INFO : 分词已保存至文件 D:\Python27_NLP\src\景区\000224.txt
2017-05-23 10:38:31,957 : INFO : D:\Python27_NLP\src\景区\000225.txt
2017-05-23 10:38:31,963 : INFO : 分词已保存至文件 D:\Python27_NLP\src\景区\000225.txt
2017-05-23 10:38:31,963 : INFO : D:\Python27_NLP\src\景区\000226.txt
2017-05-23 10:38:31,967 : INFO : 分词已保存至文件 D:\Python27_NLP\src\景区\000226.txt
2017-05-23 10:38:31,967 : INFO : D:\Python27_NLP\src\景区\000227.txt
2017-05-23 10:38:31,973 : INFO : 分词已保存至文件 D:\Python27_NLP\src\景区\000227.txt
2017-05-23 10:38:31,973 : INFO : D:\Python27_NLP\src\景区\000228.txt
2017-05-23 10:38:31,977 : INFO : 分词已保存至文件 D:\Python27_NLP\src\景区\000228.txt
2017-05-23 10:38:31,977 : INFO : D:\Python27_NLP\src\景区\000229.txt
2017-05-23 10:38:31,983 : INFO : 分词已保存至文件 D:\Python27_NLP\src\景区\000229.txt
2017-05-23 10:38:31,983 : INFO : D:\Python27_NLP\src\景区\000230.txt
2017-05-23 10:38:31,987 : INFO : 分词已保存至文件 D:\Python27_NLP\src\景区\000230.txt
2017-05-23 10:38:31,987 : INFO : D:\Python27_NLP\src\景区\000231.txt
2017-05-23 10:38:31,993 : INFO : 分词已保存至文件 D:\Python27_NLP\src\景区\000231.txt
2017-05-23 10:38:31,993 : INFO : D:\Python27_NLP\src\景区\000232.txt
2017-05-23 10:38:31,996 : INFO : 分词已保存至文件 D:\Python27_NLP\src\景区\000232.txt
2017-05-23 10:38:31,996 : INFO : D:\Python27_NLP\src\景区\000233.txt
2017-05-23 10:38:32,002 : INFO : 分词已保存至文件 D:\Python27_NLP\src\景区\000233.txt
2017-05-23 10:38:32,003 : INFO : D:\Python27_NLP\src\景区\000234.txt
2017-05-23 10:38:32,006 : INFO : 分词已保存至文件 D:\Python27_NLP\src\景区\000234.txt
2017-05-23 10:38:32,007 : INFO : D:\Python27_NLP\src\景区\000235.txt
2017-05-23 10:38:32,012 : INFO : 分词已保存至文件 D:\Python27_NLP\src\景区\000235.txt
2017-05-23 10:38:32,013 : INFO : D:\Python27_NLP\src\景区\000236.txt
2017-05-23 10:38:32,016 : INFO : 分词已保存至文件 D:\Python27_NLP\src\景区\000236.txt
2017-05-23 10:38:32,016 : INFO : D:\Python27_NLP\src\景区\000237.txt
2017-05-23 10:38:32,022 : INFO : 分词已保存至文件 D:\Python27_NLP\src\景区\000237.txt
2017-05-23 10:38:32,022 : INFO : D:\Python27_NLP\src\景区\000238.txt
2017-05-23 10:38:32,026 : INFO : 分词已保存至文件 D:\Python27_NLP\src\景区\000238.txt
2017-05-23 10:38:32,026 : INFO : D:\Python27_NLP\src\景区\000239.txt
2017-05-23 10:38:32,032 : INFO : 分词已保存至文件 D:\Python27_NLP\src\景区\000239.txt
2017-05-23 10:38:32,032 : INFO : D:\Python27_NLP\src\景区\000240.txt
2017-05-23 10:38:32,038 : INFO : 分词已保存至文件 D:\Python27_NLP\src\景区\000240.txt
2017-05-23 10:38:32,038 : INFO : D:\Python27_NLP\src\景区\000241.txt
2017-05-23 10:38:32,046 : INFO : 分词已保存至文件 D:\Python27_NLP\src\景区\000241.txt
2017-05-23 10:38:32,048 : INFO : D:\Python27_NLP\src\景区\000242.txt
2017-05-23 10:38:32,052 : INFO : 分词已保存至文件 D:\Python27_NLP\src\景区\000242.txt
2017-05-23 10:38:32,052 : INFO : D:\Python27_NLP\src\景区\000243.txt
2017-05-23 10:38:32,056 : INFO : 分词已保存至文件 D:\Python27_NLP\src\景区\000243.txt
2017-05-23 10:38:32,056 : INFO : D:\Python27_NLP\src\景区\000244.txt
2017-05-23 10:38:32,062 : INFO : 分词已保存至文件 D:\Python27_NLP\src\景区\000244.txt
2017-05-23 10:38:32,062 : INFO : D:\Python27_NLP\src\景区\000245.txt
2017-05-23 10:38:32,066 : INFO : 分词已保存至文件 D:\Python27_NLP\src\景区\000245.txt
2017-05-23 10:38:32,066 : INFO : D:\Python27_NLP\src\景区\000246.txt
2017-05-23 10:38:32,072 : INFO : 分词已保存至文件 D:\Python27_NLP\src\景区\000246.txt
2017-05-23 10:38:32,072 : INFO : D:\Python27_NLP\src\景区\000247.txt
2017-05-23 10:38:32,076 : INFO : 分词已保存至文件 D:\Python27_NLP\src\景区\000247.txt
2017-05-23 10:38:32,076 : INFO : D:\Python27_NLP\src\景区\000248.txt
2017-05-23 10:38:32,081 : INFO : 分词已保存至文件 D:\Python27_NLP\src\景区\000248.txt
2017-05-23 10:38:32,082 : INFO : D:\Python27_NLP\src\景区\000249.txt
2017-05-23 10:38:32,085 : INFO : 分词已保存至文件 D:\Python27_NLP\src\景区\000249.txt
2017-05-23 10:38:32,085 : INFO : D:\Python27_NLP\src\景区\000250.txt
2017-05-23 10:38:32,091 : INFO : 分词已保存至文件 D:\Python27_NLP\src\景区\000250.txt
2017-05-23 10:38:32,091 : INFO : D:\Python27_NLP\src\景区\000251.txt
2017-05-23 10:38:32,095 : INFO : 分词已保存至文件 D:\Python27_NLP\src\景区\000251.txt
2017-05-23 10:38:32,095 : INFO : D:\Python27_NLP\src\景区\000252.txt
2017-05-23 10:38:32,101 : INFO : 分词已保存至文件 D:\Python27_NLP\src\景区\000252.txt
2017-05-23 10:38:32,101 : INFO : D:\Python27_NLP\src\景区\000253.txt
2017-05-23 10:38:32,105 : INFO : 分词已保存至文件 D:\Python27_NLP\src\景区\000253.txt
2017-05-23 10:38:32,105 : INFO : D:\Python27_NLP\src\景区\000254.txt
2017-05-23 10:38:32,111 : INFO : 分词已保存至文件 D:\Python27_NLP\src\景区\000254.txt
2017-05-23 10:38:32,111 : INFO : D:\Python27_NLP\src\景区\000255.txt
2017-05-23 10:38:32,117 : INFO : 分词已保存至文件 D:\Python27_NLP\src\景区\000255.txt
2017-05-23 10:38:32,117 : INFO : D:\Python27_NLP\src\景区\000256.txt
2017-05-23 10:38:32,121 : INFO : 分词已保存至文件 D:\Python27_NLP\src\景区\000256.txt
2017-05-23 10:38:32,121 : INFO : D:\Python27_NLP\src\景区\000257.txt
2017-05-23 10:38:32,127 : INFO : 分词已保存至文件 D:\Python27_NLP\src\景区\000257.txt
2017-05-23 10:38:32,127 : INFO : D:\Python27_NLP\src\景区\000258.txt
2017-05-23 10:38:32,131 : INFO : 分词已保存至文件 D:\Python27_NLP\src\景区\000258.txt
2017-05-23 10:38:32,131 : INFO : D:\Python27_NLP\src\景区\000259.txt
2017-05-23 10:38:32,137 : INFO : 分词已保存至文件 D:\Python27_NLP\src\景区\000259.txt
2017-05-23 10:38:32,137 : INFO : D:\Python27_NLP\src\景区\000260.txt
2017-05-23 10:38:32,141 : INFO : 分词已保存至文件 D:\Python27_NLP\src\景区\000260.txt
2017-05-23 10:38:32,142 : INFO : D:\Python27_NLP\src\景区\000261.txt
2017-05-23 10:38:32,147 : INFO : 分词已保存至文件 D:\Python27_NLP\src\景区\000261.txt
2017-05-23 10:38:32,147 : INFO : D:\Python27_NLP\src\景区\000262.txt
2017-05-23 10:38:32,151 : INFO : 分词已保存至文件 D:\Python27_NLP\src\景区\000262.txt
2017-05-23 10:38:32,151 : INFO : D:\Python27_NLP\src\景区\000263.txt
2017-05-23 10:38:32,157 : INFO : 分词已保存至文件 D:\Python27_NLP\src\景区\000263.txt
2017-05-23 10:38:32,157 : INFO : D:\Python27_NLP\src\景区\000264.txt
2017-05-23 10:38:32,161 : INFO : 分词已保存至文件 D:\Python27_NLP\src\景区\000264.txt
2017-05-23 10:38:32,161 : INFO : D:\Python27_NLP\src\景区\000265.txt
2017-05-23 10:38:32,167 : INFO : 分词已保存至文件 D:\Python27_NLP\src\景区\000265.txt
2017-05-23 10:38:32,167 : INFO : D:\Python27_NLP\src\景区\000266.txt
2017-05-23 10:38:32,171 : INFO : 分词已保存至文件 D:\Python27_NLP\src\景区\000266.txt
2017-05-23 10:38:32,171 : INFO : D:\Python27_NLP\src\景区\000267.txt
2017-05-23 10:38:32,177 : INFO : 分词已保存至文件 D:\Python27_NLP\src\景区\000267.txt
2017-05-23 10:38:32,177 : INFO : D:\Python27_NLP\src\景区\000268.txt
2017-05-23 10:38:32,181 : INFO : 分词已保存至文件 D:\Python27_NLP\src\景区\000268.txt
2017-05-23 10:38:32,181 : INFO : D:\Python27_NLP\src\景区\000269.txt
2017-05-23 10:38:32,187 : INFO : 分词已保存至文件 D:\Python27_NLP\src\景区\000269.txt
2017-05-23 10:38:32,187 : INFO : D:\Python27_NLP\src\景区\000270.txt
2017-05-23 10:38:32,191 : INFO : 分词已保存至文件 D:\Python27_NLP\src\景区\000270.txt
2017-05-23 10:38:32,191 : INFO : D:\Python27_NLP\src\景区\000271.txt
2017-05-23 10:38:32,197 : INFO : 分词已保存至文件 D:\Python27_NLP\src\景区\000271.txt
2017-05-23 10:38:32,197 : INFO : D:\Python27_NLP\src\景区\000272.txt
2017-05-23 10:38:32,201 : INFO : 分词已保存至文件 D:\Python27_NLP\src\景区\000272.txt
2017-05-23 10:38:32,201 : INFO : D:\Python27_NLP\src\景区\000273.txt
2017-05-23 10:38:32,207 : INFO : 分词已保存至文件 D:\Python27_NLP\src\景区\000273.txt
2017-05-23 10:38:32,207 : INFO : D:\Python27_NLP\src\景区\000274.txt
2017-05-23 10:38:32,210 : INFO : 分词已保存至文件 D:\Python27_NLP\src\景区\000274.txt
2017-05-23 10:38:32,210 : INFO : D:\Python27_NLP\src\景区\000275.txt
2017-05-23 10:38:32,216 : INFO : 分词已保存至文件 D:\Python27_NLP\src\景区\000275.txt
2017-05-23 10:38:32,216 : INFO : D:\Python27_NLP\src\景区\000276.txt
2017-05-23 10:38:32,220 : INFO : 分词已保存至文件 D:\Python27_NLP\src\景区\000276.txt
2017-05-23 10:38:32,220 : INFO : D:\Python27_NLP\src\景区\000277.txt
2017-05-23 10:38:32,226 : INFO : 分词已保存至文件 D:\Python27_NLP\src\景区\000277.txt
2017-05-23 10:38:32,226 : INFO : D:\Python27_NLP\src\景区\000278.txt
2017-05-23 10:38:32,230 : INFO : 分词已保存至文件 D:\Python27_NLP\src\景区\000278.txt
2017-05-23 10:38:32,230 : INFO : D:\Python27_NLP\src\景区\000279.txt
2017-05-23 10:38:32,234 : INFO : 分词已保存至文件 D:\Python27_NLP\src\景区\000279.txt
2017-05-23 10:38:32,236 : INFO : D:\Python27_NLP\src\景区\000280.txt
2017-05-23 10:38:32,240 : INFO : 分词已保存至文件 D:\Python27_NLP\src\景区\000280.txt
2017-05-23 10:38:32,240 : INFO : D:\Python27_NLP\src\景区\000281.txt
2017-05-23 10:38:32,244 : INFO : 分词已保存至文件 D:\Python27_NLP\src\景区\000281.txt
2017-05-23 10:38:32,246 : INFO : D:\Python27_NLP\src\景区\000282.txt
2017-05-23 10:38:32,250 : INFO : 分词已保存至文件 D:\Python27_NLP\src\景区\000282.txt
2017-05-23 10:38:32,250 : INFO : D:\Python27_NLP\src\景区\000283.txt
2017-05-23 10:38:32,255 : INFO : 分词已保存至文件 D:\Python27_NLP\src\景区\000283.txt
2017-05-23 10:38:32,256 : INFO : D:\Python27_NLP\src\景区\000284.txt
2017-05-23 10:38:32,259 : INFO : 分词已保存至文件 D:\Python27_NLP\src\景区\000284.txt
2017-05-23 10:38:32,260 : INFO : D:\Python27_NLP\src\景区\000285.txt
2017-05-23 10:38:32,266 : INFO : 分词已保存至文件 D:\Python27_NLP\src\景区\000285.txt
2017-05-23 10:38:32,266 : INFO : D:\Python27_NLP\src\景区\000286.txt
2017-05-23 10:38:32,270 : INFO : 分词已保存至文件 D:\Python27_NLP\src\景区\000286.txt
2017-05-23 10:38:32,270 : INFO : D:\Python27_NLP\src\景区\000287.txt
2017-05-23 10:38:32,276 : INFO : 分词已保存至文件 D:\Python27_NLP\src\景区\000287.txt
2017-05-23 10:38:32,276 : INFO : D:\Python27_NLP\src\景区\000288.txt
2017-05-23 10:38:32,280 : INFO : 分词已保存至文件 D:\Python27_NLP\src\景区\000288.txt
2017-05-23 10:38:32,280 : INFO : D:\Python27_NLP\src\景区\000289.txt
2017-05-23 10:38:32,286 : INFO : 分词已保存至文件 D:\Python27_NLP\src\景区\000289.txt
2017-05-23 10:38:32,286 : INFO : D:\Python27_NLP\src\景区\000290.txt
2017-05-23 10:38:32,292 : INFO : 分词已保存至文件 D:\Python27_NLP\src\景区\000290.txt
2017-05-23 10:38:32,292 : INFO : D:\Python27_NLP\src\景区\000291.txt
2017-05-23 10:38:32,296 : INFO : 分词已保存至文件 D:\Python27_NLP\src\景区\000291.txt
2017-05-23 10:38:32,296 : INFO : D:\Python27_NLP\src\景区\000292.txt
2017-05-23 10:38:32,302 : INFO : 分词已保存至文件 D:\Python27_NLP\src\景区\000292.txt
2017-05-23 10:38:32,302 : INFO : D:\Python27_NLP\src\景区\000293.txt
2017-05-23 10:38:32,306 : INFO : 分词已保存至文件 D:\Python27_NLP\src\景区\000293.txt
2017-05-23 10:38:32,308 : INFO : D:\Python27_NLP\src\景区\000294.txt
2017-05-23 10:38:32,312 : INFO : 分词已保存至文件 D:\Python27_NLP\src\景区\000294.txt
2017-05-23 10:38:32,312 : INFO : D:\Python27_NLP\src\景区\000295.txt
2017-05-23 10:38:32,316 : INFO : 分词已保存至文件 D:\Python27_NLP\src\景区\000295.txt
2017-05-23 10:38:32,316 : INFO : D:\Python27_NLP\src\景区\000296.txt
2017-05-23 10:38:32,321 : INFO : 分词已保存至文件 D:\Python27_NLP\src\景区\000296.txt
2017-05-23 10:38:32,321 : INFO : D:\Python27_NLP\src\景区\000297.txt
2017-05-23 10:38:32,325 : INFO : 分词已保存至文件 D:\Python27_NLP\src\景区\000297.txt
2017-05-23 10:38:32,325 : INFO : D:\Python27_NLP\src\景区\000298.txt
2017-05-23 10:38:32,331 : INFO : 分词已保存至文件 D:\Python27_NLP\src\景区\000298.txt
2017-05-23 10:38:32,331 : INFO : D:\Python27_NLP\src\景区\000299.txt
2017-05-23 10:38:32,335 : INFO : 分词已保存至文件 D:\Python27_NLP\src\景区\000299.txt
2017-05-23 10:38:32,335 : INFO : D:\Python27_NLP\src\景区\000300.txt
2017-05-23 10:38:32,339 : INFO : 分词已保存至文件 D:\Python27_NLP\src\景区\000300.txt
2017-05-23 10:38:32,339 : INFO : D:\Python27_NLP\src\景区\000301.txt
2017-05-23 10:38:32,345 : INFO : 分词已保存至文件 D:\Python27_NLP\src\景区\000301.txt
2017-05-23 10:38:32,345 : INFO : D:\Python27_NLP\src\景区\000302.txt
2017-05-23 10:38:32,349 : INFO : 分词已保存至文件 D:\Python27_NLP\src\景区\000302.txt
2017-05-23 10:38:32,349 : INFO : D:\Python27_NLP\src\景区\000303.txt
2017-05-23 10:38:32,355 : INFO : 分词已保存至文件 D:\Python27_NLP\src\景区\000303.txt
2017-05-23 10:38:32,355 : INFO : D:\Python27_NLP\src\景区\000304.txt
2017-05-23 10:38:32,358 : INFO : 分词已保存至文件 D:\Python27_NLP\src\景区\000304.txt
2017-05-23 10:38:32,359 : INFO : D:\Python27_NLP\src\景区\000305.txt
2017-05-23 10:38:32,365 : INFO : 分词已保存至文件 D:\Python27_NLP\src\景区\000305.txt
2017-05-23 10:38:32,365 : INFO : D:\Python27_NLP\src\景区\000306.txt
2017-05-23 10:38:32,369 : INFO : 分词已保存至文件 D:\Python27_NLP\src\景区\000306.txt
2017-05-23 10:38:32,369 : INFO : D:\Python27_NLP\src\景区\000307.txt
2017-05-23 10:38:32,375 : INFO : 分词已保存至文件 D:\Python27_NLP\src\景区\000307.txt
2017-05-23 10:38:32,375 : INFO : D:\Python27_NLP\src\景区\000308.txt
2017-05-23 10:38:32,378 : INFO : 分词已保存至文件 D:\Python27_NLP\src\景区\000308.txt
2017-05-23 10:38:32,380 : INFO : D:\Python27_NLP\src\景区\000309.txt
2017-05-23 10:38:32,384 : INFO : 分词已保存至文件 D:\Python27_NLP\src\景区\000309.txt
2017-05-23 10:38:32,384 : INFO : D:\Python27_NLP\src\景区\000310.txt
2017-05-23 10:38:32,388 : INFO : 分词已保存至文件 D:\Python27_NLP\src\景区\000310.txt
2017-05-23 10:38:32,388 : INFO : D:\Python27_NLP\src\景区\000311.txt
2017-05-23 10:38:32,394 : INFO : 分词已保存至文件 D:\Python27_NLP\src\景区\000311.txt
2017-05-23 10:38:32,394 : INFO : D:\Python27_NLP\src\景区\000312.txt
2017-05-23 10:38:32,398 : INFO : 分词已保存至文件 D:\Python27_NLP\src\景区\000312.txt
2017-05-23 10:38:32,398 : INFO : D:\Python27_NLP\src\景区\000313.txt
2017-05-23 10:38:32,404 : INFO : 分词已保存至文件 D:\Python27_NLP\src\景区\000313.txt
2017-05-23 10:38:32,404 : INFO : D:\Python27_NLP\src\景区\000314.txt
2017-05-23 10:38:32,408 : INFO : 分词已保存至文件 D:\Python27_NLP\src\景区\000314.txt
2017-05-23 10:38:32,408 : INFO : D:\Python27_NLP\src\景区\000315.txt
2017-05-23 10:38:32,414 : INFO : 分词已保存至文件 D:\Python27_NLP\src\景区\000315.txt
2017-05-23 10:38:32,414 : INFO : D:\Python27_NLP\src\景区\000316.txt
2017-05-23 10:38:32,420 : INFO : 分词已保存至文件 D:\Python27_NLP\src\景区\000316.txt
2017-05-23 10:38:32,420 : INFO : D:\Python27_NLP\src\景区\000317.txt
2017-05-23 10:38:32,446 : INFO : 分词已保存至文件 D:\Python27_NLP\src\景区\000317.txt
2017-05-23 10:38:32,446 : INFO : D:\Python27_NLP\src\景区\000318.txt
2017-05-23 10:38:32,450 : INFO : 分词已保存至文件 D:\Python27_NLP\src\景区\000318.txt
2017-05-23 10:38:32,450 : INFO : D:\Python27_NLP\src\景区\000319.txt
2017-05-23 10:38:32,456 : INFO : 分词已保存至文件 D:\Python27_NLP\src\景区\000319.txt
2017-05-23 10:38:32,456 : INFO : D:\Python27_NLP\src\景区\000320.txt
2017-05-23 10:38:32,460 : INFO : 分词已保存至文件 D:\Python27_NLP\src\景区\000320.txt
2017-05-23 10:38:32,461 : INFO : D:\Python27_NLP\src\景区\000321.txt
2017-05-23 10:38:32,483 : INFO : 分词已保存至文件 D:\Python27_NLP\src\景区\000321.txt
2017-05-23 10:38:32,483 : INFO : D:\Python27_NLP\src\景区\000322.txt
2017-05-23 10:38:32,489 : INFO : 分词已保存至文件 D:\Python27_NLP\src\景区\000322.txt
2017-05-23 10:38:32,489 : INFO : D:\Python27_NLP\src\景区\000323.txt
2017-05-23 10:38:32,505 : INFO : 分词已保存至文件 D:\Python27_NLP\src\景区\000323.txt
2017-05-23 10:38:32,505 : INFO : D:\Python27_NLP\src\景区\000324.txt
2017-05-23 10:38:32,509 : INFO : 分词已保存至文件 D:\Python27_NLP\src\景区\000324.txt
2017-05-23 10:38:32,509 : INFO : D:\Python27_NLP\src\景区\000325.txt
2017-05-23 10:38:32,516 : INFO : 分词已保存至文件 D:\Python27_NLP\src\景区\000325.txt
2017-05-23 10:38:32,516 : INFO : D:\Python27_NLP\src\景区\000326.txt
2017-05-23 10:38:32,522 : INFO : 分词已保存至文件 D:\Python27_NLP\src\景区\000326.txt
2017-05-23 10:38:32,522 : INFO : D:\Python27_NLP\src\景区\000327.txt
2017-05-23 10:38:32,528 : INFO : 分词已保存至文件 D:\Python27_NLP\src\景区\000327.txt
2017-05-23 10:38:32,528 : INFO : D:\Python27_NLP\src\景区\000328.txt
2017-05-23 10:38:32,532 : INFO : 分词已保存至文件 D:\Python27_NLP\src\景区\000328.txt
2017-05-23 10:38:32,532 : INFO : D:\Python27_NLP\src\景区\000329.txt
2017-05-23 10:38:32,552 : INFO : 分词已保存至文件 D:\Python27_NLP\src\景区\000329.txt
2017-05-23 10:38:32,568 : INFO : D:\Python27_NLP\src\景区\000330.txt
2017-05-23 10:38:32,579 : INFO : 分词已保存至文件 D:\Python27_NLP\src\景区\000330.txt
2017-05-23 10:38:32,581 : INFO : D:\Python27_NLP\src\景区\000331.txt
2017-05-23 10:38:32,592 : INFO : 分词已保存至文件 D:\Python27_NLP\src\景区\000331.txt
2017-05-23 10:38:32,592 : INFO : D:\Python27_NLP\src\景区\000332.txt
2017-05-23 10:38:32,598 : INFO : 分词已保存至文件 D:\Python27_NLP\src\景区\000332.txt
2017-05-23 10:38:32,599 : INFO : D:\Python27_NLP\src\景区\000333.txt
2017-05-23 10:38:32,605 : INFO : 分词已保存至文件 D:\Python27_NLP\src\景区\000333.txt
2017-05-23 10:38:32,605 : INFO : D:\Python27_NLP\src\景区\000334.txt
2017-05-23 10:38:32,609 : INFO : 分词已保存至文件 D:\Python27_NLP\src\景区\000334.txt
2017-05-23 10:38:32,611 : INFO : D:\Python27_NLP\src\景区\000335.txt
2017-05-23 10:38:32,615 : INFO : 分词已保存至文件 D:\Python27_NLP\src\景区\000335.txt
2017-05-23 10:38:32,615 : INFO : D:\Python27_NLP\src\景区\000336.txt
2017-05-23 10:38:32,621 : INFO : 分词已保存至文件 D:\Python27_NLP\src\景区\000336.txt
2017-05-23 10:38:32,621 : INFO : D:\Python27_NLP\src\景区\000337.txt
2017-05-23 10:38:32,625 : INFO : 分词已保存至文件 D:\Python27_NLP\src\景区\000337.txt
2017-05-23 10:38:32,625 : INFO : D:\Python27_NLP\src\景区\000338.txt
2017-05-23 10:38:32,631 : INFO : 分词已保存至文件 D:\Python27_NLP\src\景区\000338.txt
2017-05-23 10:38:32,631 : INFO : D:\Python27_NLP\src\景区\000339.txt
2017-05-23 10:38:32,634 : INFO : 分词已保存至文件 D:\Python27_NLP\src\景区\000339.txt
2017-05-23 10:38:32,634 : INFO : D:\Python27_NLP\src\景区\000340.txt
2017-05-23 10:38:32,638 : INFO : 分词已保存至文件 D:\Python27_NLP\src\景区\000340.txt
2017-05-23 10:38:32,638 : INFO : D:\Python27_NLP\src\景区\000341.txt
2017-05-23 10:38:32,999 : INFO : 分词已保存至文件 D:\Python27_NLP\src\景区\000341.txt
2017-05-23 10:38:32,999 : INFO : D:\Python27_NLP\src\景区\000342.txt
2017-05-23 10:38:33,003 : INFO : 分词已保存至文件 D:\Python27_NLP\src\景区\000342.txt
2017-05-23 10:38:33,003 : INFO : D:\Python27_NLP\src\景区\000343.txt
2017-05-23 10:38:33,007 : INFO : 分词已保存至文件 D:\Python27_NLP\src\景区\000343.txt
2017-05-23 10:38:33,007 : INFO : D:\Python27_NLP\src\景区\000344.txt
2017-05-23 10:38:33,012 : INFO : 分词已保存至文件 D:\Python27_NLP\src\景区\000344.txt
2017-05-23 10:38:33,013 : INFO : D:\Python27_NLP\src\景区\000345.txt
2017-05-23 10:38:33,121 : INFO : 分词已保存至文件 D:\Python27_NLP\src\景区\000345.txt
2017-05-23 10:38:33,121 : INFO : D:\Python27_NLP\src\景区\000346.txt
2017-05-23 10:38:33,132 : INFO : 分词已保存至文件 D:\Python27_NLP\src\景区\000346.txt
2017-05-23 10:38:33,132 : INFO : D:\Python27_NLP\src\景区\000347.txt
2017-05-23 10:38:33,140 : INFO : 分词已保存至文件 D:\Python27_NLP\src\景区\000347.txt
2017-05-23 10:38:33,141 : INFO : D:\Python27_NLP\src\景区\000348.txt
2017-05-23 10:38:33,147 : INFO : 分词已保存至文件 D:\Python27_NLP\src\景区\000348.txt
2017-05-23 10:38:33,147 : INFO : D:\Python27_NLP\src\景区\000349.txt
2017-05-23 10:38:33,161 : INFO : 分词已保存至文件 D:\Python27_NLP\src\景区\000349.txt
2017-05-23 10:38:33,161 : INFO : D:\Python27_NLP\src\景区\000350.txt
2017-05-23 10:38:33,167 : INFO : 分词已保存至文件 D:\Python27_NLP\src\景区\000350.txt
2017-05-23 10:38:33,167 : INFO : D:\Python27_NLP\src\景区\000351.txt
2017-05-23 10:38:33,171 : INFO : 分词已保存至文件 D:\Python27_NLP\src\景区\000351.txt
2017-05-23 10:38:33,171 : INFO : D:\Python27_NLP\src\景区\000352.txt
2017-05-23 10:38:33,177 : INFO : 分词已保存至文件 D:\Python27_NLP\src\景区\000352.txt
2017-05-23 10:38:33,177 : INFO : D:\Python27_NLP\src\景区\000353.txt
2017-05-23 10:38:33,188 : INFO : 分词已保存至文件 D:\Python27_NLP\src\景区\000353.txt
2017-05-23 10:38:33,188 : INFO : D:\Python27_NLP\src\景区\000354.txt
2017-05-23 10:38:33,194 : INFO : 分词已保存至文件 D:\Python27_NLP\src\景区\000354.txt
2017-05-23 10:38:33,194 : INFO : D:\Python27_NLP\src\景区\000355.txt
2017-05-23 10:38:33,198 : INFO : 分词已保存至文件 D:\Python27_NLP\src\景区\000355.txt
2017-05-23 10:38:33,198 : INFO : D:\Python27_NLP\src\景区\000356.txt
2017-05-23 10:38:33,203 : INFO : 分词已保存至文件 D:\Python27_NLP\src\景区\000356.txt
2017-05-23 10:38:33,203 : INFO : D:\Python27_NLP\src\景区\000357.txt
2017-05-23 10:38:33,209 : INFO : 分词已保存至文件 D:\Python27_NLP\src\景区\000357.txt
2017-05-23 10:38:33,209 : INFO : D:\Python27_NLP\src\景区\000358.txt
2017-05-23 10:38:33,213 : INFO : 分词已保存至文件 D:\Python27_NLP\src\景区\000358.txt
2017-05-23 10:38:33,213 : INFO : D:\Python27_NLP\src\景区\000359.txt
2017-05-23 10:38:33,217 : INFO : 分词已保存至文件 D:\Python27_NLP\src\景区\000359.txt
2017-05-23 10:38:33,217 : INFO : D:\Python27_NLP\src\景区\000360.txt
2017-05-23 10:38:33,223 : INFO : 分词已保存至文件 D:\Python27_NLP\src\景区\000360.txt
2017-05-23 10:38:33,223 : INFO : D:\Python27_NLP\src\景区\000361.txt
2017-05-23 10:38:33,229 : INFO : 分词已保存至文件 D:\Python27_NLP\src\景区\000361.txt
2017-05-23 10:38:33,230 : INFO : D:\Python27_NLP\src\景区\000362.txt
2017-05-23 10:38:33,233 : INFO : 分词已保存至文件 D:\Python27_NLP\src\景区\000362.txt
2017-05-23 10:38:33,234 : INFO : D:\Python27_NLP\src\景区\000363.txt
2017-05-23 10:38:33,240 : INFO : 分词已保存至文件 D:\Python27_NLP\src\景区\000363.txt
2017-05-23 10:38:33,240 : INFO : D:\Python27_NLP\src\景区\000364.txt
2017-05-23 10:38:33,243 : INFO : 分词已保存至文件 D:\Python27_NLP\src\景区\000364.txt
2017-05-23 10:38:33,244 : INFO : D:\Python27_NLP\src\景区\000365.txt
2017-05-23 10:38:33,250 : INFO : 分词已保存至文件 D:\Python27_NLP\src\景区\000365.txt
2017-05-23 10:38:33,250 : INFO : D:\Python27_NLP\src\景区\000366.txt
2017-05-23 10:38:33,255 : INFO : 分词已保存至文件 D:\Python27_NLP\src\景区\000366.txt
2017-05-23 10:38:33,255 : INFO : D:\Python27_NLP\src\景区\000367.txt
2017-05-23 10:38:33,259 : INFO : 分词已保存至文件 D:\Python27_NLP\src\景区\000367.txt
2017-05-23 10:38:33,259 : INFO : D:\Python27_NLP\src\景区\000368.txt
2017-05-23 10:38:33,265 : INFO : 分词已保存至文件 D:\Python27_NLP\src\景区\000368.txt
2017-05-23 10:38:33,266 : INFO : D:\Python27_NLP\src\景区\000369.txt
2017-05-23 10:38:33,312 : INFO : 分词已保存至文件 D:\Python27_NLP\src\景区\000369.txt
2017-05-23 10:38:33,313 : INFO : D:\Python27_NLP\src\景区\000370.txt
2017-05-23 10:38:33,319 : INFO : 分词已保存至文件 D:\Python27_NLP\src\景区\000370.txt
2017-05-23 10:38:33,319 : INFO : D:\Python27_NLP\src\景区\000371.txt
2017-05-23 10:38:33,322 : INFO : 分词已保存至文件 D:\Python27_NLP\src\景区\000371.txt
2017-05-23 10:38:33,323 : INFO : D:\Python27_NLP\src\景区\000372.txt
2017-05-23 10:38:33,328 : INFO : 分词已保存至文件 D:\Python27_NLP\src\景区\000372.txt
2017-05-23 10:38:33,328 : INFO : D:\Python27_NLP\src\景区\000373.txt
2017-05-23 10:38:33,335 : INFO : 分词已保存至文件 D:\Python27_NLP\src\景区\000373.txt
2017-05-23 10:38:33,335 : INFO : D:\Python27_NLP\src\景区\000374.txt
2017-05-23 10:38:33,341 : INFO : 分词已保存至文件 D:\Python27_NLP\src\景区\000374.txt
2017-05-23 10:38:33,341 : INFO : D:\Python27_NLP\src\景区\000375.txt
2017-05-23 10:38:33,345 : INFO : 分词已保存至文件 D:\Python27_NLP\src\景区\000375.txt
2017-05-23 10:38:33,345 : INFO : D:\Python27_NLP\src\景区\000376.txt
2017-05-23 10:38:33,351 : INFO : 分词已保存至文件 D:\Python27_NLP\src\景区\000376.txt
2017-05-23 10:38:33,351 : INFO : D:\Python27_NLP\src\景区\000377.txt
2017-05-23 10:38:33,594 : INFO : 分词已保存至文件 D:\Python27_NLP\src\景区\000377.txt
2017-05-23 10:38:33,594 : INFO : D:\Python27_NLP\src\景区\000378.txt
2017-05-23 10:38:33,598 : INFO : 分词已保存至文件 D:\Python27_NLP\src\景区\000378.txt
2017-05-23 10:38:33,598 : INFO : D:\Python27_NLP\src\景区\000379.txt
2017-05-23 10:38:33,602 : INFO : 分词已保存至文件 D:\Python27_NLP\src\景区\000379.txt
2017-05-23 10:38:33,604 : INFO : D:\Python27_NLP\src\景区\000380.txt
2017-05-23 10:38:33,608 : INFO : 分词已保存至文件 D:\Python27_NLP\src\景区\000380.txt
2017-05-23 10:38:33,608 : INFO : D:\Python27_NLP\src\景区\000381.txt
2017-05-23 10:38:33,631 : INFO : 分词已保存至文件 D:\Python27_NLP\src\景区\000381.txt
2017-05-23 10:38:33,631 : INFO : D:\Python27_NLP\src\景区\000382.txt
2017-05-23 10:38:33,635 : INFO : 分词已保存至文件 D:\Python27_NLP\src\景区\000382.txt
2017-05-23 10:38:33,635 : INFO : D:\Python27_NLP\src\景区\000383.txt
2017-05-23 10:38:33,641 : INFO : 分词已保存至文件 D:\Python27_NLP\src\景区\000383.txt
2017-05-23 10:38:33,641 : INFO : D:\Python27_NLP\src\景区\000384.txt
2017-05-23 10:38:33,647 : INFO : 分词已保存至文件 D:\Python27_NLP\src\景区\000384.txt
2017-05-23 10:38:33,647 : INFO : D:\Python27_NLP\src\景区\000385.txt
2017-05-23 10:38:33,698 : INFO : 分词已保存至文件 D:\Python27_NLP\src\景区\000385.txt
2017-05-23 10:38:33,698 : INFO : D:\Python27_NLP\src\景区\000386.txt
2017-05-23 10:38:33,703 : INFO : 分词已保存至文件 D:\Python27_NLP\src\景区\000386.txt
2017-05-23 10:38:33,703 : INFO : D:\Python27_NLP\src\景区\000387.txt
2017-05-23 10:38:33,710 : INFO : 分词已保存至文件 D:\Python27_NLP\src\景区\000387.txt
2017-05-23 10:38:33,710 : INFO : D:\Python27_NLP\src\景区\000388.txt
2017-05-23 10:38:33,716 : INFO : 分词已保存至文件 D:\Python27_NLP\src\景区\000388.txt
2017-05-23 10:38:33,716 : INFO : D:\Python27_NLP\src\景区\000389.txt
2017-05-23 10:38:33,739 : INFO : 分词已保存至文件 D:\Python27_NLP\src\景区\000389.txt
2017-05-23 10:38:33,739 : INFO : D:\Python27_NLP\src\景区\000390.txt
2017-05-23 10:38:33,743 : INFO : 分词已保存至文件 D:\Python27_NLP\src\景区\000390.txt
2017-05-23 10:38:33,743 : INFO : D:\Python27_NLP\src\景区\000391.txt
2017-05-23 10:38:33,750 : INFO : 分词已保存至文件 D:\Python27_NLP\src\景区\000391.txt
2017-05-23 10:38:33,750 : INFO : D:\Python27_NLP\src\景区\000392.txt
2017-05-23 10:38:33,753 : INFO : 分词已保存至文件 D:\Python27_NLP\src\景区\000392.txt
2017-05-23 10:38:33,753 : INFO : D:\Python27_NLP\src\景区\000393.txt
2017-05-23 10:38:33,767 : INFO : 分词已保存至文件 D:\Python27_NLP\src\景区\000393.txt
2017-05-23 10:38:33,767 : INFO : D:\Python27_NLP\src\景区\000394.txt
2017-05-23 10:38:33,772 : INFO : 分词已保存至文件 D:\Python27_NLP\src\景区\000394.txt
2017-05-23 10:38:33,773 : INFO : D:\Python27_NLP\src\景区\000395.txt
2017-05-23 10:38:33,776 : INFO : 分词已保存至文件 D:\Python27_NLP\src\景区\000395.txt
2017-05-23 10:38:33,776 : INFO : D:\Python27_NLP\src\景区\000396.txt
2017-05-23 10:38:33,779 : INFO : 分词已保存至文件 D:\Python27_NLP\src\景区\000396.txt
2017-05-23 10:38:33,779 : INFO : D:\Python27_NLP\src\景区\000397.txt
2017-05-23 10:38:33,795 : INFO : 分词已保存至文件 D:\Python27_NLP\src\景区\000397.txt
2017-05-23 10:38:33,795 : INFO : D:\Python27_NLP\src\景区\000398.txt
2017-05-23 10:38:33,799 : INFO : 分词已保存至文件 D:\Python27_NLP\src\景区\000398.txt
2017-05-23 10:38:33,799 : INFO : D:\Python27_NLP\src\景区\000399.txt
2017-05-23 10:38:33,803 : INFO : 分词已保存至文件 D:\Python27_NLP\src\景区\000399.txt
2017-05-23 10:38:33,805 : INFO : D:\Python27_NLP\src\景区\000400.txt
2017-05-23 10:38:33,851 : INFO : 分词已保存至文件 D:\Python27_NLP\src\景区\000400.txt
2017-05-23 10:38:33,851 : INFO : D:\Python27_NLP\src\景区\000401.txt
2017-05-23 10:38:33,855 : INFO : 分词已保存至文件 D:\Python27_NLP\src\景区\000401.txt
2017-05-23 10:38:33,855 : INFO : D:\Python27_NLP\src\景区\000402.txt
2017-05-23 10:38:33,858 : INFO : 分词已保存至文件 D:\Python27_NLP\src\景区\000402.txt
2017-05-23 10:38:33,859 : INFO : D:\Python27_NLP\src\景区\000403.txt
2017-05-23 10:38:33,877 : INFO : 分词已保存至文件 D:\Python27_NLP\src\景区\000403.txt
2017-05-23 10:38:33,877 : INFO : D:\Python27_NLP\src\景区\000404.txt
2017-05-23 10:38:33,881 : INFO : 分词已保存至文件 D:\Python27_NLP\src\景区\000404.txt
2017-05-23 10:38:33,881 : INFO : D:\Python27_NLP\src\景区\000405.txt
2017-05-23 10:38:33,894 : INFO : 分词已保存至文件 D:\Python27_NLP\src\景区\000405.txt
2017-05-23 10:38:33,894 : INFO : D:\Python27_NLP\src\景区\000406.txt
2017-05-23 10:38:33,918 : INFO : 分词已保存至文件 D:\Python27_NLP\src\景区\000406.txt
2017-05-23 10:38:33,918 : INFO : D:\Python27_NLP\src\景区\000407.txt
2017-05-23 10:38:33,923 : INFO : 分词已保存至文件 D:\Python27_NLP\src\景区\000407.txt
2017-05-23 10:38:33,923 : INFO : D:\Python27_NLP\src\景区\000408.txt
2017-05-23 10:38:33,934 : INFO : 分词已保存至文件 D:\Python27_NLP\src\景区\000408.txt
2017-05-23 10:38:33,934 : INFO : D:\Python27_NLP\src\景区\000409.txt
2017-05-23 10:38:33,940 : INFO : 分词已保存至文件 D:\Python27_NLP\src\景区\000409.txt
2017-05-23 10:38:33,940 : INFO : D:\Python27_NLP\src\景区\000410.txt
2017-05-23 10:38:33,944 : INFO : 分词已保存至文件 D:\Python27_NLP\src\景区\000410.txt
2017-05-23 10:38:33,944 : INFO : D:\Python27_NLP\src\景区\000411.txt
2017-05-23 10:38:33,950 : INFO : 分词已保存至文件 D:\Python27_NLP\src\景区\000411.txt
2017-05-23 10:38:33,950 : INFO : D:\Python27_NLP\src\景区\000412.txt
2017-05-23 10:38:33,953 : INFO : 分词已保存至文件 D:\Python27_NLP\src\景区\000412.txt
2017-05-23 10:38:33,953 : INFO : D:\Python27_NLP\src\景区\000413.txt
2017-05-23 10:38:33,957 : INFO : 分词已保存至文件 D:\Python27_NLP\src\景区\000413.txt
2017-05-23 10:38:33,957 : INFO : D:\Python27_NLP\src\景区\000414.txt
2017-05-23 10:38:33,961 : INFO : 分词已保存至文件 D:\Python27_NLP\src\景区\000414.txt
2017-05-23 10:38:33,961 : INFO : D:\Python27_NLP\src\景区\000415.txt
2017-05-23 10:38:33,966 : INFO : 分词已保存至文件 D:\Python27_NLP\src\景区\000415.txt
2017-05-23 10:38:33,966 : INFO : D:\Python27_NLP\src\景区\000416.txt
2017-05-23 10:38:33,969 : INFO : 分词已保存至文件 D:\Python27_NLP\src\景区\000416.txt
2017-05-23 10:38:33,969 : INFO : D:\Python27_NLP\src\景区\000417.txt
2017-05-23 10:38:33,973 : INFO : 分词已保存至文件 D:\Python27_NLP\src\景区\000417.txt
2017-05-23 10:38:33,973 : INFO : D:\Python27_NLP\src\景区\000418.txt
2017-05-23 10:38:33,976 : INFO : 分词已保存至文件 D:\Python27_NLP\src\景区\000418.txt
2017-05-23 10:38:33,976 : INFO : D:\Python27_NLP\src\景区\000420.txt
2017-05-23 10:38:33,980 : INFO : 分词已保存至文件 D:\Python27_NLP\src\景区\000420.txt
2017-05-23 10:38:33,980 : INFO : D:\Python27_NLP\src\景区\000421.txt
2017-05-23 10:38:33,983 : INFO : 分词已保存至文件 D:\Python27_NLP\src\景区\000421.txt
2017-05-23 10:38:33,984 : INFO : D:\Python27_NLP\src\景区\000422.txt
2017-05-23 10:38:33,987 : INFO : 分词已保存至文件 D:\Python27_NLP\src\景区\000422.txt
2017-05-23 10:38:33,987 : INFO : D:\Python27_NLP\src\景区\000423.txt
2017-05-23 10:38:33,992 : INFO : 分词已保存至文件 D:\Python27_NLP\src\景区\000423.txt
2017-05-23 10:38:33,992 : INFO : D:\Python27_NLP\src\景区\000424.txt
2017-05-23 10:38:33,994 : INFO : 分词已保存至文件 D:\Python27_NLP\src\景区\000424.txt
2017-05-23 10:38:33,996 : INFO : D:\Python27_NLP\src\景区\000425.txt
2017-05-23 10:38:34,000 : INFO : 分词已保存至文件 D:\Python27_NLP\src\景区\000425.txt
2017-05-23 10:38:34,000 : INFO : D:\Python27_NLP\src\景区\000426.txt
2017-05-23 10:38:34,009 : INFO : 分词已保存至文件 D:\Python27_NLP\src\景区\000426.txt
2017-05-23 10:38:34,009 : INFO : D:\Python27_NLP\src\景区\000427.txt
2017-05-23 10:38:34,013 : INFO : 分词已保存至文件 D:\Python27_NLP\src\景区\000427.txt
2017-05-23 10:38:34,013 : INFO : D:\Python27_NLP\src\景区\000429.txt
2017-05-23 10:38:34,016 : INFO : 分词已保存至文件 D:\Python27_NLP\src\景区\000429.txt
2017-05-23 10:38:34,017 : INFO : D:\Python27_NLP\src\景区\000430.txt
2017-05-23 10:38:34,020 : INFO : 分词已保存至文件 D:\Python27_NLP\src\景区\000430.txt
2017-05-23 10:38:34,020 : INFO : D:\Python27_NLP\src\景区\000431.txt
2017-05-23 10:38:34,025 : INFO : 分词已保存至文件 D:\Python27_NLP\src\景区\000431.txt
2017-05-23 10:38:34,025 : INFO : D:\Python27_NLP\src\景区\000433.txt
2017-05-23 10:38:34,029 : INFO : 分词已保存至文件 D:\Python27_NLP\src\景区\000433.txt
2017-05-23 10:38:34,029 : INFO : D:\Python27_NLP\src\景区\000434.txt
2017-05-23 10:38:34,032 : INFO : 分词已保存至文件 D:\Python27_NLP\src\景区\000434.txt
2017-05-23 10:38:34,032 : INFO : D:\Python27_NLP\src\景区\000435.txt
2017-05-23 10:38:34,036 : INFO : 分词已保存至文件 D:\Python27_NLP\src\景区\000435.txt
2017-05-23 10:38:34,036 : INFO : D:\Python27_NLP\src\景区\000436.txt
2017-05-23 10:38:34,063 : INFO : 分词已保存至文件 D:\Python27_NLP\src\景区\000436.txt
2017-05-23 10:38:34,063 : INFO : D:\Python27_NLP\src\景区\000437.txt
2017-05-23 10:38:34,066 : INFO : 分词已保存至文件 D:\Python27_NLP\src\景区\000437.txt
2017-05-23 10:38:34,068 : INFO : D:\Python27_NLP\src\景区\000438.txt
2017-05-23 10:38:34,071 : INFO : 分词已保存至文件 D:\Python27_NLP\src\景区\000438.txt
2017-05-23 10:38:34,072 : INFO : D:\Python27_NLP\src\景区\000439.txt
2017-05-23 10:38:34,075 : INFO : 分词已保存至文件 D:\Python27_NLP\src\景区\000439.txt
2017-05-23 10:38:34,075 : INFO : D:\Python27_NLP\src\景区\000440.txt
2017-05-23 10:38:34,082 : INFO : 分词已保存至文件 D:\Python27_NLP\src\景区\000440.txt
2017-05-23 10:38:34,082 : INFO : D:\Python27_NLP\src\景区\000441.txt
2017-05-23 10:38:34,085 : INFO : 分词已保存至文件 D:\Python27_NLP\src\景区\000441.txt
2017-05-23 10:38:34,085 : INFO : D:\Python27_NLP\src\景区\000442.txt
2017-05-23 10:38:34,088 : INFO : 分词已保存至文件 D:\Python27_NLP\src\景区\000442.txt
2017-05-23 10:38:34,089 : INFO : D:\Python27_NLP\src\景区\000443.txt
2017-05-23 10:38:34,092 : INFO : 分词已保存至文件 D:\Python27_NLP\src\景区\000443.txt
2017-05-23 10:38:34,092 : INFO : D:\Python27_NLP\src\景区\000444.txt
2017-05-23 10:38:34,101 : INFO : 分词已保存至文件 D:\Python27_NLP\src\景区\000444.txt
2017-05-23 10:38:34,101 : INFO : D:\Python27_NLP\src\景区\000445.txt
2017-05-23 10:38:34,104 : INFO : 分词已保存至文件 D:\Python27_NLP\src\景区\000445.txt
2017-05-23 10:38:34,104 : INFO : D:\Python27_NLP\src\景区\000446.txt
2017-05-23 10:38:34,108 : INFO : 分词已保存至文件 D:\Python27_NLP\src\景区\000446.txt
2017-05-23 10:38:34,108 : INFO : D:\Python27_NLP\src\景区\000447.txt
2017-05-23 10:38:34,111 : INFO : 分词已保存至文件 D:\Python27_NLP\src\景区\000447.txt
2017-05-23 10:38:34,112 : INFO : D:\Python27_NLP\src\景区\000448.txt
2017-05-23 10:38:34,115 : INFO : 分词已保存至文件 D:\Python27_NLP\src\景区\000448.txt
2017-05-23 10:38:34,117 : INFO : D:\Python27_NLP\src\景区\000449.txt
2017-05-23 10:38:34,119 : INFO : 分词已保存至文件 D:\Python27_NLP\src\景区\000449.txt
2017-05-23 10:38:34,121 : INFO : D:\Python27_NLP\src\景区\000450.txt
2017-05-23 10:38:34,124 : INFO : 分词已保存至文件 D:\Python27_NLP\src\景区\000450.txt
2017-05-23 10:38:34,124 : INFO : D:\Python27_NLP\src\景区\000451.txt
2017-05-23 10:38:34,128 : INFO : 分词已保存至文件 D:\Python27_NLP\src\景区\000451.txt
2017-05-23 10:38:34,128 : INFO : D:\Python27_NLP\src\景区\000452.txt
2017-05-23 10:38:34,132 : INFO : 分词已保存至文件 D:\Python27_NLP\src\景区\000452.txt
2017-05-23 10:38:34,132 : INFO : D:\Python27_NLP\src\景区\000453.txt
2017-05-23 10:38:34,135 : INFO : 分词已保存至文件 D:\Python27_NLP\src\景区\000453.txt
2017-05-23 10:38:34,137 : INFO : D:\Python27_NLP\src\景区\000454.txt
2017-05-23 10:38:34,140 : INFO : 分词已保存至文件 D:\Python27_NLP\src\景区\000454.txt
2017-05-23 10:38:34,140 : INFO : D:\Python27_NLP\src\景区\000455.txt
2017-05-23 10:38:34,144 : INFO : 分词已保存至文件 D:\Python27_NLP\src\景区\000455.txt
2017-05-23 10:38:34,144 : INFO : D:\Python27_NLP\src\景区\000456.txt
2017-05-23 10:38:34,148 : INFO : 分词已保存至文件 D:\Python27_NLP\src\景区\000456.txt
2017-05-23 10:38:34,150 : INFO : D:\Python27_NLP\src\景区\000457.txt
2017-05-23 10:38:34,153 : INFO : 分词已保存至文件 D:\Python27_NLP\src\景区\000457.txt
2017-05-23 10:38:34,153 : INFO : D:\Python27_NLP\src\景区\000458.txt
2017-05-23 10:38:34,157 : INFO : 分词已保存至文件 D:\Python27_NLP\src\景区\000458.txt
2017-05-23 10:38:34,157 : INFO : D:\Python27_NLP\src\景区\000459.txt
2017-05-23 10:38:34,161 : INFO : 分词已保存至文件 D:\Python27_NLP\src\景区\000459.txt
2017-05-23 10:38:34,161 : INFO : D:\Python27_NLP\src\景区\000460.txt
2017-05-23 10:38:34,193 : INFO : 分词已保存至文件 D:\Python27_NLP\src\景区\000460.txt
2017-05-23 10:38:34,193 : INFO : D:\Python27_NLP\src\景区\000461.txt
2017-05-23 10:38:34,196 : INFO : 分词已保存至文件 D:\Python27_NLP\src\景区\000461.txt
2017-05-23 10:38:34,196 : INFO : D:\Python27_NLP\src\景区\000462.txt
2017-05-23 10:38:34,200 : INFO : 分词已保存至文件 D:\Python27_NLP\src\景区\000462.txt
2017-05-23 10:38:34,200 : INFO : D:\Python27_NLP\src\景区\000463.txt
2017-05-23 10:38:34,203 : INFO : 分词已保存至文件 D:\Python27_NLP\src\景区\000463.txt
2017-05-23 10:38:34,203 : INFO : D:\Python27_NLP\src\景区\000464.txt
2017-05-23 10:38:34,207 : INFO : 分词已保存至文件 D:\Python27_NLP\src\景区\000464.txt
2017-05-23 10:38:34,207 : INFO : D:\Python27_NLP\src\景区\000465.txt
2017-05-23 10:38:34,211 : INFO : 分词已保存至文件 D:\Python27_NLP\src\景区\000465.txt
2017-05-23 10:38:34,211 : INFO : D:\Python27_NLP\src\景区\000466.txt
2017-05-23 10:38:34,216 : INFO : 分词已保存至文件 D:\Python27_NLP\src\景区\000466.txt
2017-05-23 10:38:34,216 : INFO : D:\Python27_NLP\src\景区\000467.txt
2017-05-23 10:38:34,220 : INFO : 分词已保存至文件 D:\Python27_NLP\src\景区\000467.txt
2017-05-23 10:38:34,220 : INFO : D:\Python27_NLP\src\景区\000468.txt
2017-05-23 10:38:34,223 : INFO : 分词已保存至文件 D:\Python27_NLP\src\景区\000468.txt
2017-05-23 10:38:34,223 : INFO : D:\Python27_NLP\src\景区\000469.txt
2017-05-23 10:38:34,227 : INFO : 分词已保存至文件 D:\Python27_NLP\src\景区\000469.txt
2017-05-23 10:38:34,227 : INFO : D:\Python27_NLP\src\景区\000470.txt
2017-05-23 10:38:34,230 : INFO : 分词已保存至文件 D:\Python27_NLP\src\景区\000470.txt
2017-05-23 10:38:34,232 : INFO : D:\Python27_NLP\src\景区\000471.txt
2017-05-23 10:38:34,234 : INFO : 分词已保存至文件 D:\Python27_NLP\src\景区\000471.txt
2017-05-23 10:38:34,234 : INFO : D:\Python27_NLP\src\景区\000472.txt
2017-05-23 10:38:34,239 : INFO : 分词已保存至文件 D:\Python27_NLP\src\景区\000472.txt
2017-05-23 10:38:34,239 : INFO : D:\Python27_NLP\src\景区\000474.txt
2017-05-23 10:38:34,243 : INFO : 分词已保存至文件 D:\Python27_NLP\src\景区\000474.txt
2017-05-23 10:38:34,243 : INFO : D:\Python27_NLP\src\景区\000475.txt
2017-05-23 10:38:34,246 : INFO : 分词已保存至文件 D:\Python27_NLP\src\景区\000475.txt
2017-05-23 10:38:34,246 : INFO : D:\Python27_NLP\src\景区\000476.txt
2017-05-23 10:38:34,250 : INFO : 分词已保存至文件 D:\Python27_NLP\src\景区\000476.txt
2017-05-23 10:38:34,250 : INFO : D:\Python27_NLP\src\景区\000477.txt
2017-05-23 10:38:34,253 : INFO : 分词已保存至文件 D:\Python27_NLP\src\景区\000477.txt
2017-05-23 10:38:34,253 : INFO : D:\Python27_NLP\src\景区\000478.txt
2017-05-23 10:38:34,256 : INFO : 分词已保存至文件 D:\Python27_NLP\src\景区\000478.txt
2017-05-23 10:38:34,257 : INFO : D:\Python27_NLP\src\景区\000480.txt
2017-05-23 10:38:34,260 : INFO : 分词已保存至文件 D:\Python27_NLP\src\景区\000480.txt
2017-05-23 10:38:34,260 : INFO : D:\Python27_NLP\src\景区\000481.txt
2017-05-23 10:38:34,265 : INFO : 分词已保存至文件 D:\Python27_NLP\src\景区\000481.txt
2017-05-23 10:38:34,265 : INFO : D:\Python27_NLP\src\景区\000482.txt
2017-05-23 10:38:34,269 : INFO : 分词已保存至文件 D:\Python27_NLP\src\景区\000482.txt
2017-05-23 10:38:34,269 : INFO : D:\Python27_NLP\src\景区\000483.txt
2017-05-23 10:38:34,273 : INFO : 分词已保存至文件 D:\Python27_NLP\src\景区\000483.txt
2017-05-23 10:38:34,273 : INFO : D:\Python27_NLP\src\景区\000484.txt
2017-05-23 10:38:34,276 : INFO : 分词已保存至文件 D:\Python27_NLP\src\景区\000484.txt
2017-05-23 10:38:34,276 : INFO : D:\Python27_NLP\src\景区\000485.txt
2017-05-23 10:38:34,280 : INFO : 分词已保存至文件 D:\Python27_NLP\src\景区\000485.txt
2017-05-23 10:38:34,280 : INFO : D:\Python27_NLP\src\景区\000486.txt
2017-05-23 10:38:34,299 : INFO : 分词已保存至文件 D:\Python27_NLP\src\景区\000486.txt
2017-05-23 10:38:34,299 : INFO : D:\Python27_NLP\src\景区\000487.txt
2017-05-23 10:38:34,302 : INFO : 分词已保存至文件 D:\Python27_NLP\src\景区\000487.txt
2017-05-23 10:38:34,302 : INFO : D:\Python27_NLP\src\景区\000488.txt
2017-05-23 10:38:34,306 : INFO : 分词已保存至文件 D:\Python27_NLP\src\景区\000488.txt
2017-05-23 10:38:34,306 : INFO : D:\Python27_NLP\src\景区\000489.txt
2017-05-23 10:38:34,311 : INFO : 分词已保存至文件 D:\Python27_NLP\src\景区\000489.txt
2017-05-23 10:38:34,311 : INFO : D:\Python27_NLP\src\景区\000490.txt
2017-05-23 10:38:34,316 : INFO : 分词已保存至文件 D:\Python27_NLP\src\景区\000490.txt
2017-05-23 10:38:34,316 : INFO : D:\Python27_NLP\src\景区\000491.txt
2017-05-23 10:38:34,323 : INFO : 分词已保存至文件 D:\Python27_NLP\src\景区\000491.txt
2017-05-23 10:38:34,323 : INFO : D:\Python27_NLP\src\景区\000492.txt
2017-05-23 10:38:34,328 : INFO : 分词已保存至文件 D:\Python27_NLP\src\景区\000492.txt
2017-05-23 10:38:34,328 : INFO : D:\Python27_NLP\src\景区\000493.txt
2017-05-23 10:38:34,332 : INFO : 分词已保存至文件 D:\Python27_NLP\src\景区\000493.txt
2017-05-23 10:38:34,332 : INFO : D:\Python27_NLP\src\景区\000495.txt
2017-05-23 10:38:34,335 : INFO : 分词已保存至文件 D:\Python27_NLP\src\景区\000495.txt
2017-05-23 10:38:34,335 : INFO : D:\Python27_NLP\src\景区\000496.txt
2017-05-23 10:38:34,339 : INFO : 分词已保存至文件 D:\Python27_NLP\src\景区\000496.txt
2017-05-23 10:38:34,339 : INFO : D:\Python27_NLP\src\景区\000497.txt
2017-05-23 10:38:34,342 : INFO : 分词已保存至文件 D:\Python27_NLP\src\景区\000497.txt
2017-05-23 10:38:34,344 : INFO : D:\Python27_NLP\src\景区\000498.txt
2017-05-23 10:38:34,346 : INFO : 分词已保存至文件 D:\Python27_NLP\src\景区\000498.txt
2017-05-23 10:38:34,346 : INFO : D:\Python27_NLP\src\景区\000499.txt
2017-05-23 10:38:34,351 : INFO : 分词已保存至文件 D:\Python27_NLP\src\景区\000499.txt
2017-05-23 10:38:34,351 : INFO : D:\Python27_NLP\src\景区\000500.txt
2017-05-23 10:38:34,355 : INFO : 分词已保存至文件 D:\Python27_NLP\src\景区\000500.txt
2017-05-23 10:38:34,355 : INFO : D:\Python27_NLP\src\景区\000501.txt
2017-05-23 10:38:34,358 : INFO : 分词已保存至文件 D:\Python27_NLP\src\景区\000501.txt
2017-05-23 10:38:34,358 : INFO : D:\Python27_NLP\src\景区\000502.txt
2017-05-23 10:38:34,362 : INFO : 分词已保存至文件 D:\Python27_NLP\src\景区\000502.txt
2017-05-23 10:38:34,362 : INFO : D:\Python27_NLP\src\景区\000503.txt
2017-05-23 10:38:34,367 : INFO : 分词已保存至文件 D:\Python27_NLP\src\景区\000503.txt
2017-05-23 10:38:34,367 : INFO : D:\Python27_NLP\src\景区\000504.txt
2017-05-23 10:38:34,369 : INFO : 分词已保存至文件 D:\Python27_NLP\src\景区\000504.txt
2017-05-23 10:38:34,369 : INFO : D:\Python27_NLP\src\景区\000505.txt
2017-05-23 10:38:34,374 : INFO : 分词已保存至文件 D:\Python27_NLP\src\景区\000505.txt
2017-05-23 10:38:34,374 : INFO : D:\Python27_NLP\src\景区\000506.txt
2017-05-23 10:38:34,377 : INFO : 分词已保存至文件 D:\Python27_NLP\src\景区\000506.txt
2017-05-23 10:38:34,378 : INFO : D:\Python27_NLP\src\景区\000507.txt
2017-05-23 10:38:34,381 : INFO : 分词已保存至文件 D:\Python27_NLP\src\景区\000507.txt
2017-05-23 10:38:34,381 : INFO : D:\Python27_NLP\src\景区\000509.txt
2017-05-23 10:38:34,384 : INFO : 分词已保存至文件 D:\Python27_NLP\src\景区\000509.txt
2017-05-23 10:38:34,385 : INFO : D:\Python27_NLP\src\景区\000510.txt
2017-05-23 10:38:34,401 : INFO : 分词已保存至文件 D:\Python27_NLP\src\景区\000510.txt
2017-05-23 10:38:34,403 : INFO : D:\Python27_NLP\src\景区\000511.txt
2017-05-23 10:38:34,405 : INFO : 分词已保存至文件 D:\Python27_NLP\src\景区\000511.txt
2017-05-23 10:38:34,405 : INFO : D:\Python27_NLP\src\景区\000513.txt
2017-05-23 10:38:34,410 : INFO : 分词已保存至文件 D:\Python27_NLP\src\景区\000513.txt
2017-05-23 10:38:34,410 : INFO : D:\Python27_NLP\src\景区\000515.txt
2017-05-23 10:38:34,413 : INFO : 分词已保存至文件 D:\Python27_NLP\src\景区\000515.txt
2017-05-23 10:38:34,413 : INFO : D:\Python27_NLP\src\景区\000516.txt
2017-05-23 10:38:34,417 : INFO : 分词已保存至文件 D:\Python27_NLP\src\景区\000516.txt
2017-05-23 10:38:34,417 : INFO : D:\Python27_NLP\src\景区\000518.txt
2017-05-23 10:38:34,421 : INFO : 分词已保存至文件 D:\Python27_NLP\src\景区\000518.txt
2017-05-23 10:38:34,421 : INFO : D:\Python27_NLP\src\景区\000519.txt
2017-05-23 10:38:34,424 : INFO : 分词已保存至文件 D:\Python27_NLP\src\景区\000519.txt
2017-05-23 10:38:34,424 : INFO : D:\Python27_NLP\src\景区\000520.txt
2017-05-23 10:38:34,427 : INFO : 分词已保存至文件 D:\Python27_NLP\src\景区\000520.txt
2017-05-23 10:38:34,428 : INFO : D:\Python27_NLP\src\景区\000521.txt
2017-05-23 10:38:34,431 : INFO : 分词已保存至文件 D:\Python27_NLP\src\景区\000521.txt
2017-05-23 10:38:34,433 : INFO : D:\Python27_NLP\src\景区\000522.txt
2017-05-23 10:38:34,436 : INFO : 分词已保存至文件 D:\Python27_NLP\src\景区\000522.txt
2017-05-23 10:38:34,436 : INFO : D:\Python27_NLP\src\景区\000523.txt
2017-05-23 10:38:34,440 : INFO : 分词已保存至文件 D:\Python27_NLP\src\景区\000523.txt
2017-05-23 10:38:34,440 : INFO : D:\Python27_NLP\src\景区\000524.txt
2017-05-23 10:38:34,443 : INFO : 分词已保存至文件 D:\Python27_NLP\src\景区\000524.txt
2017-05-23 10:38:34,444 : INFO : D:\Python27_NLP\src\景区\000525.txt
2017-05-23 10:38:34,447 : INFO : 分词已保存至文件 D:\Python27_NLP\src\景区\000525.txt
2017-05-23 10:38:34,447 : INFO : D:\Python27_NLP\src\景区\000526.txt
2017-05-23 10:38:34,450 : INFO : 分词已保存至文件 D:\Python27_NLP\src\景区\000526.txt
2017-05-23 10:38:34,450 : INFO : D:\Python27_NLP\src\景区\000527.txt
2017-05-23 10:38:34,454 : INFO : 分词已保存至文件 D:\Python27_NLP\src\景区\000527.txt
2017-05-23 10:38:34,454 : INFO : D:\Python27_NLP\src\景区\000531.txt
2017-05-23 10:38:34,459 : INFO : 分词已保存至文件 D:\Python27_NLP\src\景区\000531.txt
2017-05-23 10:38:34,459 : INFO : D:\Python27_NLP\src\景区\000532.txt
2017-05-23 10:38:34,461 : INFO : 分词已保存至文件 D:\Python27_NLP\src\景区\000532.txt
2017-05-23 10:38:34,461 : INFO : D:\Python27_NLP\src\景区\000534.txt
2017-05-23 10:38:34,466 : INFO : 分词已保存至文件 D:\Python27_NLP\src\景区\000534.txt
2017-05-23 10:38:34,466 : INFO : D:\Python27_NLP\src\景区\000535.txt
2017-05-23 10:38:34,470 : INFO : 分词已保存至文件 D:\Python27_NLP\src\景区\000535.txt
2017-05-23 10:38:34,470 : INFO : D:\Python27_NLP\src\景区\000538.txt
2017-05-23 10:38:34,473 : INFO : 分词已保存至文件 D:\Python27_NLP\src\景区\000538.txt
2017-05-23 10:38:34,473 : INFO : D:\Python27_NLP\src\景区\000539.txt
2017-05-23 10:38:34,476 : INFO : 分词已保存至文件 D:\Python27_NLP\src\景区\000539.txt
2017-05-23 10:38:34,476 : INFO : D:\Python27_NLP\src\景区\000540.txt
2017-05-23 10:38:34,480 : INFO : 分词已保存至文件 D:\Python27_NLP\src\景区\000540.txt
2017-05-23 10:38:34,480 : INFO : D:\Python27_NLP\src\景区\000542.txt
2017-05-23 10:38:34,483 : INFO : 分词已保存至文件 D:\Python27_NLP\src\景区\000542.txt
2017-05-23 10:38:34,484 : INFO : D:\Python27_NLP\src\景区\000544.txt
2017-05-23 10:38:34,487 : INFO : 分词已保存至文件 D:\Python27_NLP\src\景区\000544.txt
2017-05-23 10:38:34,487 : INFO : D:\Python27_NLP\src\景区\000546.txt
2017-05-23 10:38:34,492 : INFO : 分词已保存至文件 D:\Python27_NLP\src\景区\000546.txt
2017-05-23 10:38:34,492 : INFO : D:\Python27_NLP\src\景区\000547.txt
2017-05-23 10:38:34,494 : INFO : 分词已保存至文件 D:\Python27_NLP\src\景区\000547.txt
2017-05-23 10:38:34,496 : INFO : D:\Python27_NLP\src\景区\000549.txt
2017-05-23 10:38:34,499 : INFO : 分词已保存至文件 D:\Python27_NLP\src\景区\000549.txt
2017-05-23 10:38:34,499 : INFO : D:\Python27_NLP\src\景区\000551.txt
2017-05-23 10:38:34,503 : INFO : 分词已保存至文件 D:\Python27_NLP\src\景区\000551.txt
2017-05-23 10:38:34,503 : INFO : D:\Python27_NLP\src\景区\000552.txt
2017-05-23 10:38:34,506 : INFO : 分词已保存至文件 D:\Python27_NLP\src\景区\000552.txt
2017-05-23 10:38:34,506 : INFO : D:\Python27_NLP\src\景区\000553.txt
2017-05-23 10:38:34,510 : INFO : 分词已保存至文件 D:\Python27_NLP\src\景区\000553.txt
2017-05-23 10:38:34,510 : INFO : D:\Python27_NLP\src\景区\000554.txt
2017-05-23 10:38:34,515 : INFO : 分词已保存至文件 D:\Python27_NLP\src\景区\000554.txt
2017-05-23 10:38:34,515 : INFO : D:\Python27_NLP\src\景区\000555.txt
2017-05-23 10:38:34,519 : INFO : 分词已保存至文件 D:\Python27_NLP\src\景区\000555.txt
2017-05-23 10:38:34,519 : INFO : D:\Python27_NLP\src\景区\000556.txt
2017-05-23 10:38:34,523 : INFO : 分词已保存至文件 D:\Python27_NLP\src\景区\000556.txt
2017-05-23 10:38:34,523 : INFO : D:\Python27_NLP\src\景区\000558.txt
2017-05-23 10:38:34,528 : INFO : 分词已保存至文件 D:\Python27_NLP\src\景区\000558.txt
2017-05-23 10:38:34,528 : INFO : D:\Python27_NLP\src\景区\000559.txt
2017-05-23 10:38:34,532 : INFO : 分词已保存至文件 D:\Python27_NLP\src\景区\000559.txt
2017-05-23 10:38:34,533 : INFO : D:\Python27_NLP\src\景区\000561.txt
2017-05-23 10:38:34,536 : INFO : 分词已保存至文件 D:\Python27_NLP\src\景区\000561.txt
2017-05-23 10:38:34,536 : INFO : D:\Python27_NLP\src\景区\000562.txt
2017-05-23 10:38:34,540 : INFO : 分词已保存至文件 D:\Python27_NLP\src\景区\000562.txt
2017-05-23 10:38:34,540 : INFO : D:\Python27_NLP\src\景区\000566.txt
2017-05-23 10:38:34,545 : INFO : 分词已保存至文件 D:\Python27_NLP\src\景区\000566.txt
2017-05-23 10:38:34,545 : INFO : D:\Python27_NLP\src\景区\000567.txt
2017-05-23 10:38:34,551 : INFO : 分词已保存至文件 D:\Python27_NLP\src\景区\000567.txt
2017-05-23 10:38:34,551 : INFO : D:\Python27_NLP\src\景区\000568.txt
2017-05-23 10:38:34,555 : INFO : 分词已保存至文件 D:\Python27_NLP\src\景区\000568.txt
2017-05-23 10:38:34,555 : INFO : D:\Python27_NLP\src\景区\000569.txt
2017-05-23 10:38:34,559 : INFO : 分词已保存至文件 D:\Python27_NLP\src\景区\000569.txt
2017-05-23 10:38:34,559 : INFO : D:\Python27_NLP\src\景区\000570.txt
2017-05-23 10:38:34,562 : INFO : 分词已保存至文件 D:\Python27_NLP\src\景区\000570.txt
2017-05-23 10:38:34,562 : INFO : D:\Python27_NLP\src\景区\000571.txt
2017-05-23 10:38:34,565 : INFO : 分词已保存至文件 D:\Python27_NLP\src\景区\000571.txt
2017-05-23 10:38:34,565 : INFO : D:\Python27_NLP\src\景区\000572.txt
2017-05-23 10:38:34,571 : INFO : 分词已保存至文件 D:\Python27_NLP\src\景区\000572.txt
2017-05-23 10:38:34,571 : INFO : D:\Python27_NLP\src\景区\000573.txt
2017-05-23 10:38:34,575 : INFO : 分词已保存至文件 D:\Python27_NLP\src\景区\000573.txt
2017-05-23 10:38:34,575 : INFO : D:\Python27_NLP\src\景区\000574.txt
2017-05-23 10:38:34,578 : INFO : 分词已保存至文件 D:\Python27_NLP\src\景区\000574.txt
2017-05-23 10:38:34,578 : INFO : D:\Python27_NLP\src\景区\000575.txt
2017-05-23 10:38:34,582 : INFO : 分词已保存至文件 D:\Python27_NLP\src\景区\000575.txt
2017-05-23 10:38:34,582 : INFO : D:\Python27_NLP\src\景区\000576.txt
2017-05-23 10:38:34,586 : INFO : 分词已保存至文件 D:\Python27_NLP\src\景区\000576.txt
2017-05-23 10:38:34,586 : INFO : D:\Python27_NLP\src\景区\000577.txt
2017-05-23 10:38:34,591 : INFO : 分词已保存至文件 D:\Python27_NLP\src\景区\000577.txt
2017-05-23 10:38:34,591 : INFO : D:\Python27_NLP\src\景区\000578.txt
2017-05-23 10:38:34,595 : INFO : 分词已保存至文件 D:\Python27_NLP\src\景区\000578.txt
2017-05-23 10:38:34,595 : INFO : D:\Python27_NLP\src\景区\000579.txt
2017-05-23 10:38:34,598 : INFO : 分词已保存至文件 D:\Python27_NLP\src\景区\000579.txt
2017-05-23 10:38:34,598 : INFO : D:\Python27_NLP\src\景区\000580.txt
2017-05-23 10:38:34,602 : INFO : 分词已保存至文件 D:\Python27_NLP\src\景区\000580.txt
2017-05-23 10:38:34,602 : INFO : D:\Python27_NLP\src\景区\000581.txt
2017-05-23 10:38:34,605 : INFO : 分词已保存至文件 D:\Python27_NLP\src\景区\000581.txt
2017-05-23 10:38:34,605 : INFO : D:\Python27_NLP\src\景区\000582.txt
2017-05-23 10:38:34,609 : INFO : 分词已保存至文件 D:\Python27_NLP\src\景区\000582.txt
2017-05-23 10:38:34,609 : INFO : D:\Python27_NLP\src\景区\000583.txt
2017-05-23 10:38:34,614 : INFO : 分词已保存至文件 D:\Python27_NLP\src\景区\000583.txt
2017-05-23 10:38:34,614 : INFO : D:\Python27_NLP\src\景区\000584.txt
2017-05-23 10:38:34,618 : INFO : 分词已保存至文件 D:\Python27_NLP\src\景区\000584.txt
2017-05-23 10:38:34,618 : INFO : D:\Python27_NLP\src\景区\000585.txt
2017-05-23 10:38:34,651 : INFO : 分词已保存至文件 D:\Python27_NLP\src\景区\000585.txt
2017-05-23 10:38:34,651 : INFO : D:\Python27_NLP\src\景区\000586.txt
2017-05-23 10:38:34,654 : INFO : 分词已保存至文件 D:\Python27_NLP\src\景区\000586.txt
2017-05-23 10:38:34,655 : INFO : D:\Python27_NLP\src\景区\000589.txt
2017-05-23 10:38:34,660 : INFO : 分词已保存至文件 D:\Python27_NLP\src\景区\000589.txt
2017-05-23 10:38:34,660 : INFO : D:\Python27_NLP\src\景区\000590.txt
2017-05-23 10:38:34,664 : INFO : 分词已保存至文件 D:\Python27_NLP\src\景区\000590.txt
2017-05-23 10:38:34,664 : INFO : D:\Python27_NLP\src\景区\000591.txt
2017-05-23 10:38:34,667 : INFO : 分词已保存至文件 D:\Python27_NLP\src\景区\000591.txt
2017-05-23 10:38:34,667 : INFO : D:\Python27_NLP\src\景区\000592.txt
2017-05-23 10:38:34,670 : INFO : 分词已保存至文件 D:\Python27_NLP\src\景区\000592.txt
2017-05-23 10:38:34,671 : INFO : D:\Python27_NLP\src\景区\000593.txt
2017-05-23 10:38:34,674 : INFO : 分词已保存至文件 D:\Python27_NLP\src\景区\000593.txt
2017-05-23 10:38:34,674 : INFO : D:\Python27_NLP\src\景区\000596.txt
2017-05-23 10:38:34,677 : INFO : 分词已保存至文件 D:\Python27_NLP\src\景区\000596.txt
2017-05-23 10:38:34,677 : INFO : D:\Python27_NLP\src\景区\000597.txt
2017-05-23 10:38:34,680 : INFO : 分词已保存至文件 D:\Python27_NLP\src\景区\000597.txt
2017-05-23 10:38:34,680 : INFO : D:\Python27_NLP\src\景区\000598.txt
2017-05-23 10:38:34,684 : INFO : 分词已保存至文件 D:\Python27_NLP\src\景区\000598.txt
